2026-02-18 04:43:35 KST | INFO | ================================================================================
2026-02-18 04:43:35 KST | INFO | TL++ Orchestrator  [BioGPT / PubMedQA]
2026-02-18 04:43:35 KST | INFO | ================================================================================
2026-02-18 04:43:35 KST | INFO | Log file: logs/TL++_biogpt_base_lora_20260218_044335.log
2026-02-18 04:43:35 KST | INFO | 
2026-02-18 04:43:35 KST | INFO | --------------------------------------------------------------------------------
2026-02-18 04:43:35 KST | INFO | CONFIGURATION
2026-02-18 04:43:35 KST | INFO | --------------------------------------------------------------------------------
2026-02-18 04:43:35 KST | INFO | Dataset:            PubMedQA (yes / no / maybe)
2026-02-18 04:43:35 KST | INFO | Model:              BioGPT (microsoft/biogpt)
2026-02-18 04:43:35 KST | INFO | Secure mode:        False
2026-02-18 04:43:35 KST | INFO | LoRA:               True
2026-02-18 04:43:35 KST | INFO |   r=8, alpha=16, dropout=0.1
2026-02-18 04:43:35 KST | INFO | Nodes:              3
2026-02-18 04:43:35 KST | INFO | Cut layer:          1
2026-02-18 04:43:35 KST | INFO | Batch size:         8
2026-02-18 04:43:35 KST | INFO | Learning rate:      2.00e-05
2026-02-18 04:43:35 KST | INFO | Max seq length:     512
2026-02-18 04:43:35 KST | INFO | 
2026-02-18 04:43:35 KST | INFO | Computation device: cuda
2026-02-18 04:43:35 KST | INFO | Secure mode: DISABLED
2026-02-18 04:43:35 KST | INFO | 
2026-02-18 04:43:35 KST | INFO | --------------------------------------------------------------------------------
2026-02-18 04:43:35 KST | INFO | NETWORK SETUP
2026-02-18 04:43:35 KST | INFO | --------------------------------------------------------------------------------
2026-02-18 04:43:35 KST | INFO | ✓ Orchestrator listening on 127.0.0.1:8080
2026-02-18 04:43:35 KST | INFO | Waiting for 3 node(s) …
2026-02-18 04:43:38 KST | INFO |   ✓ Node 1/3 connected
2026-02-18 04:43:38 KST | INFO |   ✓ Node 2/3 connected
2026-02-18 04:43:40 KST | INFO |   ✓ Node 3/3 connected
2026-02-18 04:43:40 KST | INFO | ✓ All 3 node(s) connected
2026-02-18 04:43:40 KST | INFO | 
2026-02-18 04:43:40 KST | INFO | --------------------------------------------------------------------------------
2026-02-18 04:43:40 KST | INFO | MODEL INITIALISATION  [BioGPT + LoRA on orch-side layers]
2026-02-18 04:43:40 KST | INFO | --------------------------------------------------------------------------------
2026-02-18 04:43:40 KST | INFO | HTTP Request: HEAD https://huggingface.co/microsoft/biogpt/resolve/main/config.json "HTTP/1.1 307 Temporary Redirect"
2026-02-18 04:43:40 KST | INFO | HTTP Request: HEAD https://huggingface.co/api/resolve-cache/models/microsoft/biogpt/eb0d815e95434dc9e3b78f464e52b899bee7d923/config.json "HTTP/1.1 200 OK"
2026-02-18 04:43:40 KST | INFO | HTTP Request: HEAD https://huggingface.co/microsoft/biogpt/resolve/main/config.json "HTTP/1.1 307 Temporary Redirect"
2026-02-18 04:43:40 KST | INFO | HTTP Request: HEAD https://huggingface.co/api/resolve-cache/models/microsoft/biogpt/eb0d815e95434dc9e3b78f464e52b899bee7d923/config.json "HTTP/1.1 200 OK"
2026-02-18 04:43:40 KST | INFO | HTTP Request: HEAD https://huggingface.co/microsoft/biogpt/resolve/main/model.safetensors "HTTP/1.1 404 Not Found"
2026-02-18 04:43:40 KST | WARNING | Warning: You are sending unauthenticated requests to the HF Hub. Please set a HF_TOKEN to enable higher rate limits and faster downloads.
2026-02-18 04:43:41 KST | INFO | HTTP Request: HEAD https://huggingface.co/microsoft/biogpt/resolve/main/model.safetensors.index.json "HTTP/1.1 404 Not Found"
2026-02-18 04:43:41 KST | INFO | HTTP Request: HEAD https://huggingface.co/microsoft/biogpt/resolve/main/pytorch_model.bin "HTTP/1.1 302 Found"
2026-02-18 04:43:41 KST | INFO | HTTP Request: HEAD https://huggingface.co/microsoft/biogpt/resolve/main/model.safetensors "HTTP/1.1 404 Not Found"
2026-02-18 04:43:41 KST | INFO | HTTP Request: GET https://huggingface.co/api/models/microsoft/biogpt "HTTP/1.1 200 OK"
2026-02-18 04:43:42 KST | INFO | HTTP Request: GET https://huggingface.co/api/models/microsoft/biogpt/commits/main "HTTP/1.1 200 OK"
2026-02-18 04:43:42 KST | INFO | HTTP Request: GET https://huggingface.co/api/models/microsoft/biogpt/discussions?p=0 "HTTP/1.1 200 OK"
2026-02-18 04:43:42 KST | INFO | HTTP Request: GET https://huggingface.co/api/models/microsoft/biogpt/commits/refs%2Fpr%2F17 "HTTP/1.1 200 OK"
2026-02-18 04:43:42 KST | INFO | HTTP Request: HEAD https://huggingface.co/microsoft/biogpt/resolve/refs%2Fpr%2F17/model.safetensors.index.json "HTTP/1.1 404 Not Found"
2026-02-18 04:43:42 KST | INFO | HTTP Request: HEAD https://huggingface.co/microsoft/biogpt/resolve/refs%2Fpr%2F17/model.safetensors "HTTP/1.1 302 Found"
2026-02-18 04:43:43 KST | INFO | HTTP Request: HEAD https://huggingface.co/microsoft/biogpt/resolve/main/generation_config.json "HTTP/1.1 404 Not Found"
2026-02-18 04:43:43 KST | INFO | HTTP Request: HEAD https://huggingface.co/microsoft/biogpt/resolve/main/config.json "HTTP/1.1 307 Temporary Redirect"
2026-02-18 04:43:43 KST | INFO | HTTP Request: HEAD https://huggingface.co/api/resolve-cache/models/microsoft/biogpt/eb0d815e95434dc9e3b78f464e52b899bee7d923/config.json "HTTP/1.1 200 OK"
2026-02-18 04:43:43 KST | INFO | Node-side parameters:      69,644,288
2026-02-18 04:43:43 KST | INFO | 
2026-02-18 04:43:43 KST | INFO | Broadcasting configuration to nodes …
2026-02-18 04:44:03 KST | INFO | ✓ Configuration broadcast to all nodes
2026-02-18 04:44:03 KST | INFO | Loading microsoft/biogpt …
2026-02-18 04:44:03 KST | INFO | HTTP Request: HEAD https://huggingface.co/microsoft/biogpt/resolve/main/config.json "HTTP/1.1 307 Temporary Redirect"
2026-02-18 04:44:03 KST | INFO | HTTP Request: HEAD https://huggingface.co/api/resolve-cache/models/microsoft/biogpt/eb0d815e95434dc9e3b78f464e52b899bee7d923/config.json "HTTP/1.1 200 OK"
2026-02-18 04:44:04 KST | INFO | HTTP Request: HEAD https://huggingface.co/microsoft/biogpt/resolve/main/config.json "HTTP/1.1 307 Temporary Redirect"
2026-02-18 04:44:04 KST | INFO | HTTP Request: HEAD https://huggingface.co/api/resolve-cache/models/microsoft/biogpt/eb0d815e95434dc9e3b78f464e52b899bee7d923/config.json "HTTP/1.1 200 OK"
2026-02-18 04:44:04 KST | INFO | HTTP Request: HEAD https://huggingface.co/microsoft/biogpt/resolve/main/model.safetensors "HTTP/1.1 404 Not Found"
2026-02-18 04:44:04 KST | INFO | HTTP Request: HEAD https://huggingface.co/microsoft/biogpt/resolve/main/model.safetensors.index.json "HTTP/1.1 404 Not Found"
2026-02-18 04:44:04 KST | INFO | HTTP Request: HEAD https://huggingface.co/microsoft/biogpt/resolve/main/pytorch_model.bin "HTTP/1.1 302 Found"
2026-02-18 04:44:04 KST | INFO | HTTP Request: HEAD https://huggingface.co/microsoft/biogpt/resolve/main/model.safetensors "HTTP/1.1 404 Not Found"
2026-02-18 04:44:05 KST | INFO | HTTP Request: GET https://huggingface.co/api/models/microsoft/biogpt "HTTP/1.1 200 OK"
2026-02-18 04:44:05 KST | INFO | HTTP Request: GET https://huggingface.co/api/models/microsoft/biogpt/commits/main "HTTP/1.1 200 OK"
2026-02-18 04:44:05 KST | INFO | HTTP Request: GET https://huggingface.co/api/models/microsoft/biogpt/discussions?p=0 "HTTP/1.1 200 OK"
2026-02-18 04:44:05 KST | INFO | HTTP Request: GET https://huggingface.co/api/models/microsoft/biogpt/commits/refs%2Fpr%2F17 "HTTP/1.1 200 OK"
2026-02-18 04:44:05 KST | INFO | HTTP Request: HEAD https://huggingface.co/microsoft/biogpt/resolve/refs%2Fpr%2F17/model.safetensors.index.json "HTTP/1.1 404 Not Found"
2026-02-18 04:44:06 KST | INFO | HTTP Request: HEAD https://huggingface.co/microsoft/biogpt/resolve/refs%2Fpr%2F17/model.safetensors "HTTP/1.1 302 Found"
2026-02-18 04:44:06 KST | INFO | HTTP Request: HEAD https://huggingface.co/microsoft/biogpt/resolve/main/generation_config.json "HTTP/1.1 404 Not Found"
2026-02-18 04:44:06 KST | INFO | HTTP Request: HEAD https://huggingface.co/microsoft/biogpt/resolve/main/config.json "HTTP/1.1 307 Temporary Redirect"
2026-02-18 04:44:06 KST | INFO | HTTP Request: HEAD https://huggingface.co/api/resolve-cache/models/microsoft/biogpt/eb0d815e95434dc9e3b78f464e52b899bee7d923/config.json "HTTP/1.1 200 OK"
2026-02-18 04:44:06 KST | INFO | LoRA applied to orch-side layers [2, 6): trainable 346,766,339 / 346,766,339 (100.00%)
2026-02-18 04:44:07 KST | INFO | Total parameters:          346,766,339
2026-02-18 04:44:07 KST | INFO | Trainable parameters:      346,766,339
2026-02-18 04:44:07 KST | INFO |   (LoRA on orch-side layers, full fine-tune on node-side layers)
2026-02-18 04:44:07 KST | INFO | 
2026-02-18 04:44:07 KST | INFO | --------------------------------------------------------------------------------
2026-02-18 04:44:07 KST | INFO | DATA LOADING
2026-02-18 04:44:07 KST | INFO | --------------------------------------------------------------------------------
2026-02-18 04:44:13 KST | INFO | ✓ Dataset sizes received:
2026-02-18 04:44:13 KST | INFO |     Node 1: 397 samples
2026-02-18 04:44:13 KST | INFO |     Node 2: 228 samples
2026-02-18 04:44:13 KST | INFO |     Node 3: 75 samples
2026-02-18 04:44:13 KST | INFO |   Total training: 700
2026-02-18 04:44:13 KST | INFO | 
2026-02-18 04:44:13 KST | INFO | HTTP Request: HEAD https://huggingface.co/microsoft/biogpt/resolve/main/tokenizer_config.json "HTTP/1.1 404 Not Found"
2026-02-18 04:44:14 KST | INFO | HTTP Request: GET https://huggingface.co/api/models/microsoft/biogpt/tree/main/additional_chat_templates?recursive=false&expand=false "HTTP/1.1 404 Not Found"
2026-02-18 04:44:14 KST | INFO | HTTP Request: GET https://huggingface.co/api/models/microsoft/biogpt/tree/main?recursive=true&expand=false "HTTP/1.1 200 OK"
2026-02-18 04:44:14 KST | INFO | HTTP Request: HEAD https://huggingface.co/microsoft/biogpt/resolve/main/vocab.json "HTTP/1.1 307 Temporary Redirect"
2026-02-18 04:44:14 KST | INFO | HTTP Request: HEAD https://huggingface.co/api/resolve-cache/models/microsoft/biogpt/eb0d815e95434dc9e3b78f464e52b899bee7d923/vocab.json "HTTP/1.1 200 OK"
2026-02-18 04:44:15 KST | INFO | Loading PubMedQA from Hugging Face …
2026-02-18 04:44:15 KST | INFO | HTTP Request: HEAD https://huggingface.co/datasets/pubmed_qa/resolve/main/README.md "HTTP/1.1 307 Temporary Redirect"
2026-02-18 04:44:16 KST | INFO | HTTP Request: HEAD https://huggingface.co/datasets/qiaojin/PubMedQA/resolve/main/README.md "HTTP/1.1 307 Temporary Redirect"
2026-02-18 04:44:16 KST | INFO | HTTP Request: HEAD https://huggingface.co/api/resolve-cache/datasets/qiaojin/PubMedQA/9001f2853fb87cab8d220904e0de81ac6973b318/README.md "HTTP/1.1 200 OK"
2026-02-18 04:44:16 KST | INFO | HTTP Request: HEAD https://huggingface.co/datasets/pubmed_qa/resolve/9001f2853fb87cab8d220904e0de81ac6973b318/pubmed_qa.py "HTTP/1.1 307 Temporary Redirect"
2026-02-18 04:44:16 KST | INFO | HTTP Request: HEAD https://huggingface.co/datasets/qiaojin/PubMedQA/resolve/9001f2853fb87cab8d220904e0de81ac6973b318/pubmed_qa.py "HTTP/1.1 404 Not Found"
2026-02-18 04:44:17 KST | INFO | HTTP Request: HEAD https://s3.amazonaws.com/datasets.huggingface.co/datasets/datasets/pubmed_qa/pubmed_qa.py "HTTP/1.1 404 Not Found"
2026-02-18 04:44:17 KST | INFO | HTTP Request: GET https://huggingface.co/api/datasets/pubmed_qa/revision/9001f2853fb87cab8d220904e0de81ac6973b318 "HTTP/1.1 307 Temporary Redirect"
2026-02-18 04:44:17 KST | INFO | HTTP Request: GET https://huggingface.co/api/datasets/qiaojin/PubMedQA/revision/9001f2853fb87cab8d220904e0de81ac6973b318 "HTTP/1.1 200 OK"
2026-02-18 04:44:17 KST | INFO | HTTP Request: HEAD https://huggingface.co/datasets/pubmed_qa/resolve/9001f2853fb87cab8d220904e0de81ac6973b318/.huggingface.yaml "HTTP/1.1 307 Temporary Redirect"
2026-02-18 04:44:18 KST | INFO | HTTP Request: HEAD https://huggingface.co/datasets/qiaojin/PubMedQA/resolve/9001f2853fb87cab8d220904e0de81ac6973b318/.huggingface.yaml "HTTP/1.1 404 Not Found"
2026-02-18 04:44:18 KST | INFO | HTTP Request: GET https://datasets-server.huggingface.co/info?dataset=pubmed_qa "HTTP/1.1 404 Not Found"
2026-02-18 04:44:18 KST | INFO | HTTP Request: GET https://huggingface.co/api/datasets/pubmed_qa/tree/9001f2853fb87cab8d220904e0de81ac6973b318/pqa_artificial?recursive=true&expand=false "HTTP/1.1 307 Temporary Redirect"
2026-02-18 04:44:18 KST | INFO | HTTP Request: GET https://huggingface.co/api/datasets/qiaojin/PubMedQA/tree/9001f2853fb87cab8d220904e0de81ac6973b318/pqa_artificial?recursive=true&expand=false "HTTP/1.1 200 OK"
2026-02-18 04:44:18 KST | INFO | HTTP Request: GET https://huggingface.co/api/datasets/pubmed_qa/tree/9001f2853fb87cab8d220904e0de81ac6973b318?recursive=false&expand=false "HTTP/1.1 307 Temporary Redirect"
2026-02-18 04:44:19 KST | INFO | HTTP Request: GET https://huggingface.co/api/datasets/qiaojin/PubMedQA/tree/9001f2853fb87cab8d220904e0de81ac6973b318?recursive=false&expand=false "HTTP/1.1 200 OK"
2026-02-18 04:44:19 KST | INFO | HTTP Request: HEAD https://huggingface.co/datasets/pubmed_qa/resolve/9001f2853fb87cab8d220904e0de81ac6973b318/dataset_infos.json "HTTP/1.1 307 Temporary Redirect"
2026-02-18 04:44:19 KST | INFO | HTTP Request: HEAD https://huggingface.co/datasets/qiaojin/PubMedQA/resolve/9001f2853fb87cab8d220904e0de81ac6973b318/dataset_infos.json "HTTP/1.1 404 Not Found"
2026-02-18 04:44:19 KST | INFO | HTTP Request: GET https://huggingface.co/api/datasets/pubmed_qa/tree/9001f2853fb87cab8d220904e0de81ac6973b318/pqa_labeled?recursive=true&expand=false "HTTP/1.1 307 Temporary Redirect"
2026-02-18 04:44:19 KST | INFO | HTTP Request: GET https://huggingface.co/api/datasets/qiaojin/PubMedQA/tree/9001f2853fb87cab8d220904e0de81ac6973b318/pqa_labeled?recursive=true&expand=false "HTTP/1.1 200 OK"
2026-02-18 04:44:20 KST | INFO | ✓ HF PubMedQA: 1000 total, 700 train / 300 test
2026-02-18 04:44:24 KST | INFO | ✓ Test set: 300 samples
2026-02-18 04:44:24 KST | INFO | 
2026-02-18 04:44:24 KST | INFO | ✓ Batch scheduler: 88 batches/epoch
2026-02-18 04:44:24 KST | INFO | 
2026-02-18 04:44:24 KST | INFO | --------------------------------------------------------------------------------
2026-02-18 04:44:24 KST | INFO | OPTIMISATION SETUP
2026-02-18 04:44:24 KST | INFO | --------------------------------------------------------------------------------
2026-02-18 04:44:24 KST | INFO | ✓ Optimizer:  AdamW (lr=2.00e-05)
2026-02-18 04:44:24 KST | INFO | ✓ Scheduler:  Linear warmup (500 steps / 8800 total)
2026-02-18 04:44:24 KST | INFO | ✓ Grad clip:  1.0
2026-02-18 04:44:24 KST | INFO | 
2026-02-18 04:44:24 KST | INFO | ================================================================================
2026-02-18 04:44:24 KST | INFO | Setup complete — Ready for training
2026-02-18 04:44:24 KST | INFO | ================================================================================
2026-02-18 04:44:24 KST | INFO | 
2026-02-18 04:44:24 KST | INFO | --------------------------------------------------------------------------------
2026-02-18 04:44:24 KST | INFO | TRAINING
2026-02-18 04:44:24 KST | INFO | --------------------------------------------------------------------------------
2026-02-18 04:44:24 KST | INFO | 
2026-02-18 04:44:24 KST | INFO | Epoch 1/100 | LR: 0.000000e+00
2026-02-18 05:24:11 KST | INFO |   Train Loss: 0.9877 | Test Loss: 0.0572 | Test Acc: 62.33%
2026-02-18 05:24:11 KST | INFO |     yes   : F1=70.45%
2026-02-18 05:24:11 KST | INFO |     no    : F1=59.15%
2026-02-18 05:24:11 KST | INFO |     maybe : F1= 0.00%
2026-02-18 05:24:11 KST | INFO |   🏆 New best accuracy: 62.33%
2026-02-18 05:24:11 KST | INFO | 
2026-02-18 05:24:11 KST | INFO | Epoch 2/100 | LR: 3.520000e-06
2026-02-18 06:05:56 KST | INFO |   Train Loss: 0.6385 | Test Loss: 0.0345 | Test Acc: 75.67%
2026-02-18 06:05:56 KST | INFO |     yes   : F1=81.58%
2026-02-18 06:05:56 KST | INFO |     no    : F1=73.03%
2026-02-18 06:05:56 KST | INFO |     maybe : F1=33.33%
2026-02-18 06:05:56 KST | INFO |   🏆 New best accuracy: 75.67%
2026-02-18 06:05:56 KST | INFO | 
2026-02-18 06:05:56 KST | INFO | Epoch 3/100 | LR: 7.040000e-06
2026-02-18 06:47:02 KST | INFO |   Train Loss: 0.3519 | Test Loss: 0.0276 | Test Acc: 82.33%
2026-02-18 06:47:02 KST | INFO |     yes   : F1=85.63%
2026-02-18 06:47:02 KST | INFO |     no    : F1=84.16%
2026-02-18 06:47:02 KST | INFO |     maybe : F1=56.14%
2026-02-18 06:47:02 KST | INFO |   🏆 New best accuracy: 82.33%
2026-02-18 06:47:02 KST | INFO | 
2026-02-18 06:47:02 KST | INFO | Epoch 4/100 | LR: 1.056000e-05
2026-02-18 07:29:58 KST | INFO |   Train Loss: 0.2072 | Test Loss: 0.0319 | Test Acc: 81.00%
2026-02-18 07:29:58 KST | INFO |     yes   : F1=84.94%
2026-02-18 07:29:58 KST | INFO |     no    : F1=82.79%
2026-02-18 07:29:58 KST | INFO |     maybe : F1=49.06%
2026-02-18 07:29:58 KST | INFO |   No improvement (1/10)
2026-02-18 07:29:58 KST | INFO | 
2026-02-18 07:29:58 KST | INFO | Epoch 5/100 | LR: 1.408000e-05
2026-02-18 08:12:51 KST | INFO |   Train Loss: 0.1287 | Test Loss: 0.0541 | Test Acc: 76.33%
2026-02-18 08:12:51 KST | INFO |     yes   : F1=82.29%
2026-02-18 08:12:51 KST | INFO |     no    : F1=72.34%
2026-02-18 08:12:51 KST | INFO |     maybe : F1=44.44%
2026-02-18 08:12:51 KST | INFO |   No improvement (2/10)
2026-02-18 08:12:51 KST | INFO | 
2026-02-18 08:12:51 KST | INFO | Epoch 6/100 | LR: 1.760000e-05
2026-02-18 08:54:26 KST | INFO |   Train Loss: 0.0101 | Test Loss: 0.0529 | Test Acc: 79.67%
2026-02-18 08:54:26 KST | INFO |     yes   : F1=84.02%
2026-02-18 08:54:26 KST | INFO |     no    : F1=80.57%
2026-02-18 08:54:26 KST | INFO |     maybe : F1=47.06%
2026-02-18 08:54:26 KST | INFO |   No improvement (3/10)
2026-02-18 08:54:26 KST | INFO | 
2026-02-18 08:54:26 KST | INFO | Epoch 7/100 | LR: 1.993253e-05
2026-02-18 09:34:34 KST | INFO |   Train Loss: 0.0048 | Test Loss: 0.0977 | Test Acc: 72.33%
2026-02-18 09:34:34 KST | INFO |     yes   : F1=80.21%
2026-02-18 09:34:34 KST | INFO |     no    : F1=64.67%
2026-02-18 09:34:34 KST | INFO |     maybe : F1=36.73%
2026-02-18 09:34:34 KST | INFO |   No improvement (4/10)
2026-02-18 09:34:34 KST | INFO | 
2026-02-18 09:34:34 KST | INFO | Epoch 8/100 | LR: 1.972048e-05
2026-02-18 10:16:59 KST | INFO |   Train Loss: 0.0063 | Test Loss: 0.0650 | Test Acc: 79.00%
2026-02-18 10:16:59 KST | INFO |     yes   : F1=84.81%
2026-02-18 10:16:59 KST | INFO |     no    : F1=78.26%
2026-02-18 10:16:59 KST | INFO |     maybe : F1=36.36%
2026-02-18 10:16:59 KST | INFO |   No improvement (5/10)
2026-02-18 10:16:59 KST | INFO | 
2026-02-18 10:16:59 KST | INFO | Epoch 9/100 | LR: 1.950843e-05
2026-02-18 10:58:19 KST | INFO |   Train Loss: 0.0001 | Test Loss: 0.0627 | Test Acc: 77.67%
2026-02-18 10:58:19 KST | INFO |     yes   : F1=83.87%
2026-02-18 10:58:19 KST | INFO |     no    : F1=77.42%
2026-02-18 10:58:19 KST | INFO |     maybe : F1=28.57%
2026-02-18 10:58:19 KST | INFO |   No improvement (6/10)
2026-02-18 10:58:19 KST | INFO | 
2026-02-18 10:58:19 KST | INFO | Epoch 10/100 | LR: 1.929639e-05
2026-02-18 11:40:53 KST | INFO |   Train Loss: 0.0000 | Test Loss: 0.0712 | Test Acc: 78.67%
2026-02-18 11:40:53 KST | INFO |     yes   : F1=84.99%
2026-02-18 11:40:53 KST | INFO |     no    : F1=77.23%
2026-02-18 11:40:53 KST | INFO |     maybe : F1=35.56%
2026-02-18 11:40:53 KST | INFO |   No improvement (7/10)
2026-02-18 11:40:53 KST | INFO | 
2026-02-18 11:40:53 KST | INFO | Epoch 11/100 | LR: 1.908434e-05
2026-02-18 12:22:33 KST | INFO |   Train Loss: 0.0000 | Test Loss: 0.0689 | Test Acc: 78.67%
2026-02-18 12:22:33 KST | INFO |     yes   : F1=84.99%
2026-02-18 12:22:33 KST | INFO |     no    : F1=77.23%
2026-02-18 12:22:33 KST | INFO |     maybe : F1=35.56%
2026-02-18 12:22:33 KST | INFO |   No improvement (8/10)
2026-02-18 12:22:33 KST | INFO | 
2026-02-18 12:22:33 KST | INFO | Epoch 12/100 | LR: 1.887229e-05
2026-02-18 13:04:05 KST | INFO |   Train Loss: 0.0000 | Test Loss: 0.0704 | Test Acc: 78.67%
2026-02-18 13:04:05 KST | INFO |     yes   : F1=84.99%
2026-02-18 13:04:05 KST | INFO |     no    : F1=77.23%
2026-02-18 13:04:05 KST | INFO |     maybe : F1=35.56%
2026-02-18 13:04:05 KST | INFO |   No improvement (9/10)
2026-02-18 13:04:05 KST | INFO | 
2026-02-18 13:04:05 KST | INFO | Epoch 13/100 | LR: 1.866024e-05
2026-02-18 13:45:52 KST | INFO |   Train Loss: 0.0000 | Test Loss: 0.0723 | Test Acc: 78.67%
2026-02-18 13:45:52 KST | INFO |     yes   : F1=84.99%
2026-02-18 13:45:52 KST | INFO |     no    : F1=77.23%
2026-02-18 13:45:52 KST | INFO |     maybe : F1=35.56%
2026-02-18 13:45:52 KST | INFO |   No improvement (10/10)
2026-02-18 13:45:52 KST | INFO | 
Early stopping after 10 epochs without improvement
2026-02-18 13:45:52 KST | INFO | 
2026-02-18 13:45:52 KST | INFO | ================================================================================
2026-02-18 13:45:52 KST | INFO | TRAINING COMPLETE
2026-02-18 13:45:52 KST | INFO | ================================================================================
2026-02-18 13:45:52 KST | INFO | Best accuracy:  82.33% (Epoch 3)
2026-02-18 13:45:52 KST | INFO | ================================================================================
2026-02-18 13:45:52 KST | INFO | 
2026-02-18 13:45:52 KST | INFO | Notifying nodes of completion …
2026-02-18 13:45:53 KST | INFO | ✓ Nodes notified
2026-02-18 13:45:53 KST | INFO | 
2026-02-18 13:45:53 KST | INFO | Closing connections …
2026-02-18 13:45:53 KST | INFO | ✓ Cleanup complete
2026-02-18 13:45:53 KST | INFO | 
Full log: logs/TL++_biogpt_base_lora_20260218_044335.log
2026-02-18 13:45:53 KST | INFO | ================================================================================
