2026-02-18 13:46:06 KST | INFO | ================================================================================
2026-02-18 13:46:06 KST | INFO | TL++ Orchestrator  [BioGPT / PubMedQA]
2026-02-18 13:46:06 KST | INFO | ================================================================================
2026-02-18 13:46:06 KST | INFO | Log file: logs/TL++_biogpt_base_lora_20260218_134606.log
2026-02-18 13:46:06 KST | INFO | 
2026-02-18 13:46:06 KST | INFO | --------------------------------------------------------------------------------
2026-02-18 13:46:06 KST | INFO | CONFIGURATION
2026-02-18 13:46:06 KST | INFO | --------------------------------------------------------------------------------
2026-02-18 13:46:06 KST | INFO | Dataset:            PubMedQA (yes / no / maybe)
2026-02-18 13:46:06 KST | INFO | Model:              BioGPT (microsoft/biogpt)
2026-02-18 13:46:06 KST | INFO | Secure mode:        False
2026-02-18 13:46:06 KST | INFO | LoRA:               True
2026-02-18 13:46:06 KST | INFO |   r=8, alpha=16, dropout=0.1
2026-02-18 13:46:06 KST | INFO | Nodes:              3
2026-02-18 13:46:06 KST | INFO | Cut layer:          1
2026-02-18 13:46:06 KST | INFO | Batch size:         8
2026-02-18 13:46:06 KST | INFO | Learning rate:      2.00e-05
2026-02-18 13:46:06 KST | INFO | Max seq length:     512
2026-02-18 13:46:06 KST | INFO | 
2026-02-18 13:46:06 KST | INFO | Computation device: cuda
2026-02-18 13:46:06 KST | INFO | Secure mode: DISABLED
2026-02-18 13:46:06 KST | INFO | 
2026-02-18 13:46:06 KST | INFO | --------------------------------------------------------------------------------
2026-02-18 13:46:06 KST | INFO | NETWORK SETUP
2026-02-18 13:46:06 KST | INFO | --------------------------------------------------------------------------------
2026-02-18 13:46:06 KST | INFO | ✓ Orchestrator listening on 127.0.0.1:8080
2026-02-18 13:46:06 KST | INFO | Waiting for 3 node(s) …
2026-02-18 13:46:07 KST | INFO |   ✓ Node 1/3 connected
2026-02-18 13:46:09 KST | INFO |   ✓ Node 2/3 connected
2026-02-18 13:46:09 KST | INFO |   ✓ Node 3/3 connected
2026-02-18 13:46:09 KST | INFO | ✓ All 3 node(s) connected
2026-02-18 13:46:09 KST | INFO | 
2026-02-18 13:46:09 KST | INFO | --------------------------------------------------------------------------------
2026-02-18 13:46:09 KST | INFO | MODEL INITIALISATION  [BioGPT + LoRA on orch-side layers]
2026-02-18 13:46:09 KST | INFO | --------------------------------------------------------------------------------
2026-02-18 13:46:10 KST | INFO | HTTP Request: HEAD https://huggingface.co/microsoft/biogpt/resolve/main/config.json "HTTP/1.1 307 Temporary Redirect"
2026-02-18 13:46:10 KST | INFO | HTTP Request: HEAD https://huggingface.co/api/resolve-cache/models/microsoft/biogpt/eb0d815e95434dc9e3b78f464e52b899bee7d923/config.json "HTTP/1.1 200 OK"
2026-02-18 13:46:10 KST | INFO | HTTP Request: HEAD https://huggingface.co/microsoft/biogpt/resolve/main/config.json "HTTP/1.1 307 Temporary Redirect"
2026-02-18 13:46:10 KST | INFO | HTTP Request: HEAD https://huggingface.co/api/resolve-cache/models/microsoft/biogpt/eb0d815e95434dc9e3b78f464e52b899bee7d923/config.json "HTTP/1.1 200 OK"
2026-02-18 13:46:10 KST | INFO | HTTP Request: HEAD https://huggingface.co/microsoft/biogpt/resolve/main/model.safetensors "HTTP/1.1 404 Not Found"
2026-02-18 13:46:10 KST | INFO | HTTP Request: HEAD https://huggingface.co/microsoft/biogpt/resolve/main/model.safetensors.index.json "HTTP/1.1 404 Not Found"
2026-02-18 13:46:11 KST | INFO | HTTP Request: HEAD https://huggingface.co/microsoft/biogpt/resolve/main/pytorch_model.bin "HTTP/1.1 302 Found"
2026-02-18 13:46:11 KST | INFO | HTTP Request: HEAD https://huggingface.co/microsoft/biogpt/resolve/main/model.safetensors "HTTP/1.1 404 Not Found"
2026-02-18 13:46:11 KST | WARNING | Warning: You are sending unauthenticated requests to the HF Hub. Please set a HF_TOKEN to enable higher rate limits and faster downloads.
2026-02-18 13:46:11 KST | INFO | HTTP Request: GET https://huggingface.co/api/models/microsoft/biogpt "HTTP/1.1 200 OK"
2026-02-18 13:46:11 KST | INFO | HTTP Request: GET https://huggingface.co/api/models/microsoft/biogpt/commits/main "HTTP/1.1 200 OK"
2026-02-18 13:46:11 KST | INFO | HTTP Request: GET https://huggingface.co/api/models/microsoft/biogpt/discussions?p=0 "HTTP/1.1 200 OK"
2026-02-18 13:46:12 KST | INFO | HTTP Request: GET https://huggingface.co/api/models/microsoft/biogpt/commits/refs%2Fpr%2F17 "HTTP/1.1 200 OK"
2026-02-18 13:46:12 KST | INFO | HTTP Request: HEAD https://huggingface.co/microsoft/biogpt/resolve/refs%2Fpr%2F17/model.safetensors.index.json "HTTP/1.1 404 Not Found"
2026-02-18 13:46:12 KST | INFO | HTTP Request: HEAD https://huggingface.co/microsoft/biogpt/resolve/refs%2Fpr%2F17/model.safetensors "HTTP/1.1 302 Found"
2026-02-18 13:46:13 KST | INFO | HTTP Request: HEAD https://huggingface.co/microsoft/biogpt/resolve/main/generation_config.json "HTTP/1.1 404 Not Found"
2026-02-18 13:46:13 KST | INFO | HTTP Request: HEAD https://huggingface.co/microsoft/biogpt/resolve/main/config.json "HTTP/1.1 307 Temporary Redirect"
2026-02-18 13:46:13 KST | INFO | HTTP Request: HEAD https://huggingface.co/api/resolve-cache/models/microsoft/biogpt/eb0d815e95434dc9e3b78f464e52b899bee7d923/config.json "HTTP/1.1 200 OK"
2026-02-18 13:46:13 KST | INFO | Node-side parameters:      69,644,288
2026-02-18 13:46:13 KST | INFO | 
2026-02-18 13:46:13 KST | INFO | Broadcasting configuration to nodes …
2026-02-18 13:46:26 KST | INFO | ✓ Configuration broadcast to all nodes
2026-02-18 13:46:26 KST | INFO | Loading microsoft/biogpt …
2026-02-18 13:46:26 KST | INFO | HTTP Request: HEAD https://huggingface.co/microsoft/biogpt/resolve/main/config.json "HTTP/1.1 307 Temporary Redirect"
2026-02-18 13:46:26 KST | INFO | HTTP Request: HEAD https://huggingface.co/api/resolve-cache/models/microsoft/biogpt/eb0d815e95434dc9e3b78f464e52b899bee7d923/config.json "HTTP/1.1 200 OK"
2026-02-18 13:46:27 KST | INFO | HTTP Request: HEAD https://huggingface.co/microsoft/biogpt/resolve/main/config.json "HTTP/1.1 307 Temporary Redirect"
2026-02-18 13:46:27 KST | INFO | HTTP Request: HEAD https://huggingface.co/api/resolve-cache/models/microsoft/biogpt/eb0d815e95434dc9e3b78f464e52b899bee7d923/config.json "HTTP/1.1 200 OK"
2026-02-18 13:46:27 KST | INFO | HTTP Request: HEAD https://huggingface.co/microsoft/biogpt/resolve/main/model.safetensors "HTTP/1.1 404 Not Found"
2026-02-18 13:46:27 KST | INFO | HTTP Request: HEAD https://huggingface.co/microsoft/biogpt/resolve/main/model.safetensors.index.json "HTTP/1.1 404 Not Found"
2026-02-18 13:46:27 KST | INFO | HTTP Request: HEAD https://huggingface.co/microsoft/biogpt/resolve/main/pytorch_model.bin "HTTP/1.1 302 Found"
2026-02-18 13:46:27 KST | INFO | HTTP Request: HEAD https://huggingface.co/microsoft/biogpt/resolve/main/model.safetensors "HTTP/1.1 404 Not Found"
2026-02-18 13:46:28 KST | INFO | HTTP Request: GET https://huggingface.co/api/models/microsoft/biogpt "HTTP/1.1 200 OK"
2026-02-18 13:46:28 KST | INFO | HTTP Request: GET https://huggingface.co/api/models/microsoft/biogpt/commits/main "HTTP/1.1 200 OK"
2026-02-18 13:46:28 KST | INFO | HTTP Request: GET https://huggingface.co/api/models/microsoft/biogpt/discussions?p=0 "HTTP/1.1 200 OK"
2026-02-18 13:46:28 KST | INFO | HTTP Request: GET https://huggingface.co/api/models/microsoft/biogpt/commits/refs%2Fpr%2F17 "HTTP/1.1 200 OK"
2026-02-18 13:46:28 KST | INFO | HTTP Request: HEAD https://huggingface.co/microsoft/biogpt/resolve/refs%2Fpr%2F17/model.safetensors.index.json "HTTP/1.1 404 Not Found"
2026-02-18 13:46:29 KST | INFO | HTTP Request: HEAD https://huggingface.co/microsoft/biogpt/resolve/refs%2Fpr%2F17/model.safetensors "HTTP/1.1 302 Found"
2026-02-18 13:46:29 KST | INFO | HTTP Request: HEAD https://huggingface.co/microsoft/biogpt/resolve/main/generation_config.json "HTTP/1.1 404 Not Found"
2026-02-18 13:46:29 KST | INFO | HTTP Request: HEAD https://huggingface.co/microsoft/biogpt/resolve/main/config.json "HTTP/1.1 307 Temporary Redirect"
2026-02-18 13:46:29 KST | INFO | HTTP Request: HEAD https://huggingface.co/api/resolve-cache/models/microsoft/biogpt/eb0d815e95434dc9e3b78f464e52b899bee7d923/config.json "HTTP/1.1 200 OK"
2026-02-18 13:46:29 KST | INFO | LoRA applied to orch-side layers [2, 6): trainable 346,766,339 / 346,766,339 (100.00%)
2026-02-18 13:46:30 KST | INFO | Total parameters:          346,766,339
2026-02-18 13:46:30 KST | INFO | Trainable parameters:      346,766,339
2026-02-18 13:46:30 KST | INFO |   (LoRA on orch-side layers, full fine-tune on node-side layers)
2026-02-18 13:46:30 KST | INFO | 
2026-02-18 13:46:30 KST | INFO | --------------------------------------------------------------------------------
2026-02-18 13:46:30 KST | INFO | DATA LOADING
2026-02-18 13:46:30 KST | INFO | --------------------------------------------------------------------------------
2026-02-18 13:46:36 KST | INFO | ✓ Dataset sizes received:
2026-02-18 13:46:36 KST | INFO |     Node 1: 397 samples
2026-02-18 13:46:36 KST | INFO |     Node 2: 228 samples
2026-02-18 13:46:36 KST | INFO |     Node 3: 75 samples
2026-02-18 13:46:36 KST | INFO |   Total training: 700
2026-02-18 13:46:36 KST | INFO | 
2026-02-18 13:46:37 KST | INFO | HTTP Request: HEAD https://huggingface.co/microsoft/biogpt/resolve/main/tokenizer_config.json "HTTP/1.1 404 Not Found"
2026-02-18 13:46:37 KST | INFO | HTTP Request: GET https://huggingface.co/api/models/microsoft/biogpt/tree/main/additional_chat_templates?recursive=false&expand=false "HTTP/1.1 404 Not Found"
2026-02-18 13:46:37 KST | INFO | HTTP Request: GET https://huggingface.co/api/models/microsoft/biogpt/tree/main?recursive=true&expand=false "HTTP/1.1 200 OK"
2026-02-18 13:46:37 KST | INFO | HTTP Request: HEAD https://huggingface.co/microsoft/biogpt/resolve/main/vocab.json "HTTP/1.1 307 Temporary Redirect"
2026-02-18 13:46:37 KST | INFO | HTTP Request: HEAD https://huggingface.co/api/resolve-cache/models/microsoft/biogpt/eb0d815e95434dc9e3b78f464e52b899bee7d923/vocab.json "HTTP/1.1 200 OK"
2026-02-18 13:46:38 KST | INFO | Loading PubMedQA from Hugging Face …
2026-02-18 13:46:39 KST | INFO | HTTP Request: HEAD https://huggingface.co/datasets/pubmed_qa/resolve/main/README.md "HTTP/1.1 307 Temporary Redirect"
2026-02-18 13:46:39 KST | INFO | HTTP Request: HEAD https://huggingface.co/datasets/qiaojin/PubMedQA/resolve/main/README.md "HTTP/1.1 307 Temporary Redirect"
2026-02-18 13:46:39 KST | INFO | HTTP Request: HEAD https://huggingface.co/api/resolve-cache/datasets/qiaojin/PubMedQA/9001f2853fb87cab8d220904e0de81ac6973b318/README.md "HTTP/1.1 200 OK"
2026-02-18 13:46:39 KST | INFO | HTTP Request: HEAD https://huggingface.co/datasets/pubmed_qa/resolve/9001f2853fb87cab8d220904e0de81ac6973b318/pubmed_qa.py "HTTP/1.1 307 Temporary Redirect"
2026-02-18 13:46:39 KST | INFO | HTTP Request: HEAD https://huggingface.co/datasets/qiaojin/PubMedQA/resolve/9001f2853fb87cab8d220904e0de81ac6973b318/pubmed_qa.py "HTTP/1.1 404 Not Found"
2026-02-18 13:46:40 KST | INFO | HTTP Request: HEAD https://s3.amazonaws.com/datasets.huggingface.co/datasets/datasets/pubmed_qa/pubmed_qa.py "HTTP/1.1 404 Not Found"
2026-02-18 13:46:40 KST | INFO | HTTP Request: GET https://huggingface.co/api/datasets/pubmed_qa/revision/9001f2853fb87cab8d220904e0de81ac6973b318 "HTTP/1.1 307 Temporary Redirect"
2026-02-18 13:46:40 KST | INFO | HTTP Request: GET https://huggingface.co/api/datasets/qiaojin/PubMedQA/revision/9001f2853fb87cab8d220904e0de81ac6973b318 "HTTP/1.1 200 OK"
2026-02-18 13:46:40 KST | INFO | HTTP Request: HEAD https://huggingface.co/datasets/pubmed_qa/resolve/9001f2853fb87cab8d220904e0de81ac6973b318/.huggingface.yaml "HTTP/1.1 307 Temporary Redirect"
2026-02-18 13:46:41 KST | INFO | HTTP Request: HEAD https://huggingface.co/datasets/qiaojin/PubMedQA/resolve/9001f2853fb87cab8d220904e0de81ac6973b318/.huggingface.yaml "HTTP/1.1 404 Not Found"
2026-02-18 13:46:41 KST | INFO | HTTP Request: GET https://datasets-server.huggingface.co/info?dataset=pubmed_qa "HTTP/1.1 404 Not Found"
2026-02-18 13:46:41 KST | INFO | HTTP Request: GET https://huggingface.co/api/datasets/pubmed_qa/tree/9001f2853fb87cab8d220904e0de81ac6973b318/pqa_artificial?recursive=true&expand=false "HTTP/1.1 307 Temporary Redirect"
2026-02-18 13:46:41 KST | INFO | HTTP Request: GET https://huggingface.co/api/datasets/qiaojin/PubMedQA/tree/9001f2853fb87cab8d220904e0de81ac6973b318/pqa_artificial?recursive=true&expand=false "HTTP/1.1 200 OK"
2026-02-18 13:46:42 KST | INFO | HTTP Request: GET https://huggingface.co/api/datasets/pubmed_qa/tree/9001f2853fb87cab8d220904e0de81ac6973b318?recursive=false&expand=false "HTTP/1.1 307 Temporary Redirect"
2026-02-18 13:46:42 KST | INFO | HTTP Request: GET https://huggingface.co/api/datasets/qiaojin/PubMedQA/tree/9001f2853fb87cab8d220904e0de81ac6973b318?recursive=false&expand=false "HTTP/1.1 200 OK"
2026-02-18 13:46:42 KST | INFO | HTTP Request: HEAD https://huggingface.co/datasets/pubmed_qa/resolve/9001f2853fb87cab8d220904e0de81ac6973b318/dataset_infos.json "HTTP/1.1 307 Temporary Redirect"
2026-02-18 13:46:42 KST | INFO | HTTP Request: HEAD https://huggingface.co/datasets/qiaojin/PubMedQA/resolve/9001f2853fb87cab8d220904e0de81ac6973b318/dataset_infos.json "HTTP/1.1 404 Not Found"
2026-02-18 13:46:42 KST | INFO | HTTP Request: GET https://huggingface.co/api/datasets/pubmed_qa/tree/9001f2853fb87cab8d220904e0de81ac6973b318/pqa_labeled?recursive=true&expand=false "HTTP/1.1 307 Temporary Redirect"
2026-02-18 13:46:43 KST | INFO | HTTP Request: GET https://huggingface.co/api/datasets/qiaojin/PubMedQA/tree/9001f2853fb87cab8d220904e0de81ac6973b318/pqa_labeled?recursive=true&expand=false "HTTP/1.1 200 OK"
2026-02-18 13:46:43 KST | INFO | ✓ HF PubMedQA: 1000 total, 700 train / 300 test
2026-02-18 13:46:47 KST | INFO | ✓ Test set: 300 samples
2026-02-18 13:46:47 KST | INFO | 
2026-02-18 13:46:47 KST | INFO | ✓ Batch scheduler: 88 batches/epoch
2026-02-18 13:46:47 KST | INFO | 
2026-02-18 13:46:47 KST | INFO | --------------------------------------------------------------------------------
2026-02-18 13:46:47 KST | INFO | OPTIMISATION SETUP
2026-02-18 13:46:47 KST | INFO | --------------------------------------------------------------------------------
2026-02-18 13:46:47 KST | INFO | ✓ Optimizer:  AdamW (lr=2.00e-05)
2026-02-18 13:46:47 KST | INFO | ✓ Scheduler:  Linear warmup (500 steps / 8800 total)
2026-02-18 13:46:47 KST | INFO | ✓ Grad clip:  1.0
2026-02-18 13:46:47 KST | INFO | 
2026-02-18 13:46:47 KST | INFO | ================================================================================
2026-02-18 13:46:47 KST | INFO | Setup complete — Ready for training
2026-02-18 13:46:47 KST | INFO | ================================================================================
2026-02-18 13:46:47 KST | INFO | 
2026-02-18 13:46:47 KST | INFO | --------------------------------------------------------------------------------
2026-02-18 13:46:47 KST | INFO | TRAINING
2026-02-18 13:46:47 KST | INFO | --------------------------------------------------------------------------------
2026-02-18 13:46:47 KST | INFO | 
2026-02-18 13:46:47 KST | INFO | Epoch 1/100 | LR: 0.000000e+00
2026-02-18 14:26:59 KST | INFO |   Train Loss: 1.0309 | Test Loss: 0.0593 | Test Acc: 54.67%
2026-02-18 14:26:59 KST | INFO |     yes   : F1=61.64%
2026-02-18 14:26:59 KST | INFO |     no    : F1=53.33%
2026-02-18 14:26:59 KST | INFO |     maybe : F1= 9.52%
2026-02-18 14:26:59 KST | INFO |   🏆 New best accuracy: 54.67%
2026-02-18 14:26:59 KST | INFO | 
2026-02-18 14:26:59 KST | INFO | Epoch 2/100 | LR: 3.520000e-06
2026-02-18 15:09:04 KST | INFO |   Train Loss: 0.6249 | Test Loss: 0.0289 | Test Acc: 79.00%
2026-02-18 15:09:04 KST | INFO |     yes   : F1=82.69%
2026-02-18 15:09:04 KST | INFO |     no    : F1=79.66%
2026-02-18 15:09:04 KST | INFO |     maybe : F1=53.85%
2026-02-18 15:09:04 KST | INFO |   🏆 New best accuracy: 79.00%
2026-02-18 15:09:04 KST | INFO | 
2026-02-18 15:09:04 KST | INFO | Epoch 3/100 | LR: 7.040000e-06
2026-02-18 15:50:16 KST | INFO |   Train Loss: 0.3195 | Test Loss: 0.0458 | Test Acc: 74.67%
2026-02-18 15:50:16 KST | INFO |     yes   : F1=80.43%
2026-02-18 15:50:16 KST | INFO |     no    : F1=72.83%
2026-02-18 15:50:16 KST | INFO |     maybe : F1=32.56%
2026-02-18 15:50:16 KST | INFO |   No improvement (1/10)
2026-02-18 15:50:16 KST | INFO | 
2026-02-18 15:50:16 KST | INFO | Epoch 4/100 | LR: 1.056000e-05
2026-02-18 16:32:19 KST | INFO |   Train Loss: 0.1595 | Test Loss: 0.0429 | Test Acc: 76.33%
2026-02-18 16:32:19 KST | INFO |     yes   : F1=81.23%
2026-02-18 16:32:19 KST | INFO |     no    : F1=77.82%
2026-02-18 16:32:19 KST | INFO |     maybe : F1=40.00%
2026-02-18 16:32:19 KST | INFO |   No improvement (2/10)
2026-02-18 16:32:19 KST | INFO | 
2026-02-18 16:32:19 KST | INFO | Epoch 5/100 | LR: 1.408000e-05
2026-02-18 17:14:25 KST | INFO |   Train Loss: 0.0557 | Test Loss: 0.0688 | Test Acc: 80.00%
2026-02-18 17:14:25 KST | INFO |     yes   : F1=85.30%
2026-02-18 17:14:25 KST | INFO |     no    : F1=80.57%
2026-02-18 17:14:25 KST | INFO |     maybe : F1=33.33%
2026-02-18 17:14:25 KST | INFO |   🏆 New best accuracy: 80.00%
2026-02-18 17:14:25 KST | INFO | 
2026-02-18 17:14:25 KST | INFO | Epoch 6/100 | LR: 1.760000e-05
2026-02-18 17:55:07 KST | INFO |   Train Loss: 0.0162 | Test Loss: 0.1109 | Test Acc: 72.33%
2026-02-18 17:55:07 KST | INFO |     yes   : F1=78.96%
2026-02-18 17:55:07 KST | INFO |     no    : F1=67.05%
2026-02-18 17:55:07 KST | INFO |     maybe : F1=33.33%
2026-02-18 17:55:07 KST | INFO |   No improvement (1/10)
2026-02-18 17:55:07 KST | INFO | 
2026-02-18 17:55:07 KST | INFO | Epoch 7/100 | LR: 1.993253e-05
2026-02-18 18:36:06 KST | INFO |   Train Loss: 0.0109 | Test Loss: 0.0678 | Test Acc: 78.33%
2026-02-18 18:36:06 KST | INFO |     yes   : F1=84.15%
2026-02-18 18:36:06 KST | INFO |     no    : F1=77.45%
2026-02-18 18:36:06 KST | INFO |     maybe : F1=40.82%
2026-02-18 18:36:06 KST | INFO |   No improvement (2/10)
2026-02-18 18:36:06 KST | INFO | 
2026-02-18 18:36:06 KST | INFO | Epoch 8/100 | LR: 1.972048e-05
2026-02-18 19:17:31 KST | INFO |   Train Loss: 0.0005 | Test Loss: 0.0700 | Test Acc: 77.00%
2026-02-18 19:17:31 KST | INFO |     yes   : F1=82.84%
2026-02-18 19:17:31 KST | INFO |     no    : F1=76.64%
2026-02-18 19:17:31 KST | INFO |     maybe : F1=37.50%
2026-02-18 19:17:31 KST | INFO |   No improvement (3/10)
2026-02-18 19:17:31 KST | INFO | 
2026-02-18 19:17:31 KST | INFO | Epoch 9/100 | LR: 1.950843e-05
2026-02-18 19:58:52 KST | INFO |   Train Loss: 0.0001 | Test Loss: 0.0707 | Test Acc: 77.67%
2026-02-18 19:58:52 KST | INFO |     yes   : F1=83.87%
2026-02-18 19:58:52 KST | INFO |     no    : F1=75.73%
2026-02-18 19:58:52 KST | INFO |     maybe : F1=45.28%
2026-02-18 19:58:52 KST | INFO |   No improvement (4/10)
2026-02-18 19:58:52 KST | INFO | 
2026-02-18 19:58:52 KST | INFO | Epoch 10/100 | LR: 1.929639e-05
2026-02-18 20:40:41 KST | INFO |   Train Loss: 0.0000 | Test Loss: 0.0808 | Test Acc: 76.67%
2026-02-18 20:40:41 KST | INFO |     yes   : F1=82.29%
2026-02-18 20:40:41 KST | INFO |     no    : F1=77.07%
2026-02-18 20:40:41 KST | INFO |     maybe : F1=31.11%
2026-02-18 20:40:41 KST | INFO |   No improvement (5/10)
2026-02-18 20:40:41 KST | INFO | 
2026-02-18 20:40:41 KST | INFO | Epoch 11/100 | LR: 1.908434e-05
2026-02-18 21:23:49 KST | INFO |   Train Loss: 0.0000 | Test Loss: 0.0776 | Test Acc: 77.00%
2026-02-18 21:23:49 KST | INFO |     yes   : F1=82.90%
2026-02-18 21:23:49 KST | INFO |     no    : F1=77.51%
2026-02-18 21:23:49 KST | INFO |     maybe : F1=30.43%
2026-02-18 21:23:49 KST | INFO |   No improvement (6/10)
2026-02-18 21:23:49 KST | INFO | 
2026-02-18 21:23:49 KST | INFO | Epoch 12/100 | LR: 1.887229e-05
2026-02-18 22:06:14 KST | INFO |   Train Loss: 0.0000 | Test Loss: 0.0792 | Test Acc: 77.00%
2026-02-18 22:06:14 KST | INFO |     yes   : F1=83.00%
2026-02-18 22:06:14 KST | INFO |     no    : F1=77.29%
2026-02-18 22:06:14 KST | INFO |     maybe : F1=30.43%
2026-02-18 22:06:14 KST | INFO |   No improvement (7/10)
2026-02-18 22:06:14 KST | INFO | 
2026-02-18 22:06:14 KST | INFO | Epoch 13/100 | LR: 1.866024e-05
2026-02-18 22:48:25 KST | INFO |   Train Loss: 0.0000 | Test Loss: 0.0792 | Test Acc: 77.00%
2026-02-18 22:48:25 KST | INFO |     yes   : F1=82.76%
2026-02-18 22:48:25 KST | INFO |     no    : F1=77.67%
2026-02-18 22:48:25 KST | INFO |     maybe : F1=30.43%
2026-02-18 22:48:25 KST | INFO |   No improvement (8/10)
2026-02-18 22:48:25 KST | INFO | 
2026-02-18 22:48:25 KST | INFO | Epoch 14/100 | LR: 1.844819e-05
2026-02-18 23:31:01 KST | INFO |   Train Loss: 0.0000 | Test Loss: 0.0796 | Test Acc: 76.67%
2026-02-18 23:31:01 KST | INFO |     yes   : F1=82.42%
2026-02-18 23:31:01 KST | INFO |     no    : F1=77.29%
2026-02-18 23:31:01 KST | INFO |     maybe : F1=30.43%
2026-02-18 23:31:01 KST | INFO |   No improvement (9/10)
2026-02-18 23:31:01 KST | INFO | 
2026-02-18 23:31:01 KST | INFO | Epoch 15/100 | LR: 1.823614e-05
2026-02-19 00:13:20 KST | INFO |   Train Loss: 0.0000 | Test Loss: 0.0798 | Test Acc: 76.67%
2026-02-19 00:13:20 KST | INFO |     yes   : F1=82.42%
2026-02-19 00:13:20 KST | INFO |     no    : F1=77.29%
2026-02-19 00:13:20 KST | INFO |     maybe : F1=30.43%
2026-02-19 00:13:20 KST | INFO |   No improvement (10/10)
2026-02-19 00:13:20 KST | INFO | 
Early stopping after 10 epochs without improvement
2026-02-19 00:13:20 KST | INFO | 
2026-02-19 00:13:20 KST | INFO | ================================================================================
2026-02-19 00:13:20 KST | INFO | TRAINING COMPLETE
2026-02-19 00:13:20 KST | INFO | ================================================================================
2026-02-19 00:13:20 KST | INFO | Best accuracy:  80.00% (Epoch 5)
2026-02-19 00:13:20 KST | INFO | ================================================================================
2026-02-19 00:13:20 KST | INFO | 
2026-02-19 00:13:20 KST | INFO | Notifying nodes of completion …
2026-02-19 00:13:21 KST | INFO | ✓ Nodes notified
2026-02-19 00:13:21 KST | INFO | 
2026-02-19 00:13:21 KST | INFO | Closing connections …
2026-02-19 00:13:21 KST | INFO | ✓ Cleanup complete
2026-02-19 00:13:21 KST | INFO | 
Full log: logs/TL++_biogpt_base_lora_20260218_134606.log
2026-02-19 00:13:21 KST | INFO | ================================================================================
