2026-02-19 00:13:34 KST | INFO | ================================================================================
2026-02-19 00:13:34 KST | INFO | TL++ Orchestrator  [BioGPT / PubMedQA]
2026-02-19 00:13:34 KST | INFO | ================================================================================
2026-02-19 00:13:34 KST | INFO | Log file: logs/TL++_biogpt_base_lora_20260219_001334.log
2026-02-19 00:13:34 KST | INFO | 
2026-02-19 00:13:34 KST | INFO | --------------------------------------------------------------------------------
2026-02-19 00:13:34 KST | INFO | CONFIGURATION
2026-02-19 00:13:34 KST | INFO | --------------------------------------------------------------------------------
2026-02-19 00:13:34 KST | INFO | Dataset:            PubMedQA (yes / no / maybe)
2026-02-19 00:13:34 KST | INFO | Model:              BioGPT (microsoft/biogpt)
2026-02-19 00:13:34 KST | INFO | Secure mode:        False
2026-02-19 00:13:34 KST | INFO | LoRA:               True
2026-02-19 00:13:34 KST | INFO |   r=8, alpha=16, dropout=0.1
2026-02-19 00:13:34 KST | INFO | Nodes:              3
2026-02-19 00:13:34 KST | INFO | Cut layer:          1
2026-02-19 00:13:34 KST | INFO | Batch size:         8
2026-02-19 00:13:34 KST | INFO | Learning rate:      2.00e-05
2026-02-19 00:13:34 KST | INFO | Max seq length:     512
2026-02-19 00:13:34 KST | INFO | 
2026-02-19 00:13:34 KST | INFO | Computation device: cuda
2026-02-19 00:13:34 KST | INFO | Secure mode: DISABLED
2026-02-19 00:13:34 KST | INFO | 
2026-02-19 00:13:34 KST | INFO | --------------------------------------------------------------------------------
2026-02-19 00:13:34 KST | INFO | NETWORK SETUP
2026-02-19 00:13:34 KST | INFO | --------------------------------------------------------------------------------
2026-02-19 00:13:34 KST | INFO | ✓ Orchestrator listening on 127.0.0.1:8080
2026-02-19 00:13:34 KST | INFO | Waiting for 3 node(s) …
2026-02-19 00:13:35 KST | INFO |   ✓ Node 1/3 connected
2026-02-19 00:13:36 KST | INFO |   ✓ Node 2/3 connected
2026-02-19 00:13:37 KST | INFO |   ✓ Node 3/3 connected
2026-02-19 00:13:37 KST | INFO | ✓ All 3 node(s) connected
2026-02-19 00:13:37 KST | INFO | 
2026-02-19 00:13:37 KST | INFO | --------------------------------------------------------------------------------
2026-02-19 00:13:37 KST | INFO | MODEL INITIALISATION  [BioGPT + LoRA on orch-side layers]
2026-02-19 00:13:37 KST | INFO | --------------------------------------------------------------------------------
2026-02-19 00:13:38 KST | INFO | HTTP Request: HEAD https://huggingface.co/microsoft/biogpt/resolve/main/config.json "HTTP/1.1 307 Temporary Redirect"
2026-02-19 00:13:38 KST | INFO | HTTP Request: HEAD https://huggingface.co/api/resolve-cache/models/microsoft/biogpt/eb0d815e95434dc9e3b78f464e52b899bee7d923/config.json "HTTP/1.1 200 OK"
2026-02-19 00:13:38 KST | INFO | HTTP Request: HEAD https://huggingface.co/microsoft/biogpt/resolve/main/config.json "HTTP/1.1 307 Temporary Redirect"
2026-02-19 00:13:38 KST | WARNING | Warning: You are sending unauthenticated requests to the HF Hub. Please set a HF_TOKEN to enable higher rate limits and faster downloads.
2026-02-19 00:13:38 KST | INFO | HTTP Request: HEAD https://huggingface.co/api/resolve-cache/models/microsoft/biogpt/eb0d815e95434dc9e3b78f464e52b899bee7d923/config.json "HTTP/1.1 200 OK"
2026-02-19 00:13:38 KST | INFO | HTTP Request: HEAD https://huggingface.co/microsoft/biogpt/resolve/main/model.safetensors "HTTP/1.1 404 Not Found"
2026-02-19 00:13:38 KST | INFO | HTTP Request: HEAD https://huggingface.co/microsoft/biogpt/resolve/main/model.safetensors.index.json "HTTP/1.1 404 Not Found"
2026-02-19 00:13:39 KST | INFO | HTTP Request: HEAD https://huggingface.co/microsoft/biogpt/resolve/main/pytorch_model.bin "HTTP/1.1 302 Found"
2026-02-19 00:13:39 KST | INFO | HTTP Request: HEAD https://huggingface.co/microsoft/biogpt/resolve/main/model.safetensors "HTTP/1.1 404 Not Found"
2026-02-19 00:13:39 KST | INFO | HTTP Request: GET https://huggingface.co/api/models/microsoft/biogpt "HTTP/1.1 200 OK"
2026-02-19 00:13:39 KST | INFO | HTTP Request: GET https://huggingface.co/api/models/microsoft/biogpt/commits/main "HTTP/1.1 200 OK"
2026-02-19 00:13:40 KST | INFO | HTTP Request: GET https://huggingface.co/api/models/microsoft/biogpt/discussions?p=0 "HTTP/1.1 200 OK"
2026-02-19 00:13:40 KST | INFO | HTTP Request: GET https://huggingface.co/api/models/microsoft/biogpt/commits/refs%2Fpr%2F17 "HTTP/1.1 200 OK"
2026-02-19 00:13:40 KST | INFO | HTTP Request: HEAD https://huggingface.co/microsoft/biogpt/resolve/refs%2Fpr%2F17/model.safetensors.index.json "HTTP/1.1 404 Not Found"
2026-02-19 00:13:40 KST | INFO | HTTP Request: HEAD https://huggingface.co/microsoft/biogpt/resolve/refs%2Fpr%2F17/model.safetensors "HTTP/1.1 302 Found"
2026-02-19 00:13:41 KST | INFO | HTTP Request: HEAD https://huggingface.co/microsoft/biogpt/resolve/main/generation_config.json "HTTP/1.1 404 Not Found"
2026-02-19 00:13:41 KST | INFO | HTTP Request: HEAD https://huggingface.co/microsoft/biogpt/resolve/main/config.json "HTTP/1.1 307 Temporary Redirect"
2026-02-19 00:13:41 KST | INFO | HTTP Request: HEAD https://huggingface.co/api/resolve-cache/models/microsoft/biogpt/eb0d815e95434dc9e3b78f464e52b899bee7d923/config.json "HTTP/1.1 200 OK"
2026-02-19 00:13:41 KST | INFO | Node-side parameters:      69,644,288
2026-02-19 00:13:41 KST | INFO | 
2026-02-19 00:13:41 KST | INFO | Broadcasting configuration to nodes …
2026-02-19 00:13:55 KST | INFO | ✓ Configuration broadcast to all nodes
2026-02-19 00:13:55 KST | INFO | Loading microsoft/biogpt …
2026-02-19 00:13:55 KST | INFO | HTTP Request: HEAD https://huggingface.co/microsoft/biogpt/resolve/main/config.json "HTTP/1.1 307 Temporary Redirect"
2026-02-19 00:13:55 KST | INFO | HTTP Request: HEAD https://huggingface.co/api/resolve-cache/models/microsoft/biogpt/eb0d815e95434dc9e3b78f464e52b899bee7d923/config.json "HTTP/1.1 200 OK"
2026-02-19 00:13:56 KST | INFO | HTTP Request: HEAD https://huggingface.co/microsoft/biogpt/resolve/main/config.json "HTTP/1.1 307 Temporary Redirect"
2026-02-19 00:13:56 KST | INFO | HTTP Request: HEAD https://huggingface.co/api/resolve-cache/models/microsoft/biogpt/eb0d815e95434dc9e3b78f464e52b899bee7d923/config.json "HTTP/1.1 200 OK"
2026-02-19 00:13:56 KST | INFO | HTTP Request: HEAD https://huggingface.co/microsoft/biogpt/resolve/main/model.safetensors "HTTP/1.1 404 Not Found"
2026-02-19 00:13:56 KST | INFO | HTTP Request: HEAD https://huggingface.co/microsoft/biogpt/resolve/main/model.safetensors.index.json "HTTP/1.1 404 Not Found"
2026-02-19 00:13:56 KST | INFO | HTTP Request: HEAD https://huggingface.co/microsoft/biogpt/resolve/main/pytorch_model.bin "HTTP/1.1 302 Found"
2026-02-19 00:13:56 KST | INFO | HTTP Request: HEAD https://huggingface.co/microsoft/biogpt/resolve/main/model.safetensors "HTTP/1.1 404 Not Found"
2026-02-19 00:13:57 KST | INFO | HTTP Request: GET https://huggingface.co/api/models/microsoft/biogpt "HTTP/1.1 200 OK"
2026-02-19 00:13:57 KST | INFO | HTTP Request: GET https://huggingface.co/api/models/microsoft/biogpt/commits/main "HTTP/1.1 200 OK"
2026-02-19 00:13:57 KST | INFO | HTTP Request: GET https://huggingface.co/api/models/microsoft/biogpt/discussions?p=0 "HTTP/1.1 200 OK"
2026-02-19 00:13:57 KST | INFO | HTTP Request: GET https://huggingface.co/api/models/microsoft/biogpt/commits/refs%2Fpr%2F17 "HTTP/1.1 200 OK"
2026-02-19 00:13:58 KST | INFO | HTTP Request: HEAD https://huggingface.co/microsoft/biogpt/resolve/refs%2Fpr%2F17/model.safetensors.index.json "HTTP/1.1 404 Not Found"
2026-02-19 00:13:58 KST | INFO | HTTP Request: HEAD https://huggingface.co/microsoft/biogpt/resolve/refs%2Fpr%2F17/model.safetensors "HTTP/1.1 302 Found"
2026-02-19 00:13:58 KST | INFO | HTTP Request: HEAD https://huggingface.co/microsoft/biogpt/resolve/main/generation_config.json "HTTP/1.1 404 Not Found"
2026-02-19 00:13:59 KST | INFO | HTTP Request: HEAD https://huggingface.co/microsoft/biogpt/resolve/main/config.json "HTTP/1.1 307 Temporary Redirect"
2026-02-19 00:13:59 KST | INFO | HTTP Request: HEAD https://huggingface.co/api/resolve-cache/models/microsoft/biogpt/eb0d815e95434dc9e3b78f464e52b899bee7d923/config.json "HTTP/1.1 200 OK"
2026-02-19 00:13:59 KST | INFO | LoRA applied to orch-side layers [2, 6): trainable 346,766,339 / 346,766,339 (100.00%)
2026-02-19 00:13:59 KST | INFO | Total parameters:          346,766,339
2026-02-19 00:13:59 KST | INFO | Trainable parameters:      346,766,339
2026-02-19 00:13:59 KST | INFO |   (LoRA on orch-side layers, full fine-tune on node-side layers)
2026-02-19 00:13:59 KST | INFO | 
2026-02-19 00:13:59 KST | INFO | --------------------------------------------------------------------------------
2026-02-19 00:13:59 KST | INFO | DATA LOADING
2026-02-19 00:13:59 KST | INFO | --------------------------------------------------------------------------------
2026-02-19 00:14:06 KST | INFO | ✓ Dataset sizes received:
2026-02-19 00:14:06 KST | INFO |     Node 1: 397 samples
2026-02-19 00:14:06 KST | INFO |     Node 2: 228 samples
2026-02-19 00:14:06 KST | INFO |     Node 3: 75 samples
2026-02-19 00:14:06 KST | INFO |   Total training: 700
2026-02-19 00:14:06 KST | INFO | 
2026-02-19 00:14:06 KST | INFO | HTTP Request: HEAD https://huggingface.co/microsoft/biogpt/resolve/main/tokenizer_config.json "HTTP/1.1 404 Not Found"
2026-02-19 00:14:07 KST | INFO | HTTP Request: GET https://huggingface.co/api/models/microsoft/biogpt/tree/main/additional_chat_templates?recursive=false&expand=false "HTTP/1.1 404 Not Found"
2026-02-19 00:14:07 KST | INFO | HTTP Request: GET https://huggingface.co/api/models/microsoft/biogpt/tree/main?recursive=true&expand=false "HTTP/1.1 200 OK"
2026-02-19 00:14:07 KST | INFO | HTTP Request: HEAD https://huggingface.co/microsoft/biogpt/resolve/main/vocab.json "HTTP/1.1 307 Temporary Redirect"
2026-02-19 00:14:07 KST | INFO | HTTP Request: HEAD https://huggingface.co/api/resolve-cache/models/microsoft/biogpt/eb0d815e95434dc9e3b78f464e52b899bee7d923/vocab.json "HTTP/1.1 200 OK"
2026-02-19 00:14:08 KST | INFO | Loading PubMedQA from Hugging Face …
2026-02-19 00:14:08 KST | INFO | HTTP Request: HEAD https://huggingface.co/datasets/pubmed_qa/resolve/main/README.md "HTTP/1.1 307 Temporary Redirect"
2026-02-19 00:14:08 KST | INFO | HTTP Request: HEAD https://huggingface.co/datasets/qiaojin/PubMedQA/resolve/main/README.md "HTTP/1.1 307 Temporary Redirect"
2026-02-19 00:14:08 KST | INFO | HTTP Request: HEAD https://huggingface.co/api/resolve-cache/datasets/qiaojin/PubMedQA/9001f2853fb87cab8d220904e0de81ac6973b318/README.md "HTTP/1.1 200 OK"
2026-02-19 00:14:09 KST | INFO | HTTP Request: HEAD https://huggingface.co/datasets/pubmed_qa/resolve/9001f2853fb87cab8d220904e0de81ac6973b318/pubmed_qa.py "HTTP/1.1 307 Temporary Redirect"
2026-02-19 00:14:09 KST | INFO | HTTP Request: HEAD https://huggingface.co/datasets/qiaojin/PubMedQA/resolve/9001f2853fb87cab8d220904e0de81ac6973b318/pubmed_qa.py "HTTP/1.1 404 Not Found"
2026-02-19 00:14:09 KST | INFO | HTTP Request: HEAD https://s3.amazonaws.com/datasets.huggingface.co/datasets/datasets/pubmed_qa/pubmed_qa.py "HTTP/1.1 404 Not Found"
2026-02-19 00:14:10 KST | INFO | HTTP Request: GET https://huggingface.co/api/datasets/pubmed_qa/revision/9001f2853fb87cab8d220904e0de81ac6973b318 "HTTP/1.1 307 Temporary Redirect"
2026-02-19 00:14:10 KST | INFO | HTTP Request: GET https://huggingface.co/api/datasets/qiaojin/PubMedQA/revision/9001f2853fb87cab8d220904e0de81ac6973b318 "HTTP/1.1 200 OK"
2026-02-19 00:14:10 KST | INFO | HTTP Request: HEAD https://huggingface.co/datasets/pubmed_qa/resolve/9001f2853fb87cab8d220904e0de81ac6973b318/.huggingface.yaml "HTTP/1.1 307 Temporary Redirect"
2026-02-19 00:14:10 KST | INFO | HTTP Request: HEAD https://huggingface.co/datasets/qiaojin/PubMedQA/resolve/9001f2853fb87cab8d220904e0de81ac6973b318/.huggingface.yaml "HTTP/1.1 404 Not Found"
2026-02-19 00:14:11 KST | INFO | HTTP Request: GET https://datasets-server.huggingface.co/info?dataset=pubmed_qa "HTTP/1.1 404 Not Found"
2026-02-19 00:14:11 KST | INFO | HTTP Request: GET https://huggingface.co/api/datasets/pubmed_qa/tree/9001f2853fb87cab8d220904e0de81ac6973b318/pqa_artificial?recursive=true&expand=false "HTTP/1.1 307 Temporary Redirect"
2026-02-19 00:14:11 KST | INFO | HTTP Request: GET https://huggingface.co/api/datasets/qiaojin/PubMedQA/tree/9001f2853fb87cab8d220904e0de81ac6973b318/pqa_artificial?recursive=true&expand=false "HTTP/1.1 200 OK"
2026-02-19 00:14:11 KST | INFO | HTTP Request: GET https://huggingface.co/api/datasets/pubmed_qa/tree/9001f2853fb87cab8d220904e0de81ac6973b318?recursive=false&expand=false "HTTP/1.1 307 Temporary Redirect"
2026-02-19 00:14:11 KST | INFO | HTTP Request: GET https://huggingface.co/api/datasets/qiaojin/PubMedQA/tree/9001f2853fb87cab8d220904e0de81ac6973b318?recursive=false&expand=false "HTTP/1.1 200 OK"
2026-02-19 00:14:12 KST | INFO | HTTP Request: HEAD https://huggingface.co/datasets/pubmed_qa/resolve/9001f2853fb87cab8d220904e0de81ac6973b318/dataset_infos.json "HTTP/1.1 307 Temporary Redirect"
2026-02-19 00:14:12 KST | INFO | HTTP Request: HEAD https://huggingface.co/datasets/qiaojin/PubMedQA/resolve/9001f2853fb87cab8d220904e0de81ac6973b318/dataset_infos.json "HTTP/1.1 404 Not Found"
2026-02-19 00:14:12 KST | INFO | HTTP Request: GET https://huggingface.co/api/datasets/pubmed_qa/tree/9001f2853fb87cab8d220904e0de81ac6973b318/pqa_labeled?recursive=true&expand=false "HTTP/1.1 307 Temporary Redirect"
2026-02-19 00:14:12 KST | INFO | HTTP Request: GET https://huggingface.co/api/datasets/qiaojin/PubMedQA/tree/9001f2853fb87cab8d220904e0de81ac6973b318/pqa_labeled?recursive=true&expand=false "HTTP/1.1 200 OK"
2026-02-19 00:14:12 KST | INFO | ✓ HF PubMedQA: 1000 total, 700 train / 300 test
2026-02-19 00:14:17 KST | INFO | ✓ Test set: 300 samples
2026-02-19 00:14:17 KST | INFO | 
2026-02-19 00:14:17 KST | INFO | ✓ Batch scheduler: 88 batches/epoch
2026-02-19 00:14:17 KST | INFO | 
2026-02-19 00:14:17 KST | INFO | --------------------------------------------------------------------------------
2026-02-19 00:14:17 KST | INFO | OPTIMISATION SETUP
2026-02-19 00:14:17 KST | INFO | --------------------------------------------------------------------------------
2026-02-19 00:14:17 KST | INFO | ✓ Optimizer:  AdamW (lr=2.00e-05)
2026-02-19 00:14:17 KST | INFO | ✓ Scheduler:  Linear warmup (500 steps / 8800 total)
2026-02-19 00:14:17 KST | INFO | ✓ Grad clip:  1.0
2026-02-19 00:14:17 KST | INFO | 
2026-02-19 00:14:17 KST | INFO | ================================================================================
2026-02-19 00:14:17 KST | INFO | Setup complete — Ready for training
2026-02-19 00:14:17 KST | INFO | ================================================================================
2026-02-19 00:14:17 KST | INFO | 
2026-02-19 00:14:17 KST | INFO | --------------------------------------------------------------------------------
2026-02-19 00:14:17 KST | INFO | TRAINING
2026-02-19 00:14:17 KST | INFO | --------------------------------------------------------------------------------
2026-02-19 00:14:17 KST | INFO | 
2026-02-19 00:14:17 KST | INFO | Epoch 1/100 | LR: 0.000000e+00
2026-02-19 00:55:53 KST | INFO |   Train Loss: 1.0640 | Test Loss: 0.0606 | Test Acc: 57.33%
2026-02-19 00:55:53 KST | INFO |     yes   : F1=70.83%
2026-02-19 00:55:53 KST | INFO |     no    : F1=27.27%
2026-02-19 00:55:53 KST | INFO |     maybe : F1= 5.56%
2026-02-19 00:55:53 KST | INFO |   🏆 New best accuracy: 57.33%
2026-02-19 00:55:53 KST | INFO | 
2026-02-19 00:55:53 KST | INFO | Epoch 2/100 | LR: 3.520000e-06
2026-02-19 01:35:57 KST | INFO |   Train Loss: 0.6667 | Test Loss: 0.0408 | Test Acc: 74.33%
2026-02-19 01:35:57 KST | INFO |     yes   : F1=80.53%
2026-02-19 01:35:57 KST | INFO |     no    : F1=71.19%
2026-02-19 01:35:57 KST | INFO |     maybe : F1=32.56%
2026-02-19 01:35:57 KST | INFO |   🏆 New best accuracy: 74.33%
2026-02-19 01:35:57 KST | INFO | 
2026-02-19 01:35:57 KST | INFO | Epoch 3/100 | LR: 7.040000e-06
2026-02-19 02:15:28 KST | INFO |   Train Loss: 0.3601 | Test Loss: 0.0342 | Test Acc: 77.67%
2026-02-19 02:15:28 KST | INFO |     yes   : F1=82.72%
2026-02-19 02:15:28 KST | INFO |     no    : F1=76.14%
2026-02-19 02:15:28 KST | INFO |     maybe : F1=48.00%
2026-02-19 02:15:28 KST | INFO |   🏆 New best accuracy: 77.67%
2026-02-19 02:15:28 KST | INFO | 
2026-02-19 02:15:28 KST | INFO | Epoch 4/100 | LR: 1.056000e-05
2026-02-19 02:57:26 KST | INFO |   Train Loss: 0.2119 | Test Loss: 0.0389 | Test Acc: 75.67%
2026-02-19 02:57:26 KST | INFO |     yes   : F1=80.70%
2026-02-19 02:57:26 KST | INFO |     no    : F1=74.40%
2026-02-19 02:57:26 KST | INFO |     maybe : F1=47.06%
2026-02-19 02:57:26 KST | INFO |   No improvement (1/10)
2026-02-19 02:57:26 KST | INFO | 
2026-02-19 02:57:26 KST | INFO | Epoch 5/100 | LR: 1.408000e-05
2026-02-19 03:38:58 KST | INFO |   Train Loss: 0.0900 | Test Loss: 0.0649 | Test Acc: 77.67%
2026-02-19 03:38:58 KST | INFO |     yes   : F1=83.98%
2026-02-19 03:38:58 KST | INFO |     no    : F1=73.30%
2026-02-19 03:38:58 KST | INFO |     maybe : F1=46.81%
2026-02-19 03:38:58 KST | INFO |   No improvement (2/10)
2026-02-19 03:38:58 KST | INFO | 
2026-02-19 03:38:58 KST | INFO | Epoch 6/100 | LR: 1.760000e-05
2026-02-19 04:18:19 KST | INFO |   Train Loss: 0.0298 | Test Loss: 0.0816 | Test Acc: 75.67%
2026-02-19 04:18:19 KST | INFO |     yes   : F1=82.26%
2026-02-19 04:18:19 KST | INFO |     no    : F1=68.60%
2026-02-19 04:18:19 KST | INFO |     maybe : F1=53.57%
2026-02-19 04:18:19 KST | INFO |   No improvement (3/10)
2026-02-19 04:18:19 KST | INFO | 
2026-02-19 04:18:19 KST | INFO | Epoch 7/100 | LR: 1.993253e-05
2026-02-19 04:59:22 KST | INFO |   Train Loss: 0.0143 | Test Loss: 0.0438 | Test Acc: 79.00%
2026-02-19 04:59:22 KST | INFO |     yes   : F1=84.24%
2026-02-19 04:59:22 KST | INFO |     no    : F1=77.61%
2026-02-19 04:59:22 KST | INFO |     maybe : F1=57.97%
2026-02-19 04:59:22 KST | INFO |   🏆 New best accuracy: 79.00%
2026-02-19 04:59:22 KST | INFO | 
2026-02-19 04:59:22 KST | INFO | Epoch 8/100 | LR: 1.972048e-05
2026-02-19 05:40:47 KST | INFO |   Train Loss: 0.0008 | Test Loss: 0.0654 | Test Acc: 76.00%
2026-02-19 05:40:47 KST | INFO |     yes   : F1=82.60%
2026-02-19 05:40:47 KST | INFO |     no    : F1=74.18%
2026-02-19 05:40:47 KST | INFO |     maybe : F1=37.50%
2026-02-19 05:40:47 KST | INFO |   No improvement (1/10)
2026-02-19 05:40:47 KST | INFO | 
2026-02-19 05:40:47 KST | INFO | Epoch 9/100 | LR: 1.950843e-05
2026-02-19 06:21:36 KST | INFO |   Train Loss: 0.0002 | Test Loss: 0.0707 | Test Acc: 77.33%
2026-02-19 06:21:36 KST | INFO |     yes   : F1=83.91%
2026-02-19 06:21:36 KST | INFO |     no    : F1=74.75%
2026-02-19 06:21:36 KST | INFO |     maybe : F1=44.44%
2026-02-19 06:21:36 KST | INFO |   No improvement (2/10)
2026-02-19 06:21:36 KST | INFO | 
2026-02-19 06:21:36 KST | INFO | Epoch 10/100 | LR: 1.929639e-05
2026-02-19 07:02:22 KST | INFO |   Train Loss: 0.0000 | Test Loss: 0.0792 | Test Acc: 76.67%
2026-02-19 07:02:22 KST | INFO |     yes   : F1=83.38%
2026-02-19 07:02:22 KST | INFO |     no    : F1=74.11%
2026-02-19 07:02:22 KST | INFO |     maybe : F1=37.50%
2026-02-19 07:02:22 KST | INFO |   No improvement (3/10)
2026-02-19 07:02:22 KST | INFO | 
2026-02-19 07:02:22 KST | INFO | Epoch 11/100 | LR: 1.908434e-05
2026-02-19 07:41:41 KST | INFO |   Train Loss: 0.0000 | Test Loss: 0.0801 | Test Acc: 76.67%
2026-02-19 07:41:41 KST | INFO |     yes   : F1=83.38%
2026-02-19 07:41:41 KST | INFO |     no    : F1=74.11%
2026-02-19 07:41:41 KST | INFO |     maybe : F1=37.50%
2026-02-19 07:41:41 KST | INFO |   No improvement (4/10)
2026-02-19 07:41:41 KST | INFO | 
2026-02-19 07:41:41 KST | INFO | Epoch 12/100 | LR: 1.887229e-05
2026-02-19 08:22:16 KST | INFO |   Train Loss: 0.0000 | Test Loss: 0.0810 | Test Acc: 77.00%
2026-02-19 08:22:16 KST | INFO |     yes   : F1=83.38%
2026-02-19 08:22:16 KST | INFO |     no    : F1=74.75%
2026-02-19 08:22:16 KST | INFO |     maybe : F1=38.30%
2026-02-19 08:22:16 KST | INFO |   No improvement (5/10)
2026-02-19 08:22:16 KST | INFO | 
2026-02-19 08:22:16 KST | INFO | Epoch 13/100 | LR: 1.866024e-05
2026-02-19 09:02:49 KST | INFO |   Train Loss: 0.0000 | Test Loss: 0.0814 | Test Acc: 76.67%
2026-02-19 09:02:49 KST | INFO |     yes   : F1=83.05%
2026-02-19 09:02:49 KST | INFO |     no    : F1=74.37%
2026-02-19 09:02:49 KST | INFO |     maybe : F1=38.30%
2026-02-19 09:02:49 KST | INFO |   No improvement (6/10)
2026-02-19 09:02:49 KST | INFO | 
2026-02-19 09:02:49 KST | INFO | Epoch 14/100 | LR: 1.844819e-05
2026-02-19 09:44:28 KST | INFO |   Train Loss: 0.0000 | Test Loss: 0.0830 | Test Acc: 76.67%
2026-02-19 09:44:28 KST | INFO |     yes   : F1=83.29%
2026-02-19 09:44:28 KST | INFO |     no    : F1=74.63%
2026-02-19 09:44:28 KST | INFO |     maybe : F1=34.78%
2026-02-19 09:44:28 KST | INFO |   No improvement (7/10)
2026-02-19 09:44:28 KST | INFO | 
2026-02-19 09:44:28 KST | INFO | Epoch 15/100 | LR: 1.823614e-05
2026-02-19 10:26:39 KST | INFO |   Train Loss: 0.0000 | Test Loss: 0.0830 | Test Acc: 76.67%
2026-02-19 10:26:39 KST | INFO |     yes   : F1=83.29%
2026-02-19 10:26:39 KST | INFO |     no    : F1=74.63%
2026-02-19 10:26:39 KST | INFO |     maybe : F1=34.78%
2026-02-19 10:26:39 KST | INFO |   No improvement (8/10)
2026-02-19 10:26:39 KST | INFO | 
2026-02-19 10:26:39 KST | INFO | Epoch 16/100 | LR: 1.802410e-05
2026-02-19 11:08:49 KST | INFO |   Train Loss: 0.0000 | Test Loss: 0.0843 | Test Acc: 76.67%
2026-02-19 11:08:49 KST | INFO |     yes   : F1=83.29%
2026-02-19 11:08:49 KST | INFO |     no    : F1=74.63%
2026-02-19 11:08:49 KST | INFO |     maybe : F1=34.78%
2026-02-19 11:08:49 KST | INFO |   No improvement (9/10)
2026-02-19 11:08:49 KST | INFO | 
2026-02-19 11:08:49 KST | INFO | Epoch 17/100 | LR: 1.781205e-05
2026-02-19 11:50:10 KST | INFO |   Train Loss: 0.0000 | Test Loss: 0.0849 | Test Acc: 76.67%
2026-02-19 11:50:10 KST | INFO |     yes   : F1=83.29%
2026-02-19 11:50:10 KST | INFO |     no    : F1=74.63%
2026-02-19 11:50:10 KST | INFO |     maybe : F1=34.78%
2026-02-19 11:50:10 KST | INFO |   No improvement (10/10)
2026-02-19 11:50:10 KST | INFO | 
Early stopping after 10 epochs without improvement
2026-02-19 11:50:10 KST | INFO | 
2026-02-19 11:50:10 KST | INFO | ================================================================================
2026-02-19 11:50:10 KST | INFO | TRAINING COMPLETE
2026-02-19 11:50:10 KST | INFO | ================================================================================
2026-02-19 11:50:10 KST | INFO | Best accuracy:  79.00% (Epoch 7)
2026-02-19 11:50:10 KST | INFO | ================================================================================
2026-02-19 11:50:10 KST | INFO | 
2026-02-19 11:50:10 KST | INFO | Notifying nodes of completion …
2026-02-19 11:50:11 KST | INFO | ✓ Nodes notified
2026-02-19 11:50:11 KST | INFO | 
2026-02-19 11:50:11 KST | INFO | Closing connections …
2026-02-19 11:50:11 KST | INFO | ✓ Cleanup complete
2026-02-19 11:50:11 KST | INFO | 
Full log: logs/TL++_biogpt_base_lora_20260219_001334.log
2026-02-19 11:50:11 KST | INFO | ================================================================================
