2026-02-19 11:50:23 KST | INFO | ================================================================================
2026-02-19 11:50:23 KST | INFO | TL++ Orchestrator  [BioGPT / PubMedQA]
2026-02-19 11:50:23 KST | INFO | ================================================================================
2026-02-19 11:50:23 KST | INFO | Log file: logs/TL++_biogpt_base_lora_20260219_115023.log
2026-02-19 11:50:23 KST | INFO | 
2026-02-19 11:50:23 KST | INFO | --------------------------------------------------------------------------------
2026-02-19 11:50:23 KST | INFO | CONFIGURATION
2026-02-19 11:50:23 KST | INFO | --------------------------------------------------------------------------------
2026-02-19 11:50:23 KST | INFO | Dataset:            PubMedQA (yes / no / maybe)
2026-02-19 11:50:23 KST | INFO | Model:              BioGPT (microsoft/biogpt)
2026-02-19 11:50:23 KST | INFO | Secure mode:        False
2026-02-19 11:50:23 KST | INFO | LoRA:               True
2026-02-19 11:50:23 KST | INFO |   r=8, alpha=16, dropout=0.1
2026-02-19 11:50:23 KST | INFO | Nodes:              3
2026-02-19 11:50:23 KST | INFO | Cut layer:          1
2026-02-19 11:50:23 KST | INFO | Batch size:         8
2026-02-19 11:50:23 KST | INFO | Learning rate:      2.00e-05
2026-02-19 11:50:23 KST | INFO | Max seq length:     512
2026-02-19 11:50:23 KST | INFO | 
2026-02-19 11:50:23 KST | INFO | Computation device: cuda
2026-02-19 11:50:23 KST | INFO | Secure mode: DISABLED
2026-02-19 11:50:23 KST | INFO | 
2026-02-19 11:50:23 KST | INFO | --------------------------------------------------------------------------------
2026-02-19 11:50:23 KST | INFO | NETWORK SETUP
2026-02-19 11:50:23 KST | INFO | --------------------------------------------------------------------------------
2026-02-19 11:50:23 KST | INFO | ✓ Orchestrator listening on 127.0.0.1:8080
2026-02-19 11:50:23 KST | INFO | Waiting for 3 node(s) …
2026-02-19 11:50:25 KST | INFO |   ✓ Node 1/3 connected
2026-02-19 11:50:26 KST | INFO |   ✓ Node 2/3 connected
2026-02-19 11:50:27 KST | INFO |   ✓ Node 3/3 connected
2026-02-19 11:50:27 KST | INFO | ✓ All 3 node(s) connected
2026-02-19 11:50:27 KST | INFO | 
2026-02-19 11:50:27 KST | INFO | --------------------------------------------------------------------------------
2026-02-19 11:50:27 KST | INFO | MODEL INITIALISATION  [BioGPT + LoRA on orch-side layers]
2026-02-19 11:50:27 KST | INFO | --------------------------------------------------------------------------------
2026-02-19 11:50:28 KST | INFO | HTTP Request: HEAD https://huggingface.co/microsoft/biogpt/resolve/main/config.json "HTTP/1.1 307 Temporary Redirect"
2026-02-19 11:50:28 KST | INFO | HTTP Request: HEAD https://huggingface.co/api/resolve-cache/models/microsoft/biogpt/eb0d815e95434dc9e3b78f464e52b899bee7d923/config.json "HTTP/1.1 200 OK"
2026-02-19 11:50:28 KST | INFO | HTTP Request: HEAD https://huggingface.co/microsoft/biogpt/resolve/main/config.json "HTTP/1.1 307 Temporary Redirect"
2026-02-19 11:50:28 KST | INFO | HTTP Request: HEAD https://huggingface.co/api/resolve-cache/models/microsoft/biogpt/eb0d815e95434dc9e3b78f464e52b899bee7d923/config.json "HTTP/1.1 200 OK"
2026-02-19 11:50:28 KST | INFO | HTTP Request: HEAD https://huggingface.co/microsoft/biogpt/resolve/main/model.safetensors "HTTP/1.1 404 Not Found"
2026-02-19 11:50:28 KST | INFO | HTTP Request: HEAD https://huggingface.co/microsoft/biogpt/resolve/main/model.safetensors.index.json "HTTP/1.1 404 Not Found"
2026-02-19 11:50:28 KST | INFO | HTTP Request: HEAD https://huggingface.co/microsoft/biogpt/resolve/main/pytorch_model.bin "HTTP/1.1 302 Found"
2026-02-19 11:50:29 KST | INFO | HTTP Request: HEAD https://huggingface.co/microsoft/biogpt/resolve/main/model.safetensors "HTTP/1.1 404 Not Found"
2026-02-19 11:50:29 KST | WARNING | Warning: You are sending unauthenticated requests to the HF Hub. Please set a HF_TOKEN to enable higher rate limits and faster downloads.
2026-02-19 11:50:29 KST | INFO | HTTP Request: GET https://huggingface.co/api/models/microsoft/biogpt "HTTP/1.1 200 OK"
2026-02-19 11:50:29 KST | INFO | HTTP Request: GET https://huggingface.co/api/models/microsoft/biogpt/commits/main "HTTP/1.1 200 OK"
2026-02-19 11:50:29 KST | INFO | HTTP Request: GET https://huggingface.co/api/models/microsoft/biogpt/discussions?p=0 "HTTP/1.1 200 OK"
2026-02-19 11:50:29 KST | INFO | HTTP Request: GET https://huggingface.co/api/models/microsoft/biogpt/commits/refs%2Fpr%2F17 "HTTP/1.1 200 OK"
2026-02-19 11:50:30 KST | INFO | HTTP Request: HEAD https://huggingface.co/microsoft/biogpt/resolve/refs%2Fpr%2F17/model.safetensors.index.json "HTTP/1.1 404 Not Found"
2026-02-19 11:50:30 KST | INFO | HTTP Request: HEAD https://huggingface.co/microsoft/biogpt/resolve/refs%2Fpr%2F17/model.safetensors "HTTP/1.1 302 Found"
2026-02-19 11:50:30 KST | INFO | HTTP Request: HEAD https://huggingface.co/microsoft/biogpt/resolve/main/generation_config.json "HTTP/1.1 404 Not Found"
2026-02-19 11:50:30 KST | INFO | HTTP Request: HEAD https://huggingface.co/microsoft/biogpt/resolve/main/config.json "HTTP/1.1 307 Temporary Redirect"
2026-02-19 11:50:30 KST | INFO | HTTP Request: HEAD https://huggingface.co/api/resolve-cache/models/microsoft/biogpt/eb0d815e95434dc9e3b78f464e52b899bee7d923/config.json "HTTP/1.1 200 OK"
2026-02-19 11:50:30 KST | INFO | Node-side parameters:      69,644,288
2026-02-19 11:50:30 KST | INFO | 
2026-02-19 11:50:30 KST | INFO | Broadcasting configuration to nodes …
2026-02-19 11:50:48 KST | INFO | ✓ Configuration broadcast to all nodes
2026-02-19 11:50:48 KST | INFO | Loading microsoft/biogpt …
2026-02-19 11:50:48 KST | INFO | HTTP Request: HEAD https://huggingface.co/microsoft/biogpt/resolve/main/config.json "HTTP/1.1 307 Temporary Redirect"
2026-02-19 11:50:48 KST | INFO | HTTP Request: HEAD https://huggingface.co/api/resolve-cache/models/microsoft/biogpt/eb0d815e95434dc9e3b78f464e52b899bee7d923/config.json "HTTP/1.1 200 OK"
2026-02-19 11:50:48 KST | INFO | HTTP Request: HEAD https://huggingface.co/microsoft/biogpt/resolve/main/config.json "HTTP/1.1 307 Temporary Redirect"
2026-02-19 11:50:48 KST | INFO | HTTP Request: HEAD https://huggingface.co/api/resolve-cache/models/microsoft/biogpt/eb0d815e95434dc9e3b78f464e52b899bee7d923/config.json "HTTP/1.1 200 OK"
2026-02-19 11:50:49 KST | INFO | HTTP Request: HEAD https://huggingface.co/microsoft/biogpt/resolve/main/model.safetensors "HTTP/1.1 404 Not Found"
2026-02-19 11:50:49 KST | INFO | HTTP Request: HEAD https://huggingface.co/microsoft/biogpt/resolve/main/model.safetensors.index.json "HTTP/1.1 404 Not Found"
2026-02-19 11:50:49 KST | INFO | HTTP Request: HEAD https://huggingface.co/microsoft/biogpt/resolve/main/pytorch_model.bin "HTTP/1.1 302 Found"
2026-02-19 11:50:49 KST | INFO | HTTP Request: HEAD https://huggingface.co/microsoft/biogpt/resolve/main/model.safetensors "HTTP/1.1 404 Not Found"
2026-02-19 11:50:49 KST | INFO | HTTP Request: GET https://huggingface.co/api/models/microsoft/biogpt "HTTP/1.1 200 OK"
2026-02-19 11:50:50 KST | INFO | HTTP Request: GET https://huggingface.co/api/models/microsoft/biogpt/commits/main "HTTP/1.1 200 OK"
2026-02-19 11:50:50 KST | INFO | HTTP Request: GET https://huggingface.co/api/models/microsoft/biogpt/discussions?p=0 "HTTP/1.1 200 OK"
2026-02-19 11:50:50 KST | INFO | HTTP Request: GET https://huggingface.co/api/models/microsoft/biogpt/commits/refs%2Fpr%2F17 "HTTP/1.1 200 OK"
2026-02-19 11:50:50 KST | INFO | HTTP Request: HEAD https://huggingface.co/microsoft/biogpt/resolve/refs%2Fpr%2F17/model.safetensors.index.json "HTTP/1.1 404 Not Found"
2026-02-19 11:50:51 KST | INFO | HTTP Request: HEAD https://huggingface.co/microsoft/biogpt/resolve/refs%2Fpr%2F17/model.safetensors "HTTP/1.1 302 Found"
2026-02-19 11:50:51 KST | INFO | HTTP Request: HEAD https://huggingface.co/microsoft/biogpt/resolve/main/generation_config.json "HTTP/1.1 404 Not Found"
2026-02-19 11:50:51 KST | INFO | HTTP Request: HEAD https://huggingface.co/microsoft/biogpt/resolve/main/config.json "HTTP/1.1 307 Temporary Redirect"
2026-02-19 11:50:51 KST | INFO | HTTP Request: HEAD https://huggingface.co/api/resolve-cache/models/microsoft/biogpt/eb0d815e95434dc9e3b78f464e52b899bee7d923/config.json "HTTP/1.1 200 OK"
2026-02-19 11:50:51 KST | INFO | LoRA applied to orch-side layers [2, 6): trainable 346,766,339 / 346,766,339 (100.00%)
2026-02-19 11:50:52 KST | INFO | Total parameters:          346,766,339
2026-02-19 11:50:52 KST | INFO | Trainable parameters:      346,766,339
2026-02-19 11:50:52 KST | INFO |   (LoRA on orch-side layers, full fine-tune on node-side layers)
2026-02-19 11:50:52 KST | INFO | 
2026-02-19 11:50:52 KST | INFO | --------------------------------------------------------------------------------
2026-02-19 11:50:52 KST | INFO | DATA LOADING
2026-02-19 11:50:52 KST | INFO | --------------------------------------------------------------------------------
2026-02-19 11:50:58 KST | INFO | ✓ Dataset sizes received:
2026-02-19 11:50:58 KST | INFO |     Node 1: 397 samples
2026-02-19 11:50:58 KST | INFO |     Node 2: 228 samples
2026-02-19 11:50:58 KST | INFO |     Node 3: 75 samples
2026-02-19 11:50:58 KST | INFO |   Total training: 700
2026-02-19 11:50:58 KST | INFO | 
2026-02-19 11:50:58 KST | INFO | HTTP Request: HEAD https://huggingface.co/microsoft/biogpt/resolve/main/tokenizer_config.json "HTTP/1.1 404 Not Found"
2026-02-19 11:50:58 KST | INFO | HTTP Request: GET https://huggingface.co/api/models/microsoft/biogpt/tree/main/additional_chat_templates?recursive=false&expand=false "HTTP/1.1 404 Not Found"
2026-02-19 11:50:59 KST | INFO | HTTP Request: GET https://huggingface.co/api/models/microsoft/biogpt/tree/main?recursive=true&expand=false "HTTP/1.1 200 OK"
2026-02-19 11:50:59 KST | INFO | HTTP Request: HEAD https://huggingface.co/microsoft/biogpt/resolve/main/vocab.json "HTTP/1.1 307 Temporary Redirect"
2026-02-19 11:50:59 KST | INFO | HTTP Request: HEAD https://huggingface.co/api/resolve-cache/models/microsoft/biogpt/eb0d815e95434dc9e3b78f464e52b899bee7d923/vocab.json "HTTP/1.1 200 OK"
2026-02-19 11:51:00 KST | INFO | Loading PubMedQA from Hugging Face …
2026-02-19 11:51:00 KST | INFO | HTTP Request: HEAD https://huggingface.co/datasets/pubmed_qa/resolve/main/README.md "HTTP/1.1 307 Temporary Redirect"
2026-02-19 11:51:00 KST | INFO | HTTP Request: HEAD https://huggingface.co/datasets/qiaojin/PubMedQA/resolve/main/README.md "HTTP/1.1 307 Temporary Redirect"
2026-02-19 11:51:00 KST | INFO | HTTP Request: HEAD https://huggingface.co/api/resolve-cache/datasets/qiaojin/PubMedQA/9001f2853fb87cab8d220904e0de81ac6973b318/README.md "HTTP/1.1 200 OK"
2026-02-19 11:51:00 KST | INFO | HTTP Request: HEAD https://huggingface.co/datasets/pubmed_qa/resolve/9001f2853fb87cab8d220904e0de81ac6973b318/pubmed_qa.py "HTTP/1.1 307 Temporary Redirect"
2026-02-19 11:51:01 KST | INFO | HTTP Request: HEAD https://huggingface.co/datasets/qiaojin/PubMedQA/resolve/9001f2853fb87cab8d220904e0de81ac6973b318/pubmed_qa.py "HTTP/1.1 404 Not Found"
2026-02-19 11:51:01 KST | INFO | HTTP Request: HEAD https://s3.amazonaws.com/datasets.huggingface.co/datasets/datasets/pubmed_qa/pubmed_qa.py "HTTP/1.1 404 Not Found"
2026-02-19 11:51:01 KST | INFO | HTTP Request: GET https://huggingface.co/api/datasets/pubmed_qa/revision/9001f2853fb87cab8d220904e0de81ac6973b318 "HTTP/1.1 307 Temporary Redirect"
2026-02-19 11:51:02 KST | INFO | HTTP Request: GET https://huggingface.co/api/datasets/qiaojin/PubMedQA/revision/9001f2853fb87cab8d220904e0de81ac6973b318 "HTTP/1.1 200 OK"
2026-02-19 11:51:02 KST | INFO | HTTP Request: HEAD https://huggingface.co/datasets/pubmed_qa/resolve/9001f2853fb87cab8d220904e0de81ac6973b318/.huggingface.yaml "HTTP/1.1 307 Temporary Redirect"
2026-02-19 11:51:02 KST | INFO | HTTP Request: HEAD https://huggingface.co/datasets/qiaojin/PubMedQA/resolve/9001f2853fb87cab8d220904e0de81ac6973b318/.huggingface.yaml "HTTP/1.1 404 Not Found"
2026-02-19 11:51:02 KST | INFO | HTTP Request: GET https://datasets-server.huggingface.co/info?dataset=pubmed_qa "HTTP/1.1 404 Not Found"
2026-02-19 11:51:02 KST | INFO | HTTP Request: GET https://huggingface.co/api/datasets/pubmed_qa/tree/9001f2853fb87cab8d220904e0de81ac6973b318/pqa_artificial?recursive=true&expand=false "HTTP/1.1 307 Temporary Redirect"
2026-02-19 11:51:03 KST | INFO | HTTP Request: GET https://huggingface.co/api/datasets/qiaojin/PubMedQA/tree/9001f2853fb87cab8d220904e0de81ac6973b318/pqa_artificial?recursive=true&expand=false "HTTP/1.1 200 OK"
2026-02-19 11:51:03 KST | INFO | HTTP Request: GET https://huggingface.co/api/datasets/pubmed_qa/tree/9001f2853fb87cab8d220904e0de81ac6973b318?recursive=false&expand=false "HTTP/1.1 307 Temporary Redirect"
2026-02-19 11:51:03 KST | INFO | HTTP Request: GET https://huggingface.co/api/datasets/qiaojin/PubMedQA/tree/9001f2853fb87cab8d220904e0de81ac6973b318?recursive=false&expand=false "HTTP/1.1 200 OK"
2026-02-19 11:51:03 KST | INFO | HTTP Request: HEAD https://huggingface.co/datasets/pubmed_qa/resolve/9001f2853fb87cab8d220904e0de81ac6973b318/dataset_infos.json "HTTP/1.1 307 Temporary Redirect"
2026-02-19 11:51:03 KST | INFO | HTTP Request: HEAD https://huggingface.co/datasets/qiaojin/PubMedQA/resolve/9001f2853fb87cab8d220904e0de81ac6973b318/dataset_infos.json "HTTP/1.1 404 Not Found"
2026-02-19 11:51:04 KST | INFO | HTTP Request: GET https://huggingface.co/api/datasets/pubmed_qa/tree/9001f2853fb87cab8d220904e0de81ac6973b318/pqa_labeled?recursive=true&expand=false "HTTP/1.1 307 Temporary Redirect"
2026-02-19 11:51:04 KST | INFO | HTTP Request: GET https://huggingface.co/api/datasets/qiaojin/PubMedQA/tree/9001f2853fb87cab8d220904e0de81ac6973b318/pqa_labeled?recursive=true&expand=false "HTTP/1.1 200 OK"
2026-02-19 11:51:04 KST | INFO | ✓ HF PubMedQA: 1000 total, 700 train / 300 test
2026-02-19 11:51:08 KST | INFO | ✓ Test set: 300 samples
2026-02-19 11:51:08 KST | INFO | 
2026-02-19 11:51:08 KST | INFO | ✓ Batch scheduler: 88 batches/epoch
2026-02-19 11:51:08 KST | INFO | 
2026-02-19 11:51:08 KST | INFO | --------------------------------------------------------------------------------
2026-02-19 11:51:08 KST | INFO | OPTIMISATION SETUP
2026-02-19 11:51:08 KST | INFO | --------------------------------------------------------------------------------
2026-02-19 11:51:08 KST | INFO | ✓ Optimizer:  AdamW (lr=2.00e-05)
2026-02-19 11:51:08 KST | INFO | ✓ Scheduler:  Linear warmup (500 steps / 8800 total)
2026-02-19 11:51:08 KST | INFO | ✓ Grad clip:  1.0
2026-02-19 11:51:08 KST | INFO | 
2026-02-19 11:51:08 KST | INFO | ================================================================================
2026-02-19 11:51:08 KST | INFO | Setup complete — Ready for training
2026-02-19 11:51:08 KST | INFO | ================================================================================
2026-02-19 11:51:08 KST | INFO | 
2026-02-19 11:51:08 KST | INFO | --------------------------------------------------------------------------------
2026-02-19 11:51:08 KST | INFO | TRAINING
2026-02-19 11:51:08 KST | INFO | --------------------------------------------------------------------------------
2026-02-19 11:51:08 KST | INFO | 
2026-02-19 11:51:08 KST | INFO | Epoch 1/100 | LR: 0.000000e+00
2026-02-19 12:29:19 KST | INFO |   Train Loss: 1.0602 | Test Loss: 0.0569 | Test Acc: 60.33%
2026-02-19 12:29:19 KST | INFO |     yes   : F1=65.78%
2026-02-19 12:29:19 KST | INFO |     no    : F1=62.12%
2026-02-19 12:29:19 KST | INFO |     maybe : F1= 0.00%
2026-02-19 12:29:19 KST | INFO |   🏆 New best accuracy: 60.33%
2026-02-19 12:29:19 KST | INFO | 
2026-02-19 12:29:19 KST | INFO | Epoch 2/100 | LR: 3.520000e-06
2026-02-19 13:10:19 KST | INFO |   Train Loss: 0.6327 | Test Loss: 0.0302 | Test Acc: 77.67%
2026-02-19 13:10:19 KST | INFO |     yes   : F1=81.98%
2026-02-19 13:10:19 KST | INFO |     no    : F1=75.25%
2026-02-19 13:10:19 KST | INFO |     maybe : F1=59.26%
2026-02-19 13:10:19 KST | INFO |   🏆 New best accuracy: 77.67%
2026-02-19 13:10:19 KST | INFO | 
2026-02-19 13:10:19 KST | INFO | Epoch 3/100 | LR: 7.040000e-06
2026-02-19 13:49:51 KST | INFO |   Train Loss: 0.3380 | Test Loss: 0.0343 | Test Acc: 80.33%
2026-02-19 13:49:51 KST | INFO |     yes   : F1=83.44%
2026-02-19 13:49:51 KST | INFO |     no    : F1=80.89%
2026-02-19 13:49:51 KST | INFO |     maybe : F1=62.30%
2026-02-19 13:49:51 KST | INFO |   🏆 New best accuracy: 80.33%
2026-02-19 13:49:51 KST | INFO | 
2026-02-19 13:49:51 KST | INFO | Epoch 4/100 | LR: 1.056000e-05
2026-02-19 14:29:04 KST | INFO |   Train Loss: 0.1907 | Test Loss: 0.0386 | Test Acc: 79.00%
2026-02-19 14:29:04 KST | INFO |     yes   : F1=82.80%
2026-02-19 14:29:04 KST | INFO |     no    : F1=79.25%
2026-02-19 14:29:04 KST | INFO |     maybe : F1=62.16%
2026-02-19 14:29:04 KST | INFO |   No improvement (1/10)
2026-02-19 14:29:04 KST | INFO | 
2026-02-19 14:29:04 KST | INFO | Epoch 5/100 | LR: 1.408000e-05
2026-02-19 15:08:24 KST | INFO |   Train Loss: 0.1118 | Test Loss: 0.0676 | Test Acc: 77.33%
2026-02-19 15:08:24 KST | INFO |     yes   : F1=82.83%
2026-02-19 15:08:24 KST | INFO |     no    : F1=77.72%
2026-02-19 15:08:24 KST | INFO |     maybe : F1=25.00%
2026-02-19 15:08:24 KST | INFO |   No improvement (2/10)
2026-02-19 15:08:24 KST | INFO | 
2026-02-19 15:08:24 KST | INFO | Epoch 6/100 | LR: 1.760000e-05
2026-02-19 15:47:57 KST | INFO |   Train Loss: 0.0250 | Test Loss: 0.0549 | Test Acc: 78.00%
2026-02-19 15:47:57 KST | INFO |     yes   : F1=82.14%
2026-02-19 15:47:57 KST | INFO |     no    : F1=77.39%
2026-02-19 15:47:57 KST | INFO |     maybe : F1=58.46%
2026-02-19 15:47:57 KST | INFO |   No improvement (3/10)
2026-02-19 15:47:57 KST | INFO | 
2026-02-19 15:47:57 KST | INFO | Epoch 7/100 | LR: 1.993253e-05
2026-02-19 16:28:28 KST | INFO |   Train Loss: 0.0159 | Test Loss: 0.0750 | Test Acc: 77.33%
2026-02-19 16:28:28 KST | INFO |     yes   : F1=82.63%
2026-02-19 16:28:28 KST | INFO |     no    : F1=77.68%
2026-02-19 16:28:28 KST | INFO |     maybe : F1=33.33%
2026-02-19 16:28:28 KST | INFO |   No improvement (4/10)
2026-02-19 16:28:28 KST | INFO | 
2026-02-19 16:28:28 KST | INFO | Epoch 8/100 | LR: 1.972048e-05
2026-02-19 17:08:31 KST | INFO |   Train Loss: 0.0068 | Test Loss: 0.0880 | Test Acc: 76.00%
2026-02-19 17:08:31 KST | INFO |     yes   : F1=82.22%
2026-02-19 17:08:31 KST | INFO |     no    : F1=73.02%
2026-02-19 17:08:31 KST | INFO |     maybe : F1=43.14%
2026-02-19 17:08:31 KST | INFO |   No improvement (5/10)
2026-02-19 17:08:31 KST | INFO | 
2026-02-19 17:08:31 KST | INFO | Epoch 9/100 | LR: 1.950843e-05
2026-02-19 17:50:06 KST | INFO |   Train Loss: 0.0003 | Test Loss: 0.0974 | Test Acc: 76.67%
2026-02-19 17:50:06 KST | INFO |     yes   : F1=81.87%
2026-02-19 17:50:06 KST | INFO |     no    : F1=75.65%
2026-02-19 17:50:06 KST | INFO |     maybe : F1=37.21%
2026-02-19 17:50:06 KST | INFO |   No improvement (6/10)
2026-02-19 17:50:06 KST | INFO | 
2026-02-19 17:50:06 KST | INFO | Epoch 10/100 | LR: 1.929639e-05
2026-02-19 18:29:41 KST | INFO |   Train Loss: 0.0000 | Test Loss: 0.0863 | Test Acc: 76.67%
2026-02-19 18:29:41 KST | INFO |     yes   : F1=82.25%
2026-02-19 18:29:41 KST | INFO |     no    : F1=75.25%
2026-02-19 18:29:41 KST | INFO |     maybe : F1=37.21%
2026-02-19 18:29:41 KST | INFO |   No improvement (7/10)
2026-02-19 18:29:41 KST | INFO | 
2026-02-19 18:29:41 KST | INFO | Epoch 11/100 | LR: 1.908434e-05
2026-02-19 19:10:50 KST | INFO |   Train Loss: 0.0000 | Test Loss: 0.0902 | Test Acc: 76.33%
2026-02-19 19:10:50 KST | INFO |     yes   : F1=81.99%
2026-02-19 19:10:50 KST | INFO |     no    : F1=75.13%
2026-02-19 19:10:50 KST | INFO |     maybe : F1=33.33%
2026-02-19 19:10:50 KST | INFO |   No improvement (8/10)
2026-02-19 19:10:50 KST | INFO | 
2026-02-19 19:10:50 KST | INFO | Epoch 12/100 | LR: 1.887229e-05
2026-02-19 19:54:00 KST | INFO |   Train Loss: 0.0000 | Test Loss: 0.0898 | Test Acc: 76.00%
2026-02-19 19:54:00 KST | INFO |     yes   : F1=81.67%
2026-02-19 19:54:00 KST | INFO |     no    : F1=74.75%
2026-02-19 19:54:00 KST | INFO |     maybe : F1=33.33%
2026-02-19 19:54:00 KST | INFO |   No improvement (9/10)
2026-02-19 19:54:00 KST | INFO | 
2026-02-19 19:54:00 KST | INFO | Epoch 13/100 | LR: 1.866024e-05
2026-02-19 20:31:37 KST | INFO |   Train Loss: 0.0000 | Test Loss: 0.0894 | Test Acc: 76.00%
2026-02-19 20:31:37 KST | INFO |     yes   : F1=81.56%
2026-02-19 20:31:37 KST | INFO |     no    : F1=75.00%
2026-02-19 20:31:37 KST | INFO |     maybe : F1=33.33%
2026-02-19 20:31:37 KST | INFO |   No improvement (10/10)
2026-02-19 20:31:37 KST | INFO | 
Early stopping after 10 epochs without improvement
2026-02-19 20:31:37 KST | INFO | 
2026-02-19 20:31:37 KST | INFO | ================================================================================
2026-02-19 20:31:37 KST | INFO | TRAINING COMPLETE
2026-02-19 20:31:37 KST | INFO | ================================================================================
2026-02-19 20:31:37 KST | INFO | Best accuracy:  80.33% (Epoch 3)
2026-02-19 20:31:37 KST | INFO | ================================================================================
2026-02-19 20:31:37 KST | INFO | 
2026-02-19 20:31:37 KST | INFO | Notifying nodes of completion …
2026-02-19 20:31:38 KST | INFO | ✓ Nodes notified
2026-02-19 20:31:38 KST | INFO | 
2026-02-19 20:31:38 KST | INFO | Closing connections …
2026-02-19 20:31:38 KST | INFO | ✓ Cleanup complete
2026-02-19 20:31:38 KST | INFO | 
Full log: logs/TL++_biogpt_base_lora_20260219_115023.log
2026-02-19 20:31:38 KST | INFO | ================================================================================
