2026-02-14 21:42:40 KST | INFO | ================================================================================
2026-02-14 21:42:40 KST | INFO | BioGPT Fine-tuning on PubMedQA
2026-02-14 21:42:40 KST | INFO | ================================================================================
2026-02-14 21:42:40 KST | INFO | Log file: logs/centralized_biogpt_lora_20260214_214240.log
2026-02-14 21:42:40 KST | INFO | 
2026-02-14 21:42:40 KST | INFO | Device: cuda
2026-02-14 21:42:40 KST | INFO | 
2026-02-14 21:42:40 KST | INFO | --------------------------------------------------------------------------------
2026-02-14 21:42:40 KST | INFO | CONFIGURATION
2026-02-14 21:42:40 KST | INFO | --------------------------------------------------------------------------------
2026-02-14 21:42:40 KST | INFO | Model:              BioGPT (microsoft/biogpt)
2026-02-14 21:42:40 KST | INFO | Training mode:      LoRA
2026-02-14 21:42:40 KST | INFO | Epochs:             100
2026-02-14 21:42:40 KST | INFO | Patience:           10
2026-02-14 21:42:40 KST | INFO | Batch size:         8
2026-02-14 21:42:40 KST | INFO | Learning rate:      0.000020
2026-02-14 21:42:40 KST | INFO | Max length:         512
2026-02-14 21:42:40 KST | INFO | Gradient clip:      1.0
2026-02-14 21:42:40 KST | INFO | LoRA rank:          8
2026-02-14 21:42:40 KST | INFO | LoRA alpha:         16
2026-02-14 21:42:40 KST | INFO | LoRA dropout:       0.1
2026-02-14 21:42:40 KST | INFO | LoRA targets:       q_proj, v_proj
2026-02-14 21:42:40 KST | INFO | 
2026-02-14 21:42:40 KST | INFO | --------------------------------------------------------------------------------
2026-02-14 21:42:40 KST | INFO | MODEL LOADING
2026-02-14 21:42:40 KST | INFO | --------------------------------------------------------------------------------
2026-02-14 21:42:40 KST | INFO | HTTP Request: HEAD https://huggingface.co/microsoft/biogpt/resolve/main/tokenizer_config.json "HTTP/1.1 404 Not Found"
2026-02-14 21:42:41 KST | INFO | HTTP Request: GET https://huggingface.co/api/models/microsoft/biogpt/tree/main/additional_chat_templates?recursive=false&expand=false "HTTP/1.1 404 Not Found"
2026-02-14 21:42:41 KST | INFO | HTTP Request: GET https://huggingface.co/api/models/microsoft/biogpt/tree/main?recursive=true&expand=false "HTTP/1.1 200 OK"
2026-02-14 21:42:41 KST | INFO | HTTP Request: HEAD https://huggingface.co/microsoft/biogpt/resolve/main/vocab.json "HTTP/1.1 307 Temporary Redirect"
2026-02-14 21:42:41 KST | INFO | HTTP Request: HEAD https://huggingface.co/api/resolve-cache/models/microsoft/biogpt/eb0d815e95434dc9e3b78f464e52b899bee7d923/vocab.json "HTTP/1.1 200 OK"
2026-02-14 21:42:42 KST | INFO | Loading microsoft/biogpt …
2026-02-14 21:42:42 KST | INFO | HTTP Request: HEAD https://huggingface.co/microsoft/biogpt/resolve/main/config.json "HTTP/1.1 307 Temporary Redirect"
2026-02-14 21:42:42 KST | INFO | HTTP Request: HEAD https://huggingface.co/api/resolve-cache/models/microsoft/biogpt/eb0d815e95434dc9e3b78f464e52b899bee7d923/config.json "HTTP/1.1 200 OK"
2026-02-14 21:42:42 KST | INFO | HTTP Request: HEAD https://huggingface.co/microsoft/biogpt/resolve/main/config.json "HTTP/1.1 307 Temporary Redirect"
2026-02-14 21:42:42 KST | INFO | HTTP Request: HEAD https://huggingface.co/api/resolve-cache/models/microsoft/biogpt/eb0d815e95434dc9e3b78f464e52b899bee7d923/config.json "HTTP/1.1 200 OK"
2026-02-14 21:42:43 KST | INFO | HTTP Request: HEAD https://huggingface.co/microsoft/biogpt/resolve/main/model.safetensors "HTTP/1.1 404 Not Found"
2026-02-14 21:42:43 KST | INFO | HTTP Request: HEAD https://huggingface.co/microsoft/biogpt/resolve/main/model.safetensors.index.json "HTTP/1.1 404 Not Found"
2026-02-14 21:42:43 KST | INFO | HTTP Request: HEAD https://huggingface.co/microsoft/biogpt/resolve/main/pytorch_model.bin "HTTP/1.1 302 Found"
2026-02-14 21:42:43 KST | INFO | HTTP Request: HEAD https://huggingface.co/microsoft/biogpt/resolve/main/model.safetensors "HTTP/1.1 404 Not Found"
2026-02-14 21:42:43 KST | INFO | HTTP Request: GET https://huggingface.co/api/models/microsoft/biogpt "HTTP/1.1 200 OK"
2026-02-14 21:42:44 KST | INFO | HTTP Request: GET https://huggingface.co/api/models/microsoft/biogpt/commits/main "HTTP/1.1 200 OK"
2026-02-14 21:42:44 KST | INFO | HTTP Request: GET https://huggingface.co/api/models/microsoft/biogpt/discussions?p=0 "HTTP/1.1 200 OK"
2026-02-14 21:42:44 KST | INFO | HTTP Request: GET https://huggingface.co/api/models/microsoft/biogpt/commits/refs%2Fpr%2F17 "HTTP/1.1 200 OK"
2026-02-14 21:42:44 KST | INFO | HTTP Request: HEAD https://huggingface.co/microsoft/biogpt/resolve/refs%2Fpr%2F17/model.safetensors.index.json "HTTP/1.1 404 Not Found"
2026-02-14 21:42:45 KST | INFO | HTTP Request: HEAD https://huggingface.co/microsoft/biogpt/resolve/refs%2Fpr%2F17/model.safetensors "HTTP/1.1 302 Found"
2026-02-14 21:42:45 KST | INFO | HTTP Request: HEAD https://huggingface.co/microsoft/biogpt/resolve/main/generation_config.json "HTTP/1.1 404 Not Found"
2026-02-14 21:42:45 KST | INFO | HTTP Request: HEAD https://huggingface.co/microsoft/biogpt/resolve/main/config.json "HTTP/1.1 307 Temporary Redirect"
2026-02-14 21:42:45 KST | INFO | HTTP Request: HEAD https://huggingface.co/api/resolve-cache/models/microsoft/biogpt/eb0d815e95434dc9e3b78f464e52b899bee7d923/config.json "HTTP/1.1 200 OK"
2026-02-14 21:42:45 KST | INFO | LoRA applied to all 6 layers: trainable 346,766,339 / 346,766,339 (100.00%)
2026-02-14 21:42:46 KST | INFO | ✓ BioGPTClassifier ready on cuda
2026-02-14 21:42:46 KST | INFO | 
2026-02-14 21:42:46 KST | INFO | --------------------------------------------------------------------------------
2026-02-14 21:42:46 KST | INFO | DATA LOADING
2026-02-14 21:42:46 KST | INFO | --------------------------------------------------------------------------------
2026-02-14 21:42:47 KST | INFO | Attempting to load from Hugging Face...
2026-02-14 21:42:47 KST | INFO | HTTP Request: HEAD https://huggingface.co/datasets/pubmed_qa/resolve/main/README.md "HTTP/1.1 307 Temporary Redirect"
2026-02-14 21:42:47 KST | INFO | HTTP Request: HEAD https://huggingface.co/datasets/qiaojin/PubMedQA/resolve/main/README.md "HTTP/1.1 307 Temporary Redirect"
2026-02-14 21:42:47 KST | INFO | HTTP Request: HEAD https://huggingface.co/api/resolve-cache/datasets/qiaojin/PubMedQA/9001f2853fb87cab8d220904e0de81ac6973b318/README.md "HTTP/1.1 200 OK"
2026-02-14 21:42:47 KST | INFO | HTTP Request: HEAD https://huggingface.co/datasets/pubmed_qa/resolve/9001f2853fb87cab8d220904e0de81ac6973b318/pubmed_qa.py "HTTP/1.1 307 Temporary Redirect"
2026-02-14 21:42:48 KST | INFO | HTTP Request: HEAD https://huggingface.co/datasets/qiaojin/PubMedQA/resolve/9001f2853fb87cab8d220904e0de81ac6973b318/pubmed_qa.py "HTTP/1.1 404 Not Found"
2026-02-14 21:42:48 KST | INFO | HTTP Request: HEAD https://s3.amazonaws.com/datasets.huggingface.co/datasets/datasets/pubmed_qa/pubmed_qa.py "HTTP/1.1 404 Not Found"
2026-02-14 21:42:49 KST | INFO | HTTP Request: GET https://huggingface.co/api/datasets/pubmed_qa/revision/9001f2853fb87cab8d220904e0de81ac6973b318 "HTTP/1.1 307 Temporary Redirect"
2026-02-14 21:42:49 KST | INFO | HTTP Request: GET https://huggingface.co/api/datasets/qiaojin/PubMedQA/revision/9001f2853fb87cab8d220904e0de81ac6973b318 "HTTP/1.1 200 OK"
2026-02-14 21:42:49 KST | INFO | HTTP Request: HEAD https://huggingface.co/datasets/pubmed_qa/resolve/9001f2853fb87cab8d220904e0de81ac6973b318/.huggingface.yaml "HTTP/1.1 307 Temporary Redirect"
2026-02-14 21:42:49 KST | INFO | HTTP Request: HEAD https://huggingface.co/datasets/qiaojin/PubMedQA/resolve/9001f2853fb87cab8d220904e0de81ac6973b318/.huggingface.yaml "HTTP/1.1 404 Not Found"
2026-02-14 21:42:49 KST | INFO | HTTP Request: GET https://datasets-server.huggingface.co/info?dataset=pubmed_qa "HTTP/1.1 404 Not Found"
2026-02-14 21:42:50 KST | INFO | HTTP Request: GET https://huggingface.co/api/datasets/pubmed_qa/tree/9001f2853fb87cab8d220904e0de81ac6973b318/pqa_artificial?recursive=true&expand=false "HTTP/1.1 307 Temporary Redirect"
2026-02-14 21:42:50 KST | INFO | HTTP Request: GET https://huggingface.co/api/datasets/qiaojin/PubMedQA/tree/9001f2853fb87cab8d220904e0de81ac6973b318/pqa_artificial?recursive=true&expand=false "HTTP/1.1 200 OK"
2026-02-14 21:42:50 KST | INFO | HTTP Request: GET https://huggingface.co/api/datasets/pubmed_qa/tree/9001f2853fb87cab8d220904e0de81ac6973b318?recursive=false&expand=false "HTTP/1.1 307 Temporary Redirect"
2026-02-14 21:42:50 KST | INFO | HTTP Request: GET https://huggingface.co/api/datasets/qiaojin/PubMedQA/tree/9001f2853fb87cab8d220904e0de81ac6973b318?recursive=false&expand=false "HTTP/1.1 200 OK"
2026-02-14 21:42:51 KST | INFO | HTTP Request: HEAD https://huggingface.co/datasets/pubmed_qa/resolve/9001f2853fb87cab8d220904e0de81ac6973b318/dataset_infos.json "HTTP/1.1 307 Temporary Redirect"
2026-02-14 21:42:51 KST | INFO | HTTP Request: HEAD https://huggingface.co/datasets/qiaojin/PubMedQA/resolve/9001f2853fb87cab8d220904e0de81ac6973b318/dataset_infos.json "HTTP/1.1 404 Not Found"
2026-02-14 21:42:51 KST | INFO | HTTP Request: GET https://huggingface.co/api/datasets/pubmed_qa/tree/9001f2853fb87cab8d220904e0de81ac6973b318/pqa_labeled?recursive=true&expand=false "HTTP/1.1 307 Temporary Redirect"
2026-02-14 21:42:51 KST | INFO | HTTP Request: GET https://huggingface.co/api/datasets/qiaojin/PubMedQA/tree/9001f2853fb87cab8d220904e0de81ac6973b318/pqa_labeled?recursive=true&expand=false "HTTP/1.1 200 OK"
2026-02-14 21:42:51 KST | INFO | Available splits: ['train']
2026-02-14 21:42:51 KST | INFO | ✓ Loaded from Hugging Face
2026-02-14 21:42:51 KST | INFO |   Total samples:   1,000
2026-02-14 21:42:51 KST | INFO |   Training:        700
2026-02-14 21:42:51 KST | INFO |   Test:            300
2026-02-14 21:42:51 KST | INFO | 
2026-02-14 21:42:51 KST | INFO | --------------------------------------------------------------------------------
2026-02-14 21:42:51 KST | INFO | DATASET PREPARATION
2026-02-14 21:42:51 KST | INFO | --------------------------------------------------------------------------------
2026-02-14 21:42:51 KST | INFO | Training samples:   700
2026-02-14 21:42:51 KST | INFO | Test samples:       300
2026-02-14 21:42:51 KST | INFO | 
2026-02-14 21:42:51 KST | INFO | Training batches:   88
2026-02-14 21:42:51 KST | INFO | Test batches:       38
2026-02-14 21:42:51 KST | INFO | 
2026-02-14 21:42:51 KST | INFO | --------------------------------------------------------------------------------
2026-02-14 21:42:51 KST | INFO | OPTIMIZER & SCHEDULER
2026-02-14 21:42:51 KST | INFO | --------------------------------------------------------------------------------
2026-02-14 21:42:51 KST | INFO | Optimizer:          AdamW (lr=0.000020)
2026-02-14 21:42:51 KST | INFO | Scheduler:          Linear warmup (500 steps / 8800 total)
2026-02-14 21:42:51 KST | INFO | Warmup steps:       500
2026-02-14 21:42:51 KST | INFO | Total steps:        8800
2026-02-14 21:42:51 KST | INFO | 
2026-02-14 21:42:51 KST | INFO | --------------------------------------------------------------------------------
2026-02-14 21:42:51 KST | INFO | TRAINING
2026-02-14 21:42:51 KST | INFO | --------------------------------------------------------------------------------
2026-02-14 21:42:51 KST | INFO | 
2026-02-14 21:42:51 KST | INFO | Epoch 1/100 | LR: 0.000000e+00
2026-02-14 21:44:10 KST | INFO |   Train Loss: 1.0420 | Test Loss: 1.1364 | Test Acc: 41.33%
2026-02-14 21:44:10 KST | INFO |   Per-class F1 scores:
2026-02-14 21:44:10 KST | INFO |     Yes   : 60.69%
2026-02-14 21:44:10 KST | INFO |     No    :  8.33%
2026-02-14 21:44:10 KST | INFO |     Maybe :  7.92%
2026-02-14 21:44:10 KST | INFO |   🏆 New best accuracy: 41.33%
2026-02-14 21:44:10 KST | INFO | 
2026-02-14 21:44:10 KST | INFO | Epoch 2/100 | LR: 3.520000e-06
2026-02-14 21:45:28 KST | INFO |   Train Loss: 0.7490 | Test Loss: 0.5540 | Test Acc: 76.67%
2026-02-14 21:45:28 KST | INFO |   Per-class F1 scores:
2026-02-14 21:45:28 KST | INFO |     Yes   : 83.61%
2026-02-14 21:45:28 KST | INFO |     No    : 76.15%
2026-02-14 21:45:28 KST | INFO |     Maybe : 29.27%
2026-02-14 21:45:28 KST | INFO |   🏆 New best accuracy: 76.67%
2026-02-14 21:45:28 KST | INFO | 
2026-02-14 21:45:28 KST | INFO | Epoch 3/100 | LR: 7.040000e-06
2026-02-14 21:46:46 KST | INFO |   Train Loss: 0.4044 | Test Loss: 0.6498 | Test Acc: 75.67%
2026-02-14 21:46:46 KST | INFO |   Per-class F1 scores:
2026-02-14 21:46:46 KST | INFO |     Yes   : 81.27%
2026-02-14 21:46:46 KST | INFO |     No    : 72.41%
2026-02-14 21:46:46 KST | INFO |     Maybe : 42.55%
2026-02-14 21:46:46 KST | INFO |   No improvement (1/10)
2026-02-14 21:46:46 KST | INFO | 
2026-02-14 21:46:46 KST | INFO | Epoch 4/100 | LR: 1.056000e-05
2026-02-14 21:48:04 KST | INFO |   Train Loss: 0.2226 | Test Loss: 0.5154 | Test Acc: 82.33%
2026-02-14 21:48:04 KST | INFO |   Per-class F1 scores:
2026-02-14 21:48:04 KST | INFO |     Yes   : 85.27%
2026-02-14 21:48:04 KST | INFO |     No    : 82.35%
2026-02-14 21:48:04 KST | INFO |     Maybe : 66.67%
2026-02-14 21:48:04 KST | INFO |   🏆 New best accuracy: 82.33%
2026-02-14 21:48:04 KST | INFO | 
2026-02-14 21:48:04 KST | INFO | Epoch 5/100 | LR: 1.408000e-05
2026-02-14 21:49:23 KST | INFO |   Train Loss: 0.0989 | Test Loss: 0.6581 | Test Acc: 78.33%
2026-02-14 21:49:23 KST | INFO |   Per-class F1 scores:
2026-02-14 21:49:23 KST | INFO |     Yes   : 83.76%
2026-02-14 21:49:23 KST | INFO |     No    : 76.00%
2026-02-14 21:49:23 KST | INFO |     Maybe : 48.98%
2026-02-14 21:49:23 KST | INFO |   No improvement (1/10)
2026-02-14 21:49:23 KST | INFO | 
2026-02-14 21:49:23 KST | INFO | Epoch 6/100 | LR: 1.760000e-05
2026-02-14 21:50:41 KST | INFO |   Train Loss: 0.0308 | Test Loss: 1.0856 | Test Acc: 76.00%
2026-02-14 21:50:41 KST | INFO |   Per-class F1 scores:
2026-02-14 21:50:41 KST | INFO |     Yes   : 82.65%
2026-02-14 21:50:41 KST | INFO |     No    : 76.54%
2026-02-14 21:50:41 KST | INFO |     Maybe : 20.00%
2026-02-14 21:50:41 KST | INFO |   No improvement (2/10)
2026-02-14 21:50:41 KST | INFO | 
2026-02-14 21:50:41 KST | INFO | Epoch 7/100 | LR: 1.993253e-05
2026-02-14 21:51:59 KST | INFO |   Train Loss: 0.0131 | Test Loss: 1.2474 | Test Acc: 75.67%
2026-02-14 21:51:59 KST | INFO |   Per-class F1 scores:
2026-02-14 21:51:59 KST | INFO |     Yes   : 82.16%
2026-02-14 21:51:59 KST | INFO |     No    : 71.04%
2026-02-14 21:51:59 KST | INFO |     Maybe : 42.55%
2026-02-14 21:51:59 KST | INFO |   No improvement (3/10)
2026-02-14 21:51:59 KST | INFO | 
2026-02-14 21:51:59 KST | INFO | Epoch 8/100 | LR: 1.972048e-05
2026-02-14 21:53:17 KST | INFO |   Train Loss: 0.0015 | Test Loss: 0.9225 | Test Acc: 77.67%
2026-02-14 21:53:17 KST | INFO |   Per-class F1 scores:
2026-02-14 21:53:17 KST | INFO |     Yes   : 83.97%
2026-02-14 21:53:17 KST | INFO |     No    : 76.19%
2026-02-14 21:53:17 KST | INFO |     Maybe : 38.30%
2026-02-14 21:53:17 KST | INFO |   No improvement (4/10)
2026-02-14 21:53:17 KST | INFO | 
2026-02-14 21:53:17 KST | INFO | Epoch 9/100 | LR: 1.950843e-05
2026-02-14 21:54:36 KST | INFO |   Train Loss: 0.0005 | Test Loss: 1.2357 | Test Acc: 74.00%
2026-02-14 21:54:36 KST | INFO |   Per-class F1 scores:
2026-02-14 21:54:36 KST | INFO |     Yes   : 81.10%
2026-02-14 21:54:36 KST | INFO |     No    : 68.45%
2026-02-14 21:54:36 KST | INFO |     Maybe : 41.67%
2026-02-14 21:54:36 KST | INFO |   No improvement (5/10)
2026-02-14 21:54:36 KST | INFO | 
2026-02-14 21:54:36 KST | INFO | Epoch 10/100 | LR: 1.929639e-05
2026-02-14 21:55:54 KST | INFO |   Train Loss: 0.0000 | Test Loss: 1.2236 | Test Acc: 75.00%
2026-02-14 21:55:54 KST | INFO |   Per-class F1 scores:
2026-02-14 21:55:54 KST | INFO |     Yes   : 81.54%
2026-02-14 21:55:54 KST | INFO |     No    : 71.20%
2026-02-14 21:55:54 KST | INFO |     Maybe : 39.13%
2026-02-14 21:55:54 KST | INFO |   No improvement (6/10)
2026-02-14 21:55:54 KST | INFO | 
2026-02-14 21:55:54 KST | INFO | Epoch 11/100 | LR: 1.908434e-05
2026-02-14 21:57:12 KST | INFO |   Train Loss: 0.0000 | Test Loss: 1.2419 | Test Acc: 75.00%
2026-02-14 21:57:12 KST | INFO |   Per-class F1 scores:
2026-02-14 21:57:12 KST | INFO |     Yes   : 81.77%
2026-02-14 21:57:12 KST | INFO |     No    : 70.83%
2026-02-14 21:57:12 KST | INFO |     Maybe : 39.13%
2026-02-14 21:57:12 KST | INFO |   No improvement (7/10)
2026-02-14 21:57:12 KST | INFO | 
2026-02-14 21:57:12 KST | INFO | Epoch 12/100 | LR: 1.887229e-05
2026-02-14 21:58:30 KST | INFO |   Train Loss: 0.0000 | Test Loss: 1.2631 | Test Acc: 75.00%
2026-02-14 21:58:30 KST | INFO |   Per-class F1 scores:
2026-02-14 21:58:30 KST | INFO |     Yes   : 81.77%
2026-02-14 21:58:30 KST | INFO |     No    : 70.83%
2026-02-14 21:58:30 KST | INFO |     Maybe : 39.13%
2026-02-14 21:58:30 KST | INFO |   No improvement (8/10)
2026-02-14 21:58:30 KST | INFO | 
2026-02-14 21:58:30 KST | INFO | Epoch 13/100 | LR: 1.866024e-05
2026-02-14 21:59:49 KST | INFO |   Train Loss: 0.0000 | Test Loss: 1.2809 | Test Acc: 74.33%
2026-02-14 21:59:49 KST | INFO |   Per-class F1 scores:
2026-02-14 21:59:49 KST | INFO |     Yes   : 81.32%
2026-02-14 21:59:49 KST | INFO |     No    : 69.47%
2026-02-14 21:59:49 KST | INFO |     Maybe : 39.13%
2026-02-14 21:59:49 KST | INFO |   No improvement (9/10)
2026-02-14 21:59:49 KST | INFO | 
2026-02-14 21:59:49 KST | INFO | Epoch 14/100 | LR: 1.844819e-05
2026-02-14 22:01:07 KST | INFO |   Train Loss: 0.0000 | Test Loss: 1.2847 | Test Acc: 74.67%
2026-02-14 22:01:07 KST | INFO |   Per-class F1 scores:
2026-02-14 22:01:07 KST | INFO |     Yes   : 81.54%
2026-02-14 22:01:07 KST | INFO |     No    : 70.16%
2026-02-14 22:01:07 KST | INFO |     Maybe : 39.13%
2026-02-14 22:01:07 KST | INFO |   No improvement (10/10)
2026-02-14 22:01:07 KST | INFO | 
2026-02-14 22:01:07 KST | INFO | Early stopping after 10 epochs without improvement
2026-02-14 22:01:07 KST | INFO | 
2026-02-14 22:01:07 KST | INFO | ================================================================================
2026-02-14 22:01:07 KST | INFO | TRAINING COMPLETE
2026-02-14 22:01:07 KST | INFO | ================================================================================
2026-02-14 22:01:07 KST | INFO | Best accuracy:  82.33% (Epoch 4)
2026-02-14 22:01:07 KST | INFO | Final accuracy: 74.67%
2026-02-14 22:01:07 KST | INFO | ================================================================================
2026-02-14 22:01:07 KST | INFO | 
2026-02-14 22:01:07 KST | INFO | Best test accuracy: 82.33%
2026-02-14 22:01:07 KST | INFO | 
2026-02-14 22:01:07 KST | INFO | Full log: logs/centralized_biogpt_lora_20260214_214240.log
2026-02-14 22:01:07 KST | INFO | ================================================================================
