2026-02-14 23:42:06 KST | INFO | ================================================================================
2026-02-14 23:42:06 KST | INFO | BioGPT Fine-tuning on PubMedQA
2026-02-14 23:42:06 KST | INFO | ================================================================================
2026-02-14 23:42:06 KST | INFO | Log file: logs/centralized_biogpt_lora_20260214_234206.log
2026-02-14 23:42:06 KST | INFO | 
2026-02-14 23:42:06 KST | INFO | Device: cuda
2026-02-14 23:42:06 KST | INFO | 
2026-02-14 23:42:06 KST | INFO | --------------------------------------------------------------------------------
2026-02-14 23:42:06 KST | INFO | CONFIGURATION
2026-02-14 23:42:06 KST | INFO | --------------------------------------------------------------------------------
2026-02-14 23:42:06 KST | INFO | Model:              BioGPT (microsoft/biogpt)
2026-02-14 23:42:06 KST | INFO | Training mode:      LoRA
2026-02-14 23:42:06 KST | INFO | Epochs:             100
2026-02-14 23:42:06 KST | INFO | Patience:           10
2026-02-14 23:42:06 KST | INFO | Batch size:         8
2026-02-14 23:42:06 KST | INFO | Learning rate:      0.000020
2026-02-14 23:42:06 KST | INFO | Max length:         512
2026-02-14 23:42:06 KST | INFO | Gradient clip:      1.0
2026-02-14 23:42:06 KST | INFO | LoRA rank:          8
2026-02-14 23:42:06 KST | INFO | LoRA alpha:         16
2026-02-14 23:42:06 KST | INFO | LoRA dropout:       0.1
2026-02-14 23:42:06 KST | INFO | LoRA targets:       q_proj, v_proj
2026-02-14 23:42:06 KST | INFO | 
2026-02-14 23:42:06 KST | INFO | --------------------------------------------------------------------------------
2026-02-14 23:42:06 KST | INFO | MODEL LOADING
2026-02-14 23:42:06 KST | INFO | --------------------------------------------------------------------------------
2026-02-14 23:42:06 KST | INFO | HTTP Request: HEAD https://huggingface.co/microsoft/biogpt/resolve/main/tokenizer_config.json "HTTP/1.1 404 Not Found"
2026-02-14 23:42:06 KST | INFO | HTTP Request: GET https://huggingface.co/api/models/microsoft/biogpt/tree/main/additional_chat_templates?recursive=false&expand=false "HTTP/1.1 404 Not Found"
2026-02-14 23:42:06 KST | INFO | HTTP Request: GET https://huggingface.co/api/models/microsoft/biogpt/tree/main?recursive=true&expand=false "HTTP/1.1 200 OK"
2026-02-14 23:42:07 KST | INFO | HTTP Request: HEAD https://huggingface.co/microsoft/biogpt/resolve/main/vocab.json "HTTP/1.1 307 Temporary Redirect"
2026-02-14 23:42:07 KST | INFO | HTTP Request: HEAD https://huggingface.co/api/resolve-cache/models/microsoft/biogpt/eb0d815e95434dc9e3b78f464e52b899bee7d923/vocab.json "HTTP/1.1 200 OK"
2026-02-14 23:42:07 KST | INFO | Loading microsoft/biogpt …
2026-02-14 23:42:08 KST | INFO | HTTP Request: HEAD https://huggingface.co/microsoft/biogpt/resolve/main/config.json "HTTP/1.1 307 Temporary Redirect"
2026-02-14 23:42:08 KST | INFO | HTTP Request: HEAD https://huggingface.co/api/resolve-cache/models/microsoft/biogpt/eb0d815e95434dc9e3b78f464e52b899bee7d923/config.json "HTTP/1.1 200 OK"
2026-02-14 23:42:08 KST | INFO | HTTP Request: HEAD https://huggingface.co/microsoft/biogpt/resolve/main/config.json "HTTP/1.1 307 Temporary Redirect"
2026-02-14 23:42:08 KST | INFO | HTTP Request: HEAD https://huggingface.co/api/resolve-cache/models/microsoft/biogpt/eb0d815e95434dc9e3b78f464e52b899bee7d923/config.json "HTTP/1.1 200 OK"
2026-02-14 23:42:08 KST | INFO | HTTP Request: HEAD https://huggingface.co/microsoft/biogpt/resolve/main/model.safetensors "HTTP/1.1 404 Not Found"
2026-02-14 23:42:08 KST | INFO | HTTP Request: HEAD https://huggingface.co/microsoft/biogpt/resolve/main/model.safetensors.index.json "HTTP/1.1 404 Not Found"
2026-02-14 23:42:08 KST | INFO | HTTP Request: HEAD https://huggingface.co/microsoft/biogpt/resolve/main/pytorch_model.bin "HTTP/1.1 302 Found"
2026-02-14 23:42:09 KST | INFO | HTTP Request: HEAD https://huggingface.co/microsoft/biogpt/resolve/main/model.safetensors "HTTP/1.1 404 Not Found"
2026-02-14 23:42:09 KST | INFO | HTTP Request: GET https://huggingface.co/api/models/microsoft/biogpt "HTTP/1.1 200 OK"
2026-02-14 23:42:09 KST | INFO | HTTP Request: GET https://huggingface.co/api/models/microsoft/biogpt/commits/main "HTTP/1.1 200 OK"
2026-02-14 23:42:09 KST | INFO | HTTP Request: GET https://huggingface.co/api/models/microsoft/biogpt/discussions?p=0 "HTTP/1.1 200 OK"
2026-02-14 23:42:10 KST | INFO | HTTP Request: GET https://huggingface.co/api/models/microsoft/biogpt/commits/refs%2Fpr%2F17 "HTTP/1.1 200 OK"
2026-02-14 23:42:10 KST | INFO | HTTP Request: HEAD https://huggingface.co/microsoft/biogpt/resolve/refs%2Fpr%2F17/model.safetensors.index.json "HTTP/1.1 404 Not Found"
2026-02-14 23:42:10 KST | INFO | HTTP Request: HEAD https://huggingface.co/microsoft/biogpt/resolve/refs%2Fpr%2F17/model.safetensors "HTTP/1.1 302 Found"
2026-02-14 23:42:10 KST | INFO | HTTP Request: HEAD https://huggingface.co/microsoft/biogpt/resolve/main/generation_config.json "HTTP/1.1 404 Not Found"
2026-02-14 23:42:11 KST | INFO | HTTP Request: HEAD https://huggingface.co/microsoft/biogpt/resolve/main/config.json "HTTP/1.1 307 Temporary Redirect"
2026-02-14 23:42:11 KST | INFO | HTTP Request: HEAD https://huggingface.co/api/resolve-cache/models/microsoft/biogpt/eb0d815e95434dc9e3b78f464e52b899bee7d923/config.json "HTTP/1.1 200 OK"
2026-02-14 23:42:11 KST | INFO | LoRA applied to all 6 layers: trainable 346,766,339 / 346,766,339 (100.00%)
2026-02-14 23:42:12 KST | INFO | ✓ BioGPTClassifier ready on cuda
2026-02-14 23:42:12 KST | INFO | 
2026-02-14 23:42:12 KST | INFO | --------------------------------------------------------------------------------
2026-02-14 23:42:12 KST | INFO | DATA LOADING
2026-02-14 23:42:12 KST | INFO | --------------------------------------------------------------------------------
2026-02-14 23:42:12 KST | INFO | Attempting to load from Hugging Face...
2026-02-14 23:42:12 KST | INFO | HTTP Request: HEAD https://huggingface.co/datasets/pubmed_qa/resolve/main/README.md "HTTP/1.1 307 Temporary Redirect"
2026-02-14 23:42:12 KST | INFO | HTTP Request: HEAD https://huggingface.co/datasets/qiaojin/PubMedQA/resolve/main/README.md "HTTP/1.1 307 Temporary Redirect"
2026-02-14 23:42:12 KST | INFO | HTTP Request: HEAD https://huggingface.co/api/resolve-cache/datasets/qiaojin/PubMedQA/9001f2853fb87cab8d220904e0de81ac6973b318/README.md "HTTP/1.1 200 OK"
2026-02-14 23:42:13 KST | INFO | HTTP Request: HEAD https://huggingface.co/datasets/pubmed_qa/resolve/9001f2853fb87cab8d220904e0de81ac6973b318/pubmed_qa.py "HTTP/1.1 307 Temporary Redirect"
2026-02-14 23:42:13 KST | INFO | HTTP Request: HEAD https://huggingface.co/datasets/qiaojin/PubMedQA/resolve/9001f2853fb87cab8d220904e0de81ac6973b318/pubmed_qa.py "HTTP/1.1 404 Not Found"
2026-02-14 23:42:13 KST | WARNING | Warning: You are sending unauthenticated requests to the HF Hub. Please set a HF_TOKEN to enable higher rate limits and faster downloads.
2026-02-14 23:42:13 KST | INFO | HTTP Request: HEAD https://s3.amazonaws.com/datasets.huggingface.co/datasets/datasets/pubmed_qa/pubmed_qa.py "HTTP/1.1 404 Not Found"
2026-02-14 23:42:14 KST | INFO | HTTP Request: GET https://huggingface.co/api/datasets/pubmed_qa/revision/9001f2853fb87cab8d220904e0de81ac6973b318 "HTTP/1.1 307 Temporary Redirect"
2026-02-14 23:42:14 KST | INFO | HTTP Request: GET https://huggingface.co/api/datasets/qiaojin/PubMedQA/revision/9001f2853fb87cab8d220904e0de81ac6973b318 "HTTP/1.1 200 OK"
2026-02-14 23:42:14 KST | INFO | HTTP Request: HEAD https://huggingface.co/datasets/pubmed_qa/resolve/9001f2853fb87cab8d220904e0de81ac6973b318/.huggingface.yaml "HTTP/1.1 307 Temporary Redirect"
2026-02-14 23:42:14 KST | INFO | HTTP Request: HEAD https://huggingface.co/datasets/qiaojin/PubMedQA/resolve/9001f2853fb87cab8d220904e0de81ac6973b318/.huggingface.yaml "HTTP/1.1 404 Not Found"
2026-02-14 23:42:15 KST | INFO | HTTP Request: GET https://datasets-server.huggingface.co/info?dataset=pubmed_qa "HTTP/1.1 404 Not Found"
2026-02-14 23:42:15 KST | INFO | HTTP Request: GET https://huggingface.co/api/datasets/pubmed_qa/tree/9001f2853fb87cab8d220904e0de81ac6973b318/pqa_artificial?recursive=true&expand=false "HTTP/1.1 307 Temporary Redirect"
2026-02-14 23:42:15 KST | INFO | HTTP Request: GET https://huggingface.co/api/datasets/qiaojin/PubMedQA/tree/9001f2853fb87cab8d220904e0de81ac6973b318/pqa_artificial?recursive=true&expand=false "HTTP/1.1 200 OK"
2026-02-14 23:42:15 KST | INFO | HTTP Request: GET https://huggingface.co/api/datasets/pubmed_qa/tree/9001f2853fb87cab8d220904e0de81ac6973b318?recursive=false&expand=false "HTTP/1.1 307 Temporary Redirect"
2026-02-14 23:42:15 KST | INFO | HTTP Request: GET https://huggingface.co/api/datasets/qiaojin/PubMedQA/tree/9001f2853fb87cab8d220904e0de81ac6973b318?recursive=false&expand=false "HTTP/1.1 200 OK"
2026-02-14 23:42:16 KST | INFO | HTTP Request: HEAD https://huggingface.co/datasets/pubmed_qa/resolve/9001f2853fb87cab8d220904e0de81ac6973b318/dataset_infos.json "HTTP/1.1 307 Temporary Redirect"
2026-02-14 23:42:16 KST | INFO | HTTP Request: HEAD https://huggingface.co/datasets/qiaojin/PubMedQA/resolve/9001f2853fb87cab8d220904e0de81ac6973b318/dataset_infos.json "HTTP/1.1 404 Not Found"
2026-02-14 23:42:16 KST | INFO | HTTP Request: GET https://huggingface.co/api/datasets/pubmed_qa/tree/9001f2853fb87cab8d220904e0de81ac6973b318/pqa_labeled?recursive=true&expand=false "HTTP/1.1 307 Temporary Redirect"
2026-02-14 23:42:16 KST | INFO | HTTP Request: GET https://huggingface.co/api/datasets/qiaojin/PubMedQA/tree/9001f2853fb87cab8d220904e0de81ac6973b318/pqa_labeled?recursive=true&expand=false "HTTP/1.1 200 OK"
2026-02-14 23:42:16 KST | INFO | Available splits: ['train']
2026-02-14 23:42:17 KST | INFO | ✓ Loaded from Hugging Face
2026-02-14 23:42:17 KST | INFO |   Total samples:   1,000
2026-02-14 23:42:17 KST | INFO |   Training:        700
2026-02-14 23:42:17 KST | INFO |   Test:            300
2026-02-14 23:42:17 KST | INFO | 
2026-02-14 23:42:17 KST | INFO | --------------------------------------------------------------------------------
2026-02-14 23:42:17 KST | INFO | DATASET PREPARATION
2026-02-14 23:42:17 KST | INFO | --------------------------------------------------------------------------------
2026-02-14 23:42:17 KST | INFO | Training samples:   700
2026-02-14 23:42:17 KST | INFO | Test samples:       300
2026-02-14 23:42:17 KST | INFO | 
2026-02-14 23:42:17 KST | INFO | Training batches:   88
2026-02-14 23:42:17 KST | INFO | Test batches:       38
2026-02-14 23:42:17 KST | INFO | 
2026-02-14 23:42:17 KST | INFO | --------------------------------------------------------------------------------
2026-02-14 23:42:17 KST | INFO | OPTIMIZER & SCHEDULER
2026-02-14 23:42:17 KST | INFO | --------------------------------------------------------------------------------
2026-02-14 23:42:17 KST | INFO | Optimizer:          AdamW (lr=0.000020)
2026-02-14 23:42:17 KST | INFO | Scheduler:          Linear warmup (500 steps / 8800 total)
2026-02-14 23:42:17 KST | INFO | Warmup steps:       500
2026-02-14 23:42:17 KST | INFO | Total steps:        8800
2026-02-14 23:42:17 KST | INFO | 
2026-02-14 23:42:17 KST | INFO | --------------------------------------------------------------------------------
2026-02-14 23:42:17 KST | INFO | TRAINING
2026-02-14 23:42:17 KST | INFO | --------------------------------------------------------------------------------
2026-02-14 23:42:17 KST | INFO | 
2026-02-14 23:42:17 KST | INFO | Epoch 1/100 | LR: 0.000000e+00
2026-02-14 23:43:35 KST | INFO |   Train Loss: 1.0537 | Test Loss: 0.9754 | Test Acc: 52.33%
2026-02-14 23:43:35 KST | INFO |   Per-class F1 scores:
2026-02-14 23:43:35 KST | INFO |     Yes   : 64.97%
2026-02-14 23:43:35 KST | INFO |     No    : 33.92%
2026-02-14 23:43:35 KST | INFO |     Maybe :  0.00%
2026-02-14 23:43:35 KST | INFO |   🏆 New best accuracy: 52.33%
2026-02-14 23:43:35 KST | INFO | 
2026-02-14 23:43:35 KST | INFO | Epoch 2/100 | LR: 3.520000e-06
2026-02-14 23:44:53 KST | INFO |   Train Loss: 0.6322 | Test Loss: 0.5470 | Test Acc: 75.33%
2026-02-14 23:44:53 KST | INFO |   Per-class F1 scores:
2026-02-14 23:44:53 KST | INFO |     Yes   : 80.67%
2026-02-14 23:44:53 KST | INFO |     No    : 75.25%
2026-02-14 23:44:53 KST | INFO |     Maybe : 29.27%
2026-02-14 23:44:53 KST | INFO |   🏆 New best accuracy: 75.33%
2026-02-14 23:44:53 KST | INFO | 
2026-02-14 23:44:53 KST | INFO | Epoch 3/100 | LR: 7.040000e-06
2026-02-14 23:46:11 KST | INFO |   Train Loss: 0.3687 | Test Loss: 0.4820 | Test Acc: 78.00%
2026-02-14 23:46:11 KST | INFO |   Per-class F1 scores:
2026-02-14 23:46:11 KST | INFO |     Yes   : 82.39%
2026-02-14 23:46:11 KST | INFO |     No    : 75.00%
2026-02-14 23:46:11 KST | INFO |     Maybe : 60.71%
2026-02-14 23:46:11 KST | INFO |   🏆 New best accuracy: 78.00%
2026-02-14 23:46:11 KST | INFO | 
2026-02-14 23:46:11 KST | INFO | Epoch 4/100 | LR: 1.056000e-05
2026-02-14 23:47:30 KST | INFO |   Train Loss: 0.2618 | Test Loss: 0.8201 | Test Acc: 73.33%
2026-02-14 23:47:30 KST | INFO |   Per-class F1 scores:
2026-02-14 23:47:30 KST | INFO |     Yes   : 78.52%
2026-02-14 23:47:30 KST | INFO |     No    : 75.00%
2026-02-14 23:47:30 KST | INFO |     Maybe : 28.57%
2026-02-14 23:47:30 KST | INFO |   No improvement (1/10)
2026-02-14 23:47:30 KST | INFO | 
2026-02-14 23:47:30 KST | INFO | Epoch 5/100 | LR: 1.408000e-05
2026-02-14 23:48:48 KST | INFO |   Train Loss: 0.1154 | Test Loss: 0.6476 | Test Acc: 79.33%
2026-02-14 23:48:48 KST | INFO |   Per-class F1 scores:
2026-02-14 23:48:48 KST | INFO |     Yes   : 85.62%
2026-02-14 23:48:48 KST | INFO |     No    : 79.15%
2026-02-14 23:48:48 KST | INFO |     Maybe : 42.31%
2026-02-14 23:48:48 KST | INFO |   🏆 New best accuracy: 79.33%
2026-02-14 23:48:48 KST | INFO | 
2026-02-14 23:48:48 KST | INFO | Epoch 6/100 | LR: 1.760000e-05
2026-02-14 23:50:06 KST | INFO |   Train Loss: 0.0230 | Test Loss: 0.9204 | Test Acc: 77.33%
2026-02-14 23:50:06 KST | INFO |   Per-class F1 scores:
2026-02-14 23:50:06 KST | INFO |     Yes   : 84.37%
2026-02-14 23:50:06 KST | INFO |     No    : 76.28%
2026-02-14 23:50:06 KST | INFO |     Maybe : 30.43%
2026-02-14 23:50:06 KST | INFO |   No improvement (1/10)
2026-02-14 23:50:06 KST | INFO | 
2026-02-14 23:50:06 KST | INFO | Epoch 7/100 | LR: 1.993253e-05
2026-02-14 23:51:24 KST | INFO |   Train Loss: 0.0147 | Test Loss: 1.1817 | Test Acc: 76.67%
2026-02-14 23:51:24 KST | INFO |   Per-class F1 scores:
2026-02-14 23:51:24 KST | INFO |     Yes   : 83.06%
2026-02-14 23:51:24 KST | INFO |     No    : 73.40%
2026-02-14 23:51:24 KST | INFO |     Maybe : 39.13%
2026-02-14 23:51:24 KST | INFO |   No improvement (2/10)
2026-02-14 23:51:24 KST | INFO | 
2026-02-14 23:51:24 KST | INFO | Epoch 8/100 | LR: 1.972048e-05
2026-02-14 23:52:43 KST | INFO |   Train Loss: 0.0096 | Test Loss: 0.8479 | Test Acc: 80.00%
2026-02-14 23:52:43 KST | INFO |   Per-class F1 scores:
2026-02-14 23:52:43 KST | INFO |     Yes   : 85.04%
2026-02-14 23:52:43 KST | INFO |     No    : 79.02%
2026-02-14 23:52:43 KST | INFO |     Maybe : 51.85%
2026-02-14 23:52:43 KST | INFO |   🏆 New best accuracy: 80.00%
2026-02-14 23:52:43 KST | INFO | 
2026-02-14 23:52:43 KST | INFO | Epoch 9/100 | LR: 1.950843e-05
2026-02-14 23:54:01 KST | INFO |   Train Loss: 0.0002 | Test Loss: 0.9279 | Test Acc: 81.00%
2026-02-14 23:54:01 KST | INFO |   Per-class F1 scores:
2026-02-14 23:54:01 KST | INFO |     Yes   : 85.97%
2026-02-14 23:54:01 KST | INFO |     No    : 81.11%
2026-02-14 23:54:01 KST | INFO |     Maybe : 45.83%
2026-02-14 23:54:01 KST | INFO |   🏆 New best accuracy: 81.00%
2026-02-14 23:54:01 KST | INFO | 
2026-02-14 23:54:01 KST | INFO | Epoch 10/100 | LR: 1.929639e-05
2026-02-14 23:55:19 KST | INFO |   Train Loss: 0.0001 | Test Loss: 1.1761 | Test Acc: 77.67%
2026-02-14 23:55:19 KST | INFO |   Per-class F1 scores:
2026-02-14 23:55:19 KST | INFO |     Yes   : 83.47%
2026-02-14 23:55:19 KST | INFO |     No    : 75.51%
2026-02-14 23:55:19 KST | INFO |     Maybe : 42.55%
2026-02-14 23:55:19 KST | INFO |   No improvement (1/10)
2026-02-14 23:55:19 KST | INFO | 
2026-02-14 23:55:19 KST | INFO | Epoch 11/100 | LR: 1.908434e-05
2026-02-14 23:56:38 KST | INFO |   Train Loss: 0.0000 | Test Loss: 1.1592 | Test Acc: 77.67%
2026-02-14 23:56:38 KST | INFO |   Per-class F1 scores:
2026-02-14 23:56:38 KST | INFO |     Yes   : 83.47%
2026-02-14 23:56:38 KST | INFO |     No    : 75.51%
2026-02-14 23:56:38 KST | INFO |     Maybe : 42.55%
2026-02-14 23:56:38 KST | INFO |   No improvement (2/10)
2026-02-14 23:56:38 KST | INFO | 
2026-02-14 23:56:38 KST | INFO | Epoch 12/100 | LR: 1.887229e-05
2026-02-14 23:57:56 KST | INFO |   Train Loss: 0.0000 | Test Loss: 1.1736 | Test Acc: 77.67%
2026-02-14 23:57:56 KST | INFO |   Per-class F1 scores:
2026-02-14 23:57:56 KST | INFO |     Yes   : 83.47%
2026-02-14 23:57:56 KST | INFO |     No    : 75.51%
2026-02-14 23:57:56 KST | INFO |     Maybe : 42.55%
2026-02-14 23:57:56 KST | INFO |   No improvement (3/10)
2026-02-14 23:57:56 KST | INFO | 
2026-02-14 23:57:56 KST | INFO | Epoch 13/100 | LR: 1.866024e-05
2026-02-14 23:59:14 KST | INFO |   Train Loss: 0.0000 | Test Loss: 1.2110 | Test Acc: 77.67%
2026-02-14 23:59:14 KST | INFO |   Per-class F1 scores:
2026-02-14 23:59:14 KST | INFO |     Yes   : 83.47%
2026-02-14 23:59:14 KST | INFO |     No    : 75.51%
2026-02-14 23:59:14 KST | INFO |     Maybe : 42.55%
2026-02-14 23:59:14 KST | INFO |   No improvement (4/10)
2026-02-14 23:59:14 KST | INFO | 
2026-02-14 23:59:14 KST | INFO | Epoch 14/100 | LR: 1.844819e-05
2026-02-15 00:00:33 KST | INFO |   Train Loss: 0.0000 | Test Loss: 1.2472 | Test Acc: 77.33%
2026-02-15 00:00:33 KST | INFO |   Per-class F1 scores:
2026-02-15 00:00:33 KST | INFO |     Yes   : 83.24%
2026-02-15 00:00:33 KST | INFO |     No    : 74.87%
2026-02-15 00:00:33 KST | INFO |     Maybe : 42.55%
2026-02-15 00:00:33 KST | INFO |   No improvement (5/10)
2026-02-15 00:00:33 KST | INFO | 
2026-02-15 00:00:33 KST | INFO | Epoch 15/100 | LR: 1.823614e-05
2026-02-15 00:01:51 KST | INFO |   Train Loss: 0.0000 | Test Loss: 1.2560 | Test Acc: 77.33%
2026-02-15 00:01:51 KST | INFO |   Per-class F1 scores:
2026-02-15 00:01:51 KST | INFO |     Yes   : 83.24%
2026-02-15 00:01:51 KST | INFO |     No    : 74.87%
2026-02-15 00:01:51 KST | INFO |     Maybe : 42.55%
2026-02-15 00:01:51 KST | INFO |   No improvement (6/10)
2026-02-15 00:01:51 KST | INFO | 
2026-02-15 00:01:51 KST | INFO | Epoch 16/100 | LR: 1.802410e-05
2026-02-15 00:03:09 KST | INFO |   Train Loss: 0.0000 | Test Loss: 1.2685 | Test Acc: 77.33%
2026-02-15 00:03:09 KST | INFO |   Per-class F1 scores:
2026-02-15 00:03:09 KST | INFO |     Yes   : 83.24%
2026-02-15 00:03:09 KST | INFO |     No    : 74.87%
2026-02-15 00:03:09 KST | INFO |     Maybe : 42.55%
2026-02-15 00:03:09 KST | INFO |   No improvement (7/10)
2026-02-15 00:03:09 KST | INFO | 
2026-02-15 00:03:09 KST | INFO | Epoch 17/100 | LR: 1.781205e-05
2026-02-15 00:04:28 KST | INFO |   Train Loss: 0.0000 | Test Loss: 1.2686 | Test Acc: 77.33%
2026-02-15 00:04:28 KST | INFO |   Per-class F1 scores:
2026-02-15 00:04:28 KST | INFO |     Yes   : 83.24%
2026-02-15 00:04:28 KST | INFO |     No    : 74.87%
2026-02-15 00:04:28 KST | INFO |     Maybe : 42.55%
2026-02-15 00:04:28 KST | INFO |   No improvement (8/10)
2026-02-15 00:04:28 KST | INFO | 
2026-02-15 00:04:28 KST | INFO | Epoch 18/100 | LR: 1.760000e-05
2026-02-15 00:05:46 KST | INFO |   Train Loss: 0.0000 | Test Loss: 1.2693 | Test Acc: 77.33%
2026-02-15 00:05:46 KST | INFO |   Per-class F1 scores:
2026-02-15 00:05:46 KST | INFO |     Yes   : 83.24%
2026-02-15 00:05:46 KST | INFO |     No    : 74.87%
2026-02-15 00:05:46 KST | INFO |     Maybe : 42.55%
2026-02-15 00:05:46 KST | INFO |   No improvement (9/10)
2026-02-15 00:05:46 KST | INFO | 
2026-02-15 00:05:46 KST | INFO | Epoch 19/100 | LR: 1.738795e-05
2026-02-15 00:07:04 KST | INFO |   Train Loss: 0.0000 | Test Loss: 1.2994 | Test Acc: 77.00%
2026-02-15 00:07:04 KST | INFO |   Per-class F1 scores:
2026-02-15 00:07:04 KST | INFO |     Yes   : 83.01%
2026-02-15 00:07:04 KST | INFO |     No    : 74.87%
2026-02-15 00:07:04 KST | INFO |     Maybe : 39.13%
2026-02-15 00:07:04 KST | INFO |   No improvement (10/10)
2026-02-15 00:07:04 KST | INFO | 
2026-02-15 00:07:04 KST | INFO | Early stopping after 10 epochs without improvement
2026-02-15 00:07:04 KST | INFO | 
2026-02-15 00:07:04 KST | INFO | ================================================================================
2026-02-15 00:07:04 KST | INFO | TRAINING COMPLETE
2026-02-15 00:07:04 KST | INFO | ================================================================================
2026-02-15 00:07:04 KST | INFO | Best accuracy:  81.00% (Epoch 9)
2026-02-15 00:07:04 KST | INFO | Final accuracy: 77.00%
2026-02-15 00:07:04 KST | INFO | ================================================================================
2026-02-15 00:07:04 KST | INFO | 
2026-02-15 00:07:04 KST | INFO | Best test accuracy: 81.00%
2026-02-15 00:07:04 KST | INFO | 
2026-02-15 00:07:04 KST | INFO | Full log: logs/centralized_biogpt_lora_20260214_234206.log
2026-02-15 00:07:04 KST | INFO | ================================================================================
