2026-02-14 22:41:06 KST | INFO | ================================================================================
2026-02-14 22:41:06 KST | INFO | BioGPT Fine-tuning on PubMedQA
2026-02-14 22:41:06 KST | INFO | ================================================================================
2026-02-14 22:41:06 KST | INFO | Log file: logs/centralized_biogpt_lora_20260214_224106.log
2026-02-14 22:41:06 KST | INFO | 
2026-02-14 22:41:06 KST | INFO | Device: cuda
2026-02-14 22:41:06 KST | INFO | 
2026-02-14 22:41:06 KST | INFO | --------------------------------------------------------------------------------
2026-02-14 22:41:06 KST | INFO | CONFIGURATION
2026-02-14 22:41:06 KST | INFO | --------------------------------------------------------------------------------
2026-02-14 22:41:06 KST | INFO | Model:              BioGPT (microsoft/biogpt)
2026-02-14 22:41:06 KST | INFO | Training mode:      LoRA
2026-02-14 22:41:06 KST | INFO | Epochs:             100
2026-02-14 22:41:06 KST | INFO | Patience:           10
2026-02-14 22:41:06 KST | INFO | Batch size:         8
2026-02-14 22:41:06 KST | INFO | Learning rate:      0.000020
2026-02-14 22:41:06 KST | INFO | Max length:         512
2026-02-14 22:41:06 KST | INFO | Gradient clip:      1.0
2026-02-14 22:41:06 KST | INFO | LoRA rank:          8
2026-02-14 22:41:06 KST | INFO | LoRA alpha:         16
2026-02-14 22:41:06 KST | INFO | LoRA dropout:       0.1
2026-02-14 22:41:06 KST | INFO | LoRA targets:       q_proj, v_proj
2026-02-14 22:41:06 KST | INFO | 
2026-02-14 22:41:06 KST | INFO | --------------------------------------------------------------------------------
2026-02-14 22:41:06 KST | INFO | MODEL LOADING
2026-02-14 22:41:06 KST | INFO | --------------------------------------------------------------------------------
2026-02-14 22:41:06 KST | INFO | HTTP Request: HEAD https://huggingface.co/microsoft/biogpt/resolve/main/tokenizer_config.json "HTTP/1.1 404 Not Found"
2026-02-14 22:41:07 KST | INFO | HTTP Request: GET https://huggingface.co/api/models/microsoft/biogpt/tree/main/additional_chat_templates?recursive=false&expand=false "HTTP/1.1 404 Not Found"
2026-02-14 22:41:07 KST | INFO | HTTP Request: GET https://huggingface.co/api/models/microsoft/biogpt/tree/main?recursive=true&expand=false "HTTP/1.1 200 OK"
2026-02-14 22:41:07 KST | INFO | HTTP Request: HEAD https://huggingface.co/microsoft/biogpt/resolve/main/vocab.json "HTTP/1.1 307 Temporary Redirect"
2026-02-14 22:41:07 KST | INFO | HTTP Request: HEAD https://huggingface.co/api/resolve-cache/models/microsoft/biogpt/eb0d815e95434dc9e3b78f464e52b899bee7d923/vocab.json "HTTP/1.1 200 OK"
2026-02-14 22:41:08 KST | INFO | Loading microsoft/biogpt …
2026-02-14 22:41:08 KST | INFO | HTTP Request: HEAD https://huggingface.co/microsoft/biogpt/resolve/main/config.json "HTTP/1.1 307 Temporary Redirect"
2026-02-14 22:41:08 KST | WARNING | Warning: You are sending unauthenticated requests to the HF Hub. Please set a HF_TOKEN to enable higher rate limits and faster downloads.
2026-02-14 22:41:08 KST | INFO | HTTP Request: HEAD https://huggingface.co/api/resolve-cache/models/microsoft/biogpt/eb0d815e95434dc9e3b78f464e52b899bee7d923/config.json "HTTP/1.1 200 OK"
2026-02-14 22:41:08 KST | INFO | HTTP Request: HEAD https://huggingface.co/microsoft/biogpt/resolve/main/config.json "HTTP/1.1 307 Temporary Redirect"
2026-02-14 22:41:08 KST | INFO | HTTP Request: HEAD https://huggingface.co/api/resolve-cache/models/microsoft/biogpt/eb0d815e95434dc9e3b78f464e52b899bee7d923/config.json "HTTP/1.1 200 OK"
2026-02-14 22:41:09 KST | INFO | HTTP Request: HEAD https://huggingface.co/microsoft/biogpt/resolve/main/model.safetensors "HTTP/1.1 404 Not Found"
2026-02-14 22:41:09 KST | INFO | HTTP Request: HEAD https://huggingface.co/microsoft/biogpt/resolve/main/model.safetensors.index.json "HTTP/1.1 404 Not Found"
2026-02-14 22:41:09 KST | INFO | HTTP Request: HEAD https://huggingface.co/microsoft/biogpt/resolve/main/pytorch_model.bin "HTTP/1.1 302 Found"
2026-02-14 22:41:09 KST | INFO | HTTP Request: HEAD https://huggingface.co/microsoft/biogpt/resolve/main/model.safetensors "HTTP/1.1 404 Not Found"
2026-02-14 22:41:09 KST | INFO | HTTP Request: GET https://huggingface.co/api/models/microsoft/biogpt "HTTP/1.1 200 OK"
2026-02-14 22:41:10 KST | INFO | HTTP Request: GET https://huggingface.co/api/models/microsoft/biogpt/commits/main "HTTP/1.1 200 OK"
2026-02-14 22:41:10 KST | INFO | HTTP Request: GET https://huggingface.co/api/models/microsoft/biogpt/discussions?p=0 "HTTP/1.1 200 OK"
2026-02-14 22:41:10 KST | INFO | HTTP Request: GET https://huggingface.co/api/models/microsoft/biogpt/commits/refs%2Fpr%2F17 "HTTP/1.1 200 OK"
2026-02-14 22:41:10 KST | INFO | HTTP Request: HEAD https://huggingface.co/microsoft/biogpt/resolve/refs%2Fpr%2F17/model.safetensors.index.json "HTTP/1.1 404 Not Found"
2026-02-14 22:41:11 KST | INFO | HTTP Request: HEAD https://huggingface.co/microsoft/biogpt/resolve/refs%2Fpr%2F17/model.safetensors "HTTP/1.1 302 Found"
2026-02-14 22:41:11 KST | INFO | HTTP Request: HEAD https://huggingface.co/microsoft/biogpt/resolve/main/generation_config.json "HTTP/1.1 404 Not Found"
2026-02-14 22:41:11 KST | INFO | HTTP Request: HEAD https://huggingface.co/microsoft/biogpt/resolve/main/config.json "HTTP/1.1 307 Temporary Redirect"
2026-02-14 22:41:11 KST | INFO | HTTP Request: HEAD https://huggingface.co/api/resolve-cache/models/microsoft/biogpt/eb0d815e95434dc9e3b78f464e52b899bee7d923/config.json "HTTP/1.1 200 OK"
2026-02-14 22:41:11 KST | INFO | LoRA applied to all 6 layers: trainable 346,766,339 / 346,766,339 (100.00%)
2026-02-14 22:41:12 KST | INFO | ✓ BioGPTClassifier ready on cuda
2026-02-14 22:41:12 KST | INFO | 
2026-02-14 22:41:12 KST | INFO | --------------------------------------------------------------------------------
2026-02-14 22:41:12 KST | INFO | DATA LOADING
2026-02-14 22:41:12 KST | INFO | --------------------------------------------------------------------------------
2026-02-14 22:41:13 KST | INFO | Attempting to load from Hugging Face...
2026-02-14 22:41:13 KST | INFO | HTTP Request: HEAD https://huggingface.co/datasets/pubmed_qa/resolve/main/README.md "HTTP/1.1 307 Temporary Redirect"
2026-02-14 22:41:13 KST | INFO | HTTP Request: HEAD https://huggingface.co/datasets/qiaojin/PubMedQA/resolve/main/README.md "HTTP/1.1 307 Temporary Redirect"
2026-02-14 22:41:13 KST | INFO | HTTP Request: HEAD https://huggingface.co/api/resolve-cache/datasets/qiaojin/PubMedQA/9001f2853fb87cab8d220904e0de81ac6973b318/README.md "HTTP/1.1 200 OK"
2026-02-14 22:41:13 KST | INFO | HTTP Request: HEAD https://huggingface.co/datasets/pubmed_qa/resolve/9001f2853fb87cab8d220904e0de81ac6973b318/pubmed_qa.py "HTTP/1.1 307 Temporary Redirect"
2026-02-14 22:41:14 KST | INFO | HTTP Request: HEAD https://huggingface.co/datasets/qiaojin/PubMedQA/resolve/9001f2853fb87cab8d220904e0de81ac6973b318/pubmed_qa.py "HTTP/1.1 404 Not Found"
2026-02-14 22:41:14 KST | INFO | HTTP Request: HEAD https://s3.amazonaws.com/datasets.huggingface.co/datasets/datasets/pubmed_qa/pubmed_qa.py "HTTP/1.1 404 Not Found"
2026-02-14 22:41:14 KST | INFO | HTTP Request: GET https://huggingface.co/api/datasets/pubmed_qa/revision/9001f2853fb87cab8d220904e0de81ac6973b318 "HTTP/1.1 307 Temporary Redirect"
2026-02-14 22:41:15 KST | INFO | HTTP Request: GET https://huggingface.co/api/datasets/qiaojin/PubMedQA/revision/9001f2853fb87cab8d220904e0de81ac6973b318 "HTTP/1.1 200 OK"
2026-02-14 22:41:15 KST | INFO | HTTP Request: HEAD https://huggingface.co/datasets/pubmed_qa/resolve/9001f2853fb87cab8d220904e0de81ac6973b318/.huggingface.yaml "HTTP/1.1 307 Temporary Redirect"
2026-02-14 22:41:15 KST | INFO | HTTP Request: HEAD https://huggingface.co/datasets/qiaojin/PubMedQA/resolve/9001f2853fb87cab8d220904e0de81ac6973b318/.huggingface.yaml "HTTP/1.1 404 Not Found"
2026-02-14 22:41:15 KST | INFO | HTTP Request: GET https://datasets-server.huggingface.co/info?dataset=pubmed_qa "HTTP/1.1 404 Not Found"
2026-02-14 22:41:16 KST | INFO | HTTP Request: GET https://huggingface.co/api/datasets/pubmed_qa/tree/9001f2853fb87cab8d220904e0de81ac6973b318/pqa_artificial?recursive=true&expand=false "HTTP/1.1 307 Temporary Redirect"
2026-02-14 22:41:16 KST | INFO | HTTP Request: GET https://huggingface.co/api/datasets/qiaojin/PubMedQA/tree/9001f2853fb87cab8d220904e0de81ac6973b318/pqa_artificial?recursive=true&expand=false "HTTP/1.1 200 OK"
2026-02-14 22:41:16 KST | INFO | HTTP Request: GET https://huggingface.co/api/datasets/pubmed_qa/tree/9001f2853fb87cab8d220904e0de81ac6973b318?recursive=false&expand=false "HTTP/1.1 307 Temporary Redirect"
2026-02-14 22:41:16 KST | INFO | HTTP Request: GET https://huggingface.co/api/datasets/qiaojin/PubMedQA/tree/9001f2853fb87cab8d220904e0de81ac6973b318?recursive=false&expand=false "HTTP/1.1 200 OK"
2026-02-14 22:41:16 KST | INFO | HTTP Request: HEAD https://huggingface.co/datasets/pubmed_qa/resolve/9001f2853fb87cab8d220904e0de81ac6973b318/dataset_infos.json "HTTP/1.1 307 Temporary Redirect"
2026-02-14 22:41:17 KST | INFO | HTTP Request: HEAD https://huggingface.co/datasets/qiaojin/PubMedQA/resolve/9001f2853fb87cab8d220904e0de81ac6973b318/dataset_infos.json "HTTP/1.1 404 Not Found"
2026-02-14 22:41:17 KST | INFO | HTTP Request: GET https://huggingface.co/api/datasets/pubmed_qa/tree/9001f2853fb87cab8d220904e0de81ac6973b318/pqa_labeled?recursive=true&expand=false "HTTP/1.1 307 Temporary Redirect"
2026-02-14 22:41:17 KST | INFO | HTTP Request: GET https://huggingface.co/api/datasets/qiaojin/PubMedQA/tree/9001f2853fb87cab8d220904e0de81ac6973b318/pqa_labeled?recursive=true&expand=false "HTTP/1.1 200 OK"
2026-02-14 22:41:17 KST | INFO | Available splits: ['train']
2026-02-14 22:41:17 KST | INFO | ✓ Loaded from Hugging Face
2026-02-14 22:41:17 KST | INFO |   Total samples:   1,000
2026-02-14 22:41:17 KST | INFO |   Training:        700
2026-02-14 22:41:17 KST | INFO |   Test:            300
2026-02-14 22:41:17 KST | INFO | 
2026-02-14 22:41:17 KST | INFO | --------------------------------------------------------------------------------
2026-02-14 22:41:17 KST | INFO | DATASET PREPARATION
2026-02-14 22:41:17 KST | INFO | --------------------------------------------------------------------------------
2026-02-14 22:41:17 KST | INFO | Training samples:   700
2026-02-14 22:41:17 KST | INFO | Test samples:       300
2026-02-14 22:41:17 KST | INFO | 
2026-02-14 22:41:17 KST | INFO | Training batches:   88
2026-02-14 22:41:17 KST | INFO | Test batches:       38
2026-02-14 22:41:17 KST | INFO | 
2026-02-14 22:41:17 KST | INFO | --------------------------------------------------------------------------------
2026-02-14 22:41:17 KST | INFO | OPTIMIZER & SCHEDULER
2026-02-14 22:41:17 KST | INFO | --------------------------------------------------------------------------------
2026-02-14 22:41:17 KST | INFO | Optimizer:          AdamW (lr=0.000020)
2026-02-14 22:41:17 KST | INFO | Scheduler:          Linear warmup (500 steps / 8800 total)
2026-02-14 22:41:17 KST | INFO | Warmup steps:       500
2026-02-14 22:41:17 KST | INFO | Total steps:        8800
2026-02-14 22:41:17 KST | INFO | 
2026-02-14 22:41:17 KST | INFO | --------------------------------------------------------------------------------
2026-02-14 22:41:17 KST | INFO | TRAINING
2026-02-14 22:41:17 KST | INFO | --------------------------------------------------------------------------------
2026-02-14 22:41:17 KST | INFO | 
2026-02-14 22:41:17 KST | INFO | Epoch 1/100 | LR: 0.000000e+00
2026-02-14 22:42:36 KST | INFO |   Train Loss: 1.0584 | Test Loss: 0.9241 | Test Acc: 57.67%
2026-02-14 22:42:36 KST | INFO |   Per-class F1 scores:
2026-02-14 22:42:36 KST | INFO |     Yes   : 71.10%
2026-02-14 22:42:36 KST | INFO |     No    : 27.91%
2026-02-14 22:42:36 KST | INFO |     Maybe :  0.00%
2026-02-14 22:42:36 KST | INFO |   🏆 New best accuracy: 57.67%
2026-02-14 22:42:36 KST | INFO | 
2026-02-14 22:42:36 KST | INFO | Epoch 2/100 | LR: 3.520000e-06
2026-02-14 22:43:54 KST | INFO |   Train Loss: 0.6184 | Test Loss: 0.4851 | Test Acc: 77.67%
2026-02-14 22:43:54 KST | INFO |   Per-class F1 scores:
2026-02-14 22:43:54 KST | INFO |     Yes   : 82.55%
2026-02-14 22:43:54 KST | INFO |     No    : 74.74%
2026-02-14 22:43:54 KST | INFO |     Maybe : 53.06%
2026-02-14 22:43:54 KST | INFO |   🏆 New best accuracy: 77.67%
2026-02-14 22:43:54 KST | INFO | 
2026-02-14 22:43:54 KST | INFO | Epoch 3/100 | LR: 7.040000e-06
2026-02-14 22:45:12 KST | INFO |   Train Loss: 0.3618 | Test Loss: 0.6758 | Test Acc: 74.67%
2026-02-14 22:45:12 KST | INFO |   Per-class F1 scores:
2026-02-14 22:45:12 KST | INFO |     Yes   : 80.85%
2026-02-14 22:45:12 KST | INFO |     No    : 72.13%
2026-02-14 22:45:12 KST | INFO |     Maybe : 29.27%
2026-02-14 22:45:12 KST | INFO |   No improvement (1/10)
2026-02-14 22:45:12 KST | INFO | 
2026-02-14 22:45:12 KST | INFO | Epoch 4/100 | LR: 1.056000e-05
2026-02-14 22:46:30 KST | INFO |   Train Loss: 0.2095 | Test Loss: 0.6228 | Test Acc: 78.00%
2026-02-14 22:46:30 KST | INFO |   Per-class F1 scores:
2026-02-14 22:46:30 KST | INFO |     Yes   : 82.14%
2026-02-14 22:46:30 KST | INFO |     No    : 77.49%
2026-02-14 22:46:30 KST | INFO |     Maybe : 60.27%
2026-02-14 22:46:30 KST | INFO |   🏆 New best accuracy: 78.00%
2026-02-14 22:46:30 KST | INFO | 
2026-02-14 22:46:30 KST | INFO | Epoch 5/100 | LR: 1.408000e-05
2026-02-14 22:47:49 KST | INFO |   Train Loss: 0.0800 | Test Loss: 0.9304 | Test Acc: 77.67%
2026-02-14 22:47:49 KST | INFO |   Per-class F1 scores:
2026-02-14 22:47:49 KST | INFO |     Yes   : 83.38%
2026-02-14 22:47:49 KST | INFO |     No    : 77.00%
2026-02-14 22:47:49 KST | INFO |     Maybe : 35.56%
2026-02-14 22:47:49 KST | INFO |   No improvement (1/10)
2026-02-14 22:47:49 KST | INFO | 
2026-02-14 22:47:49 KST | INFO | Epoch 6/100 | LR: 1.760000e-05
2026-02-14 22:49:07 KST | INFO |   Train Loss: 0.0250 | Test Loss: 0.9847 | Test Acc: 79.00%
2026-02-14 22:49:07 KST | INFO |   Per-class F1 scores:
2026-02-14 22:49:07 KST | INFO |     Yes   : 83.91%
2026-02-14 22:49:07 KST | INFO |     No    : 77.49%
2026-02-14 22:49:07 KST | INFO |     Maybe : 55.74%
2026-02-14 22:49:07 KST | INFO |   🏆 New best accuracy: 79.00%
2026-02-14 22:49:07 KST | INFO | 
2026-02-14 22:49:07 KST | INFO | Epoch 7/100 | LR: 1.993253e-05
2026-02-14 22:50:25 KST | INFO |   Train Loss: 0.0040 | Test Loss: 0.9773 | Test Acc: 78.00%
2026-02-14 22:50:25 KST | INFO |   Per-class F1 scores:
2026-02-14 22:50:25 KST | INFO |     Yes   : 82.32%
2026-02-14 22:50:25 KST | INFO |     No    : 78.43%
2026-02-14 22:50:25 KST | INFO |     Maybe : 55.88%
2026-02-14 22:50:25 KST | INFO |   No improvement (1/10)
2026-02-14 22:50:25 KST | INFO | 
2026-02-14 22:50:25 KST | INFO | Epoch 8/100 | LR: 1.972048e-05
2026-02-14 22:51:44 KST | INFO |   Train Loss: 0.0024 | Test Loss: 1.1227 | Test Acc: 79.00%
2026-02-14 22:51:44 KST | INFO |   Per-class F1 scores:
2026-02-14 22:51:44 KST | INFO |     Yes   : 83.24%
2026-02-14 22:51:44 KST | INFO |     No    : 79.23%
2026-02-14 22:51:44 KST | INFO |     Maybe : 46.81%
2026-02-14 22:51:44 KST | INFO |   No improvement (2/10)
2026-02-14 22:51:44 KST | INFO | 
2026-02-14 22:51:44 KST | INFO | Epoch 9/100 | LR: 1.950843e-05
2026-02-14 22:53:02 KST | INFO |   Train Loss: 0.0013 | Test Loss: 1.3785 | Test Acc: 78.67%
2026-02-14 22:53:02 KST | INFO |   Per-class F1 scores:
2026-02-14 22:53:02 KST | INFO |     Yes   : 83.57%
2026-02-14 22:53:02 KST | INFO |     No    : 77.95%
2026-02-14 22:53:02 KST | INFO |     Maybe : 43.48%
2026-02-14 22:53:02 KST | INFO |   No improvement (3/10)
2026-02-14 22:53:02 KST | INFO | 
2026-02-14 22:53:02 KST | INFO | Epoch 10/100 | LR: 1.929639e-05
2026-02-14 22:54:20 KST | INFO |   Train Loss: 0.0004 | Test Loss: 1.2484 | Test Acc: 79.00%
2026-02-14 22:54:20 KST | INFO |   Per-class F1 scores:
2026-02-14 22:54:20 KST | INFO |     Yes   : 83.62%
2026-02-14 22:54:20 KST | INFO |     No    : 78.17%
2026-02-14 22:54:20 KST | INFO |     Maybe : 48.98%
2026-02-14 22:54:20 KST | INFO |   No improvement (4/10)
2026-02-14 22:54:20 KST | INFO | 
2026-02-14 22:54:20 KST | INFO | Epoch 11/100 | LR: 1.908434e-05
2026-02-14 22:55:38 KST | INFO |   Train Loss: 0.0000 | Test Loss: 1.2271 | Test Acc: 79.00%
2026-02-14 22:55:38 KST | INFO |   Per-class F1 scores:
2026-02-14 22:55:38 KST | INFO |     Yes   : 83.62%
2026-02-14 22:55:38 KST | INFO |     No    : 78.17%
2026-02-14 22:55:38 KST | INFO |     Maybe : 48.98%
2026-02-14 22:55:38 KST | INFO |   No improvement (5/10)
2026-02-14 22:55:38 KST | INFO | 
2026-02-14 22:55:38 KST | INFO | Epoch 12/100 | LR: 1.887229e-05
2026-02-14 22:56:57 KST | INFO |   Train Loss: 0.0000 | Test Loss: 1.2762 | Test Acc: 79.33%
2026-02-14 22:56:57 KST | INFO |   Per-class F1 scores:
2026-02-14 22:56:57 KST | INFO |     Yes   : 83.94%
2026-02-14 22:56:57 KST | INFO |     No    : 78.57%
2026-02-14 22:56:57 KST | INFO |     Maybe : 48.98%
2026-02-14 22:56:57 KST | INFO |   🏆 New best accuracy: 79.33%
2026-02-14 22:56:57 KST | INFO | 
2026-02-14 22:56:57 KST | INFO | Epoch 13/100 | LR: 1.866024e-05
2026-02-14 22:58:15 KST | INFO |   Train Loss: 0.0000 | Test Loss: 1.2214 | Test Acc: 79.33%
2026-02-14 22:58:15 KST | INFO |   Per-class F1 scores:
2026-02-14 22:58:15 KST | INFO |     Yes   : 83.85%
2026-02-14 22:58:15 KST | INFO |     No    : 78.17%
2026-02-14 22:58:15 KST | INFO |     Maybe : 52.00%
2026-02-14 22:58:15 KST | INFO |   No improvement (1/10)
2026-02-14 22:58:15 KST | INFO | 
2026-02-14 22:58:15 KST | INFO | Epoch 14/100 | LR: 1.844819e-05
2026-02-14 22:59:33 KST | INFO |   Train Loss: 0.0000 | Test Loss: 1.2721 | Test Acc: 79.33%
2026-02-14 22:59:33 KST | INFO |   Per-class F1 scores:
2026-02-14 22:59:33 KST | INFO |     Yes   : 83.94%
2026-02-14 22:59:33 KST | INFO |     No    : 78.57%
2026-02-14 22:59:33 KST | INFO |     Maybe : 48.98%
2026-02-14 22:59:33 KST | INFO |   No improvement (2/10)
2026-02-14 22:59:33 KST | INFO | 
2026-02-14 22:59:33 KST | INFO | Epoch 15/100 | LR: 1.823614e-05
2026-02-14 23:00:51 KST | INFO |   Train Loss: 0.0000 | Test Loss: 1.2952 | Test Acc: 79.33%
2026-02-14 23:00:51 KST | INFO |   Per-class F1 scores:
2026-02-14 23:00:51 KST | INFO |     Yes   : 83.94%
2026-02-14 23:00:51 KST | INFO |     No    : 78.57%
2026-02-14 23:00:51 KST | INFO |     Maybe : 48.98%
2026-02-14 23:00:51 KST | INFO |   No improvement (3/10)
2026-02-14 23:00:51 KST | INFO | 
2026-02-14 23:00:51 KST | INFO | Epoch 16/100 | LR: 1.802410e-05
2026-02-14 23:02:10 KST | INFO |   Train Loss: 0.0000 | Test Loss: 1.3114 | Test Acc: 79.33%
2026-02-14 23:02:10 KST | INFO |   Per-class F1 scores:
2026-02-14 23:02:10 KST | INFO |     Yes   : 83.94%
2026-02-14 23:02:10 KST | INFO |     No    : 78.57%
2026-02-14 23:02:10 KST | INFO |     Maybe : 48.98%
2026-02-14 23:02:10 KST | INFO |   No improvement (4/10)
2026-02-14 23:02:10 KST | INFO | 
2026-02-14 23:02:10 KST | INFO | Epoch 17/100 | LR: 1.781205e-05
2026-02-14 23:03:28 KST | INFO |   Train Loss: 0.0000 | Test Loss: 1.3248 | Test Acc: 79.33%
2026-02-14 23:03:28 KST | INFO |   Per-class F1 scores:
2026-02-14 23:03:28 KST | INFO |     Yes   : 83.94%
2026-02-14 23:03:28 KST | INFO |     No    : 78.57%
2026-02-14 23:03:28 KST | INFO |     Maybe : 48.98%
2026-02-14 23:03:28 KST | INFO |   No improvement (5/10)
2026-02-14 23:03:28 KST | INFO | 
2026-02-14 23:03:28 KST | INFO | Epoch 18/100 | LR: 1.760000e-05
2026-02-14 23:04:46 KST | INFO |   Train Loss: 0.0000 | Test Loss: 1.3359 | Test Acc: 79.33%
2026-02-14 23:04:46 KST | INFO |   Per-class F1 scores:
2026-02-14 23:04:46 KST | INFO |     Yes   : 83.94%
2026-02-14 23:04:46 KST | INFO |     No    : 78.57%
2026-02-14 23:04:46 KST | INFO |     Maybe : 48.98%
2026-02-14 23:04:46 KST | INFO |   No improvement (6/10)
2026-02-14 23:04:46 KST | INFO | 
2026-02-14 23:04:46 KST | INFO | Epoch 19/100 | LR: 1.738795e-05
2026-02-14 23:06:04 KST | INFO |   Train Loss: 0.0000 | Test Loss: 1.3337 | Test Acc: 79.67%
2026-02-14 23:06:04 KST | INFO |   Per-class F1 scores:
2026-02-14 23:06:04 KST | INFO |     Yes   : 84.18%
2026-02-14 23:06:04 KST | INFO |     No    : 78.57%
2026-02-14 23:06:04 KST | INFO |     Maybe : 52.00%
2026-02-14 23:06:04 KST | INFO |   🏆 New best accuracy: 79.67%
2026-02-14 23:06:04 KST | INFO | 
2026-02-14 23:06:04 KST | INFO | Epoch 20/100 | LR: 1.717590e-05
2026-02-14 23:07:22 KST | INFO |   Train Loss: 0.0000 | Test Loss: 1.3408 | Test Acc: 79.67%
2026-02-14 23:07:22 KST | INFO |   Per-class F1 scores:
2026-02-14 23:07:22 KST | INFO |     Yes   : 84.18%
2026-02-14 23:07:22 KST | INFO |     No    : 78.57%
2026-02-14 23:07:22 KST | INFO |     Maybe : 52.00%
2026-02-14 23:07:22 KST | INFO |   No improvement (1/10)
2026-02-14 23:07:22 KST | INFO | 
2026-02-14 23:07:22 KST | INFO | Epoch 21/100 | LR: 1.696386e-05
2026-02-14 23:08:41 KST | INFO |   Train Loss: 0.0000 | Test Loss: 1.3545 | Test Acc: 79.67%
2026-02-14 23:08:41 KST | INFO |   Per-class F1 scores:
2026-02-14 23:08:41 KST | INFO |     Yes   : 84.18%
2026-02-14 23:08:41 KST | INFO |     No    : 78.57%
2026-02-14 23:08:41 KST | INFO |     Maybe : 52.00%
2026-02-14 23:08:41 KST | INFO |   No improvement (2/10)
2026-02-14 23:08:41 KST | INFO | 
2026-02-14 23:08:41 KST | INFO | Epoch 22/100 | LR: 1.675181e-05
2026-02-14 23:09:59 KST | INFO |   Train Loss: 0.0000 | Test Loss: 1.3688 | Test Acc: 79.67%
2026-02-14 23:09:59 KST | INFO |   Per-class F1 scores:
2026-02-14 23:09:59 KST | INFO |     Yes   : 84.18%
2026-02-14 23:09:59 KST | INFO |     No    : 78.57%
2026-02-14 23:09:59 KST | INFO |     Maybe : 52.00%
2026-02-14 23:09:59 KST | INFO |   No improvement (3/10)
2026-02-14 23:09:59 KST | INFO | 
2026-02-14 23:09:59 KST | INFO | Epoch 23/100 | LR: 1.653976e-05
2026-02-14 23:11:17 KST | INFO |   Train Loss: 0.0000 | Test Loss: 1.3609 | Test Acc: 79.67%
2026-02-14 23:11:17 KST | INFO |   Per-class F1 scores:
2026-02-14 23:11:17 KST | INFO |     Yes   : 84.18%
2026-02-14 23:11:17 KST | INFO |     No    : 78.57%
2026-02-14 23:11:17 KST | INFO |     Maybe : 52.00%
2026-02-14 23:11:17 KST | INFO |   No improvement (4/10)
2026-02-14 23:11:17 KST | INFO | 
2026-02-14 23:11:17 KST | INFO | Epoch 24/100 | LR: 1.632771e-05
2026-02-14 23:12:35 KST | INFO |   Train Loss: 0.0000 | Test Loss: 1.3763 | Test Acc: 79.67%
2026-02-14 23:12:35 KST | INFO |   Per-class F1 scores:
2026-02-14 23:12:35 KST | INFO |     Yes   : 84.18%
2026-02-14 23:12:35 KST | INFO |     No    : 78.57%
2026-02-14 23:12:35 KST | INFO |     Maybe : 52.00%
2026-02-14 23:12:35 KST | INFO |   No improvement (5/10)
2026-02-14 23:12:35 KST | INFO | 
2026-02-14 23:12:35 KST | INFO | Epoch 25/100 | LR: 1.611566e-05
2026-02-14 23:13:54 KST | INFO |   Train Loss: 0.0000 | Test Loss: 1.3890 | Test Acc: 79.67%
2026-02-14 23:13:54 KST | INFO |   Per-class F1 scores:
2026-02-14 23:13:54 KST | INFO |     Yes   : 84.18%
2026-02-14 23:13:54 KST | INFO |     No    : 78.57%
2026-02-14 23:13:54 KST | INFO |     Maybe : 52.00%
2026-02-14 23:13:54 KST | INFO |   No improvement (6/10)
2026-02-14 23:13:54 KST | INFO | 
2026-02-14 23:13:54 KST | INFO | Epoch 26/100 | LR: 1.590361e-05
2026-02-14 23:15:12 KST | INFO |   Train Loss: 0.0000 | Test Loss: 1.3890 | Test Acc: 79.67%
2026-02-14 23:15:12 KST | INFO |   Per-class F1 scores:
2026-02-14 23:15:12 KST | INFO |     Yes   : 84.18%
2026-02-14 23:15:12 KST | INFO |     No    : 78.57%
2026-02-14 23:15:12 KST | INFO |     Maybe : 52.00%
2026-02-14 23:15:12 KST | INFO |   No improvement (7/10)
2026-02-14 23:15:12 KST | INFO | 
2026-02-14 23:15:12 KST | INFO | Epoch 27/100 | LR: 1.569157e-05
2026-02-14 23:16:30 KST | INFO |   Train Loss: 0.0000 | Test Loss: 1.4179 | Test Acc: 79.67%
2026-02-14 23:16:30 KST | INFO |   Per-class F1 scores:
2026-02-14 23:16:30 KST | INFO |     Yes   : 84.18%
2026-02-14 23:16:30 KST | INFO |     No    : 78.57%
2026-02-14 23:16:30 KST | INFO |     Maybe : 52.00%
2026-02-14 23:16:30 KST | INFO |   No improvement (8/10)
2026-02-14 23:16:30 KST | INFO | 
2026-02-14 23:16:30 KST | INFO | Epoch 28/100 | LR: 1.547952e-05
2026-02-14 23:17:48 KST | INFO |   Train Loss: 0.0000 | Test Loss: 1.4346 | Test Acc: 79.33%
2026-02-14 23:17:48 KST | INFO |   Per-class F1 scores:
2026-02-14 23:17:48 KST | INFO |     Yes   : 83.94%
2026-02-14 23:17:48 KST | INFO |     No    : 78.57%
2026-02-14 23:17:48 KST | INFO |     Maybe : 48.98%
2026-02-14 23:17:48 KST | INFO |   No improvement (9/10)
2026-02-14 23:17:48 KST | INFO | 
2026-02-14 23:17:48 KST | INFO | Epoch 29/100 | LR: 1.526747e-05
2026-02-14 23:19:06 KST | INFO |   Train Loss: 0.0000 | Test Loss: 1.4228 | Test Acc: 79.67%
2026-02-14 23:19:06 KST | INFO |   Per-class F1 scores:
2026-02-14 23:19:06 KST | INFO |     Yes   : 84.18%
2026-02-14 23:19:06 KST | INFO |     No    : 78.57%
2026-02-14 23:19:06 KST | INFO |     Maybe : 52.00%
2026-02-14 23:19:06 KST | INFO |   No improvement (10/10)
2026-02-14 23:19:06 KST | INFO | 
2026-02-14 23:19:06 KST | INFO | Early stopping after 10 epochs without improvement
2026-02-14 23:19:06 KST | INFO | 
2026-02-14 23:19:06 KST | INFO | ================================================================================
2026-02-14 23:19:06 KST | INFO | TRAINING COMPLETE
2026-02-14 23:19:06 KST | INFO | ================================================================================
2026-02-14 23:19:06 KST | INFO | Best accuracy:  79.67% (Epoch 19)
2026-02-14 23:19:06 KST | INFO | Final accuracy: 79.67%
2026-02-14 23:19:06 KST | INFO | ================================================================================
2026-02-14 23:19:06 KST | INFO | 
2026-02-14 23:19:06 KST | INFO | Best test accuracy: 79.67%
2026-02-14 23:19:06 KST | INFO | 
2026-02-14 23:19:06 KST | INFO | Full log: logs/centralized_biogpt_lora_20260214_224106.log
2026-02-14 23:19:06 KST | INFO | ================================================================================
