2026-02-14 23:19:36 KST | INFO | ================================================================================
2026-02-14 23:19:36 KST | INFO | BioGPT Fine-tuning on PubMedQA
2026-02-14 23:19:36 KST | INFO | ================================================================================
2026-02-14 23:19:36 KST | INFO | Log file: logs/centralized_biogpt_lora_20260214_231936.log
2026-02-14 23:19:36 KST | INFO | 
2026-02-14 23:19:36 KST | INFO | Device: cuda
2026-02-14 23:19:36 KST | INFO | 
2026-02-14 23:19:36 KST | INFO | --------------------------------------------------------------------------------
2026-02-14 23:19:36 KST | INFO | CONFIGURATION
2026-02-14 23:19:36 KST | INFO | --------------------------------------------------------------------------------
2026-02-14 23:19:36 KST | INFO | Model:              BioGPT (microsoft/biogpt)
2026-02-14 23:19:36 KST | INFO | Training mode:      LoRA
2026-02-14 23:19:36 KST | INFO | Epochs:             100
2026-02-14 23:19:36 KST | INFO | Patience:           10
2026-02-14 23:19:36 KST | INFO | Batch size:         8
2026-02-14 23:19:36 KST | INFO | Learning rate:      0.000020
2026-02-14 23:19:36 KST | INFO | Max length:         512
2026-02-14 23:19:36 KST | INFO | Gradient clip:      1.0
2026-02-14 23:19:36 KST | INFO | LoRA rank:          8
2026-02-14 23:19:36 KST | INFO | LoRA alpha:         16
2026-02-14 23:19:36 KST | INFO | LoRA dropout:       0.1
2026-02-14 23:19:36 KST | INFO | LoRA targets:       q_proj, v_proj
2026-02-14 23:19:36 KST | INFO | 
2026-02-14 23:19:36 KST | INFO | --------------------------------------------------------------------------------
2026-02-14 23:19:36 KST | INFO | MODEL LOADING
2026-02-14 23:19:36 KST | INFO | --------------------------------------------------------------------------------
2026-02-14 23:19:37 KST | INFO | HTTP Request: HEAD https://huggingface.co/microsoft/biogpt/resolve/main/tokenizer_config.json "HTTP/1.1 404 Not Found"
2026-02-14 23:19:37 KST | INFO | HTTP Request: GET https://huggingface.co/api/models/microsoft/biogpt/tree/main/additional_chat_templates?recursive=false&expand=false "HTTP/1.1 404 Not Found"
2026-02-14 23:19:37 KST | INFO | HTTP Request: GET https://huggingface.co/api/models/microsoft/biogpt/tree/main?recursive=true&expand=false "HTTP/1.1 200 OK"
2026-02-14 23:19:37 KST | INFO | HTTP Request: HEAD https://huggingface.co/microsoft/biogpt/resolve/main/vocab.json "HTTP/1.1 307 Temporary Redirect"
2026-02-14 23:19:37 KST | INFO | HTTP Request: HEAD https://huggingface.co/api/resolve-cache/models/microsoft/biogpt/eb0d815e95434dc9e3b78f464e52b899bee7d923/vocab.json "HTTP/1.1 200 OK"
2026-02-14 23:19:38 KST | INFO | Loading microsoft/biogpt …
2026-02-14 23:19:38 KST | INFO | HTTP Request: HEAD https://huggingface.co/microsoft/biogpt/resolve/main/config.json "HTTP/1.1 307 Temporary Redirect"
2026-02-14 23:19:38 KST | INFO | HTTP Request: HEAD https://huggingface.co/api/resolve-cache/models/microsoft/biogpt/eb0d815e95434dc9e3b78f464e52b899bee7d923/config.json "HTTP/1.1 200 OK"
2026-02-14 23:19:38 KST | INFO | HTTP Request: HEAD https://huggingface.co/microsoft/biogpt/resolve/main/config.json "HTTP/1.1 307 Temporary Redirect"
2026-02-14 23:19:38 KST | INFO | HTTP Request: HEAD https://huggingface.co/api/resolve-cache/models/microsoft/biogpt/eb0d815e95434dc9e3b78f464e52b899bee7d923/config.json "HTTP/1.1 200 OK"
2026-02-14 23:19:39 KST | INFO | HTTP Request: HEAD https://huggingface.co/microsoft/biogpt/resolve/main/model.safetensors "HTTP/1.1 404 Not Found"
2026-02-14 23:19:39 KST | INFO | HTTP Request: HEAD https://huggingface.co/microsoft/biogpt/resolve/main/model.safetensors.index.json "HTTP/1.1 404 Not Found"
2026-02-14 23:19:39 KST | INFO | HTTP Request: HEAD https://huggingface.co/microsoft/biogpt/resolve/main/pytorch_model.bin "HTTP/1.1 302 Found"
2026-02-14 23:19:39 KST | INFO | HTTP Request: HEAD https://huggingface.co/microsoft/biogpt/resolve/main/model.safetensors "HTTP/1.1 404 Not Found"
2026-02-14 23:19:39 KST | INFO | HTTP Request: GET https://huggingface.co/api/models/microsoft/biogpt "HTTP/1.1 200 OK"
2026-02-14 23:19:40 KST | INFO | HTTP Request: GET https://huggingface.co/api/models/microsoft/biogpt/commits/main "HTTP/1.1 200 OK"
2026-02-14 23:19:40 KST | INFO | HTTP Request: GET https://huggingface.co/api/models/microsoft/biogpt/discussions?p=0 "HTTP/1.1 200 OK"
2026-02-14 23:19:40 KST | INFO | HTTP Request: GET https://huggingface.co/api/models/microsoft/biogpt/commits/refs%2Fpr%2F17 "HTTP/1.1 200 OK"
2026-02-14 23:19:40 KST | INFO | HTTP Request: HEAD https://huggingface.co/microsoft/biogpt/resolve/refs%2Fpr%2F17/model.safetensors.index.json "HTTP/1.1 404 Not Found"
2026-02-14 23:19:41 KST | INFO | HTTP Request: HEAD https://huggingface.co/microsoft/biogpt/resolve/refs%2Fpr%2F17/model.safetensors "HTTP/1.1 302 Found"
2026-02-14 23:19:41 KST | INFO | HTTP Request: HEAD https://huggingface.co/microsoft/biogpt/resolve/main/generation_config.json "HTTP/1.1 404 Not Found"
2026-02-14 23:19:41 KST | INFO | HTTP Request: HEAD https://huggingface.co/microsoft/biogpt/resolve/main/config.json "HTTP/1.1 307 Temporary Redirect"
2026-02-14 23:19:41 KST | INFO | HTTP Request: HEAD https://huggingface.co/api/resolve-cache/models/microsoft/biogpt/eb0d815e95434dc9e3b78f464e52b899bee7d923/config.json "HTTP/1.1 200 OK"
2026-02-14 23:19:41 KST | INFO | LoRA applied to all 6 layers: trainable 346,766,339 / 346,766,339 (100.00%)
2026-02-14 23:19:42 KST | INFO | ✓ BioGPTClassifier ready on cuda
2026-02-14 23:19:42 KST | INFO | 
2026-02-14 23:19:42 KST | INFO | --------------------------------------------------------------------------------
2026-02-14 23:19:42 KST | INFO | DATA LOADING
2026-02-14 23:19:42 KST | INFO | --------------------------------------------------------------------------------
2026-02-14 23:19:43 KST | INFO | Attempting to load from Hugging Face...
2026-02-14 23:19:43 KST | INFO | HTTP Request: HEAD https://huggingface.co/datasets/pubmed_qa/resolve/main/README.md "HTTP/1.1 307 Temporary Redirect"
2026-02-14 23:19:43 KST | INFO | HTTP Request: HEAD https://huggingface.co/datasets/qiaojin/PubMedQA/resolve/main/README.md "HTTP/1.1 307 Temporary Redirect"
2026-02-14 23:19:43 KST | INFO | HTTP Request: HEAD https://huggingface.co/api/resolve-cache/datasets/qiaojin/PubMedQA/9001f2853fb87cab8d220904e0de81ac6973b318/README.md "HTTP/1.1 200 OK"
2026-02-14 23:19:43 KST | INFO | HTTP Request: HEAD https://huggingface.co/datasets/pubmed_qa/resolve/9001f2853fb87cab8d220904e0de81ac6973b318/pubmed_qa.py "HTTP/1.1 307 Temporary Redirect"
2026-02-14 23:19:43 KST | INFO | HTTP Request: HEAD https://huggingface.co/datasets/qiaojin/PubMedQA/resolve/9001f2853fb87cab8d220904e0de81ac6973b318/pubmed_qa.py "HTTP/1.1 404 Not Found"
2026-02-14 23:19:44 KST | INFO | HTTP Request: HEAD https://s3.amazonaws.com/datasets.huggingface.co/datasets/datasets/pubmed_qa/pubmed_qa.py "HTTP/1.1 404 Not Found"
2026-02-14 23:19:44 KST | INFO | HTTP Request: GET https://huggingface.co/api/datasets/pubmed_qa/revision/9001f2853fb87cab8d220904e0de81ac6973b318 "HTTP/1.1 307 Temporary Redirect"
2026-02-14 23:19:45 KST | INFO | HTTP Request: GET https://huggingface.co/api/datasets/qiaojin/PubMedQA/revision/9001f2853fb87cab8d220904e0de81ac6973b318 "HTTP/1.1 200 OK"
2026-02-14 23:19:45 KST | INFO | HTTP Request: HEAD https://huggingface.co/datasets/pubmed_qa/resolve/9001f2853fb87cab8d220904e0de81ac6973b318/.huggingface.yaml "HTTP/1.1 307 Temporary Redirect"
2026-02-14 23:19:45 KST | INFO | HTTP Request: HEAD https://huggingface.co/datasets/qiaojin/PubMedQA/resolve/9001f2853fb87cab8d220904e0de81ac6973b318/.huggingface.yaml "HTTP/1.1 404 Not Found"
2026-02-14 23:19:45 KST | INFO | HTTP Request: GET https://datasets-server.huggingface.co/info?dataset=pubmed_qa "HTTP/1.1 404 Not Found"
2026-02-14 23:19:45 KST | INFO | HTTP Request: GET https://huggingface.co/api/datasets/pubmed_qa/tree/9001f2853fb87cab8d220904e0de81ac6973b318/pqa_artificial?recursive=true&expand=false "HTTP/1.1 307 Temporary Redirect"
2026-02-14 23:19:46 KST | INFO | HTTP Request: GET https://huggingface.co/api/datasets/qiaojin/PubMedQA/tree/9001f2853fb87cab8d220904e0de81ac6973b318/pqa_artificial?recursive=true&expand=false "HTTP/1.1 200 OK"
2026-02-14 23:19:46 KST | INFO | HTTP Request: GET https://huggingface.co/api/datasets/pubmed_qa/tree/9001f2853fb87cab8d220904e0de81ac6973b318?recursive=false&expand=false "HTTP/1.1 307 Temporary Redirect"
2026-02-14 23:19:46 KST | INFO | HTTP Request: GET https://huggingface.co/api/datasets/qiaojin/PubMedQA/tree/9001f2853fb87cab8d220904e0de81ac6973b318?recursive=false&expand=false "HTTP/1.1 200 OK"
2026-02-14 23:19:46 KST | INFO | HTTP Request: HEAD https://huggingface.co/datasets/pubmed_qa/resolve/9001f2853fb87cab8d220904e0de81ac6973b318/dataset_infos.json "HTTP/1.1 307 Temporary Redirect"
2026-02-14 23:19:46 KST | INFO | HTTP Request: HEAD https://huggingface.co/datasets/qiaojin/PubMedQA/resolve/9001f2853fb87cab8d220904e0de81ac6973b318/dataset_infos.json "HTTP/1.1 404 Not Found"
2026-02-14 23:19:47 KST | INFO | HTTP Request: GET https://huggingface.co/api/datasets/pubmed_qa/tree/9001f2853fb87cab8d220904e0de81ac6973b318/pqa_labeled?recursive=true&expand=false "HTTP/1.1 307 Temporary Redirect"
2026-02-14 23:19:47 KST | INFO | HTTP Request: GET https://huggingface.co/api/datasets/qiaojin/PubMedQA/tree/9001f2853fb87cab8d220904e0de81ac6973b318/pqa_labeled?recursive=true&expand=false "HTTP/1.1 200 OK"
2026-02-14 23:19:47 KST | INFO | Available splits: ['train']
2026-02-14 23:19:47 KST | INFO | ✓ Loaded from Hugging Face
2026-02-14 23:19:47 KST | INFO |   Total samples:   1,000
2026-02-14 23:19:47 KST | INFO |   Training:        700
2026-02-14 23:19:47 KST | INFO |   Test:            300
2026-02-14 23:19:47 KST | INFO | 
2026-02-14 23:19:47 KST | INFO | --------------------------------------------------------------------------------
2026-02-14 23:19:47 KST | INFO | DATASET PREPARATION
2026-02-14 23:19:47 KST | INFO | --------------------------------------------------------------------------------
2026-02-14 23:19:47 KST | INFO | Training samples:   700
2026-02-14 23:19:47 KST | INFO | Test samples:       300
2026-02-14 23:19:47 KST | INFO | 
2026-02-14 23:19:47 KST | INFO | Training batches:   88
2026-02-14 23:19:47 KST | INFO | Test batches:       38
2026-02-14 23:19:47 KST | INFO | 
2026-02-14 23:19:47 KST | INFO | --------------------------------------------------------------------------------
2026-02-14 23:19:47 KST | INFO | OPTIMIZER & SCHEDULER
2026-02-14 23:19:47 KST | INFO | --------------------------------------------------------------------------------
2026-02-14 23:19:47 KST | INFO | Optimizer:          AdamW (lr=0.000020)
2026-02-14 23:19:47 KST | INFO | Scheduler:          Linear warmup (500 steps / 8800 total)
2026-02-14 23:19:47 KST | INFO | Warmup steps:       500
2026-02-14 23:19:47 KST | INFO | Total steps:        8800
2026-02-14 23:19:47 KST | INFO | 
2026-02-14 23:19:47 KST | INFO | --------------------------------------------------------------------------------
2026-02-14 23:19:47 KST | INFO | TRAINING
2026-02-14 23:19:47 KST | INFO | --------------------------------------------------------------------------------
2026-02-14 23:19:47 KST | INFO | 
2026-02-14 23:19:47 KST | INFO | Epoch 1/100 | LR: 0.000000e+00
2026-02-14 23:21:05 KST | INFO |   Train Loss: 1.0187 | Test Loss: 0.9149 | Test Acc: 60.67%
2026-02-14 23:21:05 KST | INFO |   Per-class F1 scores:
2026-02-14 23:21:05 KST | INFO |     Yes   : 71.72%
2026-02-14 23:21:05 KST | INFO |     No    : 47.34%
2026-02-14 23:21:05 KST | INFO |     Maybe :  0.00%
2026-02-14 23:21:05 KST | INFO |   🏆 New best accuracy: 60.67%
2026-02-14 23:21:05 KST | INFO | 
2026-02-14 23:21:05 KST | INFO | Epoch 2/100 | LR: 3.520000e-06
2026-02-14 23:22:23 KST | INFO |   Train Loss: 0.6076 | Test Loss: 0.4747 | Test Acc: 79.67%
2026-02-14 23:22:23 KST | INFO |   Per-class F1 scores:
2026-02-14 23:22:23 KST | INFO |     Yes   : 83.63%
2026-02-14 23:22:23 KST | INFO |     No    : 77.39%
2026-02-14 23:22:23 KST | INFO |     Maybe : 64.41%
2026-02-14 23:22:23 KST | INFO |   🏆 New best accuracy: 79.67%
2026-02-14 23:22:23 KST | INFO | 
2026-02-14 23:22:23 KST | INFO | Epoch 3/100 | LR: 7.040000e-06
2026-02-14 23:23:41 KST | INFO |   Train Loss: 0.3393 | Test Loss: 0.5514 | Test Acc: 76.33%
2026-02-14 23:23:41 KST | INFO |   Per-class F1 scores:
2026-02-14 23:23:41 KST | INFO |     Yes   : 81.52%
2026-02-14 23:23:41 KST | INFO |     No    : 73.91%
2026-02-14 23:23:41 KST | INFO |     Maybe : 45.83%
2026-02-14 23:23:41 KST | INFO |   No improvement (1/10)
2026-02-14 23:23:41 KST | INFO | 
2026-02-14 23:23:41 KST | INFO | Epoch 4/100 | LR: 1.056000e-05
2026-02-14 23:25:00 KST | INFO |   Train Loss: 0.2549 | Test Loss: 0.4804 | Test Acc: 78.33%
2026-02-14 23:25:00 KST | INFO |   Per-class F1 scores:
2026-02-14 23:25:00 KST | INFO |     Yes   : 82.46%
2026-02-14 23:25:00 KST | INFO |     No    : 77.98%
2026-02-14 23:25:00 KST | INFO |     Maybe : 56.14%
2026-02-14 23:25:00 KST | INFO |   No improvement (2/10)
2026-02-14 23:25:00 KST | INFO | 
2026-02-14 23:25:00 KST | INFO | Epoch 5/100 | LR: 1.408000e-05
2026-02-14 23:26:18 KST | INFO |   Train Loss: 0.1075 | Test Loss: 0.7004 | Test Acc: 79.00%
2026-02-14 23:26:18 KST | INFO |   Per-class F1 scores:
2026-02-14 23:26:18 KST | INFO |     Yes   : 84.50%
2026-02-14 23:26:18 KST | INFO |     No    : 80.36%
2026-02-14 23:26:18 KST | INFO |     Maybe : 34.04%
2026-02-14 23:26:18 KST | INFO |   No improvement (3/10)
2026-02-14 23:26:18 KST | INFO | 
2026-02-14 23:26:18 KST | INFO | Epoch 6/100 | LR: 1.760000e-05
2026-02-14 23:27:36 KST | INFO |   Train Loss: 0.0503 | Test Loss: 1.1618 | Test Acc: 77.00%
2026-02-14 23:27:36 KST | INFO |   Per-class F1 scores:
2026-02-14 23:27:36 KST | INFO |     Yes   : 81.97%
2026-02-14 23:27:36 KST | INFO |     No    : 76.44%
2026-02-14 23:27:36 KST | INFO |     Maybe : 37.21%
2026-02-14 23:27:36 KST | INFO |   No improvement (4/10)
2026-02-14 23:27:36 KST | INFO | 
2026-02-14 23:27:36 KST | INFO | Epoch 7/100 | LR: 1.993253e-05
2026-02-14 23:28:54 KST | INFO |   Train Loss: 0.0187 | Test Loss: 0.6422 | Test Acc: 81.67%
2026-02-14 23:28:54 KST | INFO |   Per-class F1 scores:
2026-02-14 23:28:54 KST | INFO |     Yes   : 86.25%
2026-02-14 23:28:54 KST | INFO |     No    : 80.18%
2026-02-14 23:28:54 KST | INFO |     Maybe : 63.49%
2026-02-14 23:28:54 KST | INFO |   🏆 New best accuracy: 81.67%
2026-02-14 23:28:54 KST | INFO | 
2026-02-14 23:28:54 KST | INFO | Epoch 8/100 | LR: 1.972048e-05
2026-02-14 23:30:13 KST | INFO |   Train Loss: 0.0016 | Test Loss: 1.0107 | Test Acc: 78.33%
2026-02-14 23:30:13 KST | INFO |   Per-class F1 scores:
2026-02-14 23:30:13 KST | INFO |     Yes   : 83.48%
2026-02-14 23:30:13 KST | INFO |     No    : 77.14%
2026-02-14 23:30:13 KST | INFO |     Maybe : 44.44%
2026-02-14 23:30:13 KST | INFO |   No improvement (1/10)
2026-02-14 23:30:13 KST | INFO | 
2026-02-14 23:30:13 KST | INFO | Epoch 9/100 | LR: 1.950843e-05
2026-02-14 23:31:31 KST | INFO |   Train Loss: 0.0001 | Test Loss: 1.0115 | Test Acc: 78.33%
2026-02-14 23:31:31 KST | INFO |   Per-class F1 scores:
2026-02-14 23:31:31 KST | INFO |     Yes   : 83.38%
2026-02-14 23:31:31 KST | INFO |     No    : 77.51%
2026-02-14 23:31:31 KST | INFO |     Maybe : 45.83%
2026-02-14 23:31:31 KST | INFO |   No improvement (2/10)
2026-02-14 23:31:31 KST | INFO | 
2026-02-14 23:31:31 KST | INFO | Epoch 10/100 | LR: 1.929639e-05
2026-02-14 23:32:49 KST | INFO |   Train Loss: 0.0001 | Test Loss: 1.0566 | Test Acc: 78.33%
2026-02-14 23:32:49 KST | INFO |   Per-class F1 scores:
2026-02-14 23:32:49 KST | INFO |     Yes   : 83.62%
2026-02-14 23:32:49 KST | INFO |     No    : 76.77%
2026-02-14 23:32:49 KST | INFO |     Maybe : 45.83%
2026-02-14 23:32:49 KST | INFO |   No improvement (3/10)
2026-02-14 23:32:49 KST | INFO | 
2026-02-14 23:32:49 KST | INFO | Epoch 11/100 | LR: 1.908434e-05
2026-02-14 23:34:08 KST | INFO |   Train Loss: 0.0000 | Test Loss: 1.1746 | Test Acc: 77.33%
2026-02-14 23:34:08 KST | INFO |   Per-class F1 scores:
2026-02-14 23:34:08 KST | INFO |     Yes   : 82.91%
2026-02-14 23:34:08 KST | INFO |     No    : 76.14%
2026-02-14 23:34:08 KST | INFO |     Maybe : 39.13%
2026-02-14 23:34:08 KST | INFO |   No improvement (4/10)
2026-02-14 23:34:08 KST | INFO | 
2026-02-14 23:34:08 KST | INFO | Epoch 12/100 | LR: 1.887229e-05
2026-02-14 23:35:26 KST | INFO |   Train Loss: 0.0000 | Test Loss: 1.1774 | Test Acc: 78.33%
2026-02-14 23:35:26 KST | INFO |   Per-class F1 scores:
2026-02-14 23:35:26 KST | INFO |     Yes   : 83.62%
2026-02-14 23:35:26 KST | INFO |     No    : 77.39%
2026-02-14 23:35:26 KST | INFO |     Maybe : 42.55%
2026-02-14 23:35:26 KST | INFO |   No improvement (5/10)
2026-02-14 23:35:26 KST | INFO | 
2026-02-14 23:35:26 KST | INFO | Epoch 13/100 | LR: 1.866024e-05
2026-02-14 23:36:44 KST | INFO |   Train Loss: 0.0000 | Test Loss: 1.1888 | Test Acc: 78.33%
2026-02-14 23:36:44 KST | INFO |   Per-class F1 scores:
2026-02-14 23:36:44 KST | INFO |     Yes   : 83.62%
2026-02-14 23:36:44 KST | INFO |     No    : 77.39%
2026-02-14 23:36:44 KST | INFO |     Maybe : 42.55%
2026-02-14 23:36:44 KST | INFO |   No improvement (6/10)
2026-02-14 23:36:44 KST | INFO | 
2026-02-14 23:36:44 KST | INFO | Epoch 14/100 | LR: 1.844819e-05
2026-02-14 23:38:02 KST | INFO |   Train Loss: 0.0000 | Test Loss: 1.2380 | Test Acc: 77.67%
2026-02-14 23:38:02 KST | INFO |   Per-class F1 scores:
2026-02-14 23:38:02 KST | INFO |     Yes   : 83.15%
2026-02-14 23:38:02 KST | INFO |     No    : 76.77%
2026-02-14 23:38:02 KST | INFO |     Maybe : 39.13%
2026-02-14 23:38:02 KST | INFO |   No improvement (7/10)
2026-02-14 23:38:02 KST | INFO | 
2026-02-14 23:38:02 KST | INFO | Epoch 15/100 | LR: 1.823614e-05
2026-02-14 23:39:21 KST | INFO |   Train Loss: 0.0000 | Test Loss: 1.2378 | Test Acc: 78.33%
2026-02-14 23:39:21 KST | INFO |   Per-class F1 scores:
2026-02-14 23:39:21 KST | INFO |     Yes   : 83.62%
2026-02-14 23:39:21 KST | INFO |     No    : 77.39%
2026-02-14 23:39:21 KST | INFO |     Maybe : 42.55%
2026-02-14 23:39:21 KST | INFO |   No improvement (8/10)
2026-02-14 23:39:21 KST | INFO | 
2026-02-14 23:39:21 KST | INFO | Epoch 16/100 | LR: 1.802410e-05
2026-02-14 23:40:39 KST | INFO |   Train Loss: 0.0000 | Test Loss: 1.2657 | Test Acc: 78.00%
2026-02-14 23:40:39 KST | INFO |   Per-class F1 scores:
2026-02-14 23:40:39 KST | INFO |     Yes   : 83.38%
2026-02-14 23:40:39 KST | INFO |     No    : 77.39%
2026-02-14 23:40:39 KST | INFO |     Maybe : 39.13%
2026-02-14 23:40:39 KST | INFO |   No improvement (9/10)
2026-02-14 23:40:39 KST | INFO | 
2026-02-14 23:40:39 KST | INFO | Epoch 17/100 | LR: 1.781205e-05
2026-02-14 23:41:57 KST | INFO |   Train Loss: 0.0000 | Test Loss: 1.2814 | Test Acc: 78.00%
2026-02-14 23:41:57 KST | INFO |   Per-class F1 scores:
2026-02-14 23:41:57 KST | INFO |     Yes   : 83.38%
2026-02-14 23:41:57 KST | INFO |     No    : 78.00%
2026-02-14 23:41:57 KST | INFO |     Maybe : 35.56%
2026-02-14 23:41:57 KST | INFO |   No improvement (10/10)
2026-02-14 23:41:57 KST | INFO | 
2026-02-14 23:41:57 KST | INFO | Early stopping after 10 epochs without improvement
2026-02-14 23:41:57 KST | INFO | 
2026-02-14 23:41:57 KST | INFO | ================================================================================
2026-02-14 23:41:57 KST | INFO | TRAINING COMPLETE
2026-02-14 23:41:57 KST | INFO | ================================================================================
2026-02-14 23:41:57 KST | INFO | Best accuracy:  81.67% (Epoch 7)
2026-02-14 23:41:57 KST | INFO | Final accuracy: 78.00%
2026-02-14 23:41:57 KST | INFO | ================================================================================
2026-02-14 23:41:57 KST | INFO | 
2026-02-14 23:41:57 KST | INFO | Best test accuracy: 81.67%
2026-02-14 23:41:57 KST | INFO | 
2026-02-14 23:41:57 KST | INFO | Full log: logs/centralized_biogpt_lora_20260214_231936.log
2026-02-14 23:41:57 KST | INFO | ================================================================================
