2026-02-14 21:25:23 KST | INFO | ================================================================================
2026-02-14 21:25:23 KST | INFO | BioGPT Fine-tuning on PubMedQA
2026-02-14 21:25:23 KST | INFO | ================================================================================
2026-02-14 21:25:23 KST | INFO | Log file: logs/centralized_biogpt_lora_20260214_212523.log
2026-02-14 21:25:23 KST | INFO | 
2026-02-14 21:25:23 KST | INFO | Device: cuda
2026-02-14 21:25:23 KST | INFO | 
2026-02-14 21:25:23 KST | INFO | --------------------------------------------------------------------------------
2026-02-14 21:25:23 KST | INFO | CONFIGURATION
2026-02-14 21:25:23 KST | INFO | --------------------------------------------------------------------------------
2026-02-14 21:25:23 KST | INFO | Model:              BioGPT (microsoft/biogpt)
2026-02-14 21:25:23 KST | INFO | Training mode:      LoRA
2026-02-14 21:25:23 KST | INFO | Epochs:             100
2026-02-14 21:25:23 KST | INFO | Patience:           10
2026-02-14 21:25:23 KST | INFO | Batch size:         8
2026-02-14 21:25:23 KST | INFO | Learning rate:      0.000020
2026-02-14 21:25:23 KST | INFO | Max length:         512
2026-02-14 21:25:23 KST | INFO | Gradient clip:      1.0
2026-02-14 21:25:23 KST | INFO | LoRA rank:          8
2026-02-14 21:25:23 KST | INFO | LoRA alpha:         16
2026-02-14 21:25:23 KST | INFO | LoRA dropout:       0.1
2026-02-14 21:25:23 KST | INFO | LoRA targets:       q_proj, v_proj
2026-02-14 21:25:23 KST | INFO | 
2026-02-14 21:25:23 KST | INFO | --------------------------------------------------------------------------------
2026-02-14 21:25:23 KST | INFO | MODEL LOADING
2026-02-14 21:25:23 KST | INFO | --------------------------------------------------------------------------------
2026-02-14 21:25:23 KST | INFO | HTTP Request: HEAD https://huggingface.co/microsoft/biogpt/resolve/main/tokenizer_config.json "HTTP/1.1 404 Not Found"
2026-02-14 21:25:23 KST | WARNING | Warning: You are sending unauthenticated requests to the HF Hub. Please set a HF_TOKEN to enable higher rate limits and faster downloads.
2026-02-14 21:25:23 KST | INFO | HTTP Request: GET https://huggingface.co/api/models/microsoft/biogpt/tree/main/additional_chat_templates?recursive=false&expand=false "HTTP/1.1 404 Not Found"
2026-02-14 21:25:24 KST | INFO | HTTP Request: GET https://huggingface.co/api/models/microsoft/biogpt/tree/main?recursive=true&expand=false "HTTP/1.1 200 OK"
2026-02-14 21:25:24 KST | INFO | HTTP Request: HEAD https://huggingface.co/microsoft/biogpt/resolve/main/vocab.json "HTTP/1.1 307 Temporary Redirect"
2026-02-14 21:25:24 KST | INFO | HTTP Request: HEAD https://huggingface.co/api/resolve-cache/models/microsoft/biogpt/eb0d815e95434dc9e3b78f464e52b899bee7d923/vocab.json "HTTP/1.1 200 OK"
2026-02-14 21:25:25 KST | INFO | Loading microsoft/biogpt …
2026-02-14 21:25:25 KST | INFO | HTTP Request: HEAD https://huggingface.co/microsoft/biogpt/resolve/main/config.json "HTTP/1.1 307 Temporary Redirect"
2026-02-14 21:25:25 KST | INFO | HTTP Request: HEAD https://huggingface.co/api/resolve-cache/models/microsoft/biogpt/eb0d815e95434dc9e3b78f464e52b899bee7d923/config.json "HTTP/1.1 200 OK"
2026-02-14 21:25:25 KST | INFO | HTTP Request: HEAD https://huggingface.co/microsoft/biogpt/resolve/main/config.json "HTTP/1.1 307 Temporary Redirect"
2026-02-14 21:25:25 KST | INFO | HTTP Request: HEAD https://huggingface.co/api/resolve-cache/models/microsoft/biogpt/eb0d815e95434dc9e3b78f464e52b899bee7d923/config.json "HTTP/1.1 200 OK"
2026-02-14 21:25:25 KST | INFO | HTTP Request: HEAD https://huggingface.co/microsoft/biogpt/resolve/main/model.safetensors "HTTP/1.1 404 Not Found"
2026-02-14 21:25:26 KST | INFO | HTTP Request: HEAD https://huggingface.co/microsoft/biogpt/resolve/main/model.safetensors.index.json "HTTP/1.1 404 Not Found"
2026-02-14 21:25:26 KST | INFO | HTTP Request: HEAD https://huggingface.co/microsoft/biogpt/resolve/main/pytorch_model.bin "HTTP/1.1 302 Found"
2026-02-14 21:25:26 KST | INFO | HTTP Request: HEAD https://huggingface.co/microsoft/biogpt/resolve/main/model.safetensors "HTTP/1.1 404 Not Found"
2026-02-14 21:25:26 KST | INFO | HTTP Request: GET https://huggingface.co/api/models/microsoft/biogpt "HTTP/1.1 200 OK"
2026-02-14 21:25:26 KST | INFO | HTTP Request: GET https://huggingface.co/api/models/microsoft/biogpt/commits/main "HTTP/1.1 200 OK"
2026-02-14 21:25:27 KST | INFO | HTTP Request: GET https://huggingface.co/api/models/microsoft/biogpt/discussions?p=0 "HTTP/1.1 200 OK"
2026-02-14 21:25:27 KST | INFO | HTTP Request: GET https://huggingface.co/api/models/microsoft/biogpt/commits/refs%2Fpr%2F17 "HTTP/1.1 200 OK"
2026-02-14 21:25:27 KST | INFO | HTTP Request: HEAD https://huggingface.co/microsoft/biogpt/resolve/refs%2Fpr%2F17/model.safetensors.index.json "HTTP/1.1 404 Not Found"
2026-02-14 21:25:27 KST | INFO | HTTP Request: HEAD https://huggingface.co/microsoft/biogpt/resolve/refs%2Fpr%2F17/model.safetensors "HTTP/1.1 302 Found"
2026-02-14 21:25:27 KST | INFO | HTTP Request: HEAD https://huggingface.co/microsoft/biogpt/resolve/main/generation_config.json "HTTP/1.1 404 Not Found"
2026-02-14 21:25:28 KST | INFO | HTTP Request: HEAD https://huggingface.co/microsoft/biogpt/resolve/main/config.json "HTTP/1.1 307 Temporary Redirect"
2026-02-14 21:25:28 KST | INFO | HTTP Request: HEAD https://huggingface.co/api/resolve-cache/models/microsoft/biogpt/eb0d815e95434dc9e3b78f464e52b899bee7d923/config.json "HTTP/1.1 200 OK"
2026-02-14 21:25:28 KST | INFO | LoRA applied to all 6 layers: trainable 346,766,339 / 346,766,339 (100.00%)
2026-02-14 21:25:28 KST | INFO | ✓ BioGPTClassifier ready on cuda
2026-02-14 21:25:28 KST | INFO | 
2026-02-14 21:25:28 KST | INFO | --------------------------------------------------------------------------------
2026-02-14 21:25:28 KST | INFO | DATA LOADING
2026-02-14 21:25:28 KST | INFO | --------------------------------------------------------------------------------
2026-02-14 21:25:29 KST | INFO | Attempting to load from Hugging Face...
2026-02-14 21:25:29 KST | INFO | HTTP Request: HEAD https://huggingface.co/datasets/pubmed_qa/resolve/main/README.md "HTTP/1.1 307 Temporary Redirect"
2026-02-14 21:25:29 KST | INFO | HTTP Request: HEAD https://huggingface.co/datasets/qiaojin/PubMedQA/resolve/main/README.md "HTTP/1.1 307 Temporary Redirect"
2026-02-14 21:25:29 KST | INFO | HTTP Request: HEAD https://huggingface.co/api/resolve-cache/datasets/qiaojin/PubMedQA/9001f2853fb87cab8d220904e0de81ac6973b318/README.md "HTTP/1.1 200 OK"
2026-02-14 21:25:29 KST | INFO | HTTP Request: HEAD https://huggingface.co/datasets/pubmed_qa/resolve/9001f2853fb87cab8d220904e0de81ac6973b318/pubmed_qa.py "HTTP/1.1 307 Temporary Redirect"
2026-02-14 21:25:30 KST | INFO | HTTP Request: HEAD https://huggingface.co/datasets/qiaojin/PubMedQA/resolve/9001f2853fb87cab8d220904e0de81ac6973b318/pubmed_qa.py "HTTP/1.1 404 Not Found"
2026-02-14 21:25:30 KST | INFO | HTTP Request: HEAD https://s3.amazonaws.com/datasets.huggingface.co/datasets/datasets/pubmed_qa/pubmed_qa.py "HTTP/1.1 404 Not Found"
2026-02-14 21:25:30 KST | INFO | HTTP Request: GET https://huggingface.co/api/datasets/pubmed_qa/revision/9001f2853fb87cab8d220904e0de81ac6973b318 "HTTP/1.1 307 Temporary Redirect"
2026-02-14 21:25:31 KST | INFO | HTTP Request: GET https://huggingface.co/api/datasets/qiaojin/PubMedQA/revision/9001f2853fb87cab8d220904e0de81ac6973b318 "HTTP/1.1 200 OK"
2026-02-14 21:25:31 KST | INFO | HTTP Request: HEAD https://huggingface.co/datasets/pubmed_qa/resolve/9001f2853fb87cab8d220904e0de81ac6973b318/.huggingface.yaml "HTTP/1.1 307 Temporary Redirect"
2026-02-14 21:25:31 KST | INFO | HTTP Request: HEAD https://huggingface.co/datasets/qiaojin/PubMedQA/resolve/9001f2853fb87cab8d220904e0de81ac6973b318/.huggingface.yaml "HTTP/1.1 404 Not Found"
2026-02-14 21:25:31 KST | INFO | HTTP Request: GET https://datasets-server.huggingface.co/info?dataset=pubmed_qa "HTTP/1.1 404 Not Found"
2026-02-14 21:25:31 KST | INFO | HTTP Request: GET https://huggingface.co/api/datasets/pubmed_qa/tree/9001f2853fb87cab8d220904e0de81ac6973b318/pqa_artificial?recursive=true&expand=false "HTTP/1.1 307 Temporary Redirect"
2026-02-14 21:25:32 KST | INFO | HTTP Request: GET https://huggingface.co/api/datasets/qiaojin/PubMedQA/tree/9001f2853fb87cab8d220904e0de81ac6973b318/pqa_artificial?recursive=true&expand=false "HTTP/1.1 200 OK"
2026-02-14 21:25:32 KST | INFO | HTTP Request: GET https://huggingface.co/api/datasets/pubmed_qa/tree/9001f2853fb87cab8d220904e0de81ac6973b318?recursive=false&expand=false "HTTP/1.1 307 Temporary Redirect"
2026-02-14 21:25:32 KST | INFO | HTTP Request: GET https://huggingface.co/api/datasets/qiaojin/PubMedQA/tree/9001f2853fb87cab8d220904e0de81ac6973b318?recursive=false&expand=false "HTTP/1.1 200 OK"
2026-02-14 21:25:32 KST | INFO | HTTP Request: HEAD https://huggingface.co/datasets/pubmed_qa/resolve/9001f2853fb87cab8d220904e0de81ac6973b318/dataset_infos.json "HTTP/1.1 307 Temporary Redirect"
2026-02-14 21:25:32 KST | INFO | HTTP Request: HEAD https://huggingface.co/datasets/qiaojin/PubMedQA/resolve/9001f2853fb87cab8d220904e0de81ac6973b318/dataset_infos.json "HTTP/1.1 404 Not Found"
2026-02-14 21:25:33 KST | INFO | HTTP Request: GET https://huggingface.co/api/datasets/pubmed_qa/tree/9001f2853fb87cab8d220904e0de81ac6973b318/pqa_labeled?recursive=true&expand=false "HTTP/1.1 307 Temporary Redirect"
2026-02-14 21:25:33 KST | INFO | HTTP Request: GET https://huggingface.co/api/datasets/qiaojin/PubMedQA/tree/9001f2853fb87cab8d220904e0de81ac6973b318/pqa_labeled?recursive=true&expand=false "HTTP/1.1 200 OK"
2026-02-14 21:25:33 KST | INFO | Available splits: ['train']
2026-02-14 21:25:33 KST | INFO | ✓ Loaded from Hugging Face
2026-02-14 21:25:33 KST | INFO |   Total samples:   1,000
2026-02-14 21:25:33 KST | INFO |   Training:        700
2026-02-14 21:25:33 KST | INFO |   Test:            300
2026-02-14 21:25:33 KST | INFO | 
2026-02-14 21:25:33 KST | INFO | --------------------------------------------------------------------------------
2026-02-14 21:25:33 KST | INFO | DATASET PREPARATION
2026-02-14 21:25:33 KST | INFO | --------------------------------------------------------------------------------
2026-02-14 21:25:33 KST | INFO | Training samples:   700
2026-02-14 21:25:33 KST | INFO | Test samples:       300
2026-02-14 21:25:33 KST | INFO | 
2026-02-14 21:25:33 KST | INFO | Training batches:   88
2026-02-14 21:25:33 KST | INFO | Test batches:       38
2026-02-14 21:25:33 KST | INFO | 
2026-02-14 21:25:33 KST | INFO | --------------------------------------------------------------------------------
2026-02-14 21:25:33 KST | INFO | OPTIMIZER & SCHEDULER
2026-02-14 21:25:33 KST | INFO | --------------------------------------------------------------------------------
2026-02-14 21:25:33 KST | INFO | Optimizer:          AdamW (lr=0.000020)
2026-02-14 21:25:33 KST | INFO | Scheduler:          Linear warmup (500 steps / 8800 total)
2026-02-14 21:25:33 KST | INFO | Warmup steps:       500
2026-02-14 21:25:33 KST | INFO | Total steps:        8800
2026-02-14 21:25:33 KST | INFO | 
2026-02-14 21:25:33 KST | INFO | --------------------------------------------------------------------------------
2026-02-14 21:25:33 KST | INFO | TRAINING
2026-02-14 21:25:33 KST | INFO | --------------------------------------------------------------------------------
2026-02-14 21:25:33 KST | INFO | 
2026-02-14 21:25:33 KST | INFO | Epoch 1/100 | LR: 0.000000e+00
2026-02-14 21:26:51 KST | INFO |   Train Loss: 1.0862 | Test Loss: 0.9407 | Test Acc: 53.67%
2026-02-14 21:26:51 KST | INFO |   Per-class F1 scores:
2026-02-14 21:26:51 KST | INFO |     Yes   : 63.25%
2026-02-14 21:26:51 KST | INFO |     No    : 50.98%
2026-02-14 21:26:51 KST | INFO |     Maybe : 12.50%
2026-02-14 21:26:51 KST | INFO |   🏆 New best accuracy: 53.67%
2026-02-14 21:26:51 KST | INFO | 
2026-02-14 21:26:51 KST | INFO | Epoch 2/100 | LR: 3.520000e-06
2026-02-14 21:28:09 KST | INFO |   Train Loss: 0.6376 | Test Loss: 0.5723 | Test Acc: 75.33%
2026-02-14 21:28:09 KST | INFO |   Per-class F1 scores:
2026-02-14 21:28:09 KST | INFO |     Yes   : 80.75%
2026-02-14 21:28:09 KST | INFO |     No    : 71.19%
2026-02-14 21:28:09 KST | INFO |     Maybe : 48.98%
2026-02-14 21:28:09 KST | INFO |   🏆 New best accuracy: 75.33%
2026-02-14 21:28:09 KST | INFO | 
2026-02-14 21:28:09 KST | INFO | Epoch 3/100 | LR: 7.040000e-06
2026-02-14 21:29:28 KST | INFO |   Train Loss: 0.3477 | Test Loss: 0.4470 | Test Acc: 80.00%
2026-02-14 21:29:28 KST | INFO |   Per-class F1 scores:
2026-02-14 21:29:28 KST | INFO |     Yes   : 83.43%
2026-02-14 21:29:28 KST | INFO |     No    : 80.00%
2026-02-14 21:29:28 KST | INFO |     Maybe : 59.65%
2026-02-14 21:29:28 KST | INFO |   🏆 New best accuracy: 80.00%
2026-02-14 21:29:28 KST | INFO | 
2026-02-14 21:29:28 KST | INFO | Epoch 4/100 | LR: 1.056000e-05
2026-02-14 21:30:46 KST | INFO |   Train Loss: 0.2071 | Test Loss: 0.5973 | Test Acc: 79.00%
2026-02-14 21:30:46 KST | INFO |   Per-class F1 scores:
2026-02-14 21:30:46 KST | INFO |     Yes   : 84.00%
2026-02-14 21:30:46 KST | INFO |     No    : 74.59%
2026-02-14 21:30:46 KST | INFO |     Maybe : 64.62%
2026-02-14 21:30:46 KST | INFO |   No improvement (1/10)
2026-02-14 21:30:46 KST | INFO | 
2026-02-14 21:30:46 KST | INFO | Epoch 5/100 | LR: 1.408000e-05
2026-02-14 21:32:04 KST | INFO |   Train Loss: 0.1253 | Test Loss: 0.6218 | Test Acc: 78.33%
2026-02-14 21:32:04 KST | INFO |   Per-class F1 scores:
2026-02-14 21:32:04 KST | INFO |     Yes   : 83.69%
2026-02-14 21:32:04 KST | INFO |     No    : 78.95%
2026-02-14 21:32:04 KST | INFO |     Maybe : 38.30%
2026-02-14 21:32:04 KST | INFO |   No improvement (2/10)
2026-02-14 21:32:04 KST | INFO | 
2026-02-14 21:32:04 KST | INFO | Epoch 6/100 | LR: 1.760000e-05
2026-02-14 21:33:23 KST | INFO |   Train Loss: 0.0295 | Test Loss: 0.6892 | Test Acc: 79.00%
2026-02-14 21:33:23 KST | INFO |   Per-class F1 scores:
2026-02-14 21:33:23 KST | INFO |     Yes   : 83.93%
2026-02-14 21:33:23 KST | INFO |     No    : 78.11%
2026-02-14 21:33:23 KST | INFO |     Maybe : 58.06%
2026-02-14 21:33:23 KST | INFO |   No improvement (3/10)
2026-02-14 21:33:23 KST | INFO | 
2026-02-14 21:33:23 KST | INFO | Epoch 7/100 | LR: 1.993253e-05
2026-02-14 21:34:41 KST | INFO |   Train Loss: 0.0202 | Test Loss: 0.9255 | Test Acc: 78.67%
2026-02-14 21:34:41 KST | INFO |   Per-class F1 scores:
2026-02-14 21:34:41 KST | INFO |     Yes   : 83.85%
2026-02-14 21:34:41 KST | INFO |     No    : 76.92%
2026-02-14 21:34:41 KST | INFO |     Maybe : 50.00%
2026-02-14 21:34:41 KST | INFO |   No improvement (4/10)
2026-02-14 21:34:41 KST | INFO | 
2026-02-14 21:34:41 KST | INFO | Epoch 8/100 | LR: 1.972048e-05
2026-02-14 21:35:59 KST | INFO |   Train Loss: 0.0020 | Test Loss: 0.9538 | Test Acc: 79.00%
2026-02-14 21:35:59 KST | INFO |   Per-class F1 scores:
2026-02-14 21:35:59 KST | INFO |     Yes   : 84.88%
2026-02-14 21:35:59 KST | INFO |     No    : 77.23%
2026-02-14 21:35:59 KST | INFO |     Maybe : 48.15%
2026-02-14 21:35:59 KST | INFO |   No improvement (5/10)
2026-02-14 21:35:59 KST | INFO | 
2026-02-14 21:35:59 KST | INFO | Epoch 9/100 | LR: 1.950843e-05
2026-02-14 21:37:17 KST | INFO |   Train Loss: 0.0012 | Test Loss: 1.1442 | Test Acc: 77.67%
2026-02-14 21:37:17 KST | INFO |   Per-class F1 scores:
2026-02-14 21:37:17 KST | INFO |     Yes   : 84.27%
2026-02-14 21:37:17 KST | INFO |     No    : 75.76%
2026-02-14 21:37:17 KST | INFO |     Maybe : 34.78%
2026-02-14 21:37:17 KST | INFO |   No improvement (6/10)
2026-02-14 21:37:17 KST | INFO | 
2026-02-14 21:37:17 KST | INFO | Epoch 10/100 | LR: 1.929639e-05
2026-02-14 21:38:36 KST | INFO |   Train Loss: 0.0001 | Test Loss: 1.0235 | Test Acc: 79.33%
2026-02-14 21:38:36 KST | INFO |   Per-class F1 scores:
2026-02-14 21:38:36 KST | INFO |     Yes   : 84.97%
2026-02-14 21:38:36 KST | INFO |     No    : 77.23%
2026-02-14 21:38:36 KST | INFO |     Maybe : 50.00%
2026-02-14 21:38:36 KST | INFO |   No improvement (7/10)
2026-02-14 21:38:36 KST | INFO | 
2026-02-14 21:38:36 KST | INFO | Epoch 11/100 | LR: 1.908434e-05
2026-02-14 21:39:54 KST | INFO |   Train Loss: 0.0000 | Test Loss: 1.1070 | Test Acc: 77.33%
2026-02-14 21:39:54 KST | INFO |   Per-class F1 scores:
2026-02-14 21:39:54 KST | INFO |     Yes   : 83.76%
2026-02-14 21:39:54 KST | INFO |     No    : 75.62%
2026-02-14 21:39:54 KST | INFO |     Maybe : 37.50%
2026-02-14 21:39:54 KST | INFO |   No improvement (8/10)
2026-02-14 21:39:54 KST | INFO | 
2026-02-14 21:39:54 KST | INFO | Epoch 12/100 | LR: 1.887229e-05
2026-02-14 21:41:12 KST | INFO |   Train Loss: 0.0000 | Test Loss: 1.0809 | Test Acc: 77.67%
2026-02-14 21:41:12 KST | INFO |   Per-class F1 scores:
2026-02-14 21:41:12 KST | INFO |     Yes   : 84.00%
2026-02-14 21:41:12 KST | INFO |     No    : 75.62%
2026-02-14 21:41:12 KST | INFO |     Maybe : 40.82%
2026-02-14 21:41:12 KST | INFO |   No improvement (9/10)
2026-02-14 21:41:12 KST | INFO | 
2026-02-14 21:41:12 KST | INFO | Epoch 13/100 | LR: 1.866024e-05
2026-02-14 21:42:31 KST | INFO |   Train Loss: 0.0000 | Test Loss: 1.1161 | Test Acc: 77.33%
2026-02-14 21:42:31 KST | INFO |   Per-class F1 scores:
2026-02-14 21:42:31 KST | INFO |     Yes   : 83.76%
2026-02-14 21:42:31 KST | INFO |     No    : 75.62%
2026-02-14 21:42:31 KST | INFO |     Maybe : 37.50%
2026-02-14 21:42:31 KST | INFO |   No improvement (10/10)
2026-02-14 21:42:31 KST | INFO | 
2026-02-14 21:42:31 KST | INFO | Early stopping after 10 epochs without improvement
2026-02-14 21:42:31 KST | INFO | 
2026-02-14 21:42:31 KST | INFO | ================================================================================
2026-02-14 21:42:31 KST | INFO | TRAINING COMPLETE
2026-02-14 21:42:31 KST | INFO | ================================================================================
2026-02-14 21:42:31 KST | INFO | Best accuracy:  80.00% (Epoch 3)
2026-02-14 21:42:31 KST | INFO | Final accuracy: 77.33%
2026-02-14 21:42:31 KST | INFO | ================================================================================
2026-02-14 21:42:31 KST | INFO | 
2026-02-14 21:42:31 KST | INFO | Best test accuracy: 80.00%
2026-02-14 21:42:31 KST | INFO | 
2026-02-14 21:42:31 KST | INFO | Full log: logs/centralized_biogpt_lora_20260214_212523.log
2026-02-14 21:42:31 KST | INFO | ================================================================================
