2026-02-15 00:25:48 KST | INFO | ================================================================================
2026-02-15 00:25:48 KST | INFO | BioGPT Fine-tuning on PubMedQA
2026-02-15 00:25:48 KST | INFO | ================================================================================
2026-02-15 00:25:48 KST | INFO | Log file: logs/centralized_biogpt_lora_20260215_002548.log
2026-02-15 00:25:48 KST | INFO | 
2026-02-15 00:25:48 KST | INFO | Device: cuda
2026-02-15 00:25:48 KST | INFO | 
2026-02-15 00:25:48 KST | INFO | --------------------------------------------------------------------------------
2026-02-15 00:25:48 KST | INFO | CONFIGURATION
2026-02-15 00:25:48 KST | INFO | --------------------------------------------------------------------------------
2026-02-15 00:25:48 KST | INFO | Model:              BioGPT (microsoft/biogpt)
2026-02-15 00:25:48 KST | INFO | Training mode:      LoRA
2026-02-15 00:25:48 KST | INFO | Epochs:             100
2026-02-15 00:25:48 KST | INFO | Patience:           10
2026-02-15 00:25:48 KST | INFO | Batch size:         8
2026-02-15 00:25:48 KST | INFO | Learning rate:      0.000020
2026-02-15 00:25:48 KST | INFO | Max length:         512
2026-02-15 00:25:48 KST | INFO | Gradient clip:      1.0
2026-02-15 00:25:48 KST | INFO | LoRA rank:          8
2026-02-15 00:25:48 KST | INFO | LoRA alpha:         16
2026-02-15 00:25:48 KST | INFO | LoRA dropout:       0.1
2026-02-15 00:25:48 KST | INFO | LoRA targets:       q_proj, v_proj
2026-02-15 00:25:48 KST | INFO | 
2026-02-15 00:25:48 KST | INFO | --------------------------------------------------------------------------------
2026-02-15 00:25:48 KST | INFO | MODEL LOADING
2026-02-15 00:25:48 KST | INFO | --------------------------------------------------------------------------------
2026-02-15 00:25:48 KST | INFO | HTTP Request: HEAD https://huggingface.co/microsoft/biogpt/resolve/main/tokenizer_config.json "HTTP/1.1 404 Not Found"
2026-02-15 00:25:48 KST | INFO | HTTP Request: GET https://huggingface.co/api/models/microsoft/biogpt/tree/main/additional_chat_templates?recursive=false&expand=false "HTTP/1.1 404 Not Found"
2026-02-15 00:25:48 KST | INFO | HTTP Request: GET https://huggingface.co/api/models/microsoft/biogpt/tree/main?recursive=true&expand=false "HTTP/1.1 200 OK"
2026-02-15 00:25:49 KST | INFO | HTTP Request: HEAD https://huggingface.co/microsoft/biogpt/resolve/main/vocab.json "HTTP/1.1 307 Temporary Redirect"
2026-02-15 00:25:49 KST | INFO | HTTP Request: HEAD https://huggingface.co/api/resolve-cache/models/microsoft/biogpt/eb0d815e95434dc9e3b78f464e52b899bee7d923/vocab.json "HTTP/1.1 200 OK"
2026-02-15 00:25:50 KST | INFO | Loading microsoft/biogpt …
2026-02-15 00:25:50 KST | INFO | HTTP Request: HEAD https://huggingface.co/microsoft/biogpt/resolve/main/config.json "HTTP/1.1 307 Temporary Redirect"
2026-02-15 00:25:50 KST | INFO | HTTP Request: HEAD https://huggingface.co/api/resolve-cache/models/microsoft/biogpt/eb0d815e95434dc9e3b78f464e52b899bee7d923/config.json "HTTP/1.1 200 OK"
2026-02-15 00:25:50 KST | INFO | HTTP Request: HEAD https://huggingface.co/microsoft/biogpt/resolve/main/config.json "HTTP/1.1 307 Temporary Redirect"
2026-02-15 00:25:50 KST | INFO | HTTP Request: HEAD https://huggingface.co/api/resolve-cache/models/microsoft/biogpt/eb0d815e95434dc9e3b78f464e52b899bee7d923/config.json "HTTP/1.1 200 OK"
2026-02-15 00:25:50 KST | INFO | HTTP Request: HEAD https://huggingface.co/microsoft/biogpt/resolve/main/model.safetensors "HTTP/1.1 404 Not Found"
2026-02-15 00:25:50 KST | INFO | HTTP Request: HEAD https://huggingface.co/microsoft/biogpt/resolve/main/model.safetensors.index.json "HTTP/1.1 404 Not Found"
2026-02-15 00:25:51 KST | INFO | HTTP Request: HEAD https://huggingface.co/microsoft/biogpt/resolve/main/pytorch_model.bin "HTTP/1.1 302 Found"
2026-02-15 00:25:51 KST | INFO | HTTP Request: HEAD https://huggingface.co/microsoft/biogpt/resolve/main/model.safetensors "HTTP/1.1 404 Not Found"
2026-02-15 00:25:51 KST | INFO | HTTP Request: GET https://huggingface.co/api/models/microsoft/biogpt "HTTP/1.1 200 OK"
2026-02-15 00:25:51 KST | INFO | HTTP Request: GET https://huggingface.co/api/models/microsoft/biogpt/commits/main "HTTP/1.1 200 OK"
2026-02-15 00:25:51 KST | INFO | HTTP Request: GET https://huggingface.co/api/models/microsoft/biogpt/discussions?p=0 "HTTP/1.1 200 OK"
2026-02-15 00:25:52 KST | INFO | HTTP Request: GET https://huggingface.co/api/models/microsoft/biogpt/commits/refs%2Fpr%2F17 "HTTP/1.1 200 OK"
2026-02-15 00:25:52 KST | INFO | HTTP Request: HEAD https://huggingface.co/microsoft/biogpt/resolve/refs%2Fpr%2F17/model.safetensors.index.json "HTTP/1.1 404 Not Found"
2026-02-15 00:25:52 KST | INFO | HTTP Request: HEAD https://huggingface.co/microsoft/biogpt/resolve/refs%2Fpr%2F17/model.safetensors "HTTP/1.1 302 Found"
2026-02-15 00:25:52 KST | WARNING | Warning: You are sending unauthenticated requests to the HF Hub. Please set a HF_TOKEN to enable higher rate limits and faster downloads.
2026-02-15 00:25:53 KST | INFO | HTTP Request: HEAD https://huggingface.co/microsoft/biogpt/resolve/main/generation_config.json "HTTP/1.1 404 Not Found"
2026-02-15 00:25:53 KST | INFO | HTTP Request: HEAD https://huggingface.co/microsoft/biogpt/resolve/main/config.json "HTTP/1.1 307 Temporary Redirect"
2026-02-15 00:25:53 KST | INFO | HTTP Request: HEAD https://huggingface.co/api/resolve-cache/models/microsoft/biogpt/eb0d815e95434dc9e3b78f464e52b899bee7d923/config.json "HTTP/1.1 200 OK"
2026-02-15 00:25:53 KST | INFO | LoRA applied to all 6 layers: trainable 346,766,339 / 346,766,339 (100.00%)
2026-02-15 00:25:54 KST | INFO | ✓ BioGPTClassifier ready on cuda
2026-02-15 00:25:54 KST | INFO | 
2026-02-15 00:25:54 KST | INFO | --------------------------------------------------------------------------------
2026-02-15 00:25:54 KST | INFO | DATA LOADING
2026-02-15 00:25:54 KST | INFO | --------------------------------------------------------------------------------
2026-02-15 00:25:54 KST | INFO | Attempting to load from Hugging Face...
2026-02-15 00:25:54 KST | INFO | HTTP Request: HEAD https://huggingface.co/datasets/pubmed_qa/resolve/main/README.md "HTTP/1.1 307 Temporary Redirect"
2026-02-15 00:25:54 KST | INFO | HTTP Request: HEAD https://huggingface.co/datasets/qiaojin/PubMedQA/resolve/main/README.md "HTTP/1.1 307 Temporary Redirect"
2026-02-15 00:25:54 KST | INFO | HTTP Request: HEAD https://huggingface.co/api/resolve-cache/datasets/qiaojin/PubMedQA/9001f2853fb87cab8d220904e0de81ac6973b318/README.md "HTTP/1.1 200 OK"
2026-02-15 00:25:55 KST | INFO | HTTP Request: HEAD https://huggingface.co/datasets/pubmed_qa/resolve/9001f2853fb87cab8d220904e0de81ac6973b318/pubmed_qa.py "HTTP/1.1 307 Temporary Redirect"
2026-02-15 00:25:55 KST | INFO | HTTP Request: HEAD https://huggingface.co/datasets/qiaojin/PubMedQA/resolve/9001f2853fb87cab8d220904e0de81ac6973b318/pubmed_qa.py "HTTP/1.1 404 Not Found"
2026-02-15 00:25:56 KST | INFO | HTTP Request: HEAD https://s3.amazonaws.com/datasets.huggingface.co/datasets/datasets/pubmed_qa/pubmed_qa.py "HTTP/1.1 404 Not Found"
2026-02-15 00:25:56 KST | INFO | HTTP Request: GET https://huggingface.co/api/datasets/pubmed_qa/revision/9001f2853fb87cab8d220904e0de81ac6973b318 "HTTP/1.1 307 Temporary Redirect"
2026-02-15 00:25:56 KST | INFO | HTTP Request: GET https://huggingface.co/api/datasets/qiaojin/PubMedQA/revision/9001f2853fb87cab8d220904e0de81ac6973b318 "HTTP/1.1 200 OK"
2026-02-15 00:25:56 KST | INFO | HTTP Request: HEAD https://huggingface.co/datasets/pubmed_qa/resolve/9001f2853fb87cab8d220904e0de81ac6973b318/.huggingface.yaml "HTTP/1.1 307 Temporary Redirect"
2026-02-15 00:25:56 KST | INFO | HTTP Request: HEAD https://huggingface.co/datasets/qiaojin/PubMedQA/resolve/9001f2853fb87cab8d220904e0de81ac6973b318/.huggingface.yaml "HTTP/1.1 404 Not Found"
2026-02-15 00:25:57 KST | INFO | HTTP Request: GET https://datasets-server.huggingface.co/info?dataset=pubmed_qa "HTTP/1.1 404 Not Found"
2026-02-15 00:25:57 KST | INFO | HTTP Request: GET https://huggingface.co/api/datasets/pubmed_qa/tree/9001f2853fb87cab8d220904e0de81ac6973b318/pqa_artificial?recursive=true&expand=false "HTTP/1.1 307 Temporary Redirect"
2026-02-15 00:25:57 KST | INFO | HTTP Request: GET https://huggingface.co/api/datasets/qiaojin/PubMedQA/tree/9001f2853fb87cab8d220904e0de81ac6973b318/pqa_artificial?recursive=true&expand=false "HTTP/1.1 200 OK"
2026-02-15 00:25:57 KST | INFO | HTTP Request: GET https://huggingface.co/api/datasets/pubmed_qa/tree/9001f2853fb87cab8d220904e0de81ac6973b318?recursive=false&expand=false "HTTP/1.1 307 Temporary Redirect"
2026-02-15 00:25:57 KST | INFO | HTTP Request: GET https://huggingface.co/api/datasets/qiaojin/PubMedQA/tree/9001f2853fb87cab8d220904e0de81ac6973b318?recursive=false&expand=false "HTTP/1.1 200 OK"
2026-02-15 00:25:58 KST | INFO | HTTP Request: HEAD https://huggingface.co/datasets/pubmed_qa/resolve/9001f2853fb87cab8d220904e0de81ac6973b318/dataset_infos.json "HTTP/1.1 307 Temporary Redirect"
2026-02-15 00:25:58 KST | INFO | HTTP Request: HEAD https://huggingface.co/datasets/qiaojin/PubMedQA/resolve/9001f2853fb87cab8d220904e0de81ac6973b318/dataset_infos.json "HTTP/1.1 404 Not Found"
2026-02-15 00:25:58 KST | INFO | HTTP Request: GET https://huggingface.co/api/datasets/pubmed_qa/tree/9001f2853fb87cab8d220904e0de81ac6973b318/pqa_labeled?recursive=true&expand=false "HTTP/1.1 307 Temporary Redirect"
2026-02-15 00:25:58 KST | INFO | HTTP Request: GET https://huggingface.co/api/datasets/qiaojin/PubMedQA/tree/9001f2853fb87cab8d220904e0de81ac6973b318/pqa_labeled?recursive=true&expand=false "HTTP/1.1 200 OK"
2026-02-15 00:25:58 KST | INFO | Available splits: ['train']
2026-02-15 00:25:59 KST | INFO | ✓ Loaded from Hugging Face
2026-02-15 00:25:59 KST | INFO |   Total samples:   1,000
2026-02-15 00:25:59 KST | INFO |   Training:        700
2026-02-15 00:25:59 KST | INFO |   Test:            300
2026-02-15 00:25:59 KST | INFO | 
2026-02-15 00:25:59 KST | INFO | --------------------------------------------------------------------------------
2026-02-15 00:25:59 KST | INFO | DATASET PREPARATION
2026-02-15 00:25:59 KST | INFO | --------------------------------------------------------------------------------
2026-02-15 00:25:59 KST | INFO | Training samples:   700
2026-02-15 00:25:59 KST | INFO | Test samples:       300
2026-02-15 00:25:59 KST | INFO | 
2026-02-15 00:25:59 KST | INFO | Training batches:   88
2026-02-15 00:25:59 KST | INFO | Test batches:       38
2026-02-15 00:25:59 KST | INFO | 
2026-02-15 00:25:59 KST | INFO | --------------------------------------------------------------------------------
2026-02-15 00:25:59 KST | INFO | OPTIMIZER & SCHEDULER
2026-02-15 00:25:59 KST | INFO | --------------------------------------------------------------------------------
2026-02-15 00:25:59 KST | INFO | Optimizer:          AdamW (lr=0.000020)
2026-02-15 00:25:59 KST | INFO | Scheduler:          Linear warmup (500 steps / 8800 total)
2026-02-15 00:25:59 KST | INFO | Warmup steps:       500
2026-02-15 00:25:59 KST | INFO | Total steps:        8800
2026-02-15 00:25:59 KST | INFO | 
2026-02-15 00:25:59 KST | INFO | --------------------------------------------------------------------------------
2026-02-15 00:25:59 KST | INFO | TRAINING
2026-02-15 00:25:59 KST | INFO | --------------------------------------------------------------------------------
2026-02-15 00:25:59 KST | INFO | 
2026-02-15 00:25:59 KST | INFO | Epoch 1/100 | LR: 0.000000e+00
2026-02-15 00:27:17 KST | INFO |   Train Loss: 1.1226 | Test Loss: 0.9569 | Test Acc: 52.33%
2026-02-15 00:27:17 KST | INFO |   Per-class F1 scores:
2026-02-15 00:27:17 KST | INFO |     Yes   : 66.83%
2026-02-15 00:27:17 KST | INFO |     No    : 24.32%
2026-02-15 00:27:17 KST | INFO |     Maybe :  0.00%
2026-02-15 00:27:17 KST | INFO |   🏆 New best accuracy: 52.33%
2026-02-15 00:27:17 KST | INFO | 
2026-02-15 00:27:17 KST | INFO | Epoch 2/100 | LR: 3.520000e-06
2026-02-15 00:28:35 KST | INFO |   Train Loss: 0.6848 | Test Loss: 0.4630 | Test Acc: 79.33%
2026-02-15 00:28:35 KST | INFO |   Per-class F1 scores:
2026-02-15 00:28:35 KST | INFO |     Yes   : 83.53%
2026-02-15 00:28:35 KST | INFO |     No    : 77.83%
2026-02-15 00:28:35 KST | INFO |     Maybe : 59.65%
2026-02-15 00:28:35 KST | INFO |   🏆 New best accuracy: 79.33%
2026-02-15 00:28:35 KST | INFO | 
2026-02-15 00:28:35 KST | INFO | Epoch 3/100 | LR: 7.040000e-06
2026-02-15 00:29:53 KST | INFO |   Train Loss: 0.3873 | Test Loss: 0.9190 | Test Acc: 71.33%
2026-02-15 00:29:53 KST | INFO |   Per-class F1 scores:
2026-02-15 00:29:53 KST | INFO |     Yes   : 78.28%
2026-02-15 00:29:53 KST | INFO |     No    : 67.47%
2026-02-15 00:29:53 KST | INFO |     Maybe : 15.79%
2026-02-15 00:29:53 KST | INFO |   No improvement (1/10)
2026-02-15 00:29:53 KST | INFO | 
2026-02-15 00:29:53 KST | INFO | Epoch 4/100 | LR: 1.056000e-05
2026-02-15 00:31:12 KST | INFO |   Train Loss: 0.2449 | Test Loss: 0.5575 | Test Acc: 80.33%
2026-02-15 00:31:12 KST | INFO |   Per-class F1 scores:
2026-02-15 00:31:12 KST | INFO |     Yes   : 83.81%
2026-02-15 00:31:12 KST | INFO |     No    : 81.58%
2026-02-15 00:31:12 KST | INFO |     Maybe : 56.14%
2026-02-15 00:31:12 KST | INFO |   🏆 New best accuracy: 80.33%
2026-02-15 00:31:12 KST | INFO | 
2026-02-15 00:31:12 KST | INFO | Epoch 5/100 | LR: 1.408000e-05
2026-02-15 00:32:30 KST | INFO |   Train Loss: 0.1244 | Test Loss: 0.6258 | Test Acc: 79.67%
2026-02-15 00:32:30 KST | INFO |   Per-class F1 scores:
2026-02-15 00:32:30 KST | INFO |     Yes   : 84.42%
2026-02-15 00:32:30 KST | INFO |     No    : 80.17%
2026-02-15 00:32:30 KST | INFO |     Maybe : 53.33%
2026-02-15 00:32:30 KST | INFO |   No improvement (1/10)
2026-02-15 00:32:30 KST | INFO | 
2026-02-15 00:32:30 KST | INFO | Epoch 6/100 | LR: 1.760000e-05
2026-02-15 00:33:48 KST | INFO |   Train Loss: 0.0584 | Test Loss: 0.9577 | Test Acc: 75.33%
2026-02-15 00:33:48 KST | INFO |   Per-class F1 scores:
2026-02-15 00:33:48 KST | INFO |     Yes   : 81.77%
2026-02-15 00:33:48 KST | INFO |     No    : 73.22%
2026-02-15 00:33:48 KST | INFO |     Maybe : 40.00%
2026-02-15 00:33:48 KST | INFO |   No improvement (2/10)
2026-02-15 00:33:48 KST | INFO | 
2026-02-15 00:33:48 KST | INFO | Epoch 7/100 | LR: 1.993253e-05
2026-02-15 00:35:07 KST | INFO |   Train Loss: 0.0193 | Test Loss: 0.8825 | Test Acc: 78.33%
2026-02-15 00:35:07 KST | INFO |   Per-class F1 scores:
2026-02-15 00:35:07 KST | INFO |     Yes   : 83.60%
2026-02-15 00:35:07 KST | INFO |     No    : 79.67%
2026-02-15 00:35:07 KST | INFO |     Maybe : 32.56%
2026-02-15 00:35:07 KST | INFO |   No improvement (3/10)
2026-02-15 00:35:07 KST | INFO | 
2026-02-15 00:35:07 KST | INFO | Epoch 8/100 | LR: 1.972048e-05
2026-02-15 00:36:25 KST | INFO |   Train Loss: 0.0141 | Test Loss: 1.2286 | Test Acc: 75.67%
2026-02-15 00:36:25 KST | INFO |   Per-class F1 scores:
2026-02-15 00:36:25 KST | INFO |     Yes   : 81.77%
2026-02-15 00:36:25 KST | INFO |     No    : 75.13%
2026-02-15 00:36:25 KST | INFO |     Maybe : 24.39%
2026-02-15 00:36:25 KST | INFO |   No improvement (4/10)
2026-02-15 00:36:25 KST | INFO | 
2026-02-15 00:36:25 KST | INFO | Epoch 9/100 | LR: 1.950843e-05
2026-02-15 00:37:43 KST | INFO |   Train Loss: 0.0021 | Test Loss: 1.1495 | Test Acc: 77.67%
2026-02-15 00:37:43 KST | INFO |   Per-class F1 scores:
2026-02-15 00:37:43 KST | INFO |     Yes   : 83.68%
2026-02-15 00:37:43 KST | INFO |     No    : 78.38%
2026-02-15 00:37:43 KST | INFO |     Maybe : 24.39%
2026-02-15 00:37:43 KST | INFO |   No improvement (5/10)
2026-02-15 00:37:43 KST | INFO | 
2026-02-15 00:37:43 KST | INFO | Epoch 10/100 | LR: 1.929639e-05
2026-02-15 00:39:02 KST | INFO |   Train Loss: 0.0002 | Test Loss: 1.1207 | Test Acc: 77.33%
2026-02-15 00:39:02 KST | INFO |   Per-class F1 scores:
2026-02-15 00:39:02 KST | INFO |     Yes   : 83.09%
2026-02-15 00:39:02 KST | INFO |     No    : 78.05%
2026-02-15 00:39:02 KST | INFO |     Maybe : 30.43%
2026-02-15 00:39:02 KST | INFO |   No improvement (6/10)
2026-02-15 00:39:02 KST | INFO | 
2026-02-15 00:39:02 KST | INFO | Epoch 11/100 | LR: 1.908434e-05
2026-02-15 00:40:20 KST | INFO |   Train Loss: 0.0000 | Test Loss: 1.1779 | Test Acc: 77.33%
2026-02-15 00:40:20 KST | INFO |   Per-class F1 scores:
2026-02-15 00:40:20 KST | INFO |     Yes   : 82.86%
2026-02-15 00:40:20 KST | INFO |     No    : 78.26%
2026-02-15 00:40:20 KST | INFO |     Maybe : 27.91%
2026-02-15 00:40:20 KST | INFO |   No improvement (7/10)
2026-02-15 00:40:20 KST | INFO | 
2026-02-15 00:40:20 KST | INFO | Epoch 12/100 | LR: 1.887229e-05
2026-02-15 00:41:38 KST | INFO |   Train Loss: 0.0000 | Test Loss: 1.1724 | Test Acc: 77.33%
2026-02-15 00:41:38 KST | INFO |   Per-class F1 scores:
2026-02-15 00:41:38 KST | INFO |     Yes   : 82.86%
2026-02-15 00:41:38 KST | INFO |     No    : 78.26%
2026-02-15 00:41:38 KST | INFO |     Maybe : 27.91%
2026-02-15 00:41:38 KST | INFO |   No improvement (8/10)
2026-02-15 00:41:38 KST | INFO | 
2026-02-15 00:41:38 KST | INFO | Epoch 13/100 | LR: 1.866024e-05
2026-02-15 00:42:56 KST | INFO |   Train Loss: 0.0000 | Test Loss: 1.1903 | Test Acc: 77.67%
2026-02-15 00:42:56 KST | INFO |   Per-class F1 scores:
2026-02-15 00:42:56 KST | INFO |     Yes   : 83.19%
2026-02-15 00:42:56 KST | INFO |     No    : 78.26%
2026-02-15 00:42:56 KST | INFO |     Maybe : 28.57%
2026-02-15 00:42:56 KST | INFO |   No improvement (9/10)
2026-02-15 00:42:56 KST | INFO | 
2026-02-15 00:42:56 KST | INFO | Epoch 14/100 | LR: 1.844819e-05
2026-02-15 00:44:15 KST | INFO |   Train Loss: 0.0000 | Test Loss: 1.1893 | Test Acc: 77.33%
2026-02-15 00:44:15 KST | INFO |   Per-class F1 scores:
2026-02-15 00:44:15 KST | INFO |     Yes   : 83.19%
2026-02-15 00:44:15 KST | INFO |     No    : 77.88%
2026-02-15 00:44:15 KST | INFO |     Maybe : 24.39%
2026-02-15 00:44:15 KST | INFO |   No improvement (10/10)
2026-02-15 00:44:15 KST | INFO | 
2026-02-15 00:44:15 KST | INFO | Early stopping after 10 epochs without improvement
2026-02-15 00:44:15 KST | INFO | 
2026-02-15 00:44:15 KST | INFO | ================================================================================
2026-02-15 00:44:15 KST | INFO | TRAINING COMPLETE
2026-02-15 00:44:15 KST | INFO | ================================================================================
2026-02-15 00:44:15 KST | INFO | Best accuracy:  80.33% (Epoch 4)
2026-02-15 00:44:15 KST | INFO | Final accuracy: 77.33%
2026-02-15 00:44:15 KST | INFO | ================================================================================
2026-02-15 00:44:15 KST | INFO | 
2026-02-15 00:44:15 KST | INFO | Best test accuracy: 80.33%
2026-02-15 00:44:15 KST | INFO | 
2026-02-15 00:44:15 KST | INFO | Full log: logs/centralized_biogpt_lora_20260215_002548.log
2026-02-15 00:44:15 KST | INFO | ================================================================================
