2026-02-15 00:07:12 KST | INFO | ================================================================================
2026-02-15 00:07:12 KST | INFO | BioGPT Fine-tuning on PubMedQA
2026-02-15 00:07:12 KST | INFO | ================================================================================
2026-02-15 00:07:12 KST | INFO | Log file: logs/centralized_biogpt_lora_20260215_000712.log
2026-02-15 00:07:12 KST | INFO | 
2026-02-15 00:07:12 KST | INFO | Device: cuda
2026-02-15 00:07:12 KST | INFO | 
2026-02-15 00:07:12 KST | INFO | --------------------------------------------------------------------------------
2026-02-15 00:07:12 KST | INFO | CONFIGURATION
2026-02-15 00:07:12 KST | INFO | --------------------------------------------------------------------------------
2026-02-15 00:07:12 KST | INFO | Model:              BioGPT (microsoft/biogpt)
2026-02-15 00:07:12 KST | INFO | Training mode:      LoRA
2026-02-15 00:07:12 KST | INFO | Epochs:             100
2026-02-15 00:07:12 KST | INFO | Patience:           10
2026-02-15 00:07:12 KST | INFO | Batch size:         8
2026-02-15 00:07:12 KST | INFO | Learning rate:      0.000020
2026-02-15 00:07:12 KST | INFO | Max length:         512
2026-02-15 00:07:12 KST | INFO | Gradient clip:      1.0
2026-02-15 00:07:12 KST | INFO | LoRA rank:          8
2026-02-15 00:07:12 KST | INFO | LoRA alpha:         16
2026-02-15 00:07:12 KST | INFO | LoRA dropout:       0.1
2026-02-15 00:07:12 KST | INFO | LoRA targets:       q_proj, v_proj
2026-02-15 00:07:12 KST | INFO | 
2026-02-15 00:07:12 KST | INFO | --------------------------------------------------------------------------------
2026-02-15 00:07:12 KST | INFO | MODEL LOADING
2026-02-15 00:07:12 KST | INFO | --------------------------------------------------------------------------------
2026-02-15 00:07:13 KST | INFO | HTTP Request: HEAD https://huggingface.co/microsoft/biogpt/resolve/main/tokenizer_config.json "HTTP/1.1 404 Not Found"
2026-02-15 00:07:13 KST | INFO | HTTP Request: GET https://huggingface.co/api/models/microsoft/biogpt/tree/main/additional_chat_templates?recursive=false&expand=false "HTTP/1.1 404 Not Found"
2026-02-15 00:07:13 KST | INFO | HTTP Request: GET https://huggingface.co/api/models/microsoft/biogpt/tree/main?recursive=true&expand=false "HTTP/1.1 200 OK"
2026-02-15 00:07:13 KST | INFO | HTTP Request: HEAD https://huggingface.co/microsoft/biogpt/resolve/main/vocab.json "HTTP/1.1 307 Temporary Redirect"
2026-02-15 00:07:13 KST | INFO | HTTP Request: HEAD https://huggingface.co/api/resolve-cache/models/microsoft/biogpt/eb0d815e95434dc9e3b78f464e52b899bee7d923/vocab.json "HTTP/1.1 200 OK"
2026-02-15 00:07:14 KST | INFO | Loading microsoft/biogpt …
2026-02-15 00:07:14 KST | INFO | HTTP Request: HEAD https://huggingface.co/microsoft/biogpt/resolve/main/config.json "HTTP/1.1 307 Temporary Redirect"
2026-02-15 00:07:14 KST | INFO | HTTP Request: HEAD https://huggingface.co/api/resolve-cache/models/microsoft/biogpt/eb0d815e95434dc9e3b78f464e52b899bee7d923/config.json "HTTP/1.1 200 OK"
2026-02-15 00:07:15 KST | INFO | HTTP Request: HEAD https://huggingface.co/microsoft/biogpt/resolve/main/config.json "HTTP/1.1 307 Temporary Redirect"
2026-02-15 00:07:15 KST | INFO | HTTP Request: HEAD https://huggingface.co/api/resolve-cache/models/microsoft/biogpt/eb0d815e95434dc9e3b78f464e52b899bee7d923/config.json "HTTP/1.1 200 OK"
2026-02-15 00:07:15 KST | INFO | HTTP Request: HEAD https://huggingface.co/microsoft/biogpt/resolve/main/model.safetensors "HTTP/1.1 404 Not Found"
2026-02-15 00:07:15 KST | INFO | HTTP Request: HEAD https://huggingface.co/microsoft/biogpt/resolve/main/model.safetensors.index.json "HTTP/1.1 404 Not Found"
2026-02-15 00:07:15 KST | INFO | HTTP Request: HEAD https://huggingface.co/microsoft/biogpt/resolve/main/pytorch_model.bin "HTTP/1.1 302 Found"
2026-02-15 00:07:15 KST | INFO | HTTP Request: HEAD https://huggingface.co/microsoft/biogpt/resolve/main/model.safetensors "HTTP/1.1 404 Not Found"
2026-02-15 00:07:15 KST | WARNING | Warning: You are sending unauthenticated requests to the HF Hub. Please set a HF_TOKEN to enable higher rate limits and faster downloads.
2026-02-15 00:07:16 KST | INFO | HTTP Request: GET https://huggingface.co/api/models/microsoft/biogpt "HTTP/1.1 200 OK"
2026-02-15 00:07:16 KST | INFO | HTTP Request: GET https://huggingface.co/api/models/microsoft/biogpt/commits/main "HTTP/1.1 200 OK"
2026-02-15 00:07:16 KST | INFO | HTTP Request: GET https://huggingface.co/api/models/microsoft/biogpt/discussions?p=0 "HTTP/1.1 200 OK"
2026-02-15 00:07:16 KST | INFO | HTTP Request: GET https://huggingface.co/api/models/microsoft/biogpt/commits/refs%2Fpr%2F17 "HTTP/1.1 200 OK"
2026-02-15 00:07:17 KST | INFO | HTTP Request: HEAD https://huggingface.co/microsoft/biogpt/resolve/refs%2Fpr%2F17/model.safetensors.index.json "HTTP/1.1 404 Not Found"
2026-02-15 00:07:17 KST | INFO | HTTP Request: HEAD https://huggingface.co/microsoft/biogpt/resolve/refs%2Fpr%2F17/model.safetensors "HTTP/1.1 302 Found"
2026-02-15 00:07:17 KST | INFO | HTTP Request: HEAD https://huggingface.co/microsoft/biogpt/resolve/main/generation_config.json "HTTP/1.1 404 Not Found"
2026-02-15 00:07:17 KST | INFO | HTTP Request: HEAD https://huggingface.co/microsoft/biogpt/resolve/main/config.json "HTTP/1.1 307 Temporary Redirect"
2026-02-15 00:07:17 KST | INFO | HTTP Request: HEAD https://huggingface.co/api/resolve-cache/models/microsoft/biogpt/eb0d815e95434dc9e3b78f464e52b899bee7d923/config.json "HTTP/1.1 200 OK"
2026-02-15 00:07:17 KST | INFO | LoRA applied to all 6 layers: trainable 346,766,339 / 346,766,339 (100.00%)
2026-02-15 00:07:18 KST | INFO | ✓ BioGPTClassifier ready on cuda
2026-02-15 00:07:18 KST | INFO | 
2026-02-15 00:07:18 KST | INFO | --------------------------------------------------------------------------------
2026-02-15 00:07:18 KST | INFO | DATA LOADING
2026-02-15 00:07:18 KST | INFO | --------------------------------------------------------------------------------
2026-02-15 00:07:19 KST | INFO | Attempting to load from Hugging Face...
2026-02-15 00:07:19 KST | INFO | HTTP Request: HEAD https://huggingface.co/datasets/pubmed_qa/resolve/main/README.md "HTTP/1.1 307 Temporary Redirect"
2026-02-15 00:07:19 KST | INFO | HTTP Request: HEAD https://huggingface.co/datasets/qiaojin/PubMedQA/resolve/main/README.md "HTTP/1.1 307 Temporary Redirect"
2026-02-15 00:07:19 KST | INFO | HTTP Request: HEAD https://huggingface.co/api/resolve-cache/datasets/qiaojin/PubMedQA/9001f2853fb87cab8d220904e0de81ac6973b318/README.md "HTTP/1.1 200 OK"
2026-02-15 00:07:19 KST | INFO | HTTP Request: HEAD https://huggingface.co/datasets/pubmed_qa/resolve/9001f2853fb87cab8d220904e0de81ac6973b318/pubmed_qa.py "HTTP/1.1 307 Temporary Redirect"
2026-02-15 00:07:19 KST | INFO | HTTP Request: HEAD https://huggingface.co/datasets/qiaojin/PubMedQA/resolve/9001f2853fb87cab8d220904e0de81ac6973b318/pubmed_qa.py "HTTP/1.1 404 Not Found"
2026-02-15 00:07:20 KST | INFO | HTTP Request: HEAD https://s3.amazonaws.com/datasets.huggingface.co/datasets/datasets/pubmed_qa/pubmed_qa.py "HTTP/1.1 404 Not Found"
2026-02-15 00:07:20 KST | INFO | HTTP Request: GET https://huggingface.co/api/datasets/pubmed_qa/revision/9001f2853fb87cab8d220904e0de81ac6973b318 "HTTP/1.1 307 Temporary Redirect"
2026-02-15 00:07:21 KST | INFO | HTTP Request: GET https://huggingface.co/api/datasets/qiaojin/PubMedQA/revision/9001f2853fb87cab8d220904e0de81ac6973b318 "HTTP/1.1 200 OK"
2026-02-15 00:07:21 KST | INFO | HTTP Request: HEAD https://huggingface.co/datasets/pubmed_qa/resolve/9001f2853fb87cab8d220904e0de81ac6973b318/.huggingface.yaml "HTTP/1.1 307 Temporary Redirect"
2026-02-15 00:07:21 KST | INFO | HTTP Request: HEAD https://huggingface.co/datasets/qiaojin/PubMedQA/resolve/9001f2853fb87cab8d220904e0de81ac6973b318/.huggingface.yaml "HTTP/1.1 404 Not Found"
2026-02-15 00:07:21 KST | INFO | HTTP Request: GET https://datasets-server.huggingface.co/info?dataset=pubmed_qa "HTTP/1.1 404 Not Found"
2026-02-15 00:07:22 KST | INFO | HTTP Request: GET https://huggingface.co/api/datasets/pubmed_qa/tree/9001f2853fb87cab8d220904e0de81ac6973b318/pqa_artificial?recursive=true&expand=false "HTTP/1.1 307 Temporary Redirect"
2026-02-15 00:07:22 KST | INFO | HTTP Request: GET https://huggingface.co/api/datasets/qiaojin/PubMedQA/tree/9001f2853fb87cab8d220904e0de81ac6973b318/pqa_artificial?recursive=true&expand=false "HTTP/1.1 200 OK"
2026-02-15 00:07:22 KST | INFO | HTTP Request: GET https://huggingface.co/api/datasets/pubmed_qa/tree/9001f2853fb87cab8d220904e0de81ac6973b318?recursive=false&expand=false "HTTP/1.1 307 Temporary Redirect"
2026-02-15 00:07:22 KST | INFO | HTTP Request: GET https://huggingface.co/api/datasets/qiaojin/PubMedQA/tree/9001f2853fb87cab8d220904e0de81ac6973b318?recursive=false&expand=false "HTTP/1.1 200 OK"
2026-02-15 00:07:22 KST | INFO | HTTP Request: HEAD https://huggingface.co/datasets/pubmed_qa/resolve/9001f2853fb87cab8d220904e0de81ac6973b318/dataset_infos.json "HTTP/1.1 307 Temporary Redirect"
2026-02-15 00:07:23 KST | INFO | HTTP Request: HEAD https://huggingface.co/datasets/qiaojin/PubMedQA/resolve/9001f2853fb87cab8d220904e0de81ac6973b318/dataset_infos.json "HTTP/1.1 404 Not Found"
2026-02-15 00:07:23 KST | INFO | HTTP Request: GET https://huggingface.co/api/datasets/pubmed_qa/tree/9001f2853fb87cab8d220904e0de81ac6973b318/pqa_labeled?recursive=true&expand=false "HTTP/1.1 307 Temporary Redirect"
2026-02-15 00:07:23 KST | INFO | HTTP Request: GET https://huggingface.co/api/datasets/qiaojin/PubMedQA/tree/9001f2853fb87cab8d220904e0de81ac6973b318/pqa_labeled?recursive=true&expand=false "HTTP/1.1 200 OK"
2026-02-15 00:07:23 KST | INFO | Available splits: ['train']
2026-02-15 00:07:23 KST | INFO | ✓ Loaded from Hugging Face
2026-02-15 00:07:23 KST | INFO |   Total samples:   1,000
2026-02-15 00:07:23 KST | INFO |   Training:        700
2026-02-15 00:07:23 KST | INFO |   Test:            300
2026-02-15 00:07:23 KST | INFO | 
2026-02-15 00:07:23 KST | INFO | --------------------------------------------------------------------------------
2026-02-15 00:07:23 KST | INFO | DATASET PREPARATION
2026-02-15 00:07:23 KST | INFO | --------------------------------------------------------------------------------
2026-02-15 00:07:23 KST | INFO | Training samples:   700
2026-02-15 00:07:23 KST | INFO | Test samples:       300
2026-02-15 00:07:23 KST | INFO | 
2026-02-15 00:07:23 KST | INFO | Training batches:   88
2026-02-15 00:07:23 KST | INFO | Test batches:       38
2026-02-15 00:07:23 KST | INFO | 
2026-02-15 00:07:23 KST | INFO | --------------------------------------------------------------------------------
2026-02-15 00:07:23 KST | INFO | OPTIMIZER & SCHEDULER
2026-02-15 00:07:23 KST | INFO | --------------------------------------------------------------------------------
2026-02-15 00:07:23 KST | INFO | Optimizer:          AdamW (lr=0.000020)
2026-02-15 00:07:23 KST | INFO | Scheduler:          Linear warmup (500 steps / 8800 total)
2026-02-15 00:07:23 KST | INFO | Warmup steps:       500
2026-02-15 00:07:23 KST | INFO | Total steps:        8800
2026-02-15 00:07:23 KST | INFO | 
2026-02-15 00:07:23 KST | INFO | --------------------------------------------------------------------------------
2026-02-15 00:07:23 KST | INFO | TRAINING
2026-02-15 00:07:23 KST | INFO | --------------------------------------------------------------------------------
2026-02-15 00:07:23 KST | INFO | 
2026-02-15 00:07:23 KST | INFO | Epoch 1/100 | LR: 0.000000e+00
2026-02-15 00:08:42 KST | INFO |   Train Loss: 1.1725 | Test Loss: 0.9886 | Test Acc: 52.67%
2026-02-15 00:08:42 KST | INFO |   Per-class F1 scores:
2026-02-15 00:08:42 KST | INFO |     Yes   : 58.31%
2026-02-15 00:08:42 KST | INFO |     No    : 53.79%
2026-02-15 00:08:42 KST | INFO |     Maybe :  4.88%
2026-02-15 00:08:42 KST | INFO |   🏆 New best accuracy: 52.67%
2026-02-15 00:08:42 KST | INFO | 
2026-02-15 00:08:42 KST | INFO | Epoch 2/100 | LR: 3.520000e-06
2026-02-15 00:10:00 KST | INFO |   Train Loss: 0.6694 | Test Loss: 0.4965 | Test Acc: 77.67%
2026-02-15 00:10:00 KST | INFO |   Per-class F1 scores:
2026-02-15 00:10:00 KST | INFO |     Yes   : 83.14%
2026-02-15 00:10:00 KST | INFO |     No    : 79.26%
2026-02-15 00:10:00 KST | INFO |     Maybe : 20.51%
2026-02-15 00:10:00 KST | INFO |   🏆 New best accuracy: 77.67%
2026-02-15 00:10:00 KST | INFO | 
2026-02-15 00:10:00 KST | INFO | Epoch 3/100 | LR: 7.040000e-06
2026-02-15 00:11:18 KST | INFO |   Train Loss: 0.3418 | Test Loss: 0.5022 | Test Acc: 78.33%
2026-02-15 00:11:18 KST | INFO |   Per-class F1 scores:
2026-02-15 00:11:18 KST | INFO |     Yes   : 83.01%
2026-02-15 00:11:18 KST | INFO |     No    : 76.68%
2026-02-15 00:11:18 KST | INFO |     Maybe : 50.00%
2026-02-15 00:11:18 KST | INFO |   🏆 New best accuracy: 78.33%
2026-02-15 00:11:18 KST | INFO | 
2026-02-15 00:11:18 KST | INFO | Epoch 4/100 | LR: 1.056000e-05
2026-02-15 00:12:36 KST | INFO |   Train Loss: 0.1747 | Test Loss: 0.5192 | Test Acc: 80.00%
2026-02-15 00:12:36 KST | INFO |   Per-class F1 scores:
2026-02-15 00:12:36 KST | INFO |     Yes   : 84.28%
2026-02-15 00:12:36 KST | INFO |     No    : 80.77%
2026-02-15 00:12:36 KST | INFO |     Maybe : 59.46%
2026-02-15 00:12:36 KST | INFO |   🏆 New best accuracy: 80.00%
2026-02-15 00:12:36 KST | INFO | 
2026-02-15 00:12:36 KST | INFO | Epoch 5/100 | LR: 1.408000e-05
2026-02-15 00:13:55 KST | INFO |   Train Loss: 0.0640 | Test Loss: 0.8152 | Test Acc: 75.67%
2026-02-15 00:13:55 KST | INFO |   Per-class F1 scores:
2026-02-15 00:13:55 KST | INFO |     Yes   : 83.65%
2026-02-15 00:13:55 KST | INFO |     No    : 73.50%
2026-02-15 00:13:55 KST | INFO |     Maybe : 33.33%
2026-02-15 00:13:55 KST | INFO |   No improvement (1/10)
2026-02-15 00:13:55 KST | INFO | 
2026-02-15 00:13:55 KST | INFO | Epoch 6/100 | LR: 1.760000e-05
2026-02-15 00:15:13 KST | INFO |   Train Loss: 0.0282 | Test Loss: 0.9563 | Test Acc: 77.00%
2026-02-15 00:15:13 KST | INFO |   Per-class F1 scores:
2026-02-15 00:15:13 KST | INFO |     Yes   : 82.42%
2026-02-15 00:15:13 KST | INFO |     No    : 74.87%
2026-02-15 00:15:13 KST | INFO |     Maybe : 54.55%
2026-02-15 00:15:13 KST | INFO |   No improvement (2/10)
2026-02-15 00:15:13 KST | INFO | 
2026-02-15 00:15:13 KST | INFO | Epoch 7/100 | LR: 1.993253e-05
2026-02-15 00:16:31 KST | INFO |   Train Loss: 0.0072 | Test Loss: 1.4863 | Test Acc: 73.00%
2026-02-15 00:16:31 KST | INFO |   Per-class F1 scores:
2026-02-15 00:16:31 KST | INFO |     Yes   : 80.22%
2026-02-15 00:16:31 KST | INFO |     No    : 70.90%
2026-02-15 00:16:31 KST | INFO |     Maybe : 25.53%
2026-02-15 00:16:31 KST | INFO |   No improvement (3/10)
2026-02-15 00:16:31 KST | INFO | 
2026-02-15 00:16:31 KST | INFO | Epoch 8/100 | LR: 1.972048e-05
2026-02-15 00:17:50 KST | INFO |   Train Loss: 0.0033 | Test Loss: 1.1258 | Test Acc: 78.00%
2026-02-15 00:17:50 KST | INFO |   Per-class F1 scores:
2026-02-15 00:17:50 KST | INFO |     Yes   : 83.78%
2026-02-15 00:17:50 KST | INFO |     No    : 78.70%
2026-02-15 00:17:50 KST | INFO |     Maybe : 31.11%
2026-02-15 00:17:50 KST | INFO |   No improvement (4/10)
2026-02-15 00:17:50 KST | INFO | 
2026-02-15 00:17:50 KST | INFO | Epoch 9/100 | LR: 1.950843e-05
2026-02-15 00:19:08 KST | INFO |   Train Loss: 0.0051 | Test Loss: 2.1372 | Test Acc: 70.00%
2026-02-15 00:19:08 KST | INFO |   Per-class F1 scores:
2026-02-15 00:19:08 KST | INFO |     Yes   : 77.86%
2026-02-15 00:19:08 KST | INFO |     No    : 64.29%
2026-02-15 00:19:08 KST | INFO |     Maybe : 15.38%
2026-02-15 00:19:08 KST | INFO |   No improvement (5/10)
2026-02-15 00:19:08 KST | INFO | 
2026-02-15 00:19:08 KST | INFO | Epoch 10/100 | LR: 1.929639e-05
2026-02-15 00:20:26 KST | INFO |   Train Loss: 0.0014 | Test Loss: 2.1455 | Test Acc: 70.67%
2026-02-15 00:20:26 KST | INFO |   Per-class F1 scores:
2026-02-15 00:20:26 KST | INFO |     Yes   : 78.97%
2026-02-15 00:20:26 KST | INFO |     No    : 61.45%
2026-02-15 00:20:26 KST | INFO |     Maybe : 31.82%
2026-02-15 00:20:26 KST | INFO |   No improvement (6/10)
2026-02-15 00:20:26 KST | INFO | 
2026-02-15 00:20:26 KST | INFO | Epoch 11/100 | LR: 1.908434e-05
2026-02-15 00:21:44 KST | INFO |   Train Loss: 0.0033 | Test Loss: 1.6324 | Test Acc: 73.00%
2026-02-15 00:21:44 KST | INFO |   Per-class F1 scores:
2026-02-15 00:21:44 KST | INFO |     Yes   : 80.75%
2026-02-15 00:21:44 KST | INFO |     No    : 67.03%
2026-02-15 00:21:44 KST | INFO |     Maybe : 31.82%
2026-02-15 00:21:44 KST | INFO |   No improvement (7/10)
2026-02-15 00:21:44 KST | INFO | 
2026-02-15 00:21:44 KST | INFO | Epoch 12/100 | LR: 1.887229e-05
2026-02-15 00:23:03 KST | INFO |   Train Loss: 0.0003 | Test Loss: 1.1523 | Test Acc: 75.00%
2026-02-15 00:23:03 KST | INFO |   Per-class F1 scores:
2026-02-15 00:23:03 KST | INFO |     Yes   : 81.15%
2026-02-15 00:23:03 KST | INFO |     No    : 74.04%
2026-02-15 00:23:03 KST | INFO |     Maybe : 42.31%
2026-02-15 00:23:03 KST | INFO |   No improvement (8/10)
2026-02-15 00:23:03 KST | INFO | 
2026-02-15 00:23:03 KST | INFO | Epoch 13/100 | LR: 1.866024e-05
2026-02-15 00:24:21 KST | INFO |   Train Loss: 0.0000 | Test Loss: 1.4150 | Test Acc: 74.33%
2026-02-15 00:24:21 KST | INFO |   Per-class F1 scores:
2026-02-15 00:24:21 KST | INFO |     Yes   : 81.79%
2026-02-15 00:24:21 KST | INFO |     No    : 70.65%
2026-02-15 00:24:21 KST | INFO |     Maybe : 28.57%
2026-02-15 00:24:21 KST | INFO |   No improvement (9/10)
2026-02-15 00:24:21 KST | INFO | 
2026-02-15 00:24:21 KST | INFO | Epoch 14/100 | LR: 1.844819e-05
2026-02-15 00:25:39 KST | INFO |   Train Loss: 0.0000 | Test Loss: 1.3908 | Test Acc: 74.67%
2026-02-15 00:25:39 KST | INFO |   Per-class F1 scores:
2026-02-15 00:25:39 KST | INFO |     Yes   : 82.25%
2026-02-15 00:25:39 KST | INFO |     No    : 71.29%
2026-02-15 00:25:39 KST | INFO |     Maybe : 27.91%
2026-02-15 00:25:39 KST | INFO |   No improvement (10/10)
2026-02-15 00:25:39 KST | INFO | 
2026-02-15 00:25:39 KST | INFO | Early stopping after 10 epochs without improvement
2026-02-15 00:25:39 KST | INFO | 
2026-02-15 00:25:39 KST | INFO | ================================================================================
2026-02-15 00:25:39 KST | INFO | TRAINING COMPLETE
2026-02-15 00:25:39 KST | INFO | ================================================================================
2026-02-15 00:25:39 KST | INFO | Best accuracy:  80.00% (Epoch 4)
2026-02-15 00:25:39 KST | INFO | Final accuracy: 74.67%
2026-02-15 00:25:39 KST | INFO | ================================================================================
2026-02-15 00:25:39 KST | INFO | 
2026-02-15 00:25:39 KST | INFO | Best test accuracy: 80.00%
2026-02-15 00:25:39 KST | INFO | 
2026-02-15 00:25:39 KST | INFO | Full log: logs/centralized_biogpt_lora_20260215_000712.log
2026-02-15 00:25:39 KST | INFO | ================================================================================
