2026-03-24 04:45:04 KST | INFO | ================================================================================
2026-03-24 04:45:04 KST | INFO | TL++ Orchestrator  [BioGPT / PubMedQA]
2026-03-24 04:45:04 KST | INFO | ================================================================================
2026-03-24 04:45:04 KST | INFO | Log file: logs/TL++_biogpt_secure_20260324_044504.log
2026-03-24 04:45:04 KST | INFO | 
2026-03-24 04:45:04 KST | INFO | --------------------------------------------------------------------------------
2026-03-24 04:45:04 KST | INFO | CONFIGURATION
2026-03-24 04:45:04 KST | INFO | --------------------------------------------------------------------------------
2026-03-24 04:45:04 KST | INFO | Dataset:            PubMedQA (yes / no / maybe)
2026-03-24 04:45:04 KST | INFO | Model:              BioGPT (microsoft/biogpt)
2026-03-24 04:45:04 KST | INFO | Secure mode:        True
2026-03-24 04:45:04 KST | INFO | LoRA:               False
2026-03-24 04:45:04 KST | INFO | Nodes:              3
2026-03-24 04:45:04 KST | INFO | Cut layer:          1
2026-03-24 04:45:04 KST | INFO | Batch size:         8
2026-03-24 04:45:04 KST | INFO | Learning rate:      2.00e-05
2026-03-24 04:45:04 KST | INFO | Max seq length:     512
2026-03-24 04:45:04 KST | INFO | 
2026-03-24 04:45:04 KST | INFO | Computation device: cuda
2026-03-24 04:45:04 KST | INFO | Secure mode: ✓ ENABLED
2026-03-24 04:45:04 KST | INFO | 
2026-03-24 04:45:04 KST | INFO | --------------------------------------------------------------------------------
2026-03-24 04:45:04 KST | INFO | NETWORK SETUP
2026-03-24 04:45:04 KST | INFO | --------------------------------------------------------------------------------
2026-03-24 04:45:04 KST | INFO | ✓ Orchestrator listening on 127.0.0.1:8080
2026-03-24 04:45:04 KST | INFO | Waiting for helper node …
2026-03-24 04:45:08 KST | INFO | ✓ Helper node connected
2026-03-24 04:45:08 KST | INFO | ✓ Noise config sent (activation: 2.0%, gradient: 10.0%)
2026-03-24 04:45:08 KST | INFO | 
2026-03-24 04:45:08 KST | INFO | Waiting for 3 node(s) …
2026-03-24 04:45:10 KST | INFO |   ✓ Node 1/3 connected
2026-03-24 04:45:11 KST | INFO |   ✓ Node 2/3 connected
2026-03-24 04:45:12 KST | INFO |   ✓ Node 3/3 connected
2026-03-24 04:45:12 KST | INFO | ✓ All 3 node(s) connected
2026-03-24 04:45:12 KST | INFO | 
2026-03-24 04:45:12 KST | INFO | --------------------------------------------------------------------------------
2026-03-24 04:45:12 KST | INFO | MODEL INITIALISATION  [BioGPT + LoRA on orch-side layers]
2026-03-24 04:45:12 KST | INFO | --------------------------------------------------------------------------------
2026-03-24 04:45:12 KST | INFO | HTTP Request: HEAD https://huggingface.co/microsoft/biogpt/resolve/main/config.json "HTTP/1.1 307 Temporary Redirect"
2026-03-24 04:45:12 KST | INFO | HTTP Request: HEAD https://huggingface.co/api/resolve-cache/models/microsoft/biogpt/eb0d815e95434dc9e3b78f464e52b899bee7d923/config.json "HTTP/1.1 200 OK"
2026-03-24 04:45:13 KST | INFO | HTTP Request: HEAD https://huggingface.co/microsoft/biogpt/resolve/main/config.json "HTTP/1.1 307 Temporary Redirect"
2026-03-24 04:45:13 KST | WARNING | Warning: You are sending unauthenticated requests to the HF Hub. Please set a HF_TOKEN to enable higher rate limits and faster downloads.
2026-03-24 04:45:13 KST | INFO | HTTP Request: HEAD https://huggingface.co/api/resolve-cache/models/microsoft/biogpt/eb0d815e95434dc9e3b78f464e52b899bee7d923/config.json "HTTP/1.1 200 OK"
2026-03-24 04:45:13 KST | INFO | HTTP Request: HEAD https://huggingface.co/microsoft/biogpt/resolve/main/model.safetensors "HTTP/1.1 404 Not Found"
2026-03-24 04:45:13 KST | INFO | HTTP Request: HEAD https://huggingface.co/microsoft/biogpt/resolve/main/model.safetensors.index.json "HTTP/1.1 404 Not Found"
2026-03-24 04:45:13 KST | INFO | HTTP Request: HEAD https://huggingface.co/microsoft/biogpt/resolve/main/pytorch_model.bin "HTTP/1.1 302 Found"
2026-03-24 04:45:13 KST | INFO | HTTP Request: HEAD https://huggingface.co/microsoft/biogpt/resolve/main/model.safetensors "HTTP/1.1 404 Not Found"
2026-03-24 04:45:14 KST | INFO | HTTP Request: GET https://huggingface.co/api/models/microsoft/biogpt "HTTP/1.1 200 OK"
2026-03-24 04:45:14 KST | INFO | HTTP Request: GET https://huggingface.co/api/models/microsoft/biogpt/commits/main "HTTP/1.1 200 OK"
2026-03-24 04:45:14 KST | INFO | HTTP Request: GET https://huggingface.co/api/models/microsoft/biogpt/discussions?p=0 "HTTP/1.1 200 OK"
2026-03-24 04:45:14 KST | INFO | HTTP Request: GET https://huggingface.co/api/models/microsoft/biogpt/commits/refs%2Fpr%2F17 "HTTP/1.1 200 OK"
2026-03-24 04:45:14 KST | INFO | HTTP Request: HEAD https://huggingface.co/microsoft/biogpt/resolve/refs%2Fpr%2F17/model.safetensors.index.json "HTTP/1.1 404 Not Found"
2026-03-24 04:45:15 KST | INFO | HTTP Request: HEAD https://huggingface.co/microsoft/biogpt/resolve/refs%2Fpr%2F17/model.safetensors "HTTP/1.1 302 Found"
2026-03-24 04:45:15 KST | INFO | HTTP Request: HEAD https://huggingface.co/microsoft/biogpt/resolve/main/generation_config.json "HTTP/1.1 404 Not Found"
2026-03-24 04:45:16 KST | INFO | HTTP Request: HEAD https://huggingface.co/microsoft/biogpt/resolve/main/config.json "HTTP/1.1 307 Temporary Redirect"
2026-03-24 04:45:16 KST | INFO | HTTP Request: HEAD https://huggingface.co/api/resolve-cache/models/microsoft/biogpt/eb0d815e95434dc9e3b78f464e52b899bee7d923/config.json "HTTP/1.1 200 OK"
2026-03-24 04:45:16 KST | INFO | Node-side parameters:      69,644,288
2026-03-24 04:45:16 KST | INFO | 
2026-03-24 04:45:16 KST | INFO | Broadcasting configuration to nodes …
2026-03-24 04:45:29 KST | INFO | ✓ Configuration broadcast to all nodes
2026-03-24 04:45:29 KST | INFO | Loading microsoft/biogpt …
2026-03-24 04:45:30 KST | INFO | HTTP Request: HEAD https://huggingface.co/microsoft/biogpt/resolve/main/config.json "HTTP/1.1 307 Temporary Redirect"
2026-03-24 04:45:30 KST | INFO | HTTP Request: HEAD https://huggingface.co/api/resolve-cache/models/microsoft/biogpt/eb0d815e95434dc9e3b78f464e52b899bee7d923/config.json "HTTP/1.1 200 OK"
2026-03-24 04:45:30 KST | INFO | HTTP Request: HEAD https://huggingface.co/microsoft/biogpt/resolve/main/config.json "HTTP/1.1 307 Temporary Redirect"
2026-03-24 04:45:30 KST | INFO | HTTP Request: HEAD https://huggingface.co/api/resolve-cache/models/microsoft/biogpt/eb0d815e95434dc9e3b78f464e52b899bee7d923/config.json "HTTP/1.1 200 OK"
2026-03-24 04:45:30 KST | INFO | HTTP Request: HEAD https://huggingface.co/microsoft/biogpt/resolve/main/model.safetensors "HTTP/1.1 404 Not Found"
2026-03-24 04:45:30 KST | INFO | HTTP Request: HEAD https://huggingface.co/microsoft/biogpt/resolve/main/model.safetensors.index.json "HTTP/1.1 404 Not Found"
2026-03-24 04:45:31 KST | INFO | HTTP Request: HEAD https://huggingface.co/microsoft/biogpt/resolve/main/pytorch_model.bin "HTTP/1.1 302 Found"
2026-03-24 04:45:31 KST | INFO | HTTP Request: HEAD https://huggingface.co/microsoft/biogpt/resolve/main/model.safetensors "HTTP/1.1 404 Not Found"
2026-03-24 04:45:31 KST | INFO | HTTP Request: GET https://huggingface.co/api/models/microsoft/biogpt "HTTP/1.1 200 OK"
2026-03-24 04:45:31 KST | INFO | HTTP Request: GET https://huggingface.co/api/models/microsoft/biogpt/commits/main "HTTP/1.1 200 OK"
2026-03-24 04:45:31 KST | INFO | HTTP Request: GET https://huggingface.co/api/models/microsoft/biogpt/discussions?p=0 "HTTP/1.1 200 OK"
2026-03-24 04:45:32 KST | INFO | HTTP Request: GET https://huggingface.co/api/models/microsoft/biogpt/commits/refs%2Fpr%2F17 "HTTP/1.1 200 OK"
2026-03-24 04:45:32 KST | INFO | HTTP Request: HEAD https://huggingface.co/microsoft/biogpt/resolve/refs%2Fpr%2F17/model.safetensors.index.json "HTTP/1.1 404 Not Found"
2026-03-24 04:45:32 KST | INFO | HTTP Request: HEAD https://huggingface.co/microsoft/biogpt/resolve/refs%2Fpr%2F17/model.safetensors "HTTP/1.1 302 Found"
2026-03-24 04:45:33 KST | INFO | HTTP Request: HEAD https://huggingface.co/microsoft/biogpt/resolve/main/generation_config.json "HTTP/1.1 404 Not Found"
2026-03-24 04:45:33 KST | INFO | HTTP Request: HEAD https://huggingface.co/microsoft/biogpt/resolve/main/config.json "HTTP/1.1 307 Temporary Redirect"
2026-03-24 04:45:33 KST | INFO | HTTP Request: HEAD https://huggingface.co/api/resolve-cache/models/microsoft/biogpt/eb0d815e95434dc9e3b78f464e52b899bee7d923/config.json "HTTP/1.1 200 OK"
2026-03-24 04:45:34 KST | INFO | Total parameters:          346,766,339
2026-03-24 04:45:34 KST | INFO | Trainable parameters:      346,766,339
2026-03-24 04:45:34 KST | INFO | 
2026-03-24 04:45:34 KST | INFO | --------------------------------------------------------------------------------
2026-03-24 04:45:34 KST | INFO | DATA LOADING
2026-03-24 04:45:34 KST | INFO | --------------------------------------------------------------------------------
2026-03-24 04:45:40 KST | INFO | ✓ Dataset sizes received:
2026-03-24 04:45:40 KST | INFO |     Node 1: 397 samples
2026-03-24 04:45:40 KST | INFO |     Node 2: 228 samples
2026-03-24 04:45:40 KST | INFO |     Node 3: 75 samples
2026-03-24 04:45:40 KST | INFO |   Total training: 700
2026-03-24 04:45:40 KST | INFO | 
2026-03-24 04:45:41 KST | INFO | HTTP Request: HEAD https://huggingface.co/microsoft/biogpt/resolve/main/tokenizer_config.json "HTTP/1.1 404 Not Found"
2026-03-24 04:45:41 KST | INFO | HTTP Request: GET https://huggingface.co/api/models/microsoft/biogpt/tree/main/additional_chat_templates?recursive=false&expand=false "HTTP/1.1 404 Not Found"
2026-03-24 04:45:41 KST | INFO | HTTP Request: GET https://huggingface.co/api/models/microsoft/biogpt/tree/main?recursive=true&expand=false "HTTP/1.1 200 OK"
2026-03-24 04:45:41 KST | INFO | HTTP Request: HEAD https://huggingface.co/microsoft/biogpt/resolve/main/vocab.json "HTTP/1.1 307 Temporary Redirect"
2026-03-24 04:45:41 KST | INFO | HTTP Request: HEAD https://huggingface.co/api/resolve-cache/models/microsoft/biogpt/eb0d815e95434dc9e3b78f464e52b899bee7d923/vocab.json "HTTP/1.1 200 OK"
2026-03-24 04:45:42 KST | INFO | Loading PubMedQA from Hugging Face …
2026-03-24 04:45:43 KST | INFO | HTTP Request: HEAD https://huggingface.co/datasets/pubmed_qa/resolve/main/README.md "HTTP/1.1 307 Temporary Redirect"
2026-03-24 04:45:43 KST | INFO | HTTP Request: HEAD https://huggingface.co/datasets/qiaojin/PubMedQA/resolve/main/README.md "HTTP/1.1 307 Temporary Redirect"
2026-03-24 04:45:43 KST | INFO | HTTP Request: HEAD https://huggingface.co/api/resolve-cache/datasets/qiaojin/PubMedQA/9001f2853fb87cab8d220904e0de81ac6973b318/README.md "HTTP/1.1 200 OK"
2026-03-24 04:45:43 KST | INFO | HTTP Request: HEAD https://huggingface.co/datasets/pubmed_qa/resolve/9001f2853fb87cab8d220904e0de81ac6973b318/pubmed_qa.py "HTTP/1.1 307 Temporary Redirect"
2026-03-24 04:45:43 KST | INFO | HTTP Request: HEAD https://huggingface.co/datasets/qiaojin/PubMedQA/resolve/9001f2853fb87cab8d220904e0de81ac6973b318/pubmed_qa.py "HTTP/1.1 404 Not Found"
2026-03-24 04:45:44 KST | INFO | HTTP Request: HEAD https://s3.amazonaws.com/datasets.huggingface.co/datasets/datasets/pubmed_qa/pubmed_qa.py "HTTP/1.1 404 Not Found"
2026-03-24 04:45:44 KST | INFO | HTTP Request: GET https://huggingface.co/api/datasets/pubmed_qa/revision/9001f2853fb87cab8d220904e0de81ac6973b318 "HTTP/1.1 307 Temporary Redirect"
2026-03-24 04:45:44 KST | INFO | HTTP Request: GET https://huggingface.co/api/datasets/qiaojin/PubMedQA/revision/9001f2853fb87cab8d220904e0de81ac6973b318 "HTTP/1.1 200 OK"
2026-03-24 04:45:44 KST | INFO | HTTP Request: HEAD https://huggingface.co/datasets/pubmed_qa/resolve/9001f2853fb87cab8d220904e0de81ac6973b318/.huggingface.yaml "HTTP/1.1 307 Temporary Redirect"
2026-03-24 04:45:45 KST | INFO | HTTP Request: HEAD https://huggingface.co/datasets/qiaojin/PubMedQA/resolve/9001f2853fb87cab8d220904e0de81ac6973b318/.huggingface.yaml "HTTP/1.1 404 Not Found"
2026-03-24 04:45:45 KST | INFO | HTTP Request: GET https://datasets-server.huggingface.co/info?dataset=pubmed_qa "HTTP/1.1 404 Not Found"
2026-03-24 04:45:45 KST | INFO | HTTP Request: GET https://huggingface.co/api/datasets/pubmed_qa/tree/9001f2853fb87cab8d220904e0de81ac6973b318/pqa_artificial?recursive=true&expand=false "HTTP/1.1 307 Temporary Redirect"
2026-03-24 04:45:46 KST | INFO | HTTP Request: GET https://huggingface.co/api/datasets/qiaojin/PubMedQA/tree/9001f2853fb87cab8d220904e0de81ac6973b318/pqa_artificial?recursive=true&expand=false "HTTP/1.1 200 OK"
2026-03-24 04:45:46 KST | INFO | HTTP Request: GET https://huggingface.co/api/datasets/pubmed_qa/tree/9001f2853fb87cab8d220904e0de81ac6973b318?recursive=false&expand=false "HTTP/1.1 307 Temporary Redirect"
2026-03-24 04:45:46 KST | INFO | HTTP Request: GET https://huggingface.co/api/datasets/qiaojin/PubMedQA/tree/9001f2853fb87cab8d220904e0de81ac6973b318?recursive=false&expand=false "HTTP/1.1 200 OK"
2026-03-24 04:45:46 KST | INFO | HTTP Request: HEAD https://huggingface.co/datasets/pubmed_qa/resolve/9001f2853fb87cab8d220904e0de81ac6973b318/dataset_infos.json "HTTP/1.1 307 Temporary Redirect"
2026-03-24 04:45:46 KST | INFO | HTTP Request: HEAD https://huggingface.co/datasets/qiaojin/PubMedQA/resolve/9001f2853fb87cab8d220904e0de81ac6973b318/dataset_infos.json "HTTP/1.1 404 Not Found"
2026-03-24 04:45:47 KST | INFO | HTTP Request: GET https://huggingface.co/api/datasets/pubmed_qa/tree/9001f2853fb87cab8d220904e0de81ac6973b318/pqa_labeled?recursive=true&expand=false "HTTP/1.1 307 Temporary Redirect"
2026-03-24 04:45:47 KST | INFO | HTTP Request: GET https://huggingface.co/api/datasets/qiaojin/PubMedQA/tree/9001f2853fb87cab8d220904e0de81ac6973b318/pqa_labeled?recursive=true&expand=false "HTTP/1.1 200 OK"
2026-03-24 04:45:47 KST | INFO | ✓ HF PubMedQA: 1000 total, 700 train / 300 test
2026-03-24 04:45:51 KST | INFO | ✓ Test set: 300 samples
2026-03-24 04:45:51 KST | INFO | 
2026-03-24 04:45:51 KST | INFO | ✓ Batch scheduler: 88 batches/epoch
2026-03-24 04:45:51 KST | INFO | 
2026-03-24 04:45:51 KST | INFO | --------------------------------------------------------------------------------
2026-03-24 04:45:51 KST | INFO | OPTIMISATION SETUP
2026-03-24 04:45:51 KST | INFO | --------------------------------------------------------------------------------
2026-03-24 04:45:51 KST | INFO | ✓ Optimizer:  AdamW (lr=2.00e-05)
2026-03-24 04:45:51 KST | INFO | ✓ Scheduler:  Linear warmup (500 steps / 8800 total)
2026-03-24 04:45:51 KST | INFO | ✓ Grad clip:  1.0
2026-03-24 04:45:51 KST | INFO | 
2026-03-24 04:45:51 KST | INFO | ================================================================================
2026-03-24 04:45:51 KST | INFO | Setup complete — Ready for training
2026-03-24 04:45:51 KST | INFO | ================================================================================
2026-03-24 04:45:51 KST | INFO | 
2026-03-24 04:45:51 KST | INFO | --------------------------------------------------------------------------------
2026-03-24 04:45:51 KST | INFO | TRAINING
2026-03-24 04:45:51 KST | INFO | --------------------------------------------------------------------------------
2026-03-24 04:45:51 KST | INFO | 
2026-03-24 04:45:51 KST | INFO | Epoch 1/100 | LR: 0.000000e+00
2026-03-24 08:20:07 KST | INFO |   Train Loss: 1.3829 | Test Loss: 0.0713 | Test Acc: 43.33%
2026-03-24 08:20:07 KST | INFO |     yes   : F1=60.25%
2026-03-24 08:20:07 KST | INFO |     no    : F1=29.45%
2026-03-24 08:20:07 KST | INFO |     maybe : F1=15.65%
2026-03-24 08:20:07 KST | INFO |   🏆 New best accuracy: 43.33%
2026-03-24 08:20:07 KST | INFO | 
2026-03-24 08:20:07 KST | INFO | Epoch 2/100 | LR: 3.520000e-06
2026-03-24 12:01:33 KST | INFO |   Train Loss: 1.0689 | Test Loss: 0.0678 | Test Acc: 46.67%
2026-03-24 12:01:33 KST | INFO |     yes   : F1=55.07%
2026-03-24 12:01:33 KST | INFO |     no    : F1=48.28%
2026-03-24 12:01:33 KST | INFO |     maybe : F1=17.39%
2026-03-24 12:01:33 KST | INFO |   🏆 New best accuracy: 46.67%
2026-03-24 12:01:33 KST | INFO | 
2026-03-24 12:01:33 KST | INFO | Epoch 3/100 | LR: 7.040000e-06
2026-03-24 15:49:29 KST | INFO |   Train Loss: 0.9537 | Test Loss: 0.0617 | Test Acc: 55.33%
2026-03-24 15:49:29 KST | INFO |     yes   : F1=64.72%
2026-03-24 15:49:29 KST | INFO |     no    : F1=52.31%
2026-03-24 15:49:29 KST | INFO |     maybe : F1=12.90%
2026-03-24 15:49:29 KST | INFO |   🏆 New best accuracy: 55.33%
2026-03-24 15:49:29 KST | INFO | 
2026-03-24 15:49:29 KST | INFO | Epoch 4/100 | LR: 1.056000e-05
2026-03-24 19:44:55 KST | INFO |   Train Loss: 0.5484 | Test Loss: 0.0414 | Test Acc: 75.00%
2026-03-24 19:44:55 KST | INFO |     yes   : F1=81.18%
2026-03-24 19:44:55 KST | INFO |     no    : F1=70.93%
2026-03-24 19:44:55 KST | INFO |     maybe : F1=46.43%
2026-03-24 19:44:55 KST | INFO |   🏆 New best accuracy: 75.00%
2026-03-24 19:44:55 KST | INFO | 
2026-03-24 19:44:55 KST | INFO | Epoch 5/100 | LR: 1.408000e-05
2026-03-25 00:02:30 KST | INFO |   Train Loss: 0.3577 | Test Loss: 0.0361 | Test Acc: 76.33%
2026-03-25 00:02:30 KST | INFO |     yes   : F1=82.04%
2026-03-25 00:02:30 KST | INFO |     no    : F1=70.86%
2026-03-25 00:02:30 KST | INFO |     maybe : F1=53.85%
2026-03-25 00:02:30 KST | INFO |   🏆 New best accuracy: 76.33%
2026-03-25 00:02:30 KST | INFO | 
2026-03-25 00:02:30 KST | INFO | Epoch 6/100 | LR: 1.760000e-05
2026-03-25 04:09:27 KST | INFO |   Train Loss: 0.1250 | Test Loss: 0.0313 | Test Acc: 79.00%
2026-03-25 04:09:27 KST | INFO |     yes   : F1=83.03%
2026-03-25 04:09:27 KST | INFO |     no    : F1=81.98%
2026-03-25 04:09:27 KST | INFO |     maybe : F1=37.50%
2026-03-25 04:09:27 KST | INFO |   🏆 New best accuracy: 79.00%
2026-03-25 04:09:27 KST | INFO | 
2026-03-25 04:09:27 KST | INFO | Epoch 7/100 | LR: 1.993253e-05
2026-03-25 08:07:11 KST | INFO |   Train Loss: 0.0391 | Test Loss: 0.0314 | Test Acc: 81.00%
2026-03-25 08:07:11 KST | INFO |     yes   : F1=85.11%
2026-03-25 08:07:11 KST | INFO |     no    : F1=82.73%
2026-03-25 08:07:11 KST | INFO |     maybe : F1=47.06%
2026-03-25 08:07:11 KST | INFO |   🏆 New best accuracy: 81.00%
2026-03-25 08:07:11 KST | INFO | 
2026-03-25 08:07:11 KST | INFO | Epoch 8/100 | LR: 1.972048e-05
2026-03-25 12:06:02 KST | INFO |   Train Loss: 0.0214 | Test Loss: 0.0311 | Test Acc: 81.00%
2026-03-25 12:06:02 KST | INFO |     yes   : F1=85.96%
2026-03-25 12:06:02 KST | INFO |     no    : F1=80.20%
2026-03-25 12:06:02 KST | INFO |     maybe : F1=53.57%
2026-03-25 12:06:02 KST | INFO |   No improvement (1/10)
2026-03-25 12:06:02 KST | INFO | 
2026-03-25 12:06:02 KST | INFO | Epoch 9/100 | LR: 1.950843e-05
2026-03-25 16:12:43 KST | INFO |   Train Loss: 0.0031 | Test Loss: 0.0318 | Test Acc: 82.67%
2026-03-25 16:12:43 KST | INFO |     yes   : F1=87.01%
2026-03-25 16:12:43 KST | INFO |     no    : F1=82.93%
2026-03-25 16:12:43 KST | INFO |     maybe : F1=59.38%
2026-03-25 16:12:43 KST | INFO |   🏆 New best accuracy: 82.67%
2026-03-25 16:12:43 KST | INFO | 
2026-03-25 16:12:43 KST | INFO | Epoch 10/100 | LR: 1.929639e-05
2026-03-25 20:19:24 KST | INFO |   Train Loss: 0.0016 | Test Loss: 0.0307 | Test Acc: 80.67%
2026-03-25 20:19:24 KST | INFO |     yes   : F1=85.02%
2026-03-25 20:19:24 KST | INFO |     no    : F1=80.98%
2026-03-25 20:19:24 KST | INFO |     maybe : F1=58.82%
2026-03-25 20:19:24 KST | INFO |   No improvement (1/10)
2026-03-25 20:19:24 KST | INFO | 
2026-03-25 20:19:24 KST | INFO | Epoch 11/100 | LR: 1.908434e-05
2026-03-26 00:31:40 KST | INFO |   Train Loss: 0.0003 | Test Loss: 0.0327 | Test Acc: 81.00%
2026-03-26 00:31:40 KST | INFO |     yes   : F1=85.12%
2026-03-26 00:31:40 KST | INFO |     no    : F1=80.60%
2026-03-26 00:31:40 KST | INFO |     maybe : F1=60.32%
2026-03-26 00:31:40 KST | INFO |   No improvement (2/10)
2026-03-26 00:31:40 KST | INFO | 
2026-03-26 00:31:40 KST | INFO | Epoch 12/100 | LR: 1.887229e-05
2026-03-26 04:26:48 KST | INFO |   Train Loss: 0.0001 | Test Loss: 0.0327 | Test Acc: 81.67%
2026-03-26 04:26:48 KST | INFO |     yes   : F1=85.63%
2026-03-26 04:26:48 KST | INFO |     no    : F1=82.52%
2026-03-26 04:26:48 KST | INFO |     maybe : F1=56.67%
2026-03-26 04:26:48 KST | INFO |   No improvement (3/10)
2026-03-26 04:26:48 KST | INFO | 
2026-03-26 04:26:48 KST | INFO | Epoch 13/100 | LR: 1.866024e-05
2026-03-26 08:30:49 KST | INFO |   Train Loss: 0.0000 | Test Loss: 0.0326 | Test Acc: 81.67%
2026-03-26 08:30:49 KST | INFO |     yes   : F1=85.54%
2026-03-26 08:30:49 KST | INFO |     no    : F1=82.52%
2026-03-26 08:30:49 KST | INFO |     maybe : F1=58.06%
2026-03-26 08:30:49 KST | INFO |   No improvement (4/10)
2026-03-26 08:30:49 KST | INFO | 
2026-03-26 08:30:49 KST | INFO | Epoch 14/100 | LR: 1.844819e-05
2026-03-26 12:22:01 KST | INFO |   Train Loss: 0.0000 | Test Loss: 0.0327 | Test Acc: 81.67%
2026-03-26 12:22:01 KST | INFO |     yes   : F1=85.63%
2026-03-26 12:22:01 KST | INFO |     no    : F1=82.52%
2026-03-26 12:22:01 KST | INFO |     maybe : F1=56.67%
2026-03-26 12:22:01 KST | INFO |   No improvement (5/10)
2026-03-26 12:22:01 KST | INFO | 
2026-03-26 12:22:01 KST | INFO | Epoch 15/100 | LR: 1.823614e-05
2026-03-26 16:33:50 KST | INFO |   Train Loss: 0.0000 | Test Loss: 0.0327 | Test Acc: 81.67%
2026-03-26 16:33:50 KST | INFO |     yes   : F1=85.63%
2026-03-26 16:33:50 KST | INFO |     no    : F1=82.52%
2026-03-26 16:33:50 KST | INFO |     maybe : F1=56.67%
2026-03-26 16:33:50 KST | INFO |   No improvement (6/10)
2026-03-26 16:33:50 KST | INFO | 
2026-03-26 16:33:50 KST | INFO | Epoch 16/100 | LR: 1.802410e-05
2026-03-26 20:32:07 KST | INFO |   Train Loss: 0.0000 | Test Loss: 0.0327 | Test Acc: 81.67%
2026-03-26 20:32:07 KST | INFO |     yes   : F1=85.89%
2026-03-26 20:32:07 KST | INFO |     no    : F1=82.69%
2026-03-26 20:32:07 KST | INFO |     maybe : F1=54.24%
2026-03-26 20:32:07 KST | INFO |   No improvement (7/10)
2026-03-26 20:32:07 KST | INFO | 
2026-03-26 20:32:07 KST | INFO | Epoch 17/100 | LR: 1.781205e-05
2026-03-27 00:32:14 KST | INFO |   Train Loss: 0.0000 | Test Loss: 0.0329 | Test Acc: 81.67%
2026-03-27 00:32:14 KST | INFO |     yes   : F1=85.89%
2026-03-27 00:32:14 KST | INFO |     no    : F1=82.69%
2026-03-27 00:32:14 KST | INFO |     maybe : F1=54.24%
2026-03-27 00:32:14 KST | INFO |   No improvement (8/10)
2026-03-27 00:32:14 KST | INFO | 
2026-03-27 00:32:14 KST | INFO | Epoch 18/100 | LR: 1.760000e-05
2026-03-27 04:33:38 KST | INFO |   Train Loss: 0.0000 | Test Loss: 0.0329 | Test Acc: 81.67%
2026-03-27 04:33:38 KST | INFO |     yes   : F1=85.89%
2026-03-27 04:33:38 KST | INFO |     no    : F1=82.69%
2026-03-27 04:33:38 KST | INFO |     maybe : F1=54.24%
2026-03-27 04:33:38 KST | INFO |   No improvement (9/10)
2026-03-27 04:33:38 KST | INFO | 
2026-03-27 04:33:38 KST | INFO | Epoch 19/100 | LR: 1.738795e-05
2026-03-27 08:51:45 KST | INFO |   Train Loss: 0.0000 | Test Loss: 0.0329 | Test Acc: 81.67%
2026-03-27 08:51:45 KST | INFO |     yes   : F1=85.89%
2026-03-27 08:51:45 KST | INFO |     no    : F1=82.69%
2026-03-27 08:51:45 KST | INFO |     maybe : F1=54.24%
2026-03-27 08:51:45 KST | INFO |   No improvement (10/10)
2026-03-27 08:51:45 KST | INFO | 
Early stopping after 10 epochs without improvement
2026-03-27 08:51:45 KST | INFO | 
2026-03-27 08:51:45 KST | INFO | ================================================================================
2026-03-27 08:51:45 KST | INFO | TRAINING COMPLETE
2026-03-27 08:51:45 KST | INFO | ================================================================================
2026-03-27 08:51:45 KST | INFO | Best accuracy:  82.67% (Epoch 9)
2026-03-27 08:51:45 KST | INFO | ================================================================================
2026-03-27 08:51:45 KST | INFO | 
2026-03-27 08:51:45 KST | INFO | Notifying nodes of completion …
2026-03-27 08:51:46 KST | INFO | ✓ Nodes notified
2026-03-27 08:51:46 KST | INFO | 
2026-03-27 08:51:46 KST | INFO | Closing connections …
2026-03-27 08:51:46 KST | INFO | ✓ Cleanup complete
2026-03-27 08:51:46 KST | INFO | 
Full log: logs/TL++_biogpt_secure_20260324_044504.log
2026-03-27 08:51:46 KST | INFO | ================================================================================
