2026-02-28 12:21:50 KST | INFO | ================================================================================
2026-02-28 12:21:50 KST | INFO | TL++ Orchestrator  [BioGPT / PubMedQA]
2026-02-28 12:21:50 KST | INFO | ================================================================================
2026-02-28 12:21:50 KST | INFO | Log file: logs/TL++_biogpt_secure_20260228_122150.log
2026-02-28 12:21:50 KST | INFO | 
2026-02-28 12:21:50 KST | INFO | --------------------------------------------------------------------------------
2026-02-28 12:21:50 KST | INFO | CONFIGURATION
2026-02-28 12:21:50 KST | INFO | --------------------------------------------------------------------------------
2026-02-28 12:21:50 KST | INFO | Dataset:            PubMedQA (yes / no / maybe)
2026-02-28 12:21:50 KST | INFO | Model:              BioGPT (microsoft/biogpt)
2026-02-28 12:21:50 KST | INFO | Secure mode:        True
2026-02-28 12:21:50 KST | INFO | LoRA:               False
2026-02-28 12:21:50 KST | INFO | Nodes:              3
2026-02-28 12:21:50 KST | INFO | Cut layer:          1
2026-02-28 12:21:50 KST | INFO | Batch size:         8
2026-02-28 12:21:50 KST | INFO | Learning rate:      2.00e-05
2026-02-28 12:21:50 KST | INFO | Max seq length:     512
2026-02-28 12:21:50 KST | INFO | 
2026-02-28 12:21:50 KST | INFO | Computation device: cuda
2026-02-28 12:21:50 KST | INFO | Secure mode: ✓ ENABLED
2026-02-28 12:21:50 KST | INFO | 
2026-02-28 12:21:50 KST | INFO | --------------------------------------------------------------------------------
2026-02-28 12:21:50 KST | INFO | NETWORK SETUP
2026-02-28 12:21:50 KST | INFO | --------------------------------------------------------------------------------
2026-02-28 12:21:50 KST | INFO | ✓ Orchestrator listening on 127.0.0.1:8080
2026-02-28 12:21:50 KST | INFO | Waiting for helper node …
2026-02-28 12:21:53 KST | INFO | ✓ Helper node connected
2026-02-28 12:21:53 KST | INFO | ✓ Noise config sent (activation: 2.0%, gradient: 10.0%)
2026-02-28 12:21:53 KST | INFO | 
2026-02-28 12:21:53 KST | INFO | Waiting for 3 node(s) …
2026-02-28 12:21:55 KST | INFO |   ✓ Node 1/3 connected
2026-02-28 12:21:56 KST | INFO |   ✓ Node 2/3 connected
2026-02-28 12:21:57 KST | INFO |   ✓ Node 3/3 connected
2026-02-28 12:21:57 KST | INFO | ✓ All 3 node(s) connected
2026-02-28 12:21:57 KST | INFO | 
2026-02-28 12:21:57 KST | INFO | --------------------------------------------------------------------------------
2026-02-28 12:21:57 KST | INFO | MODEL INITIALISATION  [BioGPT + LoRA on orch-side layers]
2026-02-28 12:21:57 KST | INFO | --------------------------------------------------------------------------------
2026-02-28 12:21:57 KST | INFO | HTTP Request: HEAD https://huggingface.co/microsoft/biogpt/resolve/main/config.json "HTTP/1.1 307 Temporary Redirect"
2026-02-28 12:21:57 KST | INFO | HTTP Request: HEAD https://huggingface.co/api/resolve-cache/models/microsoft/biogpt/eb0d815e95434dc9e3b78f464e52b899bee7d923/config.json "HTTP/1.1 200 OK"
2026-02-28 12:21:58 KST | INFO | HTTP Request: HEAD https://huggingface.co/microsoft/biogpt/resolve/main/config.json "HTTP/1.1 307 Temporary Redirect"
2026-02-28 12:21:58 KST | INFO | HTTP Request: HEAD https://huggingface.co/api/resolve-cache/models/microsoft/biogpt/eb0d815e95434dc9e3b78f464e52b899bee7d923/config.json "HTTP/1.1 200 OK"
2026-02-28 12:21:58 KST | INFO | HTTP Request: HEAD https://huggingface.co/microsoft/biogpt/resolve/main/model.safetensors "HTTP/1.1 404 Not Found"
2026-02-28 12:21:58 KST | INFO | HTTP Request: HEAD https://huggingface.co/microsoft/biogpt/resolve/main/model.safetensors.index.json "HTTP/1.1 404 Not Found"
2026-02-28 12:21:58 KST | INFO | HTTP Request: HEAD https://huggingface.co/microsoft/biogpt/resolve/main/pytorch_model.bin "HTTP/1.1 302 Found"
2026-02-28 12:21:58 KST | WARNING | Warning: You are sending unauthenticated requests to the HF Hub. Please set a HF_TOKEN to enable higher rate limits and faster downloads.
2026-02-28 12:21:58 KST | INFO | HTTP Request: HEAD https://huggingface.co/microsoft/biogpt/resolve/main/model.safetensors "HTTP/1.1 404 Not Found"
2026-02-28 12:21:59 KST | INFO | HTTP Request: GET https://huggingface.co/api/models/microsoft/biogpt "HTTP/1.1 200 OK"
2026-02-28 12:21:59 KST | INFO | HTTP Request: GET https://huggingface.co/api/models/microsoft/biogpt/commits/main "HTTP/1.1 200 OK"
2026-02-28 12:21:59 KST | INFO | HTTP Request: GET https://huggingface.co/api/models/microsoft/biogpt/discussions?p=0 "HTTP/1.1 200 OK"
2026-02-28 12:21:59 KST | INFO | HTTP Request: GET https://huggingface.co/api/models/microsoft/biogpt/commits/refs%2Fpr%2F17 "HTTP/1.1 200 OK"
2026-02-28 12:22:00 KST | INFO | HTTP Request: HEAD https://huggingface.co/microsoft/biogpt/resolve/refs%2Fpr%2F17/model.safetensors.index.json "HTTP/1.1 404 Not Found"
2026-02-28 12:22:00 KST | INFO | HTTP Request: HEAD https://huggingface.co/microsoft/biogpt/resolve/refs%2Fpr%2F17/model.safetensors "HTTP/1.1 302 Found"
2026-02-28 12:22:01 KST | INFO | HTTP Request: HEAD https://huggingface.co/microsoft/biogpt/resolve/main/generation_config.json "HTTP/1.1 404 Not Found"
2026-02-28 12:22:01 KST | INFO | HTTP Request: HEAD https://huggingface.co/microsoft/biogpt/resolve/main/config.json "HTTP/1.1 307 Temporary Redirect"
2026-02-28 12:22:01 KST | INFO | HTTP Request: HEAD https://huggingface.co/api/resolve-cache/models/microsoft/biogpt/eb0d815e95434dc9e3b78f464e52b899bee7d923/config.json "HTTP/1.1 200 OK"
2026-02-28 12:22:01 KST | INFO | Node-side parameters:      69,644,288
2026-02-28 12:22:01 KST | INFO | 
2026-02-28 12:22:01 KST | INFO | Broadcasting configuration to nodes …
2026-02-28 12:22:22 KST | INFO | ✓ Configuration broadcast to all nodes
2026-02-28 12:22:22 KST | INFO | Loading microsoft/biogpt …
2026-02-28 12:22:22 KST | INFO | HTTP Request: HEAD https://huggingface.co/microsoft/biogpt/resolve/main/config.json "HTTP/1.1 307 Temporary Redirect"
2026-02-28 12:22:22 KST | INFO | HTTP Request: HEAD https://huggingface.co/api/resolve-cache/models/microsoft/biogpt/eb0d815e95434dc9e3b78f464e52b899bee7d923/config.json "HTTP/1.1 200 OK"
2026-02-28 12:22:23 KST | INFO | HTTP Request: HEAD https://huggingface.co/microsoft/biogpt/resolve/main/config.json "HTTP/1.1 307 Temporary Redirect"
2026-02-28 12:22:23 KST | INFO | HTTP Request: HEAD https://huggingface.co/api/resolve-cache/models/microsoft/biogpt/eb0d815e95434dc9e3b78f464e52b899bee7d923/config.json "HTTP/1.1 200 OK"
2026-02-28 12:22:23 KST | INFO | HTTP Request: HEAD https://huggingface.co/microsoft/biogpt/resolve/main/model.safetensors "HTTP/1.1 404 Not Found"
2026-02-28 12:22:23 KST | INFO | HTTP Request: HEAD https://huggingface.co/microsoft/biogpt/resolve/main/model.safetensors.index.json "HTTP/1.1 404 Not Found"
2026-02-28 12:22:23 KST | INFO | HTTP Request: HEAD https://huggingface.co/microsoft/biogpt/resolve/main/pytorch_model.bin "HTTP/1.1 302 Found"
2026-02-28 12:22:23 KST | INFO | HTTP Request: HEAD https://huggingface.co/microsoft/biogpt/resolve/main/model.safetensors "HTTP/1.1 404 Not Found"
2026-02-28 12:22:24 KST | INFO | HTTP Request: GET https://huggingface.co/api/models/microsoft/biogpt "HTTP/1.1 200 OK"
2026-02-28 12:22:24 KST | INFO | HTTP Request: GET https://huggingface.co/api/models/microsoft/biogpt/commits/main "HTTP/1.1 200 OK"
2026-02-28 12:22:24 KST | INFO | HTTP Request: GET https://huggingface.co/api/models/microsoft/biogpt/discussions?p=0 "HTTP/1.1 200 OK"
2026-02-28 12:22:25 KST | INFO | HTTP Request: GET https://huggingface.co/api/models/microsoft/biogpt/commits/refs%2Fpr%2F17 "HTTP/1.1 200 OK"
2026-02-28 12:22:25 KST | INFO | HTTP Request: HEAD https://huggingface.co/microsoft/biogpt/resolve/refs%2Fpr%2F17/model.safetensors.index.json "HTTP/1.1 404 Not Found"
2026-02-28 12:22:25 KST | INFO | HTTP Request: HEAD https://huggingface.co/microsoft/biogpt/resolve/refs%2Fpr%2F17/model.safetensors "HTTP/1.1 302 Found"
2026-02-28 12:22:25 KST | INFO | HTTP Request: HEAD https://huggingface.co/microsoft/biogpt/resolve/main/generation_config.json "HTTP/1.1 404 Not Found"
2026-02-28 12:22:26 KST | INFO | HTTP Request: HEAD https://huggingface.co/microsoft/biogpt/resolve/main/config.json "HTTP/1.1 307 Temporary Redirect"
2026-02-28 12:22:26 KST | INFO | HTTP Request: HEAD https://huggingface.co/api/resolve-cache/models/microsoft/biogpt/eb0d815e95434dc9e3b78f464e52b899bee7d923/config.json "HTTP/1.1 200 OK"
2026-02-28 12:22:26 KST | INFO | Total parameters:          346,766,339
2026-02-28 12:22:26 KST | INFO | Trainable parameters:      346,766,339
2026-02-28 12:22:26 KST | INFO | 
2026-02-28 12:22:26 KST | INFO | --------------------------------------------------------------------------------
2026-02-28 12:22:26 KST | INFO | DATA LOADING
2026-02-28 12:22:26 KST | INFO | --------------------------------------------------------------------------------
2026-02-28 12:22:33 KST | INFO | ✓ Dataset sizes received:
2026-02-28 12:22:33 KST | INFO |     Node 1: 397 samples
2026-02-28 12:22:33 KST | INFO |     Node 2: 228 samples
2026-02-28 12:22:33 KST | INFO |     Node 3: 75 samples
2026-02-28 12:22:33 KST | INFO |   Total training: 700
2026-02-28 12:22:33 KST | INFO | 
2026-02-28 12:22:33 KST | INFO | HTTP Request: HEAD https://huggingface.co/microsoft/biogpt/resolve/main/tokenizer_config.json "HTTP/1.1 404 Not Found"
2026-02-28 12:22:34 KST | INFO | HTTP Request: GET https://huggingface.co/api/models/microsoft/biogpt/tree/main/additional_chat_templates?recursive=false&expand=false "HTTP/1.1 404 Not Found"
2026-02-28 12:22:34 KST | INFO | HTTP Request: GET https://huggingface.co/api/models/microsoft/biogpt/tree/main?recursive=true&expand=false "HTTP/1.1 200 OK"
2026-02-28 12:22:34 KST | INFO | HTTP Request: HEAD https://huggingface.co/microsoft/biogpt/resolve/main/vocab.json "HTTP/1.1 307 Temporary Redirect"
2026-02-28 12:22:34 KST | INFO | HTTP Request: HEAD https://huggingface.co/api/resolve-cache/models/microsoft/biogpt/eb0d815e95434dc9e3b78f464e52b899bee7d923/vocab.json "HTTP/1.1 200 OK"
2026-02-28 12:22:35 KST | INFO | Loading PubMedQA from Hugging Face …
2026-02-28 12:22:36 KST | INFO | HTTP Request: HEAD https://huggingface.co/datasets/pubmed_qa/resolve/main/README.md "HTTP/1.1 307 Temporary Redirect"
2026-02-28 12:22:36 KST | INFO | HTTP Request: HEAD https://huggingface.co/datasets/qiaojin/PubMedQA/resolve/main/README.md "HTTP/1.1 307 Temporary Redirect"
2026-02-28 12:22:36 KST | INFO | HTTP Request: HEAD https://huggingface.co/api/resolve-cache/datasets/qiaojin/PubMedQA/9001f2853fb87cab8d220904e0de81ac6973b318/README.md "HTTP/1.1 200 OK"
2026-02-28 12:22:36 KST | INFO | HTTP Request: HEAD https://huggingface.co/datasets/pubmed_qa/resolve/9001f2853fb87cab8d220904e0de81ac6973b318/pubmed_qa.py "HTTP/1.1 307 Temporary Redirect"
2026-02-28 12:22:36 KST | INFO | HTTP Request: HEAD https://huggingface.co/datasets/qiaojin/PubMedQA/resolve/9001f2853fb87cab8d220904e0de81ac6973b318/pubmed_qa.py "HTTP/1.1 404 Not Found"
2026-02-28 12:22:37 KST | INFO | HTTP Request: HEAD https://s3.amazonaws.com/datasets.huggingface.co/datasets/datasets/pubmed_qa/pubmed_qa.py "HTTP/1.1 404 Not Found"
2026-02-28 12:22:37 KST | INFO | HTTP Request: GET https://huggingface.co/api/datasets/pubmed_qa/revision/9001f2853fb87cab8d220904e0de81ac6973b318 "HTTP/1.1 307 Temporary Redirect"
2026-02-28 12:22:38 KST | INFO | HTTP Request: GET https://huggingface.co/api/datasets/qiaojin/PubMedQA/revision/9001f2853fb87cab8d220904e0de81ac6973b318 "HTTP/1.1 200 OK"
2026-02-28 12:22:38 KST | INFO | HTTP Request: HEAD https://huggingface.co/datasets/pubmed_qa/resolve/9001f2853fb87cab8d220904e0de81ac6973b318/.huggingface.yaml "HTTP/1.1 307 Temporary Redirect"
2026-02-28 12:22:38 KST | INFO | HTTP Request: HEAD https://huggingface.co/datasets/qiaojin/PubMedQA/resolve/9001f2853fb87cab8d220904e0de81ac6973b318/.huggingface.yaml "HTTP/1.1 404 Not Found"
2026-02-28 12:22:38 KST | INFO | HTTP Request: GET https://datasets-server.huggingface.co/info?dataset=pubmed_qa "HTTP/1.1 404 Not Found"
2026-02-28 12:22:38 KST | INFO | HTTP Request: GET https://huggingface.co/api/datasets/pubmed_qa/tree/9001f2853fb87cab8d220904e0de81ac6973b318/pqa_artificial?recursive=true&expand=false "HTTP/1.1 307 Temporary Redirect"
2026-02-28 12:22:39 KST | INFO | HTTP Request: GET https://huggingface.co/api/datasets/qiaojin/PubMedQA/tree/9001f2853fb87cab8d220904e0de81ac6973b318/pqa_artificial?recursive=true&expand=false "HTTP/1.1 200 OK"
2026-02-28 12:22:39 KST | INFO | HTTP Request: GET https://huggingface.co/api/datasets/pubmed_qa/tree/9001f2853fb87cab8d220904e0de81ac6973b318?recursive=false&expand=false "HTTP/1.1 307 Temporary Redirect"
2026-02-28 12:22:39 KST | INFO | HTTP Request: GET https://huggingface.co/api/datasets/qiaojin/PubMedQA/tree/9001f2853fb87cab8d220904e0de81ac6973b318?recursive=false&expand=false "HTTP/1.1 200 OK"
2026-02-28 12:22:39 KST | INFO | HTTP Request: HEAD https://huggingface.co/datasets/pubmed_qa/resolve/9001f2853fb87cab8d220904e0de81ac6973b318/dataset_infos.json "HTTP/1.1 307 Temporary Redirect"
2026-02-28 12:22:40 KST | INFO | HTTP Request: HEAD https://huggingface.co/datasets/qiaojin/PubMedQA/resolve/9001f2853fb87cab8d220904e0de81ac6973b318/dataset_infos.json "HTTP/1.1 404 Not Found"
2026-02-28 12:22:40 KST | INFO | HTTP Request: GET https://huggingface.co/api/datasets/pubmed_qa/tree/9001f2853fb87cab8d220904e0de81ac6973b318/pqa_labeled?recursive=true&expand=false "HTTP/1.1 307 Temporary Redirect"
2026-02-28 12:22:40 KST | INFO | HTTP Request: GET https://huggingface.co/api/datasets/qiaojin/PubMedQA/tree/9001f2853fb87cab8d220904e0de81ac6973b318/pqa_labeled?recursive=true&expand=false "HTTP/1.1 200 OK"
2026-02-28 12:22:40 KST | INFO | ✓ HF PubMedQA: 1000 total, 700 train / 300 test
2026-02-28 12:22:45 KST | INFO | ✓ Test set: 300 samples
2026-02-28 12:22:45 KST | INFO | 
2026-02-28 12:22:45 KST | INFO | ✓ Batch scheduler: 88 batches/epoch
2026-02-28 12:22:45 KST | INFO | 
2026-02-28 12:22:45 KST | INFO | --------------------------------------------------------------------------------
2026-02-28 12:22:45 KST | INFO | OPTIMISATION SETUP
2026-02-28 12:22:45 KST | INFO | --------------------------------------------------------------------------------
2026-02-28 12:22:45 KST | INFO | ✓ Optimizer:  AdamW (lr=2.00e-05)
2026-02-28 12:22:45 KST | INFO | ✓ Scheduler:  Linear warmup (500 steps / 8800 total)
2026-02-28 12:22:45 KST | INFO | ✓ Grad clip:  1.0
2026-02-28 12:22:45 KST | INFO | 
2026-02-28 12:22:45 KST | INFO | ================================================================================
2026-02-28 12:22:45 KST | INFO | Setup complete — Ready for training
2026-02-28 12:22:45 KST | INFO | ================================================================================
2026-02-28 12:22:45 KST | INFO | 
2026-02-28 12:22:45 KST | INFO | --------------------------------------------------------------------------------
2026-02-28 12:22:45 KST | INFO | TRAINING
2026-02-28 12:22:45 KST | INFO | --------------------------------------------------------------------------------
2026-02-28 12:22:45 KST | INFO | 
2026-02-28 12:22:45 KST | INFO | Epoch 1/100 | LR: 0.000000e+00
2026-02-28 17:54:31 KST | INFO |   Train Loss: 1.6823 | Test Loss: 0.0714 | Test Acc: 38.00%
2026-02-28 17:54:31 KST | INFO |     yes   : F1=21.54%
2026-02-28 17:54:31 KST | INFO |     no    : F1=51.25%
2026-02-28 17:54:31 KST | INFO |     maybe : F1= 4.35%
2026-02-28 17:54:31 KST | INFO |   🏆 New best accuracy: 38.00%
2026-02-28 17:54:31 KST | INFO | 
2026-02-28 17:54:31 KST | INFO | Epoch 2/100 | LR: 3.520000e-06
2026-02-28 23:31:07 KST | INFO |   Train Loss: 1.0103 | Test Loss: 0.0630 | Test Acc: 49.67%
2026-02-28 23:31:07 KST | INFO |     yes   : F1=49.04%
2026-02-28 23:31:07 KST | INFO |     no    : F1=56.00%
2026-02-28 23:31:07 KST | INFO |     maybe : F1= 5.13%
2026-02-28 23:31:07 KST | INFO |   🏆 New best accuracy: 49.67%
2026-02-28 23:31:07 KST | INFO | 
2026-02-28 23:31:07 KST | INFO | Epoch 3/100 | LR: 7.040000e-06
2026-03-01 05:04:39 KST | INFO |   Train Loss: 0.7283 | Test Loss: 0.0432 | Test Acc: 78.33%
2026-03-01 05:04:39 KST | INFO |     yes   : F1=84.52%
2026-03-01 05:04:39 KST | INFO |     no    : F1=76.47%
2026-03-01 05:04:39 KST | INFO |     maybe : F1=50.00%
2026-03-01 05:04:39 KST | INFO |   🏆 New best accuracy: 78.33%
2026-03-01 05:04:39 KST | INFO | 
2026-03-01 05:04:39 KST | INFO | Epoch 4/100 | LR: 1.056000e-05
2026-03-01 10:43:46 KST | INFO |   Train Loss: 0.4650 | Test Loss: 0.0321 | Test Acc: 78.33%
2026-03-01 10:43:46 KST | INFO |     yes   : F1=83.44%
2026-03-01 10:43:46 KST | INFO |     no    : F1=81.20%
2026-03-01 10:43:46 KST | INFO |     maybe : F1=20.00%
2026-03-01 10:43:46 KST | INFO |   No improvement (1/10)
2026-03-01 10:43:46 KST | INFO | 
2026-03-01 10:43:46 KST | INFO | Epoch 5/100 | LR: 1.408000e-05
2026-03-01 16:21:47 KST | INFO |   Train Loss: 0.2949 | Test Loss: 0.0257 | Test Acc: 83.67%
2026-03-01 16:21:47 KST | INFO |     yes   : F1=84.98%
2026-03-01 16:21:47 KST | INFO |     no    : F1=86.64%
2026-03-01 16:21:47 KST | INFO |     maybe : F1=68.57%
2026-03-01 16:21:47 KST | INFO |   🏆 New best accuracy: 83.67%
2026-03-01 16:21:47 KST | INFO | 
2026-03-01 16:21:47 KST | INFO | Epoch 6/100 | LR: 1.760000e-05
2026-03-01 22:00:27 KST | INFO |   Train Loss: 0.1946 | Test Loss: 0.0280 | Test Acc: 83.33%
2026-03-01 22:00:27 KST | INFO |     yes   : F1=86.42%
2026-03-01 22:00:27 KST | INFO |     no    : F1=83.81%
2026-03-01 22:00:27 KST | INFO |     maybe : F1=66.67%
2026-03-01 22:00:27 KST | INFO |   No improvement (1/10)
2026-03-01 22:00:27 KST | INFO | 
2026-03-01 22:00:27 KST | INFO | Epoch 7/100 | LR: 1.993253e-05
2026-03-02 03:40:06 KST | INFO |   Train Loss: 0.0444 | Test Loss: 0.0283 | Test Acc: 82.00%
2026-03-02 03:40:06 KST | INFO |     yes   : F1=83.28%
2026-03-02 03:40:06 KST | INFO |     no    : F1=83.56%
2026-03-02 03:40:06 KST | INFO |     maybe : F1=71.43%
2026-03-02 03:40:06 KST | INFO |   No improvement (2/10)
2026-03-02 03:40:06 KST | INFO | 
2026-03-02 03:40:06 KST | INFO | Epoch 8/100 | LR: 1.972048e-05
2026-03-02 08:12:44 KST | INFO |   Train Loss: 0.0177 | Test Loss: 0.0375 | Test Acc: 79.00%
2026-03-02 08:12:44 KST | INFO |     yes   : F1=86.50%
2026-03-02 08:12:44 KST | INFO |     no    : F1=74.16%
2026-03-02 08:12:44 KST | INFO |     maybe : F1=62.50%
2026-03-02 08:12:44 KST | INFO |   No improvement (3/10)
2026-03-02 08:12:44 KST | INFO | 
2026-03-02 08:12:44 KST | INFO | Epoch 9/100 | LR: 1.950843e-05
2026-03-02 13:21:26 KST | INFO |   Train Loss: 0.0174 | Test Loss: 0.0346 | Test Acc: 80.67%
2026-03-02 13:21:26 KST | INFO |     yes   : F1=84.75%
2026-03-02 13:21:26 KST | INFO |     no    : F1=83.00%
2026-03-02 13:21:26 KST | INFO |     maybe : F1=39.13%
2026-03-02 13:21:26 KST | INFO |   No improvement (4/10)
2026-03-02 13:21:26 KST | INFO | 
2026-03-02 13:21:26 KST | INFO | Epoch 10/100 | LR: 1.929639e-05
2026-03-02 18:30:43 KST | INFO |   Train Loss: 0.0052 | Test Loss: 0.0367 | Test Acc: 79.67%
2026-03-02 18:30:43 KST | INFO |     yes   : F1=84.33%
2026-03-02 18:30:43 KST | INFO |     no    : F1=80.60%
2026-03-02 18:30:43 KST | INFO |     maybe : F1=41.67%
2026-03-02 18:30:43 KST | INFO |   No improvement (5/10)
2026-03-02 18:30:43 KST | INFO | 
2026-03-02 18:30:43 KST | INFO | Epoch 11/100 | LR: 1.908434e-05
2026-03-02 23:54:56 KST | INFO |   Train Loss: 0.0010 | Test Loss: 0.0327 | Test Acc: 79.33%
2026-03-02 23:54:56 KST | INFO |     yes   : F1=84.48%
2026-03-02 23:54:56 KST | INFO |     no    : F1=79.59%
2026-03-02 23:54:56 KST | INFO |     maybe : F1=46.43%
2026-03-02 23:54:56 KST | INFO |   No improvement (6/10)
2026-03-02 23:54:56 KST | INFO | 
2026-03-02 23:54:56 KST | INFO | Epoch 12/100 | LR: 1.887229e-05
2026-03-03 05:18:53 KST | INFO |   Train Loss: 0.0009 | Test Loss: 0.0284 | Test Acc: 82.33%
2026-03-03 05:18:53 KST | INFO |     yes   : F1=85.81%
2026-03-03 05:18:53 KST | INFO |     no    : F1=82.61%
2026-03-03 05:18:53 KST | INFO |     maybe : F1=63.33%
2026-03-03 05:18:53 KST | INFO |   No improvement (7/10)
2026-03-03 05:18:53 KST | INFO | 
2026-03-03 05:18:53 KST | INFO | Epoch 13/100 | LR: 1.866024e-05
2026-03-03 10:50:46 KST | INFO |   Train Loss: 0.0002 | Test Loss: 0.0299 | Test Acc: 82.33%
2026-03-03 10:50:46 KST | INFO |     yes   : F1=86.39%
2026-03-03 10:50:46 KST | INFO |     no    : F1=83.09%
2026-03-03 10:50:46 KST | INFO |     maybe : F1=54.55%
2026-03-03 10:50:46 KST | INFO |   No improvement (8/10)
2026-03-03 10:50:46 KST | INFO | 
2026-03-03 10:50:46 KST | INFO | Epoch 14/100 | LR: 1.844819e-05
2026-03-03 16:14:51 KST | INFO |   Train Loss: 0.0000 | Test Loss: 0.0298 | Test Acc: 82.33%
2026-03-03 16:14:51 KST | INFO |     yes   : F1=86.39%
2026-03-03 16:14:51 KST | INFO |     no    : F1=83.09%
2026-03-03 16:14:51 KST | INFO |     maybe : F1=54.55%
2026-03-03 16:14:51 KST | INFO |   No improvement (9/10)
2026-03-03 16:14:51 KST | INFO | 
2026-03-03 16:14:51 KST | INFO | Epoch 15/100 | LR: 1.823614e-05
2026-03-03 21:39:39 KST | INFO |   Train Loss: 0.0000 | Test Loss: 0.0298 | Test Acc: 82.33%
2026-03-03 21:39:39 KST | INFO |     yes   : F1=86.39%
2026-03-03 21:39:39 KST | INFO |     no    : F1=83.09%
2026-03-03 21:39:39 KST | INFO |     maybe : F1=54.55%
2026-03-03 21:39:39 KST | INFO |   No improvement (10/10)
2026-03-03 21:39:39 KST | INFO | 
Early stopping after 10 epochs without improvement
2026-03-03 21:39:39 KST | INFO | 
2026-03-03 21:39:39 KST | INFO | ================================================================================
2026-03-03 21:39:39 KST | INFO | TRAINING COMPLETE
2026-03-03 21:39:39 KST | INFO | ================================================================================
2026-03-03 21:39:39 KST | INFO | Best accuracy:  83.67% (Epoch 5)
2026-03-03 21:39:39 KST | INFO | ================================================================================
2026-03-03 21:39:39 KST | INFO | 
2026-03-03 21:39:39 KST | INFO | Notifying nodes of completion …
2026-03-03 21:39:40 KST | INFO | ✓ Nodes notified
2026-03-03 21:39:40 KST | INFO | 
2026-03-03 21:39:40 KST | INFO | Closing connections …
2026-03-03 21:39:40 KST | INFO | ✓ Cleanup complete
2026-03-03 21:39:40 KST | INFO | 
Full log: logs/TL++_biogpt_secure_20260228_122150.log
2026-03-03 21:39:40 KST | INFO | ================================================================================
