2026-03-27 08:51:59 KST | INFO | ================================================================================
2026-03-27 08:51:59 KST | INFO | TL++ Orchestrator  [BioGPT / PubMedQA]
2026-03-27 08:51:59 KST | INFO | ================================================================================
2026-03-27 08:51:59 KST | INFO | Log file: logs/TL++_biogpt_secure_20260327_085159.log
2026-03-27 08:51:59 KST | INFO | 
2026-03-27 08:51:59 KST | INFO | --------------------------------------------------------------------------------
2026-03-27 08:51:59 KST | INFO | CONFIGURATION
2026-03-27 08:51:59 KST | INFO | --------------------------------------------------------------------------------
2026-03-27 08:51:59 KST | INFO | Dataset:            PubMedQA (yes / no / maybe)
2026-03-27 08:51:59 KST | INFO | Model:              BioGPT (microsoft/biogpt)
2026-03-27 08:51:59 KST | INFO | Secure mode:        True
2026-03-27 08:51:59 KST | INFO | LoRA:               False
2026-03-27 08:51:59 KST | INFO | Nodes:              3
2026-03-27 08:51:59 KST | INFO | Cut layer:          1
2026-03-27 08:51:59 KST | INFO | Batch size:         8
2026-03-27 08:51:59 KST | INFO | Learning rate:      2.00e-05
2026-03-27 08:51:59 KST | INFO | Max seq length:     512
2026-03-27 08:51:59 KST | INFO | 
2026-03-27 08:51:59 KST | INFO | Computation device: cuda
2026-03-27 08:51:59 KST | INFO | Secure mode: ✓ ENABLED
2026-03-27 08:51:59 KST | INFO | 
2026-03-27 08:51:59 KST | INFO | --------------------------------------------------------------------------------
2026-03-27 08:51:59 KST | INFO | NETWORK SETUP
2026-03-27 08:51:59 KST | INFO | --------------------------------------------------------------------------------
2026-03-27 08:51:59 KST | INFO | ✓ Orchestrator listening on 127.0.0.1:8080
2026-03-27 08:51:59 KST | INFO | Waiting for helper node …
2026-03-27 08:52:02 KST | INFO | ✓ Helper node connected
2026-03-27 08:52:02 KST | INFO | ✓ Noise config sent (activation: 2.0%, gradient: 10.0%)
2026-03-27 08:52:02 KST | INFO | 
2026-03-27 08:52:02 KST | INFO | Waiting for 3 node(s) …
2026-03-27 08:52:04 KST | INFO |   ✓ Node 1/3 connected
2026-03-27 08:52:05 KST | INFO |   ✓ Node 2/3 connected
2026-03-27 08:52:06 KST | INFO |   ✓ Node 3/3 connected
2026-03-27 08:52:06 KST | INFO | ✓ All 3 node(s) connected
2026-03-27 08:52:06 KST | INFO | 
2026-03-27 08:52:06 KST | INFO | --------------------------------------------------------------------------------
2026-03-27 08:52:06 KST | INFO | MODEL INITIALISATION  [BioGPT + LoRA on orch-side layers]
2026-03-27 08:52:06 KST | INFO | --------------------------------------------------------------------------------
2026-03-27 08:52:06 KST | INFO | HTTP Request: HEAD https://huggingface.co/microsoft/biogpt/resolve/main/config.json "HTTP/1.1 307 Temporary Redirect"
2026-03-27 08:52:06 KST | INFO | HTTP Request: HEAD https://huggingface.co/api/resolve-cache/models/microsoft/biogpt/eb0d815e95434dc9e3b78f464e52b899bee7d923/config.json "HTTP/1.1 200 OK"
2026-03-27 08:52:07 KST | INFO | HTTP Request: HEAD https://huggingface.co/microsoft/biogpt/resolve/main/config.json "HTTP/1.1 307 Temporary Redirect"
2026-03-27 08:52:07 KST | INFO | HTTP Request: HEAD https://huggingface.co/api/resolve-cache/models/microsoft/biogpt/eb0d815e95434dc9e3b78f464e52b899bee7d923/config.json "HTTP/1.1 200 OK"
2026-03-27 08:52:07 KST | INFO | HTTP Request: HEAD https://huggingface.co/microsoft/biogpt/resolve/main/model.safetensors "HTTP/1.1 404 Not Found"
2026-03-27 08:52:07 KST | WARNING | Warning: You are sending unauthenticated requests to the HF Hub. Please set a HF_TOKEN to enable higher rate limits and faster downloads.
2026-03-27 08:52:07 KST | INFO | HTTP Request: HEAD https://huggingface.co/microsoft/biogpt/resolve/main/model.safetensors.index.json "HTTP/1.1 404 Not Found"
2026-03-27 08:52:07 KST | INFO | HTTP Request: HEAD https://huggingface.co/microsoft/biogpt/resolve/main/pytorch_model.bin "HTTP/1.1 302 Found"
2026-03-27 08:52:07 KST | INFO | HTTP Request: HEAD https://huggingface.co/microsoft/biogpt/resolve/main/model.safetensors "HTTP/1.1 404 Not Found"
2026-03-27 08:52:08 KST | INFO | HTTP Request: GET https://huggingface.co/api/models/microsoft/biogpt "HTTP/1.1 200 OK"
2026-03-27 08:52:08 KST | INFO | HTTP Request: GET https://huggingface.co/api/models/microsoft/biogpt/commits/main "HTTP/1.1 200 OK"
2026-03-27 08:52:08 KST | INFO | HTTP Request: GET https://huggingface.co/api/models/microsoft/biogpt/discussions?p=0 "HTTP/1.1 200 OK"
2026-03-27 08:52:08 KST | INFO | HTTP Request: GET https://huggingface.co/api/models/microsoft/biogpt/commits/refs%2Fpr%2F17 "HTTP/1.1 200 OK"
2026-03-27 08:52:09 KST | INFO | HTTP Request: HEAD https://huggingface.co/microsoft/biogpt/resolve/refs%2Fpr%2F17/model.safetensors.index.json "HTTP/1.1 404 Not Found"
2026-03-27 08:52:09 KST | INFO | HTTP Request: HEAD https://huggingface.co/microsoft/biogpt/resolve/refs%2Fpr%2F17/model.safetensors "HTTP/1.1 302 Found"
2026-03-27 08:52:09 KST | INFO | HTTP Request: HEAD https://huggingface.co/microsoft/biogpt/resolve/main/generation_config.json "HTTP/1.1 404 Not Found"
2026-03-27 08:52:09 KST | INFO | HTTP Request: HEAD https://huggingface.co/microsoft/biogpt/resolve/main/config.json "HTTP/1.1 307 Temporary Redirect"
2026-03-27 08:52:09 KST | INFO | HTTP Request: HEAD https://huggingface.co/api/resolve-cache/models/microsoft/biogpt/eb0d815e95434dc9e3b78f464e52b899bee7d923/config.json "HTTP/1.1 200 OK"
2026-03-27 08:52:09 KST | INFO | Node-side parameters:      69,644,288
2026-03-27 08:52:09 KST | INFO | 
2026-03-27 08:52:09 KST | INFO | Broadcasting configuration to nodes …
2026-03-27 08:52:28 KST | INFO | ✓ Configuration broadcast to all nodes
2026-03-27 08:52:28 KST | INFO | Loading microsoft/biogpt …
2026-03-27 08:52:29 KST | INFO | HTTP Request: HEAD https://huggingface.co/microsoft/biogpt/resolve/main/config.json "HTTP/1.1 307 Temporary Redirect"
2026-03-27 08:52:29 KST | INFO | HTTP Request: HEAD https://huggingface.co/api/resolve-cache/models/microsoft/biogpt/eb0d815e95434dc9e3b78f464e52b899bee7d923/config.json "HTTP/1.1 200 OK"
2026-03-27 08:52:29 KST | INFO | HTTP Request: HEAD https://huggingface.co/microsoft/biogpt/resolve/main/config.json "HTTP/1.1 307 Temporary Redirect"
2026-03-27 08:52:29 KST | INFO | HTTP Request: HEAD https://huggingface.co/api/resolve-cache/models/microsoft/biogpt/eb0d815e95434dc9e3b78f464e52b899bee7d923/config.json "HTTP/1.1 200 OK"
2026-03-27 08:52:29 KST | INFO | HTTP Request: HEAD https://huggingface.co/microsoft/biogpt/resolve/main/model.safetensors "HTTP/1.1 404 Not Found"
2026-03-27 08:52:29 KST | INFO | HTTP Request: HEAD https://huggingface.co/microsoft/biogpt/resolve/main/model.safetensors.index.json "HTTP/1.1 404 Not Found"
2026-03-27 08:52:30 KST | INFO | HTTP Request: HEAD https://huggingface.co/microsoft/biogpt/resolve/main/pytorch_model.bin "HTTP/1.1 302 Found"
2026-03-27 08:52:30 KST | INFO | HTTP Request: HEAD https://huggingface.co/microsoft/biogpt/resolve/main/model.safetensors "HTTP/1.1 404 Not Found"
2026-03-27 08:52:30 KST | INFO | HTTP Request: GET https://huggingface.co/api/models/microsoft/biogpt "HTTP/1.1 200 OK"
2026-03-27 08:52:30 KST | INFO | HTTP Request: GET https://huggingface.co/api/models/microsoft/biogpt/commits/main "HTTP/1.1 200 OK"
2026-03-27 08:52:30 KST | INFO | HTTP Request: GET https://huggingface.co/api/models/microsoft/biogpt/discussions?p=0 "HTTP/1.1 200 OK"
2026-03-27 08:52:31 KST | INFO | HTTP Request: GET https://huggingface.co/api/models/microsoft/biogpt/commits/refs%2Fpr%2F17 "HTTP/1.1 200 OK"
2026-03-27 08:52:31 KST | INFO | HTTP Request: HEAD https://huggingface.co/microsoft/biogpt/resolve/refs%2Fpr%2F17/model.safetensors.index.json "HTTP/1.1 404 Not Found"
2026-03-27 08:52:31 KST | INFO | HTTP Request: HEAD https://huggingface.co/microsoft/biogpt/resolve/main/generation_config.json "HTTP/1.1 404 Not Found"
2026-03-27 08:52:31 KST | INFO | HTTP Request: HEAD https://huggingface.co/microsoft/biogpt/resolve/refs%2Fpr%2F17/model.safetensors "HTTP/1.1 302 Found"
2026-03-27 08:52:31 KST | INFO | HTTP Request: HEAD https://huggingface.co/microsoft/biogpt/resolve/main/config.json "HTTP/1.1 307 Temporary Redirect"
2026-03-27 08:52:31 KST | INFO | HTTP Request: HEAD https://huggingface.co/api/resolve-cache/models/microsoft/biogpt/eb0d815e95434dc9e3b78f464e52b899bee7d923/config.json "HTTP/1.1 200 OK"
2026-03-27 08:52:32 KST | INFO | Total parameters:          346,766,339
2026-03-27 08:52:32 KST | INFO | Trainable parameters:      346,766,339
2026-03-27 08:52:32 KST | INFO | 
2026-03-27 08:52:32 KST | INFO | --------------------------------------------------------------------------------
2026-03-27 08:52:32 KST | INFO | DATA LOADING
2026-03-27 08:52:32 KST | INFO | --------------------------------------------------------------------------------
2026-03-27 08:52:38 KST | INFO | ✓ Dataset sizes received:
2026-03-27 08:52:38 KST | INFO |     Node 1: 397 samples
2026-03-27 08:52:38 KST | INFO |     Node 2: 228 samples
2026-03-27 08:52:38 KST | INFO |     Node 3: 75 samples
2026-03-27 08:52:38 KST | INFO |   Total training: 700
2026-03-27 08:52:38 KST | INFO | 
2026-03-27 08:52:39 KST | INFO | HTTP Request: HEAD https://huggingface.co/microsoft/biogpt/resolve/main/tokenizer_config.json "HTTP/1.1 404 Not Found"
2026-03-27 08:52:39 KST | INFO | HTTP Request: GET https://huggingface.co/api/models/microsoft/biogpt/tree/main/additional_chat_templates?recursive=false&expand=false "HTTP/1.1 404 Not Found"
2026-03-27 08:52:39 KST | INFO | HTTP Request: GET https://huggingface.co/api/models/microsoft/biogpt/tree/main?recursive=true&expand=false "HTTP/1.1 200 OK"
2026-03-27 08:52:39 KST | INFO | HTTP Request: HEAD https://huggingface.co/microsoft/biogpt/resolve/main/vocab.json "HTTP/1.1 307 Temporary Redirect"
2026-03-27 08:52:39 KST | INFO | HTTP Request: HEAD https://huggingface.co/api/resolve-cache/models/microsoft/biogpt/eb0d815e95434dc9e3b78f464e52b899bee7d923/vocab.json "HTTP/1.1 200 OK"
2026-03-27 08:52:40 KST | INFO | Loading PubMedQA from Hugging Face …
2026-03-27 08:52:40 KST | INFO | HTTP Request: HEAD https://huggingface.co/datasets/pubmed_qa/resolve/main/README.md "HTTP/1.1 307 Temporary Redirect"
2026-03-27 08:52:41 KST | INFO | HTTP Request: HEAD https://huggingface.co/datasets/qiaojin/PubMedQA/resolve/main/README.md "HTTP/1.1 307 Temporary Redirect"
2026-03-27 08:52:41 KST | INFO | HTTP Request: HEAD https://huggingface.co/api/resolve-cache/datasets/qiaojin/PubMedQA/9001f2853fb87cab8d220904e0de81ac6973b318/README.md "HTTP/1.1 200 OK"
2026-03-27 08:52:41 KST | INFO | HTTP Request: HEAD https://huggingface.co/datasets/pubmed_qa/resolve/9001f2853fb87cab8d220904e0de81ac6973b318/pubmed_qa.py "HTTP/1.1 307 Temporary Redirect"
2026-03-27 08:52:41 KST | INFO | HTTP Request: HEAD https://huggingface.co/datasets/qiaojin/PubMedQA/resolve/9001f2853fb87cab8d220904e0de81ac6973b318/pubmed_qa.py "HTTP/1.1 404 Not Found"
2026-03-27 08:52:42 KST | INFO | HTTP Request: HEAD https://s3.amazonaws.com/datasets.huggingface.co/datasets/datasets/pubmed_qa/pubmed_qa.py "HTTP/1.1 404 Not Found"
2026-03-27 08:52:42 KST | INFO | HTTP Request: GET https://huggingface.co/api/datasets/pubmed_qa/revision/9001f2853fb87cab8d220904e0de81ac6973b318 "HTTP/1.1 307 Temporary Redirect"
2026-03-27 08:52:42 KST | INFO | HTTP Request: GET https://huggingface.co/api/datasets/qiaojin/PubMedQA/revision/9001f2853fb87cab8d220904e0de81ac6973b318 "HTTP/1.1 200 OK"
2026-03-27 08:52:42 KST | INFO | HTTP Request: HEAD https://huggingface.co/datasets/pubmed_qa/resolve/9001f2853fb87cab8d220904e0de81ac6973b318/.huggingface.yaml "HTTP/1.1 307 Temporary Redirect"
2026-03-27 08:52:42 KST | INFO | HTTP Request: HEAD https://huggingface.co/datasets/qiaojin/PubMedQA/resolve/9001f2853fb87cab8d220904e0de81ac6973b318/.huggingface.yaml "HTTP/1.1 404 Not Found"
2026-03-27 08:52:43 KST | INFO | HTTP Request: GET https://datasets-server.huggingface.co/info?dataset=pubmed_qa "HTTP/1.1 404 Not Found"
2026-03-27 08:52:43 KST | INFO | HTTP Request: GET https://huggingface.co/api/datasets/pubmed_qa/tree/9001f2853fb87cab8d220904e0de81ac6973b318/pqa_artificial?recursive=true&expand=false "HTTP/1.1 307 Temporary Redirect"
2026-03-27 08:52:43 KST | INFO | HTTP Request: GET https://huggingface.co/api/datasets/qiaojin/PubMedQA/tree/9001f2853fb87cab8d220904e0de81ac6973b318/pqa_artificial?recursive=true&expand=false "HTTP/1.1 200 OK"
2026-03-27 08:52:43 KST | INFO | HTTP Request: GET https://huggingface.co/api/datasets/pubmed_qa/tree/9001f2853fb87cab8d220904e0de81ac6973b318?recursive=false&expand=false "HTTP/1.1 307 Temporary Redirect"
2026-03-27 08:52:44 KST | INFO | HTTP Request: GET https://huggingface.co/api/datasets/qiaojin/PubMedQA/tree/9001f2853fb87cab8d220904e0de81ac6973b318?recursive=false&expand=false "HTTP/1.1 200 OK"
2026-03-27 08:52:44 KST | INFO | HTTP Request: HEAD https://huggingface.co/datasets/pubmed_qa/resolve/9001f2853fb87cab8d220904e0de81ac6973b318/dataset_infos.json "HTTP/1.1 307 Temporary Redirect"
2026-03-27 08:52:44 KST | INFO | HTTP Request: HEAD https://huggingface.co/datasets/qiaojin/PubMedQA/resolve/9001f2853fb87cab8d220904e0de81ac6973b318/dataset_infos.json "HTTP/1.1 404 Not Found"
2026-03-27 08:52:44 KST | INFO | HTTP Request: GET https://huggingface.co/api/datasets/pubmed_qa/tree/9001f2853fb87cab8d220904e0de81ac6973b318/pqa_labeled?recursive=true&expand=false "HTTP/1.1 307 Temporary Redirect"
2026-03-27 08:52:44 KST | INFO | HTTP Request: GET https://huggingface.co/api/datasets/qiaojin/PubMedQA/tree/9001f2853fb87cab8d220904e0de81ac6973b318/pqa_labeled?recursive=true&expand=false "HTTP/1.1 200 OK"
2026-03-27 08:52:45 KST | INFO | ✓ HF PubMedQA: 1000 total, 700 train / 300 test
2026-03-27 08:52:49 KST | INFO | ✓ Test set: 300 samples
2026-03-27 08:52:49 KST | INFO | 
2026-03-27 08:52:49 KST | INFO | ✓ Batch scheduler: 88 batches/epoch
2026-03-27 08:52:49 KST | INFO | 
2026-03-27 08:52:49 KST | INFO | --------------------------------------------------------------------------------
2026-03-27 08:52:49 KST | INFO | OPTIMISATION SETUP
2026-03-27 08:52:49 KST | INFO | --------------------------------------------------------------------------------
2026-03-27 08:52:49 KST | INFO | ✓ Optimizer:  AdamW (lr=2.00e-05)
2026-03-27 08:52:49 KST | INFO | ✓ Scheduler:  Linear warmup (500 steps / 8800 total)
2026-03-27 08:52:49 KST | INFO | ✓ Grad clip:  1.0
2026-03-27 08:52:49 KST | INFO | 
2026-03-27 08:52:49 KST | INFO | ================================================================================
2026-03-27 08:52:49 KST | INFO | Setup complete — Ready for training
2026-03-27 08:52:49 KST | INFO | ================================================================================
2026-03-27 08:52:49 KST | INFO | 
2026-03-27 08:52:49 KST | INFO | --------------------------------------------------------------------------------
2026-03-27 08:52:49 KST | INFO | TRAINING
2026-03-27 08:52:49 KST | INFO | --------------------------------------------------------------------------------
2026-03-27 08:52:49 KST | INFO | 
2026-03-27 08:52:49 KST | INFO | Epoch 1/100 | LR: 0.000000e+00
2026-03-27 13:24:37 KST | INFO |   Train Loss: 1.4393 | Test Loss: 0.0717 | Test Acc: 36.00%
2026-03-27 13:24:37 KST | INFO |     yes   : F1=37.17%
2026-03-27 13:24:37 KST | INFO |     no    : F1=40.43%
2026-03-27 13:24:37 KST | INFO |     maybe : F1= 4.08%
2026-03-27 13:24:37 KST | INFO |   🏆 New best accuracy: 36.00%
2026-03-27 13:24:37 KST | INFO | 
2026-03-27 13:24:37 KST | INFO | Epoch 2/100 | LR: 3.520000e-06
2026-03-27 17:55:40 KST | INFO |   Train Loss: 1.1393 | Test Loss: 0.0688 | Test Acc: 39.00%
2026-03-27 17:55:40 KST | INFO |     yes   : F1=39.69%
2026-03-27 17:55:40 KST | INFO |     no    : F1=44.14%
2026-03-27 17:55:40 KST | INFO |     maybe : F1= 4.17%
2026-03-27 17:55:40 KST | INFO |   🏆 New best accuracy: 39.00%
2026-03-27 17:55:40 KST | INFO | 
2026-03-27 17:55:40 KST | INFO | Epoch 3/100 | LR: 7.040000e-06
2026-03-27 22:13:47 KST | INFO |   Train Loss: 0.7763 | Test Loss: 0.0519 | Test Acc: 69.00%
2026-03-27 22:13:47 KST | INFO |     yes   : F1=75.29%
2026-03-27 22:13:47 KST | INFO |     no    : F1=69.77%
2026-03-27 22:13:47 KST | INFO |     maybe : F1= 5.41%
2026-03-27 22:13:47 KST | INFO |   🏆 New best accuracy: 69.00%
2026-03-27 22:13:47 KST | INFO | 
2026-03-27 22:13:47 KST | INFO | Epoch 4/100 | LR: 1.056000e-05
2026-03-28 02:31:31 KST | INFO |   Train Loss: 0.4271 | Test Loss: 0.0563 | Test Acc: 55.00%
2026-03-28 02:31:31 KST | INFO |     yes   : F1=62.10%
2026-03-28 02:31:31 KST | INFO |     no    : F1=67.04%
2026-03-28 02:31:31 KST | INFO |     maybe : F1=32.37%
2026-03-28 02:31:31 KST | INFO |   No improvement (1/10)
2026-03-28 02:31:31 KST | INFO | 
2026-03-28 02:31:31 KST | INFO | Epoch 5/100 | LR: 1.408000e-05
2026-03-28 06:51:31 KST | INFO |   Train Loss: 0.4287 | Test Loss: 0.0348 | Test Acc: 76.67%
2026-03-28 06:51:31 KST | INFO |     yes   : F1=81.17%
2026-03-28 06:51:31 KST | INFO |     no    : F1=77.72%
2026-03-28 06:51:31 KST | INFO |     maybe : F1=60.61%
2026-03-28 06:51:31 KST | INFO |   🏆 New best accuracy: 76.67%
2026-03-28 06:51:31 KST | INFO | 
2026-03-28 06:51:31 KST | INFO | Epoch 6/100 | LR: 1.760000e-05
2026-03-28 11:13:30 KST | INFO |   Train Loss: 0.1924 | Test Loss: 0.0293 | Test Acc: 83.33%
2026-03-28 11:13:30 KST | INFO |     yes   : F1=87.63%
2026-03-28 11:13:30 KST | INFO |     no    : F1=83.82%
2026-03-28 11:13:30 KST | INFO |     maybe : F1=60.00%
2026-03-28 11:13:30 KST | INFO |   🏆 New best accuracy: 83.33%
2026-03-28 11:13:30 KST | INFO | 
2026-03-28 11:13:30 KST | INFO | Epoch 7/100 | LR: 1.993253e-05
2026-03-28 15:26:42 KST | INFO |   Train Loss: 0.0686 | Test Loss: 0.0363 | Test Acc: 77.33%
2026-03-28 15:26:42 KST | INFO |     yes   : F1=82.47%
2026-03-28 15:26:42 KST | INFO |     no    : F1=78.51%
2026-03-28 15:26:42 KST | INFO |     maybe : F1=40.00%
2026-03-28 15:26:42 KST | INFO |   No improvement (1/10)
2026-03-28 15:26:42 KST | INFO | 
2026-03-28 15:26:42 KST | INFO | Epoch 8/100 | LR: 1.972048e-05
2026-03-28 19:39:47 KST | INFO |   Train Loss: 0.0171 | Test Loss: 0.0297 | Test Acc: 80.67%
2026-03-28 19:39:47 KST | INFO |     yes   : F1=83.44%
2026-03-28 19:39:47 KST | INFO |     no    : F1=83.02%
2026-03-28 19:39:47 KST | INFO |     maybe : F1=58.06%
2026-03-28 19:39:47 KST | INFO |   No improvement (2/10)
2026-03-28 19:39:47 KST | INFO | 
2026-03-28 19:39:47 KST | INFO | Epoch 9/100 | LR: 1.950843e-05
2026-03-28 23:43:33 KST | INFO |   Train Loss: 0.0022 | Test Loss: 0.0300 | Test Acc: 80.33%
2026-03-28 23:43:33 KST | INFO |     yes   : F1=83.23%
2026-03-28 23:43:33 KST | INFO |     no    : F1=83.33%
2026-03-28 23:43:33 KST | INFO |     maybe : F1=54.84%
2026-03-28 23:43:33 KST | INFO |   No improvement (3/10)
2026-03-28 23:43:33 KST | INFO | 
2026-03-28 23:43:33 KST | INFO | Epoch 10/100 | LR: 1.929639e-05
2026-03-29 04:04:31 KST | INFO |   Train Loss: 0.0002 | Test Loss: 0.0312 | Test Acc: 79.33%
2026-03-29 04:04:31 KST | INFO |     yes   : F1=82.57%
2026-03-29 04:04:31 KST | INFO |     no    : F1=82.24%
2026-03-29 04:04:31 KST | INFO |     maybe : F1=50.85%
2026-03-29 04:04:31 KST | INFO |   No improvement (4/10)
2026-03-29 04:04:31 KST | INFO | 
2026-03-29 04:04:31 KST | INFO | Epoch 11/100 | LR: 1.908434e-05
2026-03-29 08:27:16 KST | INFO |   Train Loss: 0.0000 | Test Loss: 0.0319 | Test Acc: 78.00%
2026-03-29 08:27:16 KST | INFO |     yes   : F1=81.68%
2026-03-29 08:27:16 KST | INFO |     no    : F1=80.38%
2026-03-29 08:27:16 KST | INFO |     maybe : F1=48.28%
2026-03-29 08:27:16 KST | INFO |   No improvement (5/10)
2026-03-29 08:27:16 KST | INFO | 
2026-03-29 08:27:16 KST | INFO | Epoch 12/100 | LR: 1.887229e-05
2026-03-29 12:39:40 KST | INFO |   Train Loss: 0.0000 | Test Loss: 0.0320 | Test Acc: 79.00%
2026-03-29 12:39:40 KST | INFO |     yes   : F1=82.42%
2026-03-29 12:39:40 KST | INFO |     no    : F1=81.52%
2026-03-29 12:39:40 KST | INFO |     maybe : F1=50.85%
2026-03-29 12:39:40 KST | INFO |   No improvement (6/10)
2026-03-29 12:39:40 KST | INFO | 
2026-03-29 12:39:40 KST | INFO | Epoch 13/100 | LR: 1.866024e-05
2026-03-29 17:00:47 KST | INFO |   Train Loss: 0.0000 | Test Loss: 0.0322 | Test Acc: 78.67%
2026-03-29 17:00:47 KST | INFO |     yes   : F1=82.18%
2026-03-29 17:00:47 KST | INFO |     no    : F1=80.95%
2026-03-29 17:00:47 KST | INFO |     maybe : F1=50.85%
2026-03-29 17:00:47 KST | INFO |   No improvement (7/10)
2026-03-29 17:00:47 KST | INFO | 
2026-03-29 17:00:47 KST | INFO | Epoch 14/100 | LR: 1.844819e-05
2026-03-29 21:15:24 KST | INFO |   Train Loss: 0.0000 | Test Loss: 0.0324 | Test Acc: 78.67%
2026-03-29 21:15:24 KST | INFO |     yes   : F1=82.18%
2026-03-29 21:15:24 KST | INFO |     no    : F1=80.95%
2026-03-29 21:15:24 KST | INFO |     maybe : F1=50.85%
2026-03-29 21:15:24 KST | INFO |   No improvement (8/10)
2026-03-29 21:15:24 KST | INFO | 
2026-03-29 21:15:24 KST | INFO | Epoch 15/100 | LR: 1.823614e-05
2026-03-30 01:07:59 KST | INFO |   Train Loss: 0.0000 | Test Loss: 0.0323 | Test Acc: 79.00%
2026-03-30 01:07:59 KST | INFO |     yes   : F1=82.42%
2026-03-30 01:07:59 KST | INFO |     no    : F1=81.52%
2026-03-30 01:07:59 KST | INFO |     maybe : F1=50.85%
2026-03-30 01:07:59 KST | INFO |   No improvement (9/10)
2026-03-30 01:07:59 KST | INFO | 
2026-03-30 01:07:59 KST | INFO | Epoch 16/100 | LR: 1.802410e-05
2026-03-30 05:07:29 KST | INFO |   Train Loss: 0.0000 | Test Loss: 0.0325 | Test Acc: 79.00%
2026-03-30 05:07:29 KST | INFO |     yes   : F1=82.42%
2026-03-30 05:07:29 KST | INFO |     no    : F1=81.52%
2026-03-30 05:07:29 KST | INFO |     maybe : F1=50.85%
2026-03-30 05:07:29 KST | INFO |   No improvement (10/10)
2026-03-30 05:07:29 KST | INFO | 
Early stopping after 10 epochs without improvement
2026-03-30 05:07:29 KST | INFO | 
2026-03-30 05:07:29 KST | INFO | ================================================================================
2026-03-30 05:07:29 KST | INFO | TRAINING COMPLETE
2026-03-30 05:07:29 KST | INFO | ================================================================================
2026-03-30 05:07:29 KST | INFO | Best accuracy:  83.33% (Epoch 6)
2026-03-30 05:07:29 KST | INFO | ================================================================================
2026-03-30 05:07:29 KST | INFO | 
2026-03-30 05:07:29 KST | INFO | Notifying nodes of completion …
2026-03-30 05:07:30 KST | INFO | ✓ Nodes notified
2026-03-30 05:07:30 KST | INFO | 
2026-03-30 05:07:30 KST | INFO | Closing connections …
2026-03-30 05:07:30 KST | INFO | ✓ Cleanup complete
2026-03-30 05:07:30 KST | INFO | 
Full log: logs/TL++_biogpt_secure_20260327_085159.log
2026-03-30 05:07:30 KST | INFO | ================================================================================
