2026-02-20 17:42:02 KST | INFO | ================================================================================
2026-02-20 17:42:02 KST | INFO | TL++ Orchestrator  [BioGPT / PubMedQA]
2026-02-20 17:42:02 KST | INFO | ================================================================================
2026-02-20 17:42:02 KST | INFO | Log file: logs/TL++_biogpt_secure_20260220_174202.log
2026-02-20 17:42:02 KST | INFO | 
2026-02-20 17:42:02 KST | INFO | --------------------------------------------------------------------------------
2026-02-20 17:42:02 KST | INFO | CONFIGURATION
2026-02-20 17:42:02 KST | INFO | --------------------------------------------------------------------------------
2026-02-20 17:42:02 KST | INFO | Dataset:            PubMedQA (yes / no / maybe)
2026-02-20 17:42:02 KST | INFO | Model:              BioGPT (microsoft/biogpt)
2026-02-20 17:42:02 KST | INFO | Secure mode:        True
2026-02-20 17:42:02 KST | INFO | LoRA:               False
2026-02-20 17:42:02 KST | INFO | Nodes:              3
2026-02-20 17:42:02 KST | INFO | Cut layer:          1
2026-02-20 17:42:02 KST | INFO | Batch size:         8
2026-02-20 17:42:02 KST | INFO | Learning rate:      2.00e-05
2026-02-20 17:42:02 KST | INFO | Max seq length:     512
2026-02-20 17:42:02 KST | INFO | 
2026-02-20 17:42:02 KST | INFO | Computation device: cuda
2026-02-20 17:42:02 KST | INFO | Secure mode: ✓ ENABLED
2026-02-20 17:42:02 KST | INFO | 
2026-02-20 17:42:02 KST | INFO | --------------------------------------------------------------------------------
2026-02-20 17:42:02 KST | INFO | NETWORK SETUP
2026-02-20 17:42:02 KST | INFO | --------------------------------------------------------------------------------
2026-02-20 17:42:02 KST | INFO | ✓ Orchestrator listening on 127.0.0.1:8080
2026-02-20 17:42:02 KST | INFO | Waiting for helper node …
2026-02-20 17:42:05 KST | INFO | ✓ Helper node connected
2026-02-20 17:42:05 KST | INFO | ✓ Noise config sent (activation: 2.0%, gradient: 10.0%)
2026-02-20 17:42:05 KST | INFO | 
2026-02-20 17:42:05 KST | INFO | Waiting for 3 node(s) …
2026-02-20 17:42:07 KST | INFO |   ✓ Node 1/3 connected
2026-02-20 17:42:08 KST | INFO |   ✓ Node 2/3 connected
2026-02-20 17:42:09 KST | INFO |   ✓ Node 3/3 connected
2026-02-20 17:42:09 KST | INFO | ✓ All 3 node(s) connected
2026-02-20 17:42:09 KST | INFO | 
2026-02-20 17:42:09 KST | INFO | --------------------------------------------------------------------------------
2026-02-20 17:42:09 KST | INFO | MODEL INITIALISATION  [BioGPT + LoRA on orch-side layers]
2026-02-20 17:42:09 KST | INFO | --------------------------------------------------------------------------------
2026-02-20 17:42:10 KST | INFO | HTTP Request: HEAD https://huggingface.co/microsoft/biogpt/resolve/main/config.json "HTTP/1.1 307 Temporary Redirect"
2026-02-20 17:42:10 KST | INFO | HTTP Request: HEAD https://huggingface.co/api/resolve-cache/models/microsoft/biogpt/eb0d815e95434dc9e3b78f464e52b899bee7d923/config.json "HTTP/1.1 200 OK"
2026-02-20 17:42:10 KST | INFO | HTTP Request: HEAD https://huggingface.co/microsoft/biogpt/resolve/main/config.json "HTTP/1.1 307 Temporary Redirect"
2026-02-20 17:42:10 KST | INFO | HTTP Request: HEAD https://huggingface.co/api/resolve-cache/models/microsoft/biogpt/eb0d815e95434dc9e3b78f464e52b899bee7d923/config.json "HTTP/1.1 200 OK"
2026-02-20 17:42:10 KST | INFO | HTTP Request: HEAD https://huggingface.co/microsoft/biogpt/resolve/main/model.safetensors "HTTP/1.1 404 Not Found"
2026-02-20 17:42:10 KST | INFO | HTTP Request: HEAD https://huggingface.co/microsoft/biogpt/resolve/main/model.safetensors.index.json "HTTP/1.1 404 Not Found"
2026-02-20 17:42:11 KST | INFO | HTTP Request: HEAD https://huggingface.co/microsoft/biogpt/resolve/main/pytorch_model.bin "HTTP/1.1 302 Found"
2026-02-20 17:42:11 KST | WARNING | Warning: You are sending unauthenticated requests to the HF Hub. Please set a HF_TOKEN to enable higher rate limits and faster downloads.
2026-02-20 17:42:11 KST | INFO | HTTP Request: HEAD https://huggingface.co/microsoft/biogpt/resolve/main/model.safetensors "HTTP/1.1 404 Not Found"
2026-02-20 17:42:11 KST | INFO | HTTP Request: GET https://huggingface.co/api/models/microsoft/biogpt "HTTP/1.1 200 OK"
2026-02-20 17:42:11 KST | INFO | HTTP Request: GET https://huggingface.co/api/models/microsoft/biogpt/commits/main "HTTP/1.1 200 OK"
2026-02-20 17:42:11 KST | INFO | HTTP Request: GET https://huggingface.co/api/models/microsoft/biogpt/discussions?p=0 "HTTP/1.1 200 OK"
2026-02-20 17:42:12 KST | INFO | HTTP Request: GET https://huggingface.co/api/models/microsoft/biogpt/commits/refs%2Fpr%2F17 "HTTP/1.1 200 OK"
2026-02-20 17:42:12 KST | INFO | HTTP Request: HEAD https://huggingface.co/microsoft/biogpt/resolve/refs%2Fpr%2F17/model.safetensors.index.json "HTTP/1.1 404 Not Found"
2026-02-20 17:42:12 KST | INFO | HTTP Request: HEAD https://huggingface.co/microsoft/biogpt/resolve/refs%2Fpr%2F17/model.safetensors "HTTP/1.1 302 Found"
2026-02-20 17:42:13 KST | INFO | HTTP Request: HEAD https://huggingface.co/microsoft/biogpt/resolve/main/generation_config.json "HTTP/1.1 404 Not Found"
2026-02-20 17:42:13 KST | INFO | HTTP Request: HEAD https://huggingface.co/microsoft/biogpt/resolve/main/config.json "HTTP/1.1 307 Temporary Redirect"
2026-02-20 17:42:13 KST | INFO | HTTP Request: HEAD https://huggingface.co/api/resolve-cache/models/microsoft/biogpt/eb0d815e95434dc9e3b78f464e52b899bee7d923/config.json "HTTP/1.1 200 OK"
2026-02-20 17:42:13 KST | INFO | Node-side parameters:      69,644,288
2026-02-20 17:42:13 KST | INFO | 
2026-02-20 17:42:13 KST | INFO | Broadcasting configuration to nodes …
2026-02-20 17:42:23 KST | INFO | ✓ Configuration broadcast to all nodes
2026-02-20 17:42:23 KST | INFO | Loading microsoft/biogpt …
2026-02-20 17:42:23 KST | INFO | HTTP Request: HEAD https://huggingface.co/microsoft/biogpt/resolve/main/config.json "HTTP/1.1 307 Temporary Redirect"
2026-02-20 17:42:23 KST | INFO | HTTP Request: HEAD https://huggingface.co/api/resolve-cache/models/microsoft/biogpt/eb0d815e95434dc9e3b78f464e52b899bee7d923/config.json "HTTP/1.1 200 OK"
2026-02-20 17:42:24 KST | INFO | HTTP Request: HEAD https://huggingface.co/microsoft/biogpt/resolve/main/config.json "HTTP/1.1 307 Temporary Redirect"
2026-02-20 17:42:24 KST | INFO | HTTP Request: HEAD https://huggingface.co/api/resolve-cache/models/microsoft/biogpt/eb0d815e95434dc9e3b78f464e52b899bee7d923/config.json "HTTP/1.1 200 OK"
2026-02-20 17:42:24 KST | INFO | HTTP Request: HEAD https://huggingface.co/microsoft/biogpt/resolve/main/model.safetensors "HTTP/1.1 404 Not Found"
2026-02-20 17:42:24 KST | INFO | HTTP Request: HEAD https://huggingface.co/microsoft/biogpt/resolve/main/model.safetensors.index.json "HTTP/1.1 404 Not Found"
2026-02-20 17:42:24 KST | INFO | HTTP Request: HEAD https://huggingface.co/microsoft/biogpt/resolve/main/pytorch_model.bin "HTTP/1.1 302 Found"
2026-02-20 17:42:24 KST | INFO | HTTP Request: HEAD https://huggingface.co/microsoft/biogpt/resolve/main/model.safetensors "HTTP/1.1 404 Not Found"
2026-02-20 17:42:25 KST | INFO | HTTP Request: GET https://huggingface.co/api/models/microsoft/biogpt "HTTP/1.1 200 OK"
2026-02-20 17:42:25 KST | INFO | HTTP Request: GET https://huggingface.co/api/models/microsoft/biogpt/commits/main "HTTP/1.1 200 OK"
2026-02-20 17:42:25 KST | INFO | HTTP Request: GET https://huggingface.co/api/models/microsoft/biogpt/discussions?p=0 "HTTP/1.1 200 OK"
2026-02-20 17:42:25 KST | INFO | HTTP Request: GET https://huggingface.co/api/models/microsoft/biogpt/commits/refs%2Fpr%2F17 "HTTP/1.1 200 OK"
2026-02-20 17:42:25 KST | INFO | HTTP Request: HEAD https://huggingface.co/microsoft/biogpt/resolve/refs%2Fpr%2F17/model.safetensors.index.json "HTTP/1.1 404 Not Found"
2026-02-20 17:42:26 KST | INFO | HTTP Request: HEAD https://huggingface.co/microsoft/biogpt/resolve/refs%2Fpr%2F17/model.safetensors "HTTP/1.1 302 Found"
2026-02-20 17:42:26 KST | INFO | HTTP Request: HEAD https://huggingface.co/microsoft/biogpt/resolve/main/generation_config.json "HTTP/1.1 404 Not Found"
2026-02-20 17:42:26 KST | INFO | HTTP Request: HEAD https://huggingface.co/microsoft/biogpt/resolve/main/config.json "HTTP/1.1 307 Temporary Redirect"
2026-02-20 17:42:26 KST | INFO | HTTP Request: HEAD https://huggingface.co/api/resolve-cache/models/microsoft/biogpt/eb0d815e95434dc9e3b78f464e52b899bee7d923/config.json "HTTP/1.1 200 OK"
2026-02-20 17:42:27 KST | INFO | Total parameters:          346,766,339
2026-02-20 17:42:27 KST | INFO | Trainable parameters:      346,766,339
2026-02-20 17:42:27 KST | INFO | 
2026-02-20 17:42:27 KST | INFO | --------------------------------------------------------------------------------
2026-02-20 17:42:27 KST | INFO | DATA LOADING
2026-02-20 17:42:27 KST | INFO | --------------------------------------------------------------------------------
2026-02-20 17:42:34 KST | INFO | ✓ Dataset sizes received:
2026-02-20 17:42:34 KST | INFO |     Node 1: 397 samples
2026-02-20 17:42:34 KST | INFO |     Node 2: 228 samples
2026-02-20 17:42:34 KST | INFO |     Node 3: 75 samples
2026-02-20 17:42:34 KST | INFO |   Total training: 700
2026-02-20 17:42:34 KST | INFO | 
2026-02-20 17:42:35 KST | INFO | HTTP Request: HEAD https://huggingface.co/microsoft/biogpt/resolve/main/tokenizer_config.json "HTTP/1.1 404 Not Found"
2026-02-20 17:42:35 KST | INFO | HTTP Request: GET https://huggingface.co/api/models/microsoft/biogpt/tree/main/additional_chat_templates?recursive=false&expand=false "HTTP/1.1 404 Not Found"
2026-02-20 17:42:35 KST | INFO | HTTP Request: GET https://huggingface.co/api/models/microsoft/biogpt/tree/main?recursive=true&expand=false "HTTP/1.1 200 OK"
2026-02-20 17:42:35 KST | INFO | HTTP Request: HEAD https://huggingface.co/microsoft/biogpt/resolve/main/vocab.json "HTTP/1.1 307 Temporary Redirect"
2026-02-20 17:42:35 KST | INFO | HTTP Request: HEAD https://huggingface.co/api/resolve-cache/models/microsoft/biogpt/eb0d815e95434dc9e3b78f464e52b899bee7d923/vocab.json "HTTP/1.1 200 OK"
2026-02-20 17:42:36 KST | INFO | Loading PubMedQA from Hugging Face …
2026-02-20 17:42:37 KST | INFO | HTTP Request: HEAD https://huggingface.co/datasets/pubmed_qa/resolve/main/README.md "HTTP/1.1 307 Temporary Redirect"
2026-02-20 17:42:37 KST | INFO | HTTP Request: HEAD https://huggingface.co/datasets/qiaojin/PubMedQA/resolve/main/README.md "HTTP/1.1 307 Temporary Redirect"
2026-02-20 17:42:37 KST | INFO | HTTP Request: HEAD https://huggingface.co/api/resolve-cache/datasets/qiaojin/PubMedQA/9001f2853fb87cab8d220904e0de81ac6973b318/README.md "HTTP/1.1 200 OK"
2026-02-20 17:42:37 KST | INFO | HTTP Request: HEAD https://huggingface.co/datasets/pubmed_qa/resolve/9001f2853fb87cab8d220904e0de81ac6973b318/pubmed_qa.py "HTTP/1.1 307 Temporary Redirect"
2026-02-20 17:42:37 KST | INFO | HTTP Request: HEAD https://huggingface.co/datasets/qiaojin/PubMedQA/resolve/9001f2853fb87cab8d220904e0de81ac6973b318/pubmed_qa.py "HTTP/1.1 404 Not Found"
2026-02-20 17:42:38 KST | INFO | HTTP Request: HEAD https://s3.amazonaws.com/datasets.huggingface.co/datasets/datasets/pubmed_qa/pubmed_qa.py "HTTP/1.1 404 Not Found"
2026-02-20 17:42:38 KST | INFO | HTTP Request: GET https://huggingface.co/api/datasets/pubmed_qa/revision/9001f2853fb87cab8d220904e0de81ac6973b318 "HTTP/1.1 307 Temporary Redirect"
2026-02-20 17:42:38 KST | INFO | HTTP Request: GET https://huggingface.co/api/datasets/qiaojin/PubMedQA/revision/9001f2853fb87cab8d220904e0de81ac6973b318 "HTTP/1.1 200 OK"
2026-02-20 17:42:38 KST | INFO | HTTP Request: HEAD https://huggingface.co/datasets/pubmed_qa/resolve/9001f2853fb87cab8d220904e0de81ac6973b318/.huggingface.yaml "HTTP/1.1 307 Temporary Redirect"
2026-02-20 17:42:39 KST | INFO | HTTP Request: HEAD https://huggingface.co/datasets/qiaojin/PubMedQA/resolve/9001f2853fb87cab8d220904e0de81ac6973b318/.huggingface.yaml "HTTP/1.1 404 Not Found"
2026-02-20 17:42:39 KST | INFO | HTTP Request: GET https://datasets-server.huggingface.co/info?dataset=pubmed_qa "HTTP/1.1 404 Not Found"
2026-02-20 17:42:39 KST | INFO | HTTP Request: GET https://huggingface.co/api/datasets/pubmed_qa/tree/9001f2853fb87cab8d220904e0de81ac6973b318/pqa_artificial?recursive=true&expand=false "HTTP/1.1 307 Temporary Redirect"
2026-02-20 17:42:39 KST | INFO | HTTP Request: GET https://huggingface.co/api/datasets/qiaojin/PubMedQA/tree/9001f2853fb87cab8d220904e0de81ac6973b318/pqa_artificial?recursive=true&expand=false "HTTP/1.1 200 OK"
2026-02-20 17:42:39 KST | INFO | HTTP Request: GET https://huggingface.co/api/datasets/pubmed_qa/tree/9001f2853fb87cab8d220904e0de81ac6973b318?recursive=false&expand=false "HTTP/1.1 307 Temporary Redirect"
2026-02-20 17:42:40 KST | INFO | HTTP Request: GET https://huggingface.co/api/datasets/qiaojin/PubMedQA/tree/9001f2853fb87cab8d220904e0de81ac6973b318?recursive=false&expand=false "HTTP/1.1 200 OK"
2026-02-20 17:42:40 KST | INFO | HTTP Request: HEAD https://huggingface.co/datasets/pubmed_qa/resolve/9001f2853fb87cab8d220904e0de81ac6973b318/dataset_infos.json "HTTP/1.1 307 Temporary Redirect"
2026-02-20 17:42:40 KST | INFO | HTTP Request: HEAD https://huggingface.co/datasets/qiaojin/PubMedQA/resolve/9001f2853fb87cab8d220904e0de81ac6973b318/dataset_infos.json "HTTP/1.1 404 Not Found"
2026-02-20 17:42:40 KST | INFO | HTTP Request: GET https://huggingface.co/api/datasets/pubmed_qa/tree/9001f2853fb87cab8d220904e0de81ac6973b318/pqa_labeled?recursive=true&expand=false "HTTP/1.1 307 Temporary Redirect"
2026-02-20 17:42:41 KST | INFO | HTTP Request: GET https://huggingface.co/api/datasets/qiaojin/PubMedQA/tree/9001f2853fb87cab8d220904e0de81ac6973b318/pqa_labeled?recursive=true&expand=false "HTTP/1.1 200 OK"
2026-02-20 17:42:41 KST | INFO | ✓ HF PubMedQA: 1000 total, 700 train / 300 test
2026-02-20 17:42:45 KST | INFO | ✓ Test set: 300 samples
2026-02-20 17:42:45 KST | INFO | 
2026-02-20 17:42:45 KST | INFO | ✓ Batch scheduler: 88 batches/epoch
2026-02-20 17:42:45 KST | INFO | 
2026-02-20 17:42:45 KST | INFO | --------------------------------------------------------------------------------
2026-02-20 17:42:45 KST | INFO | OPTIMISATION SETUP
2026-02-20 17:42:45 KST | INFO | --------------------------------------------------------------------------------
2026-02-20 17:42:45 KST | INFO | ✓ Optimizer:  AdamW (lr=2.00e-05)
2026-02-20 17:42:45 KST | INFO | ✓ Scheduler:  Linear warmup (500 steps / 8800 total)
2026-02-20 17:42:45 KST | INFO | ✓ Grad clip:  1.0
2026-02-20 17:42:45 KST | INFO | 
2026-02-20 17:42:45 KST | INFO | ================================================================================
2026-02-20 17:42:45 KST | INFO | Setup complete — Ready for training
2026-02-20 17:42:45 KST | INFO | ================================================================================
2026-02-20 17:42:45 KST | INFO | 
2026-02-20 17:42:45 KST | INFO | --------------------------------------------------------------------------------
2026-02-20 17:42:45 KST | INFO | TRAINING
2026-02-20 17:42:45 KST | INFO | --------------------------------------------------------------------------------
2026-02-20 17:42:45 KST | INFO | 
2026-02-20 17:42:45 KST | INFO | Epoch 1/100 | LR: 0.000000e+00
2026-02-20 22:54:07 KST | INFO |   Train Loss: 1.3791 | Test Loss: 0.0657 | Test Acc: 47.00%
2026-02-20 22:54:07 KST | INFO |     yes   : F1=63.70%
2026-02-20 22:54:07 KST | INFO |     no    : F1=14.57%
2026-02-20 22:54:07 KST | INFO |     maybe : F1= 4.55%
2026-02-20 22:54:07 KST | INFO |   🏆 New best accuracy: 47.00%
2026-02-20 22:54:07 KST | INFO | 
2026-02-20 22:54:07 KST | INFO | Epoch 2/100 | LR: 3.520000e-06
2026-02-21 04:13:32 KST | INFO |   Train Loss: 1.0363 | Test Loss: 0.0612 | Test Acc: 53.00%
2026-02-21 04:13:32 KST | INFO |     yes   : F1=64.53%
2026-02-21 04:13:32 KST | INFO |     no    : F1=40.00%
2026-02-21 04:13:32 KST | INFO |     maybe : F1= 0.00%
2026-02-21 04:13:32 KST | INFO |   🏆 New best accuracy: 53.00%
2026-02-21 04:13:32 KST | INFO | 
2026-02-21 04:13:32 KST | INFO | Epoch 3/100 | LR: 7.040000e-06
2026-02-21 09:36:43 KST | INFO |   Train Loss: 0.7062 | Test Loss: 0.0470 | Test Acc: 73.33%
2026-02-21 09:36:43 KST | INFO |     yes   : F1=81.42%
2026-02-21 09:36:43 KST | INFO |     no    : F1=64.29%
2026-02-21 09:36:43 KST | INFO |     maybe : F1=51.52%
2026-02-21 09:36:43 KST | INFO |   🏆 New best accuracy: 73.33%
2026-02-21 09:36:43 KST | INFO | 
2026-02-21 09:36:43 KST | INFO | Epoch 4/100 | LR: 1.056000e-05
2026-02-21 14:57:51 KST | INFO |   Train Loss: 0.3510 | Test Loss: 0.0418 | Test Acc: 73.33%
2026-02-21 14:57:51 KST | INFO |     yes   : F1=80.33%
2026-02-21 14:57:51 KST | INFO |     no    : F1=65.88%
2026-02-21 14:57:51 KST | INFO |     maybe : F1=53.12%
2026-02-21 14:57:51 KST | INFO |   No improvement (1/10)
2026-02-21 14:57:51 KST | INFO | 
2026-02-21 14:57:51 KST | INFO | Epoch 5/100 | LR: 1.408000e-05
2026-02-21 20:16:03 KST | INFO |   Train Loss: 0.3376 | Test Loss: 0.0286 | Test Acc: 77.00%
2026-02-21 20:16:03 KST | INFO |     yes   : F1=81.38%
2026-02-21 20:16:03 KST | INFO |     no    : F1=75.65%
2026-02-21 20:16:03 KST | INFO |     maybe : F1=55.17%
2026-02-21 20:16:03 KST | INFO |   🏆 New best accuracy: 77.00%
2026-02-21 20:16:03 KST | INFO | 
2026-02-21 20:16:03 KST | INFO | Epoch 6/100 | LR: 1.760000e-05
2026-02-22 01:30:28 KST | INFO |   Train Loss: 0.2081 | Test Loss: 0.0290 | Test Acc: 84.00%
2026-02-22 01:30:28 KST | INFO |     yes   : F1=87.21%
2026-02-22 01:30:28 KST | INFO |     no    : F1=83.19%
2026-02-22 01:30:28 KST | INFO |     maybe : F1=72.46%
2026-02-22 01:30:28 KST | INFO |   🏆 New best accuracy: 84.00%
2026-02-22 01:30:28 KST | INFO | 
2026-02-22 01:30:28 KST | INFO | Epoch 7/100 | LR: 1.993253e-05
2026-02-22 06:55:28 KST | INFO |   Train Loss: 0.0524 | Test Loss: 0.0302 | Test Acc: 80.67%
2026-02-22 06:55:28 KST | INFO |     yes   : F1=84.37%
2026-02-22 06:55:28 KST | INFO |     no    : F1=81.37%
2026-02-22 06:55:28 KST | INFO |     maybe : F1=56.14%
2026-02-22 06:55:28 KST | INFO |   No improvement (1/10)
2026-02-22 06:55:28 KST | INFO | 
2026-02-22 06:55:28 KST | INFO | Epoch 8/100 | LR: 1.972048e-05
2026-02-22 12:22:59 KST | INFO |   Train Loss: 0.0138 | Test Loss: 0.0304 | Test Acc: 80.67%
2026-02-22 12:22:59 KST | INFO |     yes   : F1=84.87%
2026-02-22 12:22:59 KST | INFO |     no    : F1=83.18%
2026-02-22 12:22:59 KST | INFO |     maybe : F1=40.82%
2026-02-22 12:22:59 KST | INFO |   No improvement (2/10)
2026-02-22 12:22:59 KST | INFO | 
2026-02-22 12:22:59 KST | INFO | Epoch 9/100 | LR: 1.950843e-05
2026-02-22 17:50:18 KST | INFO |   Train Loss: 0.0214 | Test Loss: 0.0362 | Test Acc: 77.33%
2026-02-22 17:50:18 KST | INFO |     yes   : F1=82.12%
2026-02-22 17:50:18 KST | INFO |     no    : F1=77.95%
2026-02-22 17:50:18 KST | INFO |     maybe : F1=38.30%
2026-02-22 17:50:18 KST | INFO |   No improvement (3/10)
2026-02-22 17:50:18 KST | INFO | 
2026-02-22 17:50:18 KST | INFO | Epoch 10/100 | LR: 1.929639e-05
2026-02-22 23:18:33 KST | INFO |   Train Loss: 0.0043 | Test Loss: 0.0301 | Test Acc: 81.33%
2026-02-22 23:18:33 KST | INFO |     yes   : F1=84.34%
2026-02-22 23:18:33 KST | INFO |     no    : F1=82.00%
2026-02-22 23:18:33 KST | INFO |     maybe : F1=64.71%
2026-02-22 23:18:33 KST | INFO |   No improvement (4/10)
2026-02-22 23:18:33 KST | INFO | 
2026-02-22 23:18:33 KST | INFO | Epoch 11/100 | LR: 1.908434e-05
2026-02-23 04:41:47 KST | INFO |   Train Loss: 0.0002 | Test Loss: 0.0305 | Test Acc: 81.33%
2026-02-23 04:41:47 KST | INFO |     yes   : F1=84.18%
2026-02-23 04:41:47 KST | INFO |     no    : F1=82.59%
2026-02-23 04:41:47 KST | INFO |     maybe : F1=62.50%
2026-02-23 04:41:47 KST | INFO |   No improvement (5/10)
2026-02-23 04:41:47 KST | INFO | 
2026-02-23 04:41:47 KST | INFO | Epoch 12/100 | LR: 1.887229e-05
2026-02-23 10:12:22 KST | INFO |   Train Loss: 0.0001 | Test Loss: 0.0317 | Test Acc: 79.67%
2026-02-23 10:12:22 KST | INFO |     yes   : F1=83.43%
2026-02-23 10:12:22 KST | INFO |     no    : F1=82.13%
2026-02-23 10:12:22 KST | INFO |     maybe : F1=47.27%
2026-02-23 10:12:22 KST | INFO |   No improvement (6/10)
2026-02-23 10:12:22 KST | INFO | 
2026-02-23 10:12:22 KST | INFO | Epoch 13/100 | LR: 1.866024e-05
2026-02-23 15:38:31 KST | INFO |   Train Loss: 0.0000 | Test Loss: 0.0313 | Test Acc: 79.33%
2026-02-23 15:38:31 KST | INFO |     yes   : F1=83.09%
2026-02-23 15:38:31 KST | INFO |     no    : F1=81.73%
2026-02-23 15:38:31 KST | INFO |     maybe : F1=47.27%
2026-02-23 15:38:31 KST | INFO |   No improvement (7/10)
2026-02-23 15:38:31 KST | INFO | 
2026-02-23 15:38:31 KST | INFO | Epoch 14/100 | LR: 1.844819e-05
2026-02-23 21:11:21 KST | INFO |   Train Loss: 0.0000 | Test Loss: 0.0313 | Test Acc: 79.33%
2026-02-23 21:11:21 KST | INFO |     yes   : F1=83.09%
2026-02-23 21:11:21 KST | INFO |     no    : F1=81.73%
2026-02-23 21:11:21 KST | INFO |     maybe : F1=47.27%
2026-02-23 21:11:21 KST | INFO |   No improvement (8/10)
2026-02-23 21:11:21 KST | INFO | 
2026-02-23 21:11:21 KST | INFO | Epoch 15/100 | LR: 1.823614e-05
2026-02-24 02:33:42 KST | INFO |   Train Loss: 0.0000 | Test Loss: 0.0314 | Test Acc: 79.33%
2026-02-24 02:33:42 KST | INFO |     yes   : F1=83.09%
2026-02-24 02:33:42 KST | INFO |     no    : F1=81.73%
2026-02-24 02:33:42 KST | INFO |     maybe : F1=47.27%
2026-02-24 02:33:42 KST | INFO |   No improvement (9/10)
2026-02-24 02:33:42 KST | INFO | 
2026-02-24 02:33:42 KST | INFO | Epoch 16/100 | LR: 1.802410e-05
2026-02-24 08:01:21 KST | INFO |   Train Loss: 0.0000 | Test Loss: 0.0315 | Test Acc: 79.67%
2026-02-24 08:01:21 KST | INFO |     yes   : F1=83.43%
2026-02-24 08:01:21 KST | INFO |     no    : F1=82.13%
2026-02-24 08:01:21 KST | INFO |     maybe : F1=47.27%
2026-02-24 08:01:21 KST | INFO |   No improvement (10/10)
2026-02-24 08:01:21 KST | INFO | 
Early stopping after 10 epochs without improvement
2026-02-24 08:01:21 KST | INFO | 
2026-02-24 08:01:21 KST | INFO | ================================================================================
2026-02-24 08:01:21 KST | INFO | TRAINING COMPLETE
2026-02-24 08:01:21 KST | INFO | ================================================================================
2026-02-24 08:01:21 KST | INFO | Best accuracy:  84.00% (Epoch 6)
2026-02-24 08:01:21 KST | INFO | ================================================================================
2026-02-24 08:01:21 KST | INFO | 
2026-02-24 08:01:21 KST | INFO | Notifying nodes of completion …
2026-02-24 08:01:22 KST | INFO | ✓ Nodes notified
2026-02-24 08:01:22 KST | INFO | 
2026-02-24 08:01:22 KST | INFO | Closing connections …
2026-02-24 08:01:22 KST | INFO | ✓ Cleanup complete
2026-02-24 08:01:22 KST | INFO | 
Full log: logs/TL++_biogpt_secure_20260220_174202.log
2026-02-24 08:01:22 KST | INFO | ================================================================================
