2026-03-03 21:39:54 KST | INFO | ================================================================================
2026-03-03 21:39:54 KST | INFO | TL++ Orchestrator  [BioGPT / PubMedQA]
2026-03-03 21:39:54 KST | INFO | ================================================================================
2026-03-03 21:39:54 KST | INFO | Log file: logs/TL++_biogpt_secure_20260303_213954.log
2026-03-03 21:39:54 KST | INFO | 
2026-03-03 21:39:54 KST | INFO | --------------------------------------------------------------------------------
2026-03-03 21:39:54 KST | INFO | CONFIGURATION
2026-03-03 21:39:54 KST | INFO | --------------------------------------------------------------------------------
2026-03-03 21:39:54 KST | INFO | Dataset:            PubMedQA (yes / no / maybe)
2026-03-03 21:39:54 KST | INFO | Model:              BioGPT (microsoft/biogpt)
2026-03-03 21:39:54 KST | INFO | Secure mode:        True
2026-03-03 21:39:54 KST | INFO | LoRA:               False
2026-03-03 21:39:54 KST | INFO | Nodes:              3
2026-03-03 21:39:54 KST | INFO | Cut layer:          1
2026-03-03 21:39:54 KST | INFO | Batch size:         8
2026-03-03 21:39:54 KST | INFO | Learning rate:      2.00e-05
2026-03-03 21:39:54 KST | INFO | Max seq length:     512
2026-03-03 21:39:54 KST | INFO | 
2026-03-03 21:39:54 KST | INFO | Computation device: cuda
2026-03-03 21:39:54 KST | INFO | Secure mode: ✓ ENABLED
2026-03-03 21:39:54 KST | INFO | 
2026-03-03 21:39:54 KST | INFO | --------------------------------------------------------------------------------
2026-03-03 21:39:54 KST | INFO | NETWORK SETUP
2026-03-03 21:39:54 KST | INFO | --------------------------------------------------------------------------------
2026-03-03 21:39:54 KST | INFO | ✓ Orchestrator listening on 127.0.0.1:8080
2026-03-03 21:39:54 KST | INFO | Waiting for helper node …
2026-03-03 21:39:57 KST | INFO | ✓ Helper node connected
2026-03-03 21:39:57 KST | INFO | ✓ Noise config sent (activation: 2.0%, gradient: 10.0%)
2026-03-03 21:39:57 KST | INFO | 
2026-03-03 21:39:57 KST | INFO | Waiting for 3 node(s) …
2026-03-03 21:39:59 KST | INFO |   ✓ Node 1/3 connected
2026-03-03 21:40:00 KST | INFO |   ✓ Node 2/3 connected
2026-03-03 21:40:01 KST | INFO |   ✓ Node 3/3 connected
2026-03-03 21:40:01 KST | INFO | ✓ All 3 node(s) connected
2026-03-03 21:40:01 KST | INFO | 
2026-03-03 21:40:01 KST | INFO | --------------------------------------------------------------------------------
2026-03-03 21:40:01 KST | INFO | MODEL INITIALISATION  [BioGPT + LoRA on orch-side layers]
2026-03-03 21:40:01 KST | INFO | --------------------------------------------------------------------------------
2026-03-03 21:40:01 KST | INFO | HTTP Request: HEAD https://huggingface.co/microsoft/biogpt/resolve/main/config.json "HTTP/1.1 307 Temporary Redirect"
2026-03-03 21:40:01 KST | INFO | HTTP Request: HEAD https://huggingface.co/api/resolve-cache/models/microsoft/biogpt/eb0d815e95434dc9e3b78f464e52b899bee7d923/config.json "HTTP/1.1 200 OK"
2026-03-03 21:40:02 KST | INFO | HTTP Request: HEAD https://huggingface.co/microsoft/biogpt/resolve/main/config.json "HTTP/1.1 307 Temporary Redirect"
2026-03-03 21:40:02 KST | INFO | HTTP Request: HEAD https://huggingface.co/api/resolve-cache/models/microsoft/biogpt/eb0d815e95434dc9e3b78f464e52b899bee7d923/config.json "HTTP/1.1 200 OK"
2026-03-03 21:40:02 KST | INFO | HTTP Request: HEAD https://huggingface.co/microsoft/biogpt/resolve/main/model.safetensors "HTTP/1.1 404 Not Found"
2026-03-03 21:40:02 KST | WARNING | Warning: You are sending unauthenticated requests to the HF Hub. Please set a HF_TOKEN to enable higher rate limits and faster downloads.
2026-03-03 21:40:02 KST | INFO | HTTP Request: HEAD https://huggingface.co/microsoft/biogpt/resolve/main/model.safetensors.index.json "HTTP/1.1 404 Not Found"
2026-03-03 21:40:02 KST | INFO | HTTP Request: HEAD https://huggingface.co/microsoft/biogpt/resolve/main/pytorch_model.bin "HTTP/1.1 302 Found"
2026-03-03 21:40:03 KST | INFO | HTTP Request: HEAD https://huggingface.co/microsoft/biogpt/resolve/main/model.safetensors "HTTP/1.1 404 Not Found"
2026-03-03 21:40:03 KST | INFO | HTTP Request: GET https://huggingface.co/api/models/microsoft/biogpt "HTTP/1.1 200 OK"
2026-03-03 21:40:03 KST | INFO | HTTP Request: GET https://huggingface.co/api/models/microsoft/biogpt/commits/main "HTTP/1.1 200 OK"
2026-03-03 21:40:03 KST | INFO | HTTP Request: GET https://huggingface.co/api/models/microsoft/biogpt/discussions?p=0 "HTTP/1.1 200 OK"
2026-03-03 21:40:03 KST | INFO | HTTP Request: GET https://huggingface.co/api/models/microsoft/biogpt/commits/refs%2Fpr%2F17 "HTTP/1.1 200 OK"
2026-03-03 21:40:04 KST | INFO | HTTP Request: HEAD https://huggingface.co/microsoft/biogpt/resolve/refs%2Fpr%2F17/model.safetensors.index.json "HTTP/1.1 404 Not Found"
2026-03-03 21:40:04 KST | INFO | HTTP Request: HEAD https://huggingface.co/microsoft/biogpt/resolve/refs%2Fpr%2F17/model.safetensors "HTTP/1.1 302 Found"
2026-03-03 21:40:05 KST | INFO | HTTP Request: HEAD https://huggingface.co/microsoft/biogpt/resolve/main/generation_config.json "HTTP/1.1 404 Not Found"
2026-03-03 21:40:05 KST | INFO | HTTP Request: HEAD https://huggingface.co/microsoft/biogpt/resolve/main/config.json "HTTP/1.1 307 Temporary Redirect"
2026-03-03 21:40:05 KST | INFO | HTTP Request: HEAD https://huggingface.co/api/resolve-cache/models/microsoft/biogpt/eb0d815e95434dc9e3b78f464e52b899bee7d923/config.json "HTTP/1.1 200 OK"
2026-03-03 21:40:05 KST | INFO | Node-side parameters:      69,644,288
2026-03-03 21:40:05 KST | INFO | 
2026-03-03 21:40:05 KST | INFO | Broadcasting configuration to nodes …
2026-03-03 21:40:27 KST | INFO | ✓ Configuration broadcast to all nodes
2026-03-03 21:40:27 KST | INFO | Loading microsoft/biogpt …
2026-03-03 21:40:27 KST | INFO | HTTP Request: HEAD https://huggingface.co/microsoft/biogpt/resolve/main/config.json "HTTP/1.1 307 Temporary Redirect"
2026-03-03 21:40:27 KST | INFO | HTTP Request: HEAD https://huggingface.co/api/resolve-cache/models/microsoft/biogpt/eb0d815e95434dc9e3b78f464e52b899bee7d923/config.json "HTTP/1.1 200 OK"
2026-03-03 21:40:27 KST | INFO | HTTP Request: HEAD https://huggingface.co/microsoft/biogpt/resolve/main/config.json "HTTP/1.1 307 Temporary Redirect"
2026-03-03 21:40:27 KST | INFO | HTTP Request: HEAD https://huggingface.co/api/resolve-cache/models/microsoft/biogpt/eb0d815e95434dc9e3b78f464e52b899bee7d923/config.json "HTTP/1.1 200 OK"
2026-03-03 21:40:27 KST | INFO | HTTP Request: HEAD https://huggingface.co/microsoft/biogpt/resolve/main/model.safetensors "HTTP/1.1 404 Not Found"
2026-03-03 21:40:28 KST | INFO | HTTP Request: HEAD https://huggingface.co/microsoft/biogpt/resolve/main/model.safetensors.index.json "HTTP/1.1 404 Not Found"
2026-03-03 21:40:28 KST | INFO | HTTP Request: HEAD https://huggingface.co/microsoft/biogpt/resolve/main/pytorch_model.bin "HTTP/1.1 302 Found"
2026-03-03 21:40:28 KST | INFO | HTTP Request: HEAD https://huggingface.co/microsoft/biogpt/resolve/main/model.safetensors "HTTP/1.1 404 Not Found"
2026-03-03 21:40:28 KST | INFO | HTTP Request: GET https://huggingface.co/api/models/microsoft/biogpt "HTTP/1.1 200 OK"
2026-03-03 21:40:28 KST | INFO | HTTP Request: GET https://huggingface.co/api/models/microsoft/biogpt/commits/main "HTTP/1.1 200 OK"
2026-03-03 21:40:29 KST | INFO | HTTP Request: GET https://huggingface.co/api/models/microsoft/biogpt/discussions?p=0 "HTTP/1.1 200 OK"
2026-03-03 21:40:29 KST | INFO | HTTP Request: GET https://huggingface.co/api/models/microsoft/biogpt/commits/refs%2Fpr%2F17 "HTTP/1.1 200 OK"
2026-03-03 21:40:29 KST | INFO | HTTP Request: HEAD https://huggingface.co/microsoft/biogpt/resolve/refs%2Fpr%2F17/model.safetensors.index.json "HTTP/1.1 404 Not Found"
2026-03-03 21:40:29 KST | INFO | HTTP Request: HEAD https://huggingface.co/microsoft/biogpt/resolve/refs%2Fpr%2F17/model.safetensors "HTTP/1.1 302 Found"
2026-03-03 21:40:31 KST | INFO | HTTP Request: HEAD https://huggingface.co/microsoft/biogpt/resolve/main/generation_config.json "HTTP/1.1 404 Not Found"
2026-03-03 21:40:31 KST | INFO | HTTP Request: HEAD https://huggingface.co/microsoft/biogpt/resolve/main/config.json "HTTP/1.1 307 Temporary Redirect"
2026-03-03 21:40:31 KST | INFO | HTTP Request: HEAD https://huggingface.co/api/resolve-cache/models/microsoft/biogpt/eb0d815e95434dc9e3b78f464e52b899bee7d923/config.json "HTTP/1.1 200 OK"
2026-03-03 21:40:32 KST | INFO | Total parameters:          346,766,339
2026-03-03 21:40:32 KST | INFO | Trainable parameters:      346,766,339
2026-03-03 21:40:32 KST | INFO | 
2026-03-03 21:40:32 KST | INFO | --------------------------------------------------------------------------------
2026-03-03 21:40:32 KST | INFO | DATA LOADING
2026-03-03 21:40:32 KST | INFO | --------------------------------------------------------------------------------
2026-03-03 21:40:39 KST | INFO | ✓ Dataset sizes received:
2026-03-03 21:40:39 KST | INFO |     Node 1: 397 samples
2026-03-03 21:40:39 KST | INFO |     Node 2: 228 samples
2026-03-03 21:40:39 KST | INFO |     Node 3: 75 samples
2026-03-03 21:40:39 KST | INFO |   Total training: 700
2026-03-03 21:40:39 KST | INFO | 
2026-03-03 21:40:39 KST | INFO | HTTP Request: HEAD https://huggingface.co/microsoft/biogpt/resolve/main/tokenizer_config.json "HTTP/1.1 404 Not Found"
2026-03-03 21:40:40 KST | INFO | HTTP Request: GET https://huggingface.co/api/models/microsoft/biogpt/tree/main/additional_chat_templates?recursive=false&expand=false "HTTP/1.1 404 Not Found"
2026-03-03 21:40:40 KST | INFO | HTTP Request: GET https://huggingface.co/api/models/microsoft/biogpt/tree/main?recursive=true&expand=false "HTTP/1.1 200 OK"
2026-03-03 21:40:40 KST | INFO | HTTP Request: HEAD https://huggingface.co/microsoft/biogpt/resolve/main/vocab.json "HTTP/1.1 307 Temporary Redirect"
2026-03-03 21:40:40 KST | INFO | HTTP Request: HEAD https://huggingface.co/api/resolve-cache/models/microsoft/biogpt/eb0d815e95434dc9e3b78f464e52b899bee7d923/vocab.json "HTTP/1.1 200 OK"
2026-03-03 21:40:41 KST | INFO | Loading PubMedQA from Hugging Face …
2026-03-03 21:40:41 KST | INFO | HTTP Request: HEAD https://huggingface.co/datasets/pubmed_qa/resolve/main/README.md "HTTP/1.1 307 Temporary Redirect"
2026-03-03 21:40:42 KST | INFO | HTTP Request: HEAD https://huggingface.co/datasets/qiaojin/PubMedQA/resolve/main/README.md "HTTP/1.1 307 Temporary Redirect"
2026-03-03 21:40:42 KST | INFO | HTTP Request: HEAD https://huggingface.co/api/resolve-cache/datasets/qiaojin/PubMedQA/9001f2853fb87cab8d220904e0de81ac6973b318/README.md "HTTP/1.1 200 OK"
2026-03-03 21:40:42 KST | INFO | HTTP Request: HEAD https://huggingface.co/datasets/pubmed_qa/resolve/9001f2853fb87cab8d220904e0de81ac6973b318/pubmed_qa.py "HTTP/1.1 307 Temporary Redirect"
2026-03-03 21:40:42 KST | INFO | HTTP Request: HEAD https://huggingface.co/datasets/qiaojin/PubMedQA/resolve/9001f2853fb87cab8d220904e0de81ac6973b318/pubmed_qa.py "HTTP/1.1 404 Not Found"
2026-03-03 21:40:43 KST | INFO | HTTP Request: HEAD https://s3.amazonaws.com/datasets.huggingface.co/datasets/datasets/pubmed_qa/pubmed_qa.py "HTTP/1.1 404 Not Found"
2026-03-03 21:40:43 KST | INFO | HTTP Request: GET https://huggingface.co/api/datasets/pubmed_qa/revision/9001f2853fb87cab8d220904e0de81ac6973b318 "HTTP/1.1 307 Temporary Redirect"
2026-03-03 21:40:43 KST | INFO | HTTP Request: GET https://huggingface.co/api/datasets/qiaojin/PubMedQA/revision/9001f2853fb87cab8d220904e0de81ac6973b318 "HTTP/1.1 200 OK"
2026-03-03 21:40:43 KST | INFO | HTTP Request: HEAD https://huggingface.co/datasets/pubmed_qa/resolve/9001f2853fb87cab8d220904e0de81ac6973b318/.huggingface.yaml "HTTP/1.1 307 Temporary Redirect"
2026-03-03 21:40:44 KST | INFO | HTTP Request: HEAD https://huggingface.co/datasets/qiaojin/PubMedQA/resolve/9001f2853fb87cab8d220904e0de81ac6973b318/.huggingface.yaml "HTTP/1.1 404 Not Found"
2026-03-03 21:40:44 KST | INFO | HTTP Request: GET https://datasets-server.huggingface.co/info?dataset=pubmed_qa "HTTP/1.1 404 Not Found"
2026-03-03 21:40:44 KST | INFO | HTTP Request: GET https://huggingface.co/api/datasets/pubmed_qa/tree/9001f2853fb87cab8d220904e0de81ac6973b318/pqa_artificial?recursive=true&expand=false "HTTP/1.1 307 Temporary Redirect"
2026-03-03 21:40:44 KST | INFO | HTTP Request: GET https://huggingface.co/api/datasets/qiaojin/PubMedQA/tree/9001f2853fb87cab8d220904e0de81ac6973b318/pqa_artificial?recursive=true&expand=false "HTTP/1.1 200 OK"
2026-03-03 21:40:44 KST | INFO | HTTP Request: GET https://huggingface.co/api/datasets/pubmed_qa/tree/9001f2853fb87cab8d220904e0de81ac6973b318?recursive=false&expand=false "HTTP/1.1 307 Temporary Redirect"
2026-03-03 21:40:45 KST | INFO | HTTP Request: GET https://huggingface.co/api/datasets/qiaojin/PubMedQA/tree/9001f2853fb87cab8d220904e0de81ac6973b318?recursive=false&expand=false "HTTP/1.1 200 OK"
2026-03-03 21:40:45 KST | INFO | HTTP Request: HEAD https://huggingface.co/datasets/pubmed_qa/resolve/9001f2853fb87cab8d220904e0de81ac6973b318/dataset_infos.json "HTTP/1.1 307 Temporary Redirect"
2026-03-03 21:40:45 KST | INFO | HTTP Request: HEAD https://huggingface.co/datasets/qiaojin/PubMedQA/resolve/9001f2853fb87cab8d220904e0de81ac6973b318/dataset_infos.json "HTTP/1.1 404 Not Found"
2026-03-03 21:40:45 KST | INFO | HTTP Request: GET https://huggingface.co/api/datasets/pubmed_qa/tree/9001f2853fb87cab8d220904e0de81ac6973b318/pqa_labeled?recursive=true&expand=false "HTTP/1.1 307 Temporary Redirect"
2026-03-03 21:40:45 KST | INFO | HTTP Request: GET https://huggingface.co/api/datasets/qiaojin/PubMedQA/tree/9001f2853fb87cab8d220904e0de81ac6973b318/pqa_labeled?recursive=true&expand=false "HTTP/1.1 200 OK"
2026-03-03 21:40:46 KST | INFO | ✓ HF PubMedQA: 1000 total, 700 train / 300 test
2026-03-03 21:40:50 KST | INFO | ✓ Test set: 300 samples
2026-03-03 21:40:50 KST | INFO | 
2026-03-03 21:40:50 KST | INFO | ✓ Batch scheduler: 88 batches/epoch
2026-03-03 21:40:50 KST | INFO | 
2026-03-03 21:40:50 KST | INFO | --------------------------------------------------------------------------------
2026-03-03 21:40:50 KST | INFO | OPTIMISATION SETUP
2026-03-03 21:40:50 KST | INFO | --------------------------------------------------------------------------------
2026-03-03 21:40:50 KST | INFO | ✓ Optimizer:  AdamW (lr=2.00e-05)
2026-03-03 21:40:50 KST | INFO | ✓ Scheduler:  Linear warmup (500 steps / 8800 total)
2026-03-03 21:40:50 KST | INFO | ✓ Grad clip:  1.0
2026-03-03 21:40:50 KST | INFO | 
2026-03-03 21:40:50 KST | INFO | ================================================================================
2026-03-03 21:40:50 KST | INFO | Setup complete — Ready for training
2026-03-03 21:40:50 KST | INFO | ================================================================================
2026-03-03 21:40:50 KST | INFO | 
2026-03-03 21:40:50 KST | INFO | --------------------------------------------------------------------------------
2026-03-03 21:40:50 KST | INFO | TRAINING
2026-03-03 21:40:50 KST | INFO | --------------------------------------------------------------------------------
2026-03-03 21:40:50 KST | INFO | 
2026-03-03 21:40:50 KST | INFO | Epoch 1/100 | LR: 0.000000e+00
2026-03-04 03:04:52 KST | INFO |   Train Loss: 1.6080 | Test Loss: 0.0787 | Test Acc: 34.00%
2026-03-04 03:04:52 KST | INFO |     yes   : F1=15.14%
2026-03-04 03:04:52 KST | INFO |     no    : F1=51.80%
2026-03-04 03:04:52 KST | INFO |     maybe : F1=16.36%
2026-03-04 03:04:52 KST | INFO |   🏆 New best accuracy: 34.00%
2026-03-04 03:04:52 KST | INFO | 
2026-03-04 03:04:52 KST | INFO | Epoch 2/100 | LR: 3.520000e-06
2026-03-04 08:36:49 KST | INFO |   Train Loss: 1.0709 | Test Loss: 0.0702 | Test Acc: 40.67%
2026-03-04 08:36:49 KST | INFO |     yes   : F1=22.34%
2026-03-04 08:36:49 KST | INFO |     no    : F1=54.35%
2026-03-04 08:36:49 KST | INFO |     maybe : F1= 0.00%
2026-03-04 08:36:49 KST | INFO |   🏆 New best accuracy: 40.67%
2026-03-04 08:36:49 KST | INFO | 
2026-03-04 08:36:49 KST | INFO | Epoch 3/100 | LR: 7.040000e-06
2026-03-04 14:04:32 KST | INFO |   Train Loss: 0.9294 | Test Loss: 0.0553 | Test Acc: 66.33%
2026-03-04 14:04:32 KST | INFO |     yes   : F1=72.03%
2026-03-04 14:04:32 KST | INFO |     no    : F1=69.35%
2026-03-04 14:04:32 KST | INFO |     maybe : F1= 4.88%
2026-03-04 14:04:32 KST | INFO |   🏆 New best accuracy: 66.33%
2026-03-04 14:04:32 KST | INFO | 
2026-03-04 14:04:32 KST | INFO | Epoch 4/100 | LR: 1.056000e-05
2026-03-04 19:37:10 KST | INFO |   Train Loss: 0.5352 | Test Loss: 0.0470 | Test Acc: 68.00%
2026-03-04 19:37:10 KST | INFO |     yes   : F1=66.12%
2026-03-04 19:37:10 KST | INFO |     no    : F1=81.67%
2026-03-04 19:37:10 KST | INFO |     maybe : F1=43.48%
2026-03-04 19:37:10 KST | INFO |   🏆 New best accuracy: 68.00%
2026-03-04 19:37:10 KST | INFO | 
2026-03-04 19:37:10 KST | INFO | Epoch 5/100 | LR: 1.408000e-05
2026-03-05 01:09:00 KST | INFO |   Train Loss: 0.4315 | Test Loss: 0.0295 | Test Acc: 80.00%
2026-03-05 01:09:00 KST | INFO |     yes   : F1=83.67%
2026-03-05 01:09:00 KST | INFO |     no    : F1=79.37%
2026-03-05 01:09:00 KST | INFO |     maybe : F1=61.29%
2026-03-05 01:09:00 KST | INFO |   🏆 New best accuracy: 80.00%
2026-03-05 01:09:00 KST | INFO | 
2026-03-05 01:09:00 KST | INFO | Epoch 6/100 | LR: 1.760000e-05
2026-03-05 05:56:38 KST | INFO |   Train Loss: 0.2681 | Test Loss: 0.0304 | Test Acc: 81.67%
2026-03-05 05:56:38 KST | INFO |     yes   : F1=86.44%
2026-03-05 05:56:38 KST | INFO |     no    : F1=81.05%
2026-03-05 05:56:38 KST | INFO |     maybe : F1=66.67%
2026-03-05 05:56:38 KST | INFO |   🏆 New best accuracy: 81.67%
2026-03-05 05:56:38 KST | INFO | 
2026-03-05 05:56:38 KST | INFO | Epoch 7/100 | LR: 1.993253e-05
2026-03-05 10:29:49 KST | INFO |   Train Loss: 0.1219 | Test Loss: 0.0257 | Test Acc: 84.67%
2026-03-05 10:29:49 KST | INFO |     yes   : F1=86.84%
2026-03-05 10:29:49 KST | INFO |     no    : F1=87.22%
2026-03-05 10:29:49 KST | INFO |     maybe : F1=66.67%
2026-03-05 10:29:49 KST | INFO |   🏆 New best accuracy: 84.67%
2026-03-05 10:29:49 KST | INFO | 
2026-03-05 10:29:49 KST | INFO | Epoch 8/100 | LR: 1.972048e-05
2026-03-05 15:04:28 KST | INFO |   Train Loss: 0.0248 | Test Loss: 0.0261 | Test Acc: 82.67%
2026-03-05 15:04:28 KST | INFO |     yes   : F1=85.53%
2026-03-05 15:04:28 KST | INFO |     no    : F1=86.24%
2026-03-05 15:04:28 KST | INFO |     maybe : F1=56.25%
2026-03-05 15:04:28 KST | INFO |   No improvement (1/10)
2026-03-05 15:04:28 KST | INFO | 
2026-03-05 15:04:28 KST | INFO | Epoch 9/100 | LR: 1.950843e-05
2026-03-05 19:43:56 KST | INFO |   Train Loss: 0.0037 | Test Loss: 0.0291 | Test Acc: 81.67%
2026-03-05 19:43:56 KST | INFO |     yes   : F1=85.54%
2026-03-05 19:43:56 KST | INFO |     no    : F1=83.87%
2026-03-05 19:43:56 KST | INFO |     maybe : F1=47.06%
2026-03-05 19:43:56 KST | INFO |   No improvement (2/10)
2026-03-05 19:43:56 KST | INFO | 
2026-03-05 19:43:56 KST | INFO | Epoch 10/100 | LR: 1.929639e-05
2026-03-06 00:24:20 KST | INFO |   Train Loss: 0.0004 | Test Loss: 0.0276 | Test Acc: 79.67%
2026-03-06 00:24:20 KST | INFO |     yes   : F1=83.23%
2026-03-06 00:24:20 KST | INFO |     no    : F1=83.41%
2026-03-06 00:24:20 KST | INFO |     maybe : F1=43.64%
2026-03-06 00:24:20 KST | INFO |   No improvement (3/10)
2026-03-06 00:24:20 KST | INFO | 
2026-03-06 00:24:20 KST | INFO | Epoch 11/100 | LR: 1.908434e-05
2026-03-06 05:03:34 KST | INFO |   Train Loss: 0.0001 | Test Loss: 0.0308 | Test Acc: 81.00%
2026-03-06 05:03:34 KST | INFO |     yes   : F1=84.37%
2026-03-06 05:03:34 KST | INFO |     no    : F1=83.50%
2026-03-06 05:03:34 KST | INFO |     maybe : F1=50.91%
2026-03-06 05:03:34 KST | INFO |   No improvement (4/10)
2026-03-06 05:03:34 KST | INFO | 
2026-03-06 05:03:34 KST | INFO | Epoch 12/100 | LR: 1.887229e-05
2026-03-06 09:44:16 KST | INFO |   Train Loss: 0.0000 | Test Loss: 0.0285 | Test Acc: 79.67%
2026-03-06 09:44:16 KST | INFO |     yes   : F1=83.38%
2026-03-06 09:44:16 KST | INFO |     no    : F1=82.41%
2026-03-06 09:44:16 KST | INFO |     maybe : F1=45.28%
2026-03-06 09:44:16 KST | INFO |   No improvement (5/10)
2026-03-06 09:44:16 KST | INFO | 
2026-03-06 09:44:16 KST | INFO | Epoch 13/100 | LR: 1.866024e-05
2026-03-06 14:18:15 KST | INFO |   Train Loss: 0.0000 | Test Loss: 0.0288 | Test Acc: 80.00%
2026-03-06 14:18:15 KST | INFO |     yes   : F1=83.64%
2026-03-06 14:18:15 KST | INFO |     no    : F1=82.95%
2026-03-06 14:18:15 KST | INFO |     maybe : F1=45.28%
2026-03-06 14:18:15 KST | INFO |   No improvement (6/10)
2026-03-06 14:18:15 KST | INFO | 
2026-03-06 14:18:15 KST | INFO | Epoch 14/100 | LR: 1.844819e-05
2026-03-06 18:54:51 KST | INFO |   Train Loss: 0.0000 | Test Loss: 0.0290 | Test Acc: 79.67%
2026-03-06 18:54:51 KST | INFO |     yes   : F1=83.38%
2026-03-06 18:54:51 KST | INFO |     no    : F1=82.41%
2026-03-06 18:54:51 KST | INFO |     maybe : F1=45.28%
2026-03-06 18:54:51 KST | INFO |   No improvement (7/10)
2026-03-06 18:54:51 KST | INFO | 
2026-03-06 18:54:51 KST | INFO | Epoch 15/100 | LR: 1.823614e-05
2026-03-06 23:31:44 KST | INFO |   Train Loss: 0.0000 | Test Loss: 0.0290 | Test Acc: 79.67%
2026-03-06 23:31:44 KST | INFO |     yes   : F1=83.38%
2026-03-06 23:31:44 KST | INFO |     no    : F1=82.41%
2026-03-06 23:31:44 KST | INFO |     maybe : F1=45.28%
2026-03-06 23:31:44 KST | INFO |   No improvement (8/10)
2026-03-06 23:31:44 KST | INFO | 
2026-03-06 23:31:44 KST | INFO | Epoch 16/100 | LR: 1.802410e-05
2026-03-07 04:13:47 KST | INFO |   Train Loss: 0.0000 | Test Loss: 0.0292 | Test Acc: 79.67%
2026-03-07 04:13:47 KST | INFO |     yes   : F1=83.38%
2026-03-07 04:13:47 KST | INFO |     no    : F1=82.41%
2026-03-07 04:13:47 KST | INFO |     maybe : F1=45.28%
2026-03-07 04:13:47 KST | INFO |   No improvement (9/10)
2026-03-07 04:13:47 KST | INFO | 
2026-03-07 04:13:47 KST | INFO | Epoch 17/100 | LR: 1.781205e-05
2026-03-07 08:48:20 KST | INFO |   Train Loss: 0.0000 | Test Loss: 0.0292 | Test Acc: 79.67%
2026-03-07 08:48:20 KST | INFO |     yes   : F1=83.38%
2026-03-07 08:48:20 KST | INFO |     no    : F1=82.41%
2026-03-07 08:48:20 KST | INFO |     maybe : F1=45.28%
2026-03-07 08:48:20 KST | INFO |   No improvement (10/10)
2026-03-07 08:48:20 KST | INFO | 
Early stopping after 10 epochs without improvement
2026-03-07 08:48:20 KST | INFO | 
2026-03-07 08:48:20 KST | INFO | ================================================================================
2026-03-07 08:48:20 KST | INFO | TRAINING COMPLETE
2026-03-07 08:48:20 KST | INFO | ================================================================================
2026-03-07 08:48:20 KST | INFO | Best accuracy:  84.67% (Epoch 7)
2026-03-07 08:48:20 KST | INFO | ================================================================================
2026-03-07 08:48:20 KST | INFO | 
2026-03-07 08:48:20 KST | INFO | Notifying nodes of completion …
2026-03-07 08:48:21 KST | INFO | ✓ Nodes notified
2026-03-07 08:48:21 KST | INFO | 
2026-03-07 08:48:21 KST | INFO | Closing connections …
2026-03-07 08:48:21 KST | INFO | ✓ Cleanup complete
2026-03-07 08:48:21 KST | INFO | 
Full log: logs/TL++_biogpt_secure_20260303_213954.log
2026-03-07 08:48:21 KST | INFO | ================================================================================
