2026-02-17 11:32:59 KST | INFO | ================================================================================
2026-02-17 11:32:59 KST | INFO | TL++ Orchestrator  [BioGPT / PubMedQA]
2026-02-17 11:32:59 KST | INFO | ================================================================================
2026-02-17 11:32:59 KST | INFO | Log file: logs/TL++_biogpt_base_20260217_113259.log
2026-02-17 11:32:59 KST | INFO | 
2026-02-17 11:32:59 KST | INFO | --------------------------------------------------------------------------------
2026-02-17 11:32:59 KST | INFO | CONFIGURATION
2026-02-17 11:32:59 KST | INFO | --------------------------------------------------------------------------------
2026-02-17 11:32:59 KST | INFO | Dataset:            PubMedQA (yes / no / maybe)
2026-02-17 11:32:59 KST | INFO | Model:              BioGPT (microsoft/biogpt)
2026-02-17 11:32:59 KST | INFO | Secure mode:        False
2026-02-17 11:32:59 KST | INFO | LoRA:               False
2026-02-17 11:32:59 KST | INFO | Nodes:              3
2026-02-17 11:32:59 KST | INFO | Cut layer:          1
2026-02-17 11:32:59 KST | INFO | Batch size:         8
2026-02-17 11:32:59 KST | INFO | Learning rate:      2.00e-05
2026-02-17 11:32:59 KST | INFO | Max seq length:     512
2026-02-17 11:32:59 KST | INFO | 
2026-02-17 11:32:59 KST | INFO | Computation device: cuda
2026-02-17 11:32:59 KST | INFO | Secure mode: DISABLED
2026-02-17 11:32:59 KST | INFO | 
2026-02-17 11:32:59 KST | INFO | --------------------------------------------------------------------------------
2026-02-17 11:32:59 KST | INFO | NETWORK SETUP
2026-02-17 11:32:59 KST | INFO | --------------------------------------------------------------------------------
2026-02-17 11:32:59 KST | INFO | ✓ Orchestrator listening on 127.0.0.1:8080
2026-02-17 11:32:59 KST | INFO | Waiting for 3 node(s) …
2026-02-17 11:33:02 KST | INFO |   ✓ Node 1/3 connected
2026-02-17 11:33:03 KST | INFO |   ✓ Node 2/3 connected
2026-02-17 11:33:04 KST | INFO |   ✓ Node 3/3 connected
2026-02-17 11:33:04 KST | INFO | ✓ All 3 node(s) connected
2026-02-17 11:33:04 KST | INFO | 
2026-02-17 11:33:04 KST | INFO | --------------------------------------------------------------------------------
2026-02-17 11:33:04 KST | INFO | MODEL INITIALISATION  [BioGPT + LoRA on orch-side layers]
2026-02-17 11:33:04 KST | INFO | --------------------------------------------------------------------------------
2026-02-17 11:33:04 KST | INFO | HTTP Request: HEAD https://huggingface.co/microsoft/biogpt/resolve/main/config.json "HTTP/1.1 307 Temporary Redirect"
2026-02-17 11:33:04 KST | INFO | HTTP Request: HEAD https://huggingface.co/api/resolve-cache/models/microsoft/biogpt/eb0d815e95434dc9e3b78f464e52b899bee7d923/config.json "HTTP/1.1 200 OK"
2026-02-17 11:33:05 KST | INFO | HTTP Request: HEAD https://huggingface.co/microsoft/biogpt/resolve/main/config.json "HTTP/1.1 307 Temporary Redirect"
2026-02-17 11:33:05 KST | INFO | HTTP Request: HEAD https://huggingface.co/api/resolve-cache/models/microsoft/biogpt/eb0d815e95434dc9e3b78f464e52b899bee7d923/config.json "HTTP/1.1 200 OK"
2026-02-17 11:33:05 KST | INFO | HTTP Request: HEAD https://huggingface.co/microsoft/biogpt/resolve/main/model.safetensors "HTTP/1.1 404 Not Found"
2026-02-17 11:33:05 KST | INFO | HTTP Request: HEAD https://huggingface.co/microsoft/biogpt/resolve/main/model.safetensors.index.json "HTTP/1.1 404 Not Found"
2026-02-17 11:33:05 KST | INFO | HTTP Request: HEAD https://huggingface.co/microsoft/biogpt/resolve/main/pytorch_model.bin "HTTP/1.1 302 Found"
2026-02-17 11:33:05 KST | INFO | HTTP Request: HEAD https://huggingface.co/microsoft/biogpt/resolve/main/model.safetensors "HTTP/1.1 404 Not Found"
2026-02-17 11:33:06 KST | INFO | HTTP Request: GET https://huggingface.co/api/models/microsoft/biogpt "HTTP/1.1 200 OK"
2026-02-17 11:33:06 KST | INFO | HTTP Request: GET https://huggingface.co/api/models/microsoft/biogpt/commits/main "HTTP/1.1 200 OK"
2026-02-17 11:33:06 KST | INFO | HTTP Request: GET https://huggingface.co/api/models/microsoft/biogpt/discussions?p=0 "HTTP/1.1 200 OK"
2026-02-17 11:33:06 KST | INFO | HTTP Request: GET https://huggingface.co/api/models/microsoft/biogpt/commits/refs%2Fpr%2F17 "HTTP/1.1 200 OK"
2026-02-17 11:33:07 KST | INFO | HTTP Request: HEAD https://huggingface.co/microsoft/biogpt/resolve/refs%2Fpr%2F17/model.safetensors.index.json "HTTP/1.1 404 Not Found"
2026-02-17 11:33:07 KST | INFO | HTTP Request: HEAD https://huggingface.co/microsoft/biogpt/resolve/refs%2Fpr%2F17/model.safetensors "HTTP/1.1 302 Found"
2026-02-17 11:33:07 KST | INFO | HTTP Request: HEAD https://huggingface.co/microsoft/biogpt/resolve/main/generation_config.json "HTTP/1.1 404 Not Found"
2026-02-17 11:33:08 KST | INFO | HTTP Request: HEAD https://huggingface.co/microsoft/biogpt/resolve/main/config.json "HTTP/1.1 307 Temporary Redirect"
2026-02-17 11:33:08 KST | INFO | HTTP Request: HEAD https://huggingface.co/api/resolve-cache/models/microsoft/biogpt/eb0d815e95434dc9e3b78f464e52b899bee7d923/config.json "HTTP/1.1 200 OK"
2026-02-17 11:33:08 KST | INFO | Node-side parameters:      69,644,288
2026-02-17 11:33:08 KST | INFO | 
2026-02-17 11:33:08 KST | INFO | Broadcasting configuration to nodes …
2026-02-17 11:33:27 KST | INFO | ✓ Configuration broadcast to all nodes
2026-02-17 11:33:27 KST | INFO | Loading microsoft/biogpt …
2026-02-17 11:33:27 KST | INFO | HTTP Request: HEAD https://huggingface.co/microsoft/biogpt/resolve/main/config.json "HTTP/1.1 307 Temporary Redirect"
2026-02-17 11:33:27 KST | INFO | HTTP Request: HEAD https://huggingface.co/api/resolve-cache/models/microsoft/biogpt/eb0d815e95434dc9e3b78f464e52b899bee7d923/config.json "HTTP/1.1 200 OK"
2026-02-17 11:33:27 KST | INFO | HTTP Request: HEAD https://huggingface.co/microsoft/biogpt/resolve/main/config.json "HTTP/1.1 307 Temporary Redirect"
2026-02-17 11:33:27 KST | INFO | HTTP Request: HEAD https://huggingface.co/api/resolve-cache/models/microsoft/biogpt/eb0d815e95434dc9e3b78f464e52b899bee7d923/config.json "HTTP/1.1 200 OK"
2026-02-17 11:33:27 KST | INFO | HTTP Request: HEAD https://huggingface.co/microsoft/biogpt/resolve/main/model.safetensors "HTTP/1.1 404 Not Found"
2026-02-17 11:33:28 KST | INFO | HTTP Request: HEAD https://huggingface.co/microsoft/biogpt/resolve/main/model.safetensors.index.json "HTTP/1.1 404 Not Found"
2026-02-17 11:33:28 KST | INFO | HTTP Request: HEAD https://huggingface.co/microsoft/biogpt/resolve/main/pytorch_model.bin "HTTP/1.1 302 Found"
2026-02-17 11:33:28 KST | INFO | HTTP Request: HEAD https://huggingface.co/microsoft/biogpt/resolve/main/model.safetensors "HTTP/1.1 404 Not Found"
2026-02-17 11:33:28 KST | INFO | HTTP Request: GET https://huggingface.co/api/models/microsoft/biogpt "HTTP/1.1 200 OK"
2026-02-17 11:33:29 KST | INFO | HTTP Request: GET https://huggingface.co/api/models/microsoft/biogpt/commits/main "HTTP/1.1 200 OK"
2026-02-17 11:33:29 KST | INFO | HTTP Request: GET https://huggingface.co/api/models/microsoft/biogpt/discussions?p=0 "HTTP/1.1 200 OK"
2026-02-17 11:33:29 KST | INFO | HTTP Request: GET https://huggingface.co/api/models/microsoft/biogpt/commits/refs%2Fpr%2F17 "HTTP/1.1 200 OK"
2026-02-17 11:33:29 KST | INFO | HTTP Request: HEAD https://huggingface.co/microsoft/biogpt/resolve/refs%2Fpr%2F17/model.safetensors.index.json "HTTP/1.1 404 Not Found"
2026-02-17 11:33:30 KST | INFO | HTTP Request: HEAD https://huggingface.co/microsoft/biogpt/resolve/refs%2Fpr%2F17/model.safetensors "HTTP/1.1 302 Found"
2026-02-17 11:33:30 KST | INFO | HTTP Request: HEAD https://huggingface.co/microsoft/biogpt/resolve/main/generation_config.json "HTTP/1.1 404 Not Found"
2026-02-17 11:33:30 KST | WARNING | Warning: You are sending unauthenticated requests to the HF Hub. Please set a HF_TOKEN to enable higher rate limits and faster downloads.
2026-02-17 11:33:30 KST | INFO | HTTP Request: HEAD https://huggingface.co/microsoft/biogpt/resolve/main/config.json "HTTP/1.1 307 Temporary Redirect"
2026-02-17 11:33:30 KST | INFO | HTTP Request: HEAD https://huggingface.co/api/resolve-cache/models/microsoft/biogpt/eb0d815e95434dc9e3b78f464e52b899bee7d923/config.json "HTTP/1.1 200 OK"
2026-02-17 11:33:31 KST | INFO | Total parameters:          346,766,339
2026-02-17 11:33:31 KST | INFO | Trainable parameters:      346,766,339
2026-02-17 11:33:31 KST | INFO | 
2026-02-17 11:33:31 KST | INFO | --------------------------------------------------------------------------------
2026-02-17 11:33:31 KST | INFO | DATA LOADING
2026-02-17 11:33:31 KST | INFO | --------------------------------------------------------------------------------
2026-02-17 11:33:37 KST | INFO | ✓ Dataset sizes received:
2026-02-17 11:33:37 KST | INFO |     Node 1: 397 samples
2026-02-17 11:33:37 KST | INFO |     Node 2: 228 samples
2026-02-17 11:33:37 KST | INFO |     Node 3: 75 samples
2026-02-17 11:33:37 KST | INFO |   Total training: 700
2026-02-17 11:33:37 KST | INFO | 
2026-02-17 11:33:38 KST | INFO | HTTP Request: HEAD https://huggingface.co/microsoft/biogpt/resolve/main/tokenizer_config.json "HTTP/1.1 404 Not Found"
2026-02-17 11:33:38 KST | INFO | HTTP Request: GET https://huggingface.co/api/models/microsoft/biogpt/tree/main/additional_chat_templates?recursive=false&expand=false "HTTP/1.1 404 Not Found"
2026-02-17 11:33:38 KST | INFO | HTTP Request: GET https://huggingface.co/api/models/microsoft/biogpt/tree/main?recursive=true&expand=false "HTTP/1.1 200 OK"
2026-02-17 11:33:38 KST | INFO | HTTP Request: HEAD https://huggingface.co/microsoft/biogpt/resolve/main/vocab.json "HTTP/1.1 307 Temporary Redirect"
2026-02-17 11:33:38 KST | INFO | HTTP Request: HEAD https://huggingface.co/api/resolve-cache/models/microsoft/biogpt/eb0d815e95434dc9e3b78f464e52b899bee7d923/vocab.json "HTTP/1.1 200 OK"
2026-02-17 11:33:39 KST | INFO | Loading PubMedQA from Hugging Face …
2026-02-17 11:33:39 KST | INFO | HTTP Request: HEAD https://huggingface.co/datasets/pubmed_qa/resolve/main/README.md "HTTP/1.1 307 Temporary Redirect"
2026-02-17 11:33:40 KST | INFO | HTTP Request: HEAD https://huggingface.co/datasets/qiaojin/PubMedQA/resolve/main/README.md "HTTP/1.1 307 Temporary Redirect"
2026-02-17 11:33:40 KST | INFO | HTTP Request: HEAD https://huggingface.co/api/resolve-cache/datasets/qiaojin/PubMedQA/9001f2853fb87cab8d220904e0de81ac6973b318/README.md "HTTP/1.1 200 OK"
2026-02-17 11:33:40 KST | INFO | HTTP Request: HEAD https://huggingface.co/datasets/pubmed_qa/resolve/9001f2853fb87cab8d220904e0de81ac6973b318/pubmed_qa.py "HTTP/1.1 307 Temporary Redirect"
2026-02-17 11:33:40 KST | INFO | HTTP Request: HEAD https://huggingface.co/datasets/qiaojin/PubMedQA/resolve/9001f2853fb87cab8d220904e0de81ac6973b318/pubmed_qa.py "HTTP/1.1 404 Not Found"
2026-02-17 11:33:41 KST | INFO | HTTP Request: HEAD https://s3.amazonaws.com/datasets.huggingface.co/datasets/datasets/pubmed_qa/pubmed_qa.py "HTTP/1.1 404 Not Found"
2026-02-17 11:33:41 KST | INFO | HTTP Request: GET https://huggingface.co/api/datasets/pubmed_qa/revision/9001f2853fb87cab8d220904e0de81ac6973b318 "HTTP/1.1 307 Temporary Redirect"
2026-02-17 11:33:41 KST | INFO | HTTP Request: GET https://huggingface.co/api/datasets/qiaojin/PubMedQA/revision/9001f2853fb87cab8d220904e0de81ac6973b318 "HTTP/1.1 200 OK"
2026-02-17 11:33:41 KST | INFO | HTTP Request: HEAD https://huggingface.co/datasets/pubmed_qa/resolve/9001f2853fb87cab8d220904e0de81ac6973b318/.huggingface.yaml "HTTP/1.1 307 Temporary Redirect"
2026-02-17 11:33:41 KST | INFO | HTTP Request: HEAD https://huggingface.co/datasets/qiaojin/PubMedQA/resolve/9001f2853fb87cab8d220904e0de81ac6973b318/.huggingface.yaml "HTTP/1.1 404 Not Found"
2026-02-17 11:33:42 KST | INFO | HTTP Request: GET https://datasets-server.huggingface.co/info?dataset=pubmed_qa "HTTP/1.1 404 Not Found"
2026-02-17 11:33:42 KST | INFO | HTTP Request: GET https://huggingface.co/api/datasets/pubmed_qa/tree/9001f2853fb87cab8d220904e0de81ac6973b318/pqa_artificial?recursive=true&expand=false "HTTP/1.1 307 Temporary Redirect"
2026-02-17 11:33:42 KST | INFO | HTTP Request: GET https://huggingface.co/api/datasets/qiaojin/PubMedQA/tree/9001f2853fb87cab8d220904e0de81ac6973b318/pqa_artificial?recursive=true&expand=false "HTTP/1.1 200 OK"
2026-02-17 11:33:42 KST | INFO | HTTP Request: GET https://huggingface.co/api/datasets/pubmed_qa/tree/9001f2853fb87cab8d220904e0de81ac6973b318?recursive=false&expand=false "HTTP/1.1 307 Temporary Redirect"
2026-02-17 11:33:43 KST | INFO | HTTP Request: GET https://huggingface.co/api/datasets/qiaojin/PubMedQA/tree/9001f2853fb87cab8d220904e0de81ac6973b318?recursive=false&expand=false "HTTP/1.1 200 OK"
2026-02-17 11:33:43 KST | INFO | HTTP Request: HEAD https://huggingface.co/datasets/pubmed_qa/resolve/9001f2853fb87cab8d220904e0de81ac6973b318/dataset_infos.json "HTTP/1.1 307 Temporary Redirect"
2026-02-17 11:33:43 KST | INFO | HTTP Request: HEAD https://huggingface.co/datasets/qiaojin/PubMedQA/resolve/9001f2853fb87cab8d220904e0de81ac6973b318/dataset_infos.json "HTTP/1.1 404 Not Found"
2026-02-17 11:33:43 KST | INFO | HTTP Request: GET https://huggingface.co/api/datasets/pubmed_qa/tree/9001f2853fb87cab8d220904e0de81ac6973b318/pqa_labeled?recursive=true&expand=false "HTTP/1.1 307 Temporary Redirect"
2026-02-17 11:33:43 KST | INFO | HTTP Request: GET https://huggingface.co/api/datasets/qiaojin/PubMedQA/tree/9001f2853fb87cab8d220904e0de81ac6973b318/pqa_labeled?recursive=true&expand=false "HTTP/1.1 200 OK"
2026-02-17 11:33:44 KST | INFO | ✓ HF PubMedQA: 1000 total, 700 train / 300 test
2026-02-17 11:33:48 KST | INFO | ✓ Test set: 300 samples
2026-02-17 11:33:48 KST | INFO | 
2026-02-17 11:33:48 KST | INFO | ✓ Batch scheduler: 88 batches/epoch
2026-02-17 11:33:48 KST | INFO | 
2026-02-17 11:33:48 KST | INFO | --------------------------------------------------------------------------------
2026-02-17 11:33:48 KST | INFO | OPTIMISATION SETUP
2026-02-17 11:33:48 KST | INFO | --------------------------------------------------------------------------------
2026-02-17 11:33:48 KST | INFO | ✓ Optimizer:  AdamW (lr=2.00e-05)
2026-02-17 11:33:48 KST | INFO | ✓ Scheduler:  Linear warmup (500 steps / 8800 total)
2026-02-17 11:33:48 KST | INFO | ✓ Grad clip:  1.0
2026-02-17 11:33:48 KST | INFO | 
2026-02-17 11:33:48 KST | INFO | ================================================================================
2026-02-17 11:33:48 KST | INFO | Setup complete — Ready for training
2026-02-17 11:33:48 KST | INFO | ================================================================================
2026-02-17 11:33:48 KST | INFO | 
2026-02-17 11:33:48 KST | INFO | --------------------------------------------------------------------------------
2026-02-17 11:33:48 KST | INFO | TRAINING
2026-02-17 11:33:48 KST | INFO | --------------------------------------------------------------------------------
2026-02-17 11:33:48 KST | INFO | 
2026-02-17 11:33:48 KST | INFO | Epoch 1/100 | LR: 0.000000e+00
2026-02-17 12:10:30 KST | INFO |   Train Loss: 1.1180 | Test Loss: 0.0608 | Test Acc: 53.00%
2026-02-17 12:10:30 KST | INFO |     yes   : F1=68.57%
2026-02-17 12:10:30 KST | INFO |     no    : F1=21.43%
2026-02-17 12:10:30 KST | INFO |     maybe : F1= 0.00%
2026-02-17 12:10:30 KST | INFO |   🏆 New best accuracy: 53.00%
2026-02-17 12:10:30 KST | INFO | 
2026-02-17 12:10:30 KST | INFO | Epoch 2/100 | LR: 3.520000e-06
2026-02-17 12:47:12 KST | INFO |   Train Loss: 0.6676 | Test Loss: 0.0329 | Test Acc: 77.33%
2026-02-17 12:47:12 KST | INFO |     yes   : F1=81.92%
2026-02-17 12:47:12 KST | INFO |     no    : F1=75.51%
2026-02-17 12:47:12 KST | INFO |     maybe : F1=52.00%
2026-02-17 12:47:12 KST | INFO |   🏆 New best accuracy: 77.33%
2026-02-17 12:47:12 KST | INFO | 
2026-02-17 12:47:12 KST | INFO | Epoch 3/100 | LR: 7.040000e-06
2026-02-17 13:23:03 KST | INFO |   Train Loss: 0.3998 | Test Loss: 0.0472 | Test Acc: 74.67%
2026-02-17 13:23:03 KST | INFO |     yes   : F1=80.42%
2026-02-17 13:23:03 KST | INFO |     no    : F1=70.86%
2026-02-17 13:23:03 KST | INFO |     maybe : F1=42.55%
2026-02-17 13:23:03 KST | INFO |   No improvement (1/10)
2026-02-17 13:23:03 KST | INFO | 
2026-02-17 13:23:03 KST | INFO | Epoch 4/100 | LR: 1.056000e-05
2026-02-17 13:59:37 KST | INFO |   Train Loss: 0.2348 | Test Loss: 0.0367 | Test Acc: 79.00%
2026-02-17 13:59:37 KST | INFO |     yes   : F1=84.08%
2026-02-17 13:59:37 KST | INFO |     no    : F1=79.15%
2026-02-17 13:59:37 KST | INFO |     maybe : F1=47.06%
2026-02-17 13:59:37 KST | INFO |   🏆 New best accuracy: 79.00%
2026-02-17 13:59:37 KST | INFO | 
2026-02-17 13:59:37 KST | INFO | Epoch 5/100 | LR: 1.408000e-05
2026-02-17 14:35:10 KST | INFO |   Train Loss: 0.1125 | Test Loss: 0.0579 | Test Acc: 76.00%
2026-02-17 14:35:10 KST | INFO |     yes   : F1=81.54%
2026-02-17 14:35:10 KST | INFO |     no    : F1=74.74%
2026-02-17 14:35:10 KST | INFO |     maybe : F1=38.30%
2026-02-17 14:35:10 KST | INFO |   No improvement (1/10)
2026-02-17 14:35:10 KST | INFO | 
2026-02-17 14:35:10 KST | INFO | Epoch 6/100 | LR: 1.760000e-05
2026-02-17 15:12:54 KST | INFO |   Train Loss: 0.0271 | Test Loss: 0.0649 | Test Acc: 76.33%
2026-02-17 15:12:54 KST | INFO |     yes   : F1=82.46%
2026-02-17 15:12:54 KST | INFO |     no    : F1=73.40%
2026-02-17 15:12:54 KST | INFO |     maybe : F1=54.29%
2026-02-17 15:12:54 KST | INFO |   No improvement (2/10)
2026-02-17 15:12:54 KST | INFO | 
2026-02-17 15:12:54 KST | INFO | Epoch 7/100 | LR: 1.993253e-05
2026-02-17 15:49:25 KST | INFO |   Train Loss: 0.0124 | Test Loss: 0.0889 | Test Acc: 75.33%
2026-02-17 15:49:25 KST | INFO |     yes   : F1=81.10%
2026-02-17 15:49:25 KST | INFO |     no    : F1=75.26%
2026-02-17 15:49:25 KST | INFO |     maybe : F1=24.39%
2026-02-17 15:49:25 KST | INFO |   No improvement (3/10)
2026-02-17 15:49:25 KST | INFO | 
2026-02-17 15:49:25 KST | INFO | Epoch 8/100 | LR: 1.972048e-05
2026-02-17 16:27:35 KST | INFO |   Train Loss: 0.0006 | Test Loss: 0.0855 | Test Acc: 76.33%
2026-02-17 16:27:35 KST | INFO |     yes   : F1=81.32%
2026-02-17 16:27:35 KST | INFO |     no    : F1=77.08%
2026-02-17 16:27:35 KST | INFO |     maybe : F1=31.82%
2026-02-17 16:27:35 KST | INFO |   No improvement (4/10)
2026-02-17 16:27:35 KST | INFO | 
2026-02-17 16:27:35 KST | INFO | Epoch 9/100 | LR: 1.950843e-05
2026-02-17 17:04:30 KST | INFO |   Train Loss: 0.0001 | Test Loss: 0.0768 | Test Acc: 77.33%
2026-02-17 17:04:30 KST | INFO |     yes   : F1=82.12%
2026-02-17 17:04:30 KST | INFO |     no    : F1=78.17%
2026-02-17 17:04:30 KST | INFO |     maybe : F1=35.56%
2026-02-17 17:04:30 KST | INFO |   No improvement (5/10)
2026-02-17 17:04:30 KST | INFO | 
2026-02-17 17:04:30 KST | INFO | Epoch 10/100 | LR: 1.929639e-05
2026-02-17 17:41:56 KST | INFO |   Train Loss: 0.0000 | Test Loss: 0.0788 | Test Acc: 77.33%
2026-02-17 17:41:56 KST | INFO |     yes   : F1=82.12%
2026-02-17 17:41:56 KST | INFO |     no    : F1=78.17%
2026-02-17 17:41:56 KST | INFO |     maybe : F1=35.56%
2026-02-17 17:41:56 KST | INFO |   No improvement (6/10)
2026-02-17 17:41:56 KST | INFO | 
2026-02-17 17:41:56 KST | INFO | Epoch 11/100 | LR: 1.908434e-05
2026-02-17 18:18:19 KST | INFO |   Train Loss: 0.0000 | Test Loss: 0.0786 | Test Acc: 76.67%
2026-02-17 18:18:19 KST | INFO |     yes   : F1=82.02%
2026-02-17 18:18:19 KST | INFO |     no    : F1=77.00%
2026-02-17 18:18:19 KST | INFO |     maybe : F1=31.82%
2026-02-17 18:18:19 KST | INFO |   No improvement (7/10)
2026-02-17 18:18:19 KST | INFO | 
2026-02-17 18:18:19 KST | INFO | Epoch 12/100 | LR: 1.887229e-05
2026-02-17 18:55:00 KST | INFO |   Train Loss: 0.0000 | Test Loss: 0.0806 | Test Acc: 76.67%
2026-02-17 18:55:00 KST | INFO |     yes   : F1=82.02%
2026-02-17 18:55:00 KST | INFO |     no    : F1=77.00%
2026-02-17 18:55:00 KST | INFO |     maybe : F1=31.82%
2026-02-17 18:55:00 KST | INFO |   No improvement (8/10)
2026-02-17 18:55:00 KST | INFO | 
2026-02-17 18:55:00 KST | INFO | Epoch 13/100 | LR: 1.866024e-05
2026-02-17 19:33:23 KST | INFO |   Train Loss: 0.0000 | Test Loss: 0.0822 | Test Acc: 76.67%
2026-02-17 19:33:23 KST | INFO |     yes   : F1=82.12%
2026-02-17 19:33:23 KST | INFO |     no    : F1=77.39%
2026-02-17 19:33:23 KST | INFO |     maybe : F1=27.91%
2026-02-17 19:33:23 KST | INFO |   No improvement (9/10)
2026-02-17 19:33:23 KST | INFO | 
2026-02-17 19:33:23 KST | INFO | Epoch 14/100 | LR: 1.844819e-05
2026-02-17 20:10:49 KST | INFO |   Train Loss: 0.0000 | Test Loss: 0.0831 | Test Acc: 76.67%
2026-02-17 20:10:49 KST | INFO |     yes   : F1=82.12%
2026-02-17 20:10:49 KST | INFO |     no    : F1=77.39%
2026-02-17 20:10:49 KST | INFO |     maybe : F1=27.91%
2026-02-17 20:10:49 KST | INFO |   No improvement (10/10)
2026-02-17 20:10:49 KST | INFO | 
Early stopping after 10 epochs without improvement
2026-02-17 20:10:49 KST | INFO | 
2026-02-17 20:10:49 KST | INFO | ================================================================================
2026-02-17 20:10:49 KST | INFO | TRAINING COMPLETE
2026-02-17 20:10:49 KST | INFO | ================================================================================
2026-02-17 20:10:49 KST | INFO | Best accuracy:  79.00% (Epoch 4)
2026-02-17 20:10:49 KST | INFO | ================================================================================
2026-02-17 20:10:49 KST | INFO | 
2026-02-17 20:10:49 KST | INFO | Notifying nodes of completion …
2026-02-17 20:10:50 KST | INFO | ✓ Nodes notified
2026-02-17 20:10:50 KST | INFO | 
2026-02-17 20:10:50 KST | INFO | Closing connections …
2026-02-17 20:10:50 KST | INFO | ✓ Cleanup complete
2026-02-17 20:10:50 KST | INFO | 
Full log: logs/TL++_biogpt_base_20260217_113259.log
2026-02-17 20:10:50 KST | INFO | ================================================================================
