2026-02-16 00:48:23 KST | INFO | ================================================================================
2026-02-16 00:48:23 KST | INFO | TL++ Orchestrator  [BioGPT / PubMedQA]
2026-02-16 00:48:23 KST | INFO | ================================================================================
2026-02-16 00:48:23 KST | INFO | Log file: logs/TL++_biogpt_base_20260216_004823.log
2026-02-16 00:48:23 KST | INFO | 
2026-02-16 00:48:23 KST | INFO | --------------------------------------------------------------------------------
2026-02-16 00:48:23 KST | INFO | CONFIGURATION
2026-02-16 00:48:23 KST | INFO | --------------------------------------------------------------------------------
2026-02-16 00:48:23 KST | INFO | Dataset:            PubMedQA (yes / no / maybe)
2026-02-16 00:48:23 KST | INFO | Model:              BioGPT (microsoft/biogpt)
2026-02-16 00:48:23 KST | INFO | Secure mode:        False
2026-02-16 00:48:23 KST | INFO | LoRA:               False
2026-02-16 00:48:23 KST | INFO | Nodes:              3
2026-02-16 00:48:23 KST | INFO | Cut layer:          1
2026-02-16 00:48:23 KST | INFO | Batch size:         8
2026-02-16 00:48:23 KST | INFO | Learning rate:      2.00e-05
2026-02-16 00:48:23 KST | INFO | Max seq length:     512
2026-02-16 00:48:23 KST | INFO | 
2026-02-16 00:48:23 KST | INFO | Computation device: cuda
2026-02-16 00:48:23 KST | INFO | Secure mode: DISABLED
2026-02-16 00:48:23 KST | INFO | 
2026-02-16 00:48:23 KST | INFO | --------------------------------------------------------------------------------
2026-02-16 00:48:23 KST | INFO | NETWORK SETUP
2026-02-16 00:48:23 KST | INFO | --------------------------------------------------------------------------------
2026-02-16 00:48:23 KST | INFO | ✓ Orchestrator listening on 127.0.0.1:8080
2026-02-16 00:48:23 KST | INFO | Waiting for 3 node(s) …
2026-02-16 00:48:25 KST | INFO |   ✓ Node 1/3 connected
2026-02-16 00:48:27 KST | INFO |   ✓ Node 2/3 connected
2026-02-16 00:48:27 KST | INFO |   ✓ Node 3/3 connected
2026-02-16 00:48:27 KST | INFO | ✓ All 3 node(s) connected
2026-02-16 00:48:27 KST | INFO | 
2026-02-16 00:48:27 KST | INFO | --------------------------------------------------------------------------------
2026-02-16 00:48:27 KST | INFO | MODEL INITIALISATION  [BioGPT + LoRA on orch-side layers]
2026-02-16 00:48:27 KST | INFO | --------------------------------------------------------------------------------
2026-02-16 00:48:27 KST | INFO | HTTP Request: HEAD https://huggingface.co/microsoft/biogpt/resolve/main/config.json "HTTP/1.1 307 Temporary Redirect"
2026-02-16 00:48:27 KST | INFO | HTTP Request: HEAD https://huggingface.co/api/resolve-cache/models/microsoft/biogpt/eb0d815e95434dc9e3b78f464e52b899bee7d923/config.json "HTTP/1.1 200 OK"
2026-02-16 00:48:28 KST | INFO | HTTP Request: HEAD https://huggingface.co/microsoft/biogpt/resolve/main/config.json "HTTP/1.1 307 Temporary Redirect"
2026-02-16 00:48:28 KST | WARNING | Warning: You are sending unauthenticated requests to the HF Hub. Please set a HF_TOKEN to enable higher rate limits and faster downloads.
2026-02-16 00:48:28 KST | INFO | HTTP Request: HEAD https://huggingface.co/api/resolve-cache/models/microsoft/biogpt/eb0d815e95434dc9e3b78f464e52b899bee7d923/config.json "HTTP/1.1 200 OK"
2026-02-16 00:48:28 KST | INFO | HTTP Request: HEAD https://huggingface.co/microsoft/biogpt/resolve/main/model.safetensors "HTTP/1.1 404 Not Found"
2026-02-16 00:48:28 KST | INFO | HTTP Request: HEAD https://huggingface.co/microsoft/biogpt/resolve/main/model.safetensors.index.json "HTTP/1.1 404 Not Found"
2026-02-16 00:48:28 KST | INFO | HTTP Request: HEAD https://huggingface.co/microsoft/biogpt/resolve/main/pytorch_model.bin "HTTP/1.1 302 Found"
2026-02-16 00:48:28 KST | INFO | HTTP Request: HEAD https://huggingface.co/microsoft/biogpt/resolve/main/model.safetensors "HTTP/1.1 404 Not Found"
2026-02-16 00:48:29 KST | INFO | HTTP Request: GET https://huggingface.co/api/models/microsoft/biogpt "HTTP/1.1 200 OK"
2026-02-16 00:48:29 KST | INFO | HTTP Request: GET https://huggingface.co/api/models/microsoft/biogpt/commits/main "HTTP/1.1 200 OK"
2026-02-16 00:48:29 KST | INFO | HTTP Request: GET https://huggingface.co/api/models/microsoft/biogpt/discussions?p=0 "HTTP/1.1 200 OK"
2026-02-16 00:48:29 KST | INFO | HTTP Request: GET https://huggingface.co/api/models/microsoft/biogpt/commits/refs%2Fpr%2F17 "HTTP/1.1 200 OK"
2026-02-16 00:48:29 KST | INFO | HTTP Request: HEAD https://huggingface.co/microsoft/biogpt/resolve/refs%2Fpr%2F17/model.safetensors.index.json "HTTP/1.1 404 Not Found"
2026-02-16 00:48:30 KST | INFO | HTTP Request: HEAD https://huggingface.co/microsoft/biogpt/resolve/refs%2Fpr%2F17/model.safetensors "HTTP/1.1 302 Found"
2026-02-16 00:48:31 KST | INFO | HTTP Request: HEAD https://huggingface.co/microsoft/biogpt/resolve/main/generation_config.json "HTTP/1.1 404 Not Found"
2026-02-16 00:48:31 KST | INFO | HTTP Request: HEAD https://huggingface.co/microsoft/biogpt/resolve/main/config.json "HTTP/1.1 307 Temporary Redirect"
2026-02-16 00:48:31 KST | INFO | HTTP Request: HEAD https://huggingface.co/api/resolve-cache/models/microsoft/biogpt/eb0d815e95434dc9e3b78f464e52b899bee7d923/config.json "HTTP/1.1 200 OK"
2026-02-16 00:48:31 KST | INFO | Node-side parameters:      69,644,288
2026-02-16 00:48:31 KST | INFO | 
2026-02-16 00:48:31 KST | INFO | Broadcasting configuration to nodes …
2026-02-16 00:48:51 KST | INFO | ✓ Configuration broadcast to all nodes
2026-02-16 00:48:51 KST | INFO | Loading microsoft/biogpt …
2026-02-16 00:48:51 KST | INFO | HTTP Request: HEAD https://huggingface.co/microsoft/biogpt/resolve/main/config.json "HTTP/1.1 307 Temporary Redirect"
2026-02-16 00:48:51 KST | INFO | HTTP Request: HEAD https://huggingface.co/api/resolve-cache/models/microsoft/biogpt/eb0d815e95434dc9e3b78f464e52b899bee7d923/config.json "HTTP/1.1 200 OK"
2026-02-16 00:48:51 KST | INFO | HTTP Request: HEAD https://huggingface.co/microsoft/biogpt/resolve/main/config.json "HTTP/1.1 307 Temporary Redirect"
2026-02-16 00:48:51 KST | INFO | HTTP Request: HEAD https://huggingface.co/api/resolve-cache/models/microsoft/biogpt/eb0d815e95434dc9e3b78f464e52b899bee7d923/config.json "HTTP/1.1 200 OK"
2026-02-16 00:48:52 KST | INFO | HTTP Request: HEAD https://huggingface.co/microsoft/biogpt/resolve/main/model.safetensors "HTTP/1.1 404 Not Found"
2026-02-16 00:48:52 KST | INFO | HTTP Request: HEAD https://huggingface.co/microsoft/biogpt/resolve/main/model.safetensors.index.json "HTTP/1.1 404 Not Found"
2026-02-16 00:48:52 KST | INFO | HTTP Request: HEAD https://huggingface.co/microsoft/biogpt/resolve/main/pytorch_model.bin "HTTP/1.1 302 Found"
2026-02-16 00:48:52 KST | INFO | HTTP Request: HEAD https://huggingface.co/microsoft/biogpt/resolve/main/model.safetensors "HTTP/1.1 404 Not Found"
2026-02-16 00:48:52 KST | INFO | HTTP Request: GET https://huggingface.co/api/models/microsoft/biogpt "HTTP/1.1 200 OK"
2026-02-16 00:48:53 KST | INFO | HTTP Request: GET https://huggingface.co/api/models/microsoft/biogpt/commits/main "HTTP/1.1 200 OK"
2026-02-16 00:48:53 KST | INFO | HTTP Request: GET https://huggingface.co/api/models/microsoft/biogpt/discussions?p=0 "HTTP/1.1 200 OK"
2026-02-16 00:48:53 KST | INFO | HTTP Request: GET https://huggingface.co/api/models/microsoft/biogpt/commits/refs%2Fpr%2F17 "HTTP/1.1 200 OK"
2026-02-16 00:48:53 KST | INFO | HTTP Request: HEAD https://huggingface.co/microsoft/biogpt/resolve/refs%2Fpr%2F17/model.safetensors.index.json "HTTP/1.1 404 Not Found"
2026-02-16 00:48:53 KST | INFO | HTTP Request: HEAD https://huggingface.co/microsoft/biogpt/resolve/refs%2Fpr%2F17/model.safetensors "HTTP/1.1 302 Found"
2026-02-16 00:48:54 KST | INFO | HTTP Request: HEAD https://huggingface.co/microsoft/biogpt/resolve/main/generation_config.json "HTTP/1.1 404 Not Found"
2026-02-16 00:48:54 KST | INFO | HTTP Request: HEAD https://huggingface.co/microsoft/biogpt/resolve/main/config.json "HTTP/1.1 307 Temporary Redirect"
2026-02-16 00:48:54 KST | INFO | HTTP Request: HEAD https://huggingface.co/api/resolve-cache/models/microsoft/biogpt/eb0d815e95434dc9e3b78f464e52b899bee7d923/config.json "HTTP/1.1 200 OK"
2026-02-16 00:48:55 KST | INFO | Total parameters:          346,766,339
2026-02-16 00:48:55 KST | INFO | Trainable parameters:      346,766,339
2026-02-16 00:48:55 KST | INFO | 
2026-02-16 00:48:55 KST | INFO | --------------------------------------------------------------------------------
2026-02-16 00:48:55 KST | INFO | DATA LOADING
2026-02-16 00:48:55 KST | INFO | --------------------------------------------------------------------------------
2026-02-16 00:49:01 KST | INFO | ✓ Dataset sizes received:
2026-02-16 00:49:01 KST | INFO |     Node 1: 397 samples
2026-02-16 00:49:01 KST | INFO |     Node 2: 228 samples
2026-02-16 00:49:01 KST | INFO |     Node 3: 75 samples
2026-02-16 00:49:01 KST | INFO |   Total training: 700
2026-02-16 00:49:01 KST | INFO | 
2026-02-16 00:49:02 KST | INFO | HTTP Request: HEAD https://huggingface.co/microsoft/biogpt/resolve/main/tokenizer_config.json "HTTP/1.1 404 Not Found"
2026-02-16 00:49:02 KST | INFO | HTTP Request: GET https://huggingface.co/api/models/microsoft/biogpt/tree/main/additional_chat_templates?recursive=false&expand=false "HTTP/1.1 404 Not Found"
2026-02-16 00:49:02 KST | INFO | HTTP Request: GET https://huggingface.co/api/models/microsoft/biogpt/tree/main?recursive=true&expand=false "HTTP/1.1 200 OK"
2026-02-16 00:49:02 KST | INFO | HTTP Request: HEAD https://huggingface.co/microsoft/biogpt/resolve/main/vocab.json "HTTP/1.1 307 Temporary Redirect"
2026-02-16 00:49:02 KST | INFO | HTTP Request: HEAD https://huggingface.co/api/resolve-cache/models/microsoft/biogpt/eb0d815e95434dc9e3b78f464e52b899bee7d923/vocab.json "HTTP/1.1 200 OK"
2026-02-16 00:49:03 KST | INFO | Loading PubMedQA from Hugging Face …
2026-02-16 00:49:04 KST | INFO | HTTP Request: HEAD https://huggingface.co/datasets/pubmed_qa/resolve/main/README.md "HTTP/1.1 307 Temporary Redirect"
2026-02-16 00:49:04 KST | INFO | HTTP Request: HEAD https://huggingface.co/datasets/qiaojin/PubMedQA/resolve/main/README.md "HTTP/1.1 307 Temporary Redirect"
2026-02-16 00:49:04 KST | INFO | HTTP Request: HEAD https://huggingface.co/api/resolve-cache/datasets/qiaojin/PubMedQA/9001f2853fb87cab8d220904e0de81ac6973b318/README.md "HTTP/1.1 200 OK"
2026-02-16 00:49:04 KST | INFO | HTTP Request: HEAD https://huggingface.co/datasets/pubmed_qa/resolve/9001f2853fb87cab8d220904e0de81ac6973b318/pubmed_qa.py "HTTP/1.1 307 Temporary Redirect"
2026-02-16 00:49:04 KST | INFO | HTTP Request: HEAD https://huggingface.co/datasets/qiaojin/PubMedQA/resolve/9001f2853fb87cab8d220904e0de81ac6973b318/pubmed_qa.py "HTTP/1.1 404 Not Found"
2026-02-16 00:49:05 KST | INFO | HTTP Request: HEAD https://s3.amazonaws.com/datasets.huggingface.co/datasets/datasets/pubmed_qa/pubmed_qa.py "HTTP/1.1 404 Not Found"
2026-02-16 00:49:05 KST | INFO | HTTP Request: GET https://huggingface.co/api/datasets/pubmed_qa/revision/9001f2853fb87cab8d220904e0de81ac6973b318 "HTTP/1.1 307 Temporary Redirect"
2026-02-16 00:49:05 KST | INFO | HTTP Request: GET https://huggingface.co/api/datasets/qiaojin/PubMedQA/revision/9001f2853fb87cab8d220904e0de81ac6973b318 "HTTP/1.1 200 OK"
2026-02-16 00:49:06 KST | INFO | HTTP Request: HEAD https://huggingface.co/datasets/pubmed_qa/resolve/9001f2853fb87cab8d220904e0de81ac6973b318/.huggingface.yaml "HTTP/1.1 307 Temporary Redirect"
2026-02-16 00:49:06 KST | INFO | HTTP Request: HEAD https://huggingface.co/datasets/qiaojin/PubMedQA/resolve/9001f2853fb87cab8d220904e0de81ac6973b318/.huggingface.yaml "HTTP/1.1 404 Not Found"
2026-02-16 00:49:06 KST | INFO | HTTP Request: GET https://datasets-server.huggingface.co/info?dataset=pubmed_qa "HTTP/1.1 404 Not Found"
2026-02-16 00:49:06 KST | INFO | HTTP Request: GET https://huggingface.co/api/datasets/pubmed_qa/tree/9001f2853fb87cab8d220904e0de81ac6973b318/pqa_artificial?recursive=true&expand=false "HTTP/1.1 307 Temporary Redirect"
2026-02-16 00:49:06 KST | INFO | HTTP Request: GET https://huggingface.co/api/datasets/qiaojin/PubMedQA/tree/9001f2853fb87cab8d220904e0de81ac6973b318/pqa_artificial?recursive=true&expand=false "HTTP/1.1 200 OK"
2026-02-16 00:49:07 KST | INFO | HTTP Request: GET https://huggingface.co/api/datasets/pubmed_qa/tree/9001f2853fb87cab8d220904e0de81ac6973b318?recursive=false&expand=false "HTTP/1.1 307 Temporary Redirect"
2026-02-16 00:49:07 KST | INFO | HTTP Request: GET https://huggingface.co/api/datasets/qiaojin/PubMedQA/tree/9001f2853fb87cab8d220904e0de81ac6973b318?recursive=false&expand=false "HTTP/1.1 200 OK"
2026-02-16 00:49:07 KST | INFO | HTTP Request: HEAD https://huggingface.co/datasets/pubmed_qa/resolve/9001f2853fb87cab8d220904e0de81ac6973b318/dataset_infos.json "HTTP/1.1 307 Temporary Redirect"
2026-02-16 00:49:07 KST | INFO | HTTP Request: HEAD https://huggingface.co/datasets/qiaojin/PubMedQA/resolve/9001f2853fb87cab8d220904e0de81ac6973b318/dataset_infos.json "HTTP/1.1 404 Not Found"
2026-02-16 00:49:07 KST | INFO | HTTP Request: GET https://huggingface.co/api/datasets/pubmed_qa/tree/9001f2853fb87cab8d220904e0de81ac6973b318/pqa_labeled?recursive=true&expand=false "HTTP/1.1 307 Temporary Redirect"
2026-02-16 00:49:08 KST | INFO | HTTP Request: GET https://huggingface.co/api/datasets/qiaojin/PubMedQA/tree/9001f2853fb87cab8d220904e0de81ac6973b318/pqa_labeled?recursive=true&expand=false "HTTP/1.1 200 OK"
2026-02-16 00:49:08 KST | INFO | ✓ HF PubMedQA: 1000 total, 700 train / 300 test
2026-02-16 00:49:12 KST | INFO | ✓ Test set: 300 samples
2026-02-16 00:49:12 KST | INFO | 
2026-02-16 00:49:12 KST | INFO | ✓ Batch scheduler: 88 batches/epoch
2026-02-16 00:49:12 KST | INFO | 
2026-02-16 00:49:12 KST | INFO | --------------------------------------------------------------------------------
2026-02-16 00:49:12 KST | INFO | OPTIMISATION SETUP
2026-02-16 00:49:12 KST | INFO | --------------------------------------------------------------------------------
2026-02-16 00:49:12 KST | INFO | ✓ Optimizer:  AdamW (lr=2.00e-05)
2026-02-16 00:49:12 KST | INFO | ✓ Scheduler:  Linear warmup (500 steps / 8800 total)
2026-02-16 00:49:12 KST | INFO | ✓ Grad clip:  1.0
2026-02-16 00:49:12 KST | INFO | 
2026-02-16 00:49:12 KST | INFO | ================================================================================
2026-02-16 00:49:12 KST | INFO | Setup complete — Ready for training
2026-02-16 00:49:12 KST | INFO | ================================================================================
2026-02-16 00:49:12 KST | INFO | 
2026-02-16 00:49:12 KST | INFO | --------------------------------------------------------------------------------
2026-02-16 00:49:12 KST | INFO | TRAINING
2026-02-16 00:49:12 KST | INFO | --------------------------------------------------------------------------------
2026-02-16 00:49:12 KST | INFO | 
2026-02-16 00:49:12 KST | INFO | Epoch 1/100 | LR: 0.000000e+00
2026-02-16 01:28:52 KST | INFO |   Train Loss: 1.1483 | Test Loss: 0.0660 | Test Acc: 53.33%
2026-02-16 01:28:52 KST | INFO |     yes   : F1=68.07%
2026-02-16 01:28:52 KST | INFO |     no    : F1=20.74%
2026-02-16 01:28:52 KST | INFO |     maybe : F1= 0.00%
2026-02-16 01:28:52 KST | INFO |   🏆 New best accuracy: 53.33%
2026-02-16 01:28:52 KST | INFO | 
2026-02-16 01:28:52 KST | INFO | Epoch 2/100 | LR: 3.520000e-06
2026-02-16 02:04:54 KST | INFO |   Train Loss: 0.7330 | Test Loss: 0.0347 | Test Acc: 76.00%
2026-02-16 02:04:54 KST | INFO |     yes   : F1=81.79%
2026-02-16 02:04:54 KST | INFO |     no    : F1=74.00%
2026-02-16 02:04:54 KST | INFO |     maybe : F1=37.21%
2026-02-16 02:04:54 KST | INFO |   🏆 New best accuracy: 76.00%
2026-02-16 02:04:54 KST | INFO | 
2026-02-16 02:04:54 KST | INFO | Epoch 3/100 | LR: 7.040000e-06
2026-02-16 02:41:48 KST | INFO |   Train Loss: 0.3739 | Test Loss: 0.0291 | Test Acc: 81.67%
2026-02-16 02:41:48 KST | INFO |     yes   : F1=85.15%
2026-02-16 02:41:48 KST | INFO |     no    : F1=83.13%
2026-02-16 02:41:48 KST | INFO |     maybe : F1=55.56%
2026-02-16 02:41:48 KST | INFO |   🏆 New best accuracy: 81.67%
2026-02-16 02:41:48 KST | INFO | 
2026-02-16 02:41:48 KST | INFO | Epoch 4/100 | LR: 1.056000e-05
2026-02-16 03:17:29 KST | INFO |   Train Loss: 0.1974 | Test Loss: 0.0364 | Test Acc: 79.00%
2026-02-16 03:17:29 KST | INFO |     yes   : F1=82.91%
2026-02-16 03:17:29 KST | INFO |     no    : F1=79.61%
2026-02-16 03:17:29 KST | INFO |     maybe : F1=61.54%
2026-02-16 03:17:29 KST | INFO |   No improvement (1/10)
2026-02-16 03:17:29 KST | INFO | 
2026-02-16 03:17:29 KST | INFO | Epoch 5/100 | LR: 1.408000e-05
2026-02-16 03:55:05 KST | INFO |   Train Loss: 0.0997 | Test Loss: 0.0721 | Test Acc: 74.67%
2026-02-16 03:55:05 KST | INFO |     yes   : F1=80.65%
2026-02-16 03:55:05 KST | INFO |     no    : F1=70.86%
2026-02-16 03:55:05 KST | INFO |     maybe : F1=45.28%
2026-02-16 03:55:05 KST | INFO |   No improvement (2/10)
2026-02-16 03:55:05 KST | INFO | 
2026-02-16 03:55:05 KST | INFO | Epoch 6/100 | LR: 1.760000e-05
2026-02-16 04:33:47 KST | INFO |   Train Loss: 0.0360 | Test Loss: 0.0652 | Test Acc: 77.00%
2026-02-16 04:33:47 KST | INFO |     yes   : F1=82.12%
2026-02-16 04:33:47 KST | INFO |     no    : F1=75.14%
2026-02-16 04:33:47 KST | INFO |     maybe : F1=52.46%
2026-02-16 04:33:47 KST | INFO |   No improvement (3/10)
2026-02-16 04:33:47 KST | INFO | 
2026-02-16 04:33:47 KST | INFO | Epoch 7/100 | LR: 1.993253e-05
2026-02-16 05:11:52 KST | INFO |   Train Loss: 0.0166 | Test Loss: 0.0925 | Test Acc: 74.67%
2026-02-16 05:11:52 KST | INFO |     yes   : F1=80.53%
2026-02-16 05:11:52 KST | INFO |     no    : F1=70.39%
2026-02-16 05:11:52 KST | INFO |     maybe : F1=43.48%
2026-02-16 05:11:52 KST | INFO |   No improvement (4/10)
2026-02-16 05:11:52 KST | INFO | 
2026-02-16 05:11:52 KST | INFO | Epoch 8/100 | LR: 1.972048e-05
2026-02-16 05:48:44 KST | INFO |   Train Loss: 0.0101 | Test Loss: 0.0918 | Test Acc: 74.00%
2026-02-16 05:48:44 KST | INFO |     yes   : F1=80.42%
2026-02-16 05:48:44 KST | INFO |     no    : F1=68.21%
2026-02-16 05:48:44 KST | INFO |     maybe : F1=44.90%
2026-02-16 05:48:44 KST | INFO |   No improvement (5/10)
2026-02-16 05:48:44 KST | INFO | 
2026-02-16 05:48:44 KST | INFO | Epoch 9/100 | LR: 1.950843e-05
2026-02-16 06:27:08 KST | INFO |   Train Loss: 0.0016 | Test Loss: 0.0601 | Test Acc: 80.00%
2026-02-16 06:27:08 KST | INFO |     yes   : F1=84.52%
2026-02-16 06:27:08 KST | INFO |     no    : F1=80.93%
2026-02-16 06:27:08 KST | INFO |     maybe : F1=44.90%
2026-02-16 06:27:08 KST | INFO |   No improvement (6/10)
2026-02-16 06:27:08 KST | INFO | 
2026-02-16 06:27:08 KST | INFO | Epoch 10/100 | LR: 1.929639e-05
2026-02-16 07:06:07 KST | INFO |   Train Loss: 0.0001 | Test Loss: 0.0826 | Test Acc: 76.00%
2026-02-16 07:06:07 KST | INFO |     yes   : F1=81.44%
2026-02-16 07:06:07 KST | INFO |     no    : F1=73.96%
2026-02-16 07:06:07 KST | INFO |     maybe : F1=42.55%
2026-02-16 07:06:07 KST | INFO |   No improvement (7/10)
2026-02-16 07:06:07 KST | INFO | 
2026-02-16 07:06:07 KST | INFO | Epoch 11/100 | LR: 1.908434e-05
2026-02-16 07:44:56 KST | INFO |   Train Loss: 0.0000 | Test Loss: 0.0815 | Test Acc: 77.67%
2026-02-16 07:44:56 KST | INFO |     yes   : F1=82.58%
2026-02-16 07:44:56 KST | INFO |     no    : F1=77.16%
2026-02-16 07:44:56 KST | INFO |     maybe : F1=42.55%
2026-02-16 07:44:56 KST | INFO |   No improvement (8/10)
2026-02-16 07:44:56 KST | INFO | 
2026-02-16 07:44:56 KST | INFO | Epoch 12/100 | LR: 1.887229e-05
2026-02-16 08:22:58 KST | INFO |   Train Loss: 0.0000 | Test Loss: 0.0806 | Test Acc: 77.67%
2026-02-16 08:22:58 KST | INFO |     yes   : F1=82.58%
2026-02-16 08:22:58 KST | INFO |     no    : F1=77.16%
2026-02-16 08:22:58 KST | INFO |     maybe : F1=42.55%
2026-02-16 08:22:58 KST | INFO |   No improvement (9/10)
2026-02-16 08:22:58 KST | INFO | 
2026-02-16 08:22:58 KST | INFO | Epoch 13/100 | LR: 1.866024e-05
2026-02-16 09:01:23 KST | INFO |   Train Loss: 0.0000 | Test Loss: 0.0794 | Test Acc: 77.67%
2026-02-16 09:01:23 KST | INFO |     yes   : F1=82.82%
2026-02-16 09:01:23 KST | INFO |     no    : F1=76.77%
2026-02-16 09:01:23 KST | INFO |     maybe : F1=42.55%
2026-02-16 09:01:23 KST | INFO |   No improvement (10/10)
2026-02-16 09:01:23 KST | INFO | 
Early stopping after 10 epochs without improvement
2026-02-16 09:01:23 KST | INFO | 
2026-02-16 09:01:23 KST | INFO | ================================================================================
2026-02-16 09:01:23 KST | INFO | TRAINING COMPLETE
2026-02-16 09:01:23 KST | INFO | ================================================================================
2026-02-16 09:01:23 KST | INFO | Best accuracy:  81.67% (Epoch 3)
2026-02-16 09:01:23 KST | INFO | ================================================================================
2026-02-16 09:01:23 KST | INFO | 
2026-02-16 09:01:23 KST | INFO | Notifying nodes of completion …
2026-02-16 09:01:24 KST | INFO | ✓ Nodes notified
2026-02-16 09:01:24 KST | INFO | 
2026-02-16 09:01:24 KST | INFO | Closing connections …
2026-02-16 09:01:24 KST | INFO | ✓ Cleanup complete
2026-02-16 09:01:24 KST | INFO | 
Full log: logs/TL++_biogpt_base_20260216_004823.log
2026-02-16 09:01:24 KST | INFO | ================================================================================
