2026-02-16 09:01:36 KST | INFO | ================================================================================
2026-02-16 09:01:36 KST | INFO | TL++ Orchestrator  [BioGPT / PubMedQA]
2026-02-16 09:01:36 KST | INFO | ================================================================================
2026-02-16 09:01:36 KST | INFO | Log file: logs/TL++_biogpt_base_20260216_090136.log
2026-02-16 09:01:36 KST | INFO | 
2026-02-16 09:01:36 KST | INFO | --------------------------------------------------------------------------------
2026-02-16 09:01:36 KST | INFO | CONFIGURATION
2026-02-16 09:01:36 KST | INFO | --------------------------------------------------------------------------------
2026-02-16 09:01:36 KST | INFO | Dataset:            PubMedQA (yes / no / maybe)
2026-02-16 09:01:36 KST | INFO | Model:              BioGPT (microsoft/biogpt)
2026-02-16 09:01:36 KST | INFO | Secure mode:        False
2026-02-16 09:01:36 KST | INFO | LoRA:               False
2026-02-16 09:01:36 KST | INFO | Nodes:              3
2026-02-16 09:01:36 KST | INFO | Cut layer:          1
2026-02-16 09:01:36 KST | INFO | Batch size:         8
2026-02-16 09:01:36 KST | INFO | Learning rate:      2.00e-05
2026-02-16 09:01:36 KST | INFO | Max seq length:     512
2026-02-16 09:01:36 KST | INFO | 
2026-02-16 09:01:36 KST | INFO | Computation device: cuda
2026-02-16 09:01:36 KST | INFO | Secure mode: DISABLED
2026-02-16 09:01:36 KST | INFO | 
2026-02-16 09:01:36 KST | INFO | --------------------------------------------------------------------------------
2026-02-16 09:01:36 KST | INFO | NETWORK SETUP
2026-02-16 09:01:36 KST | INFO | --------------------------------------------------------------------------------
2026-02-16 09:01:36 KST | INFO | ✓ Orchestrator listening on 127.0.0.1:8080
2026-02-16 09:01:36 KST | INFO | Waiting for 3 node(s) …
2026-02-16 09:01:38 KST | INFO |   ✓ Node 1/3 connected
2026-02-16 09:01:39 KST | INFO |   ✓ Node 2/3 connected
2026-02-16 09:01:40 KST | INFO |   ✓ Node 3/3 connected
2026-02-16 09:01:40 KST | INFO | ✓ All 3 node(s) connected
2026-02-16 09:01:40 KST | INFO | 
2026-02-16 09:01:40 KST | INFO | --------------------------------------------------------------------------------
2026-02-16 09:01:40 KST | INFO | MODEL INITIALISATION  [BioGPT + LoRA on orch-side layers]
2026-02-16 09:01:40 KST | INFO | --------------------------------------------------------------------------------
2026-02-16 09:01:40 KST | INFO | HTTP Request: HEAD https://huggingface.co/microsoft/biogpt/resolve/main/config.json "HTTP/1.1 307 Temporary Redirect"
2026-02-16 09:01:40 KST | WARNING | Warning: You are sending unauthenticated requests to the HF Hub. Please set a HF_TOKEN to enable higher rate limits and faster downloads.
2026-02-16 09:01:40 KST | INFO | HTTP Request: HEAD https://huggingface.co/api/resolve-cache/models/microsoft/biogpt/eb0d815e95434dc9e3b78f464e52b899bee7d923/config.json "HTTP/1.1 200 OK"
2026-02-16 09:01:40 KST | INFO | HTTP Request: HEAD https://huggingface.co/microsoft/biogpt/resolve/main/config.json "HTTP/1.1 307 Temporary Redirect"
2026-02-16 09:01:40 KST | INFO | HTTP Request: HEAD https://huggingface.co/api/resolve-cache/models/microsoft/biogpt/eb0d815e95434dc9e3b78f464e52b899bee7d923/config.json "HTTP/1.1 200 OK"
2026-02-16 09:01:41 KST | INFO | HTTP Request: HEAD https://huggingface.co/microsoft/biogpt/resolve/main/model.safetensors "HTTP/1.1 404 Not Found"
2026-02-16 09:01:41 KST | INFO | HTTP Request: HEAD https://huggingface.co/microsoft/biogpt/resolve/main/model.safetensors.index.json "HTTP/1.1 404 Not Found"
2026-02-16 09:01:41 KST | INFO | HTTP Request: HEAD https://huggingface.co/microsoft/biogpt/resolve/main/pytorch_model.bin "HTTP/1.1 302 Found"
2026-02-16 09:01:41 KST | INFO | HTTP Request: HEAD https://huggingface.co/microsoft/biogpt/resolve/main/model.safetensors "HTTP/1.1 404 Not Found"
2026-02-16 09:01:42 KST | INFO | HTTP Request: GET https://huggingface.co/api/models/microsoft/biogpt "HTTP/1.1 200 OK"
2026-02-16 09:01:42 KST | INFO | HTTP Request: GET https://huggingface.co/api/models/microsoft/biogpt/commits/main "HTTP/1.1 200 OK"
2026-02-16 09:01:42 KST | INFO | HTTP Request: GET https://huggingface.co/api/models/microsoft/biogpt/discussions?p=0 "HTTP/1.1 200 OK"
2026-02-16 09:01:42 KST | INFO | HTTP Request: GET https://huggingface.co/api/models/microsoft/biogpt/commits/refs%2Fpr%2F17 "HTTP/1.1 200 OK"
2026-02-16 09:01:42 KST | INFO | HTTP Request: HEAD https://huggingface.co/microsoft/biogpt/resolve/refs%2Fpr%2F17/model.safetensors.index.json "HTTP/1.1 404 Not Found"
2026-02-16 09:01:43 KST | INFO | HTTP Request: HEAD https://huggingface.co/microsoft/biogpt/resolve/refs%2Fpr%2F17/model.safetensors "HTTP/1.1 302 Found"
2026-02-16 09:01:43 KST | INFO | HTTP Request: HEAD https://huggingface.co/microsoft/biogpt/resolve/main/generation_config.json "HTTP/1.1 404 Not Found"
2026-02-16 09:01:43 KST | INFO | HTTP Request: HEAD https://huggingface.co/microsoft/biogpt/resolve/main/config.json "HTTP/1.1 307 Temporary Redirect"
2026-02-16 09:01:43 KST | INFO | HTTP Request: HEAD https://huggingface.co/api/resolve-cache/models/microsoft/biogpt/eb0d815e95434dc9e3b78f464e52b899bee7d923/config.json "HTTP/1.1 200 OK"
2026-02-16 09:01:43 KST | INFO | Node-side parameters:      69,644,288
2026-02-16 09:01:43 KST | INFO | 
2026-02-16 09:01:43 KST | INFO | Broadcasting configuration to nodes …
2026-02-16 09:01:57 KST | INFO | ✓ Configuration broadcast to all nodes
2026-02-16 09:01:57 KST | INFO | Loading microsoft/biogpt …
2026-02-16 09:01:57 KST | INFO | HTTP Request: HEAD https://huggingface.co/microsoft/biogpt/resolve/main/config.json "HTTP/1.1 307 Temporary Redirect"
2026-02-16 09:01:57 KST | INFO | HTTP Request: HEAD https://huggingface.co/api/resolve-cache/models/microsoft/biogpt/eb0d815e95434dc9e3b78f464e52b899bee7d923/config.json "HTTP/1.1 200 OK"
2026-02-16 09:01:57 KST | INFO | HTTP Request: HEAD https://huggingface.co/microsoft/biogpt/resolve/main/config.json "HTTP/1.1 307 Temporary Redirect"
2026-02-16 09:01:57 KST | INFO | HTTP Request: HEAD https://huggingface.co/api/resolve-cache/models/microsoft/biogpt/eb0d815e95434dc9e3b78f464e52b899bee7d923/config.json "HTTP/1.1 200 OK"
2026-02-16 09:01:57 KST | INFO | HTTP Request: HEAD https://huggingface.co/microsoft/biogpt/resolve/main/model.safetensors "HTTP/1.1 404 Not Found"
2026-02-16 09:01:58 KST | INFO | HTTP Request: HEAD https://huggingface.co/microsoft/biogpt/resolve/main/model.safetensors.index.json "HTTP/1.1 404 Not Found"
2026-02-16 09:01:58 KST | INFO | HTTP Request: HEAD https://huggingface.co/microsoft/biogpt/resolve/main/pytorch_model.bin "HTTP/1.1 302 Found"
2026-02-16 09:01:58 KST | INFO | HTTP Request: HEAD https://huggingface.co/microsoft/biogpt/resolve/main/model.safetensors "HTTP/1.1 404 Not Found"
2026-02-16 09:01:58 KST | INFO | HTTP Request: GET https://huggingface.co/api/models/microsoft/biogpt "HTTP/1.1 200 OK"
2026-02-16 09:01:59 KST | INFO | HTTP Request: GET https://huggingface.co/api/models/microsoft/biogpt/commits/main "HTTP/1.1 200 OK"
2026-02-16 09:01:59 KST | INFO | HTTP Request: GET https://huggingface.co/api/models/microsoft/biogpt/discussions?p=0 "HTTP/1.1 200 OK"
2026-02-16 09:01:59 KST | INFO | HTTP Request: GET https://huggingface.co/api/models/microsoft/biogpt/commits/refs%2Fpr%2F17 "HTTP/1.1 200 OK"
2026-02-16 09:01:59 KST | INFO | HTTP Request: HEAD https://huggingface.co/microsoft/biogpt/resolve/refs%2Fpr%2F17/model.safetensors.index.json "HTTP/1.1 404 Not Found"
2026-02-16 09:01:59 KST | INFO | HTTP Request: HEAD https://huggingface.co/microsoft/biogpt/resolve/refs%2Fpr%2F17/model.safetensors "HTTP/1.1 302 Found"
2026-02-16 09:02:00 KST | INFO | HTTP Request: HEAD https://huggingface.co/microsoft/biogpt/resolve/main/generation_config.json "HTTP/1.1 404 Not Found"
2026-02-16 09:02:00 KST | INFO | HTTP Request: HEAD https://huggingface.co/microsoft/biogpt/resolve/main/config.json "HTTP/1.1 307 Temporary Redirect"
2026-02-16 09:02:00 KST | INFO | HTTP Request: HEAD https://huggingface.co/api/resolve-cache/models/microsoft/biogpt/eb0d815e95434dc9e3b78f464e52b899bee7d923/config.json "HTTP/1.1 200 OK"
2026-02-16 09:02:01 KST | INFO | Total parameters:          346,766,339
2026-02-16 09:02:01 KST | INFO | Trainable parameters:      346,766,339
2026-02-16 09:02:01 KST | INFO | 
2026-02-16 09:02:01 KST | INFO | --------------------------------------------------------------------------------
2026-02-16 09:02:01 KST | INFO | DATA LOADING
2026-02-16 09:02:01 KST | INFO | --------------------------------------------------------------------------------
2026-02-16 09:02:08 KST | INFO | ✓ Dataset sizes received:
2026-02-16 09:02:08 KST | INFO |     Node 1: 397 samples
2026-02-16 09:02:08 KST | INFO |     Node 2: 228 samples
2026-02-16 09:02:08 KST | INFO |     Node 3: 75 samples
2026-02-16 09:02:08 KST | INFO |   Total training: 700
2026-02-16 09:02:08 KST | INFO | 
2026-02-16 09:02:09 KST | INFO | HTTP Request: HEAD https://huggingface.co/microsoft/biogpt/resolve/main/tokenizer_config.json "HTTP/1.1 404 Not Found"
2026-02-16 09:02:09 KST | INFO | HTTP Request: GET https://huggingface.co/api/models/microsoft/biogpt/tree/main/additional_chat_templates?recursive=false&expand=false "HTTP/1.1 404 Not Found"
2026-02-16 09:02:09 KST | INFO | HTTP Request: GET https://huggingface.co/api/models/microsoft/biogpt/tree/main?recursive=true&expand=false "HTTP/1.1 200 OK"
2026-02-16 09:02:09 KST | INFO | HTTP Request: HEAD https://huggingface.co/microsoft/biogpt/resolve/main/vocab.json "HTTP/1.1 307 Temporary Redirect"
2026-02-16 09:02:09 KST | INFO | HTTP Request: HEAD https://huggingface.co/api/resolve-cache/models/microsoft/biogpt/eb0d815e95434dc9e3b78f464e52b899bee7d923/vocab.json "HTTP/1.1 200 OK"
2026-02-16 09:02:10 KST | INFO | Loading PubMedQA from Hugging Face …
2026-02-16 09:02:11 KST | INFO | HTTP Request: HEAD https://huggingface.co/datasets/pubmed_qa/resolve/main/README.md "HTTP/1.1 307 Temporary Redirect"
2026-02-16 09:02:11 KST | INFO | HTTP Request: HEAD https://huggingface.co/datasets/qiaojin/PubMedQA/resolve/main/README.md "HTTP/1.1 307 Temporary Redirect"
2026-02-16 09:02:11 KST | INFO | HTTP Request: HEAD https://huggingface.co/api/resolve-cache/datasets/qiaojin/PubMedQA/9001f2853fb87cab8d220904e0de81ac6973b318/README.md "HTTP/1.1 200 OK"
2026-02-16 09:02:11 KST | INFO | HTTP Request: HEAD https://huggingface.co/datasets/pubmed_qa/resolve/9001f2853fb87cab8d220904e0de81ac6973b318/pubmed_qa.py "HTTP/1.1 307 Temporary Redirect"
2026-02-16 09:02:11 KST | INFO | HTTP Request: HEAD https://huggingface.co/datasets/qiaojin/PubMedQA/resolve/9001f2853fb87cab8d220904e0de81ac6973b318/pubmed_qa.py "HTTP/1.1 404 Not Found"
2026-02-16 09:02:12 KST | INFO | HTTP Request: HEAD https://s3.amazonaws.com/datasets.huggingface.co/datasets/datasets/pubmed_qa/pubmed_qa.py "HTTP/1.1 404 Not Found"
2026-02-16 09:02:12 KST | INFO | HTTP Request: GET https://huggingface.co/api/datasets/pubmed_qa/revision/9001f2853fb87cab8d220904e0de81ac6973b318 "HTTP/1.1 307 Temporary Redirect"
2026-02-16 09:02:12 KST | INFO | HTTP Request: GET https://huggingface.co/api/datasets/qiaojin/PubMedQA/revision/9001f2853fb87cab8d220904e0de81ac6973b318 "HTTP/1.1 200 OK"
2026-02-16 09:02:13 KST | INFO | HTTP Request: HEAD https://huggingface.co/datasets/pubmed_qa/resolve/9001f2853fb87cab8d220904e0de81ac6973b318/.huggingface.yaml "HTTP/1.1 307 Temporary Redirect"
2026-02-16 09:02:13 KST | INFO | HTTP Request: HEAD https://huggingface.co/datasets/qiaojin/PubMedQA/resolve/9001f2853fb87cab8d220904e0de81ac6973b318/.huggingface.yaml "HTTP/1.1 404 Not Found"
2026-02-16 09:02:13 KST | INFO | HTTP Request: GET https://datasets-server.huggingface.co/info?dataset=pubmed_qa "HTTP/1.1 404 Not Found"
2026-02-16 09:02:13 KST | INFO | HTTP Request: GET https://huggingface.co/api/datasets/pubmed_qa/tree/9001f2853fb87cab8d220904e0de81ac6973b318/pqa_artificial?recursive=true&expand=false "HTTP/1.1 307 Temporary Redirect"
2026-02-16 09:02:13 KST | INFO | HTTP Request: GET https://huggingface.co/api/datasets/qiaojin/PubMedQA/tree/9001f2853fb87cab8d220904e0de81ac6973b318/pqa_artificial?recursive=true&expand=false "HTTP/1.1 200 OK"
2026-02-16 09:02:14 KST | INFO | HTTP Request: GET https://huggingface.co/api/datasets/pubmed_qa/tree/9001f2853fb87cab8d220904e0de81ac6973b318?recursive=false&expand=false "HTTP/1.1 307 Temporary Redirect"
2026-02-16 09:02:14 KST | INFO | HTTP Request: GET https://huggingface.co/api/datasets/qiaojin/PubMedQA/tree/9001f2853fb87cab8d220904e0de81ac6973b318?recursive=false&expand=false "HTTP/1.1 200 OK"
2026-02-16 09:02:14 KST | INFO | HTTP Request: HEAD https://huggingface.co/datasets/pubmed_qa/resolve/9001f2853fb87cab8d220904e0de81ac6973b318/dataset_infos.json "HTTP/1.1 307 Temporary Redirect"
2026-02-16 09:02:14 KST | INFO | HTTP Request: HEAD https://huggingface.co/datasets/qiaojin/PubMedQA/resolve/9001f2853fb87cab8d220904e0de81ac6973b318/dataset_infos.json "HTTP/1.1 404 Not Found"
2026-02-16 09:02:14 KST | INFO | HTTP Request: GET https://huggingface.co/api/datasets/pubmed_qa/tree/9001f2853fb87cab8d220904e0de81ac6973b318/pqa_labeled?recursive=true&expand=false "HTTP/1.1 307 Temporary Redirect"
2026-02-16 09:02:15 KST | INFO | HTTP Request: GET https://huggingface.co/api/datasets/qiaojin/PubMedQA/tree/9001f2853fb87cab8d220904e0de81ac6973b318/pqa_labeled?recursive=true&expand=false "HTTP/1.1 200 OK"
2026-02-16 09:02:15 KST | INFO | ✓ HF PubMedQA: 1000 total, 700 train / 300 test
2026-02-16 09:02:19 KST | INFO | ✓ Test set: 300 samples
2026-02-16 09:02:19 KST | INFO | 
2026-02-16 09:02:19 KST | INFO | ✓ Batch scheduler: 88 batches/epoch
2026-02-16 09:02:19 KST | INFO | 
2026-02-16 09:02:19 KST | INFO | --------------------------------------------------------------------------------
2026-02-16 09:02:19 KST | INFO | OPTIMISATION SETUP
2026-02-16 09:02:19 KST | INFO | --------------------------------------------------------------------------------
2026-02-16 09:02:19 KST | INFO | ✓ Optimizer:  AdamW (lr=2.00e-05)
2026-02-16 09:02:19 KST | INFO | ✓ Scheduler:  Linear warmup (500 steps / 8800 total)
2026-02-16 09:02:19 KST | INFO | ✓ Grad clip:  1.0
2026-02-16 09:02:19 KST | INFO | 
2026-02-16 09:02:19 KST | INFO | ================================================================================
2026-02-16 09:02:19 KST | INFO | Setup complete — Ready for training
2026-02-16 09:02:19 KST | INFO | ================================================================================
2026-02-16 09:02:19 KST | INFO | 
2026-02-16 09:02:19 KST | INFO | --------------------------------------------------------------------------------
2026-02-16 09:02:19 KST | INFO | TRAINING
2026-02-16 09:02:19 KST | INFO | --------------------------------------------------------------------------------
2026-02-16 09:02:19 KST | INFO | 
2026-02-16 09:02:19 KST | INFO | Epoch 1/100 | LR: 0.000000e+00
2026-02-16 09:41:08 KST | INFO |   Train Loss: 1.0725 | Test Loss: 0.0662 | Test Acc: 54.33%
2026-02-16 09:41:08 KST | INFO |     yes   : F1=68.56%
2026-02-16 09:41:08 KST | INFO |     no    : F1=25.35%
2026-02-16 09:41:08 KST | INFO |     maybe : F1= 0.00%
2026-02-16 09:41:08 KST | INFO |   🏆 New best accuracy: 54.33%
2026-02-16 09:41:08 KST | INFO | 
2026-02-16 09:41:08 KST | INFO | Epoch 2/100 | LR: 3.520000e-06
2026-02-16 10:19:07 KST | INFO |   Train Loss: 0.7242 | Test Loss: 0.0321 | Test Acc: 78.33%
2026-02-16 10:19:07 KST | INFO |     yes   : F1=83.06%
2026-02-16 10:19:07 KST | INFO |     no    : F1=71.59%
2026-02-16 10:19:07 KST | INFO |     maybe : F1=68.97%
2026-02-16 10:19:07 KST | INFO |   🏆 New best accuracy: 78.33%
2026-02-16 10:19:07 KST | INFO | 
2026-02-16 10:19:07 KST | INFO | Epoch 3/100 | LR: 7.040000e-06
2026-02-16 10:57:36 KST | INFO |   Train Loss: 0.3707 | Test Loss: 0.0369 | Test Acc: 78.00%
2026-02-16 10:57:36 KST | INFO |     yes   : F1=82.61%
2026-02-16 10:57:36 KST | INFO |     no    : F1=73.56%
2026-02-16 10:57:36 KST | INFO |     maybe : F1=62.07%
2026-02-16 10:57:36 KST | INFO |   No improvement (1/10)
2026-02-16 10:57:36 KST | INFO | 
2026-02-16 10:57:36 KST | INFO | Epoch 4/100 | LR: 1.056000e-05
2026-02-16 11:36:07 KST | INFO |   Train Loss: 0.1959 | Test Loss: 0.0358 | Test Acc: 80.33%
2026-02-16 11:36:07 KST | INFO |     yes   : F1=84.96%
2026-02-16 11:36:07 KST | INFO |     no    : F1=82.79%
2026-02-16 11:36:07 KST | INFO |     maybe : F1=34.78%
2026-02-16 11:36:07 KST | INFO |   🏆 New best accuracy: 80.33%
2026-02-16 11:36:07 KST | INFO | 
2026-02-16 11:36:07 KST | INFO | Epoch 5/100 | LR: 1.408000e-05
2026-02-16 12:15:00 KST | INFO |   Train Loss: 0.1037 | Test Loss: 0.0914 | Test Acc: 73.00%
2026-02-16 12:15:00 KST | INFO |     yes   : F1=80.42%
2026-02-16 12:15:00 KST | INFO |     no    : F1=70.00%
2026-02-16 12:15:00 KST | INFO |     maybe : F1=10.81%
2026-02-16 12:15:00 KST | INFO |   No improvement (1/10)
2026-02-16 12:15:00 KST | INFO | 
2026-02-16 12:15:00 KST | INFO | Epoch 6/100 | LR: 1.760000e-05
2026-02-16 12:52:36 KST | INFO |   Train Loss: 0.0519 | Test Loss: 0.0555 | Test Acc: 79.00%
2026-02-16 12:52:36 KST | INFO |     yes   : F1=84.33%
2026-02-16 12:52:36 KST | INFO |     no    : F1=78.82%
2026-02-16 12:52:36 KST | INFO |     maybe : F1=39.13%
2026-02-16 12:52:36 KST | INFO |   No improvement (2/10)
2026-02-16 12:52:36 KST | INFO | 
2026-02-16 12:52:36 KST | INFO | Epoch 7/100 | LR: 1.993253e-05
2026-02-16 13:31:28 KST | INFO |   Train Loss: 0.0048 | Test Loss: 0.0631 | Test Acc: 77.33%
2026-02-16 13:31:28 KST | INFO |     yes   : F1=83.57%
2026-02-16 13:31:28 KST | INFO |     no    : F1=77.08%
2026-02-16 13:31:28 KST | INFO |     maybe : F1=42.62%
2026-02-16 13:31:28 KST | INFO |   No improvement (3/10)
2026-02-16 13:31:28 KST | INFO | 
2026-02-16 13:31:28 KST | INFO | Epoch 8/100 | LR: 1.972048e-05
2026-02-16 14:11:22 KST | INFO |   Train Loss: 0.0007 | Test Loss: 0.0620 | Test Acc: 77.33%
2026-02-16 14:11:22 KST | INFO |     yes   : F1=82.25%
2026-02-16 14:11:22 KST | INFO |     no    : F1=79.21%
2026-02-16 14:11:22 KST | INFO |     maybe : F1=43.33%
2026-02-16 14:11:22 KST | INFO |   No improvement (4/10)
2026-02-16 14:11:22 KST | INFO | 
2026-02-16 14:11:22 KST | INFO | Epoch 9/100 | LR: 1.950843e-05
2026-02-16 14:50:10 KST | INFO |   Train Loss: 0.0002 | Test Loss: 0.0855 | Test Acc: 78.67%
2026-02-16 14:50:10 KST | INFO |     yes   : F1=83.89%
2026-02-16 14:50:10 KST | INFO |     no    : F1=79.17%
2026-02-16 14:50:10 KST | INFO |     maybe : F1=37.50%
2026-02-16 14:50:10 KST | INFO |   No improvement (5/10)
2026-02-16 14:50:10 KST | INFO | 
2026-02-16 14:50:10 KST | INFO | Epoch 10/100 | LR: 1.929639e-05
2026-02-16 15:29:44 KST | INFO |   Train Loss: 0.0000 | Test Loss: 0.0774 | Test Acc: 78.67%
2026-02-16 15:29:44 KST | INFO |     yes   : F1=84.18%
2026-02-16 15:29:44 KST | INFO |     no    : F1=80.00%
2026-02-16 15:29:44 KST | INFO |     maybe : F1=30.43%
2026-02-16 15:29:44 KST | INFO |   No improvement (6/10)
2026-02-16 15:29:44 KST | INFO | 
2026-02-16 15:29:44 KST | INFO | Epoch 11/100 | LR: 1.908434e-05
2026-02-16 16:10:09 KST | INFO |   Train Loss: 0.0000 | Test Loss: 0.0805 | Test Acc: 79.00%
2026-02-16 16:10:09 KST | INFO |     yes   : F1=84.51%
2026-02-16 16:10:09 KST | INFO |     no    : F1=80.40%
2026-02-16 16:10:09 KST | INFO |     maybe : F1=30.43%
2026-02-16 16:10:09 KST | INFO |   No improvement (7/10)
2026-02-16 16:10:09 KST | INFO | 
2026-02-16 16:10:09 KST | INFO | Epoch 12/100 | LR: 1.887229e-05
2026-02-16 16:51:23 KST | INFO |   Train Loss: 0.0000 | Test Loss: 0.0808 | Test Acc: 79.00%
2026-02-16 16:51:23 KST | INFO |     yes   : F1=84.51%
2026-02-16 16:51:23 KST | INFO |     no    : F1=80.40%
2026-02-16 16:51:23 KST | INFO |     maybe : F1=30.43%
2026-02-16 16:51:23 KST | INFO |   No improvement (8/10)
2026-02-16 16:51:23 KST | INFO | 
2026-02-16 16:51:23 KST | INFO | Epoch 13/100 | LR: 1.866024e-05
2026-02-16 17:31:07 KST | INFO |   Train Loss: 0.0000 | Test Loss: 0.0813 | Test Acc: 78.67%
2026-02-16 17:31:07 KST | INFO |     yes   : F1=84.27%
2026-02-16 17:31:07 KST | INFO |     no    : F1=79.80%
2026-02-16 17:31:07 KST | INFO |     maybe : F1=30.43%
2026-02-16 17:31:07 KST | INFO |   No improvement (9/10)
2026-02-16 17:31:07 KST | INFO | 
2026-02-16 17:31:07 KST | INFO | Epoch 14/100 | LR: 1.844819e-05
2026-02-16 18:10:25 KST | INFO |   Train Loss: 0.0000 | Test Loss: 0.0813 | Test Acc: 78.00%
2026-02-16 18:10:25 KST | INFO |     yes   : F1=83.62%
2026-02-16 18:10:25 KST | INFO |     no    : F1=79.00%
2026-02-16 18:10:25 KST | INFO |     maybe : F1=30.43%
2026-02-16 18:10:25 KST | INFO |   No improvement (10/10)
2026-02-16 18:10:25 KST | INFO | 
Early stopping after 10 epochs without improvement
2026-02-16 18:10:25 KST | INFO | 
2026-02-16 18:10:25 KST | INFO | ================================================================================
2026-02-16 18:10:25 KST | INFO | TRAINING COMPLETE
2026-02-16 18:10:25 KST | INFO | ================================================================================
2026-02-16 18:10:25 KST | INFO | Best accuracy:  80.33% (Epoch 4)
2026-02-16 18:10:25 KST | INFO | ================================================================================
2026-02-16 18:10:25 KST | INFO | 
2026-02-16 18:10:25 KST | INFO | Notifying nodes of completion …
2026-02-16 18:10:26 KST | INFO | ✓ Nodes notified
2026-02-16 18:10:26 KST | INFO | 
2026-02-16 18:10:26 KST | INFO | Closing connections …
2026-02-16 18:10:26 KST | INFO | ✓ Cleanup complete
2026-02-16 18:10:26 KST | INFO | 
Full log: logs/TL++_biogpt_base_20260216_090136.log
2026-02-16 18:10:26 KST | INFO | ================================================================================
