2026-02-17 02:40:13 KST | INFO | ================================================================================
2026-02-17 02:40:13 KST | INFO | TL++ Orchestrator  [BioGPT / PubMedQA]
2026-02-17 02:40:13 KST | INFO | ================================================================================
2026-02-17 02:40:13 KST | INFO | Log file: logs/TL++_biogpt_base_20260217_024013.log
2026-02-17 02:40:13 KST | INFO | 
2026-02-17 02:40:13 KST | INFO | --------------------------------------------------------------------------------
2026-02-17 02:40:13 KST | INFO | CONFIGURATION
2026-02-17 02:40:13 KST | INFO | --------------------------------------------------------------------------------
2026-02-17 02:40:13 KST | INFO | Dataset:            PubMedQA (yes / no / maybe)
2026-02-17 02:40:13 KST | INFO | Model:              BioGPT (microsoft/biogpt)
2026-02-17 02:40:13 KST | INFO | Secure mode:        False
2026-02-17 02:40:13 KST | INFO | LoRA:               False
2026-02-17 02:40:13 KST | INFO | Nodes:              3
2026-02-17 02:40:13 KST | INFO | Cut layer:          1
2026-02-17 02:40:13 KST | INFO | Batch size:         8
2026-02-17 02:40:13 KST | INFO | Learning rate:      2.00e-05
2026-02-17 02:40:13 KST | INFO | Max seq length:     512
2026-02-17 02:40:13 KST | INFO | 
2026-02-17 02:40:13 KST | INFO | Computation device: cuda
2026-02-17 02:40:13 KST | INFO | Secure mode: DISABLED
2026-02-17 02:40:13 KST | INFO | 
2026-02-17 02:40:13 KST | INFO | --------------------------------------------------------------------------------
2026-02-17 02:40:13 KST | INFO | NETWORK SETUP
2026-02-17 02:40:13 KST | INFO | --------------------------------------------------------------------------------
2026-02-17 02:40:13 KST | INFO | ✓ Orchestrator listening on 127.0.0.1:8080
2026-02-17 02:40:13 KST | INFO | Waiting for 3 node(s) …
2026-02-17 02:40:16 KST | INFO |   ✓ Node 1/3 connected
2026-02-17 02:40:16 KST | INFO |   ✓ Node 2/3 connected
2026-02-17 02:40:17 KST | INFO |   ✓ Node 3/3 connected
2026-02-17 02:40:17 KST | INFO | ✓ All 3 node(s) connected
2026-02-17 02:40:17 KST | INFO | 
2026-02-17 02:40:17 KST | INFO | --------------------------------------------------------------------------------
2026-02-17 02:40:17 KST | INFO | MODEL INITIALISATION  [BioGPT + LoRA on orch-side layers]
2026-02-17 02:40:17 KST | INFO | --------------------------------------------------------------------------------
2026-02-17 02:40:18 KST | INFO | HTTP Request: HEAD https://huggingface.co/microsoft/biogpt/resolve/main/config.json "HTTP/1.1 307 Temporary Redirect"
2026-02-17 02:40:18 KST | INFO | HTTP Request: HEAD https://huggingface.co/api/resolve-cache/models/microsoft/biogpt/eb0d815e95434dc9e3b78f464e52b899bee7d923/config.json "HTTP/1.1 200 OK"
2026-02-17 02:40:18 KST | INFO | HTTP Request: HEAD https://huggingface.co/microsoft/biogpt/resolve/main/config.json "HTTP/1.1 307 Temporary Redirect"
2026-02-17 02:40:18 KST | INFO | HTTP Request: HEAD https://huggingface.co/api/resolve-cache/models/microsoft/biogpt/eb0d815e95434dc9e3b78f464e52b899bee7d923/config.json "HTTP/1.1 200 OK"
2026-02-17 02:40:18 KST | INFO | HTTP Request: HEAD https://huggingface.co/microsoft/biogpt/resolve/main/model.safetensors "HTTP/1.1 404 Not Found"
2026-02-17 02:40:18 KST | INFO | HTTP Request: HEAD https://huggingface.co/microsoft/biogpt/resolve/main/model.safetensors.index.json "HTTP/1.1 404 Not Found"
2026-02-17 02:40:18 KST | INFO | HTTP Request: HEAD https://huggingface.co/microsoft/biogpt/resolve/main/pytorch_model.bin "HTTP/1.1 302 Found"
2026-02-17 02:40:19 KST | INFO | HTTP Request: HEAD https://huggingface.co/microsoft/biogpt/resolve/main/model.safetensors "HTTP/1.1 404 Not Found"
2026-02-17 02:40:19 KST | WARNING | Warning: You are sending unauthenticated requests to the HF Hub. Please set a HF_TOKEN to enable higher rate limits and faster downloads.
2026-02-17 02:40:19 KST | INFO | HTTP Request: GET https://huggingface.co/api/models/microsoft/biogpt "HTTP/1.1 200 OK"
2026-02-17 02:40:19 KST | INFO | HTTP Request: GET https://huggingface.co/api/models/microsoft/biogpt/commits/main "HTTP/1.1 200 OK"
2026-02-17 02:40:19 KST | INFO | HTTP Request: GET https://huggingface.co/api/models/microsoft/biogpt/discussions?p=0 "HTTP/1.1 200 OK"
2026-02-17 02:40:19 KST | INFO | HTTP Request: GET https://huggingface.co/api/models/microsoft/biogpt/commits/refs%2Fpr%2F17 "HTTP/1.1 200 OK"
2026-02-17 02:40:20 KST | INFO | HTTP Request: HEAD https://huggingface.co/microsoft/biogpt/resolve/refs%2Fpr%2F17/model.safetensors.index.json "HTTP/1.1 404 Not Found"
2026-02-17 02:40:20 KST | INFO | HTTP Request: HEAD https://huggingface.co/microsoft/biogpt/resolve/refs%2Fpr%2F17/model.safetensors "HTTP/1.1 302 Found"
2026-02-17 02:40:21 KST | INFO | HTTP Request: HEAD https://huggingface.co/microsoft/biogpt/resolve/main/generation_config.json "HTTP/1.1 404 Not Found"
2026-02-17 02:40:21 KST | INFO | HTTP Request: HEAD https://huggingface.co/microsoft/biogpt/resolve/main/config.json "HTTP/1.1 307 Temporary Redirect"
2026-02-17 02:40:21 KST | INFO | HTTP Request: HEAD https://huggingface.co/api/resolve-cache/models/microsoft/biogpt/eb0d815e95434dc9e3b78f464e52b899bee7d923/config.json "HTTP/1.1 200 OK"
2026-02-17 02:40:21 KST | INFO | Node-side parameters:      69,644,288
2026-02-17 02:40:21 KST | INFO | 
2026-02-17 02:40:21 KST | INFO | Broadcasting configuration to nodes …
2026-02-17 02:40:35 KST | INFO | ✓ Configuration broadcast to all nodes
2026-02-17 02:40:35 KST | INFO | Loading microsoft/biogpt …
2026-02-17 02:40:36 KST | INFO | HTTP Request: HEAD https://huggingface.co/microsoft/biogpt/resolve/main/config.json "HTTP/1.1 307 Temporary Redirect"
2026-02-17 02:40:36 KST | INFO | HTTP Request: HEAD https://huggingface.co/api/resolve-cache/models/microsoft/biogpt/eb0d815e95434dc9e3b78f464e52b899bee7d923/config.json "HTTP/1.1 200 OK"
2026-02-17 02:40:36 KST | INFO | HTTP Request: HEAD https://huggingface.co/microsoft/biogpt/resolve/main/config.json "HTTP/1.1 307 Temporary Redirect"
2026-02-17 02:40:36 KST | INFO | HTTP Request: HEAD https://huggingface.co/api/resolve-cache/models/microsoft/biogpt/eb0d815e95434dc9e3b78f464e52b899bee7d923/config.json "HTTP/1.1 200 OK"
2026-02-17 02:40:36 KST | INFO | HTTP Request: HEAD https://huggingface.co/microsoft/biogpt/resolve/main/model.safetensors "HTTP/1.1 404 Not Found"
2026-02-17 02:40:36 KST | INFO | HTTP Request: HEAD https://huggingface.co/microsoft/biogpt/resolve/main/model.safetensors.index.json "HTTP/1.1 404 Not Found"
2026-02-17 02:40:36 KST | INFO | HTTP Request: HEAD https://huggingface.co/microsoft/biogpt/resolve/main/pytorch_model.bin "HTTP/1.1 302 Found"
2026-02-17 02:40:37 KST | INFO | HTTP Request: HEAD https://huggingface.co/microsoft/biogpt/resolve/main/model.safetensors "HTTP/1.1 404 Not Found"
2026-02-17 02:40:37 KST | INFO | HTTP Request: GET https://huggingface.co/api/models/microsoft/biogpt "HTTP/1.1 200 OK"
2026-02-17 02:40:37 KST | INFO | HTTP Request: GET https://huggingface.co/api/models/microsoft/biogpt/commits/main "HTTP/1.1 200 OK"
2026-02-17 02:40:37 KST | INFO | HTTP Request: GET https://huggingface.co/api/models/microsoft/biogpt/discussions?p=0 "HTTP/1.1 200 OK"
2026-02-17 02:40:38 KST | INFO | HTTP Request: GET https://huggingface.co/api/models/microsoft/biogpt/commits/refs%2Fpr%2F17 "HTTP/1.1 200 OK"
2026-02-17 02:40:38 KST | INFO | HTTP Request: HEAD https://huggingface.co/microsoft/biogpt/resolve/refs%2Fpr%2F17/model.safetensors.index.json "HTTP/1.1 404 Not Found"
2026-02-17 02:40:38 KST | INFO | HTTP Request: HEAD https://huggingface.co/microsoft/biogpt/resolve/refs%2Fpr%2F17/model.safetensors "HTTP/1.1 302 Found"
2026-02-17 02:40:38 KST | INFO | HTTP Request: HEAD https://huggingface.co/microsoft/biogpt/resolve/main/generation_config.json "HTTP/1.1 404 Not Found"
2026-02-17 02:40:39 KST | INFO | HTTP Request: HEAD https://huggingface.co/microsoft/biogpt/resolve/main/config.json "HTTP/1.1 307 Temporary Redirect"
2026-02-17 02:40:39 KST | INFO | HTTP Request: HEAD https://huggingface.co/api/resolve-cache/models/microsoft/biogpt/eb0d815e95434dc9e3b78f464e52b899bee7d923/config.json "HTTP/1.1 200 OK"
2026-02-17 02:40:39 KST | INFO | Total parameters:          346,766,339
2026-02-17 02:40:39 KST | INFO | Trainable parameters:      346,766,339
2026-02-17 02:40:39 KST | INFO | 
2026-02-17 02:40:39 KST | INFO | --------------------------------------------------------------------------------
2026-02-17 02:40:39 KST | INFO | DATA LOADING
2026-02-17 02:40:39 KST | INFO | --------------------------------------------------------------------------------
2026-02-17 02:40:45 KST | INFO | ✓ Dataset sizes received:
2026-02-17 02:40:45 KST | INFO |     Node 1: 397 samples
2026-02-17 02:40:45 KST | INFO |     Node 2: 228 samples
2026-02-17 02:40:45 KST | INFO |     Node 3: 75 samples
2026-02-17 02:40:45 KST | INFO |   Total training: 700
2026-02-17 02:40:45 KST | INFO | 
2026-02-17 02:40:46 KST | INFO | HTTP Request: HEAD https://huggingface.co/microsoft/biogpt/resolve/main/tokenizer_config.json "HTTP/1.1 404 Not Found"
2026-02-17 02:40:46 KST | INFO | HTTP Request: GET https://huggingface.co/api/models/microsoft/biogpt/tree/main/additional_chat_templates?recursive=false&expand=false "HTTP/1.1 404 Not Found"
2026-02-17 02:40:46 KST | INFO | HTTP Request: GET https://huggingface.co/api/models/microsoft/biogpt/tree/main?recursive=true&expand=false "HTTP/1.1 200 OK"
2026-02-17 02:40:46 KST | INFO | HTTP Request: HEAD https://huggingface.co/microsoft/biogpt/resolve/main/vocab.json "HTTP/1.1 307 Temporary Redirect"
2026-02-17 02:40:46 KST | INFO | HTTP Request: HEAD https://huggingface.co/api/resolve-cache/models/microsoft/biogpt/eb0d815e95434dc9e3b78f464e52b899bee7d923/vocab.json "HTTP/1.1 200 OK"
2026-02-17 02:40:47 KST | INFO | Loading PubMedQA from Hugging Face …
2026-02-17 02:40:48 KST | INFO | HTTP Request: HEAD https://huggingface.co/datasets/pubmed_qa/resolve/main/README.md "HTTP/1.1 307 Temporary Redirect"
2026-02-17 02:40:48 KST | INFO | HTTP Request: HEAD https://huggingface.co/datasets/qiaojin/PubMedQA/resolve/main/README.md "HTTP/1.1 307 Temporary Redirect"
2026-02-17 02:40:48 KST | INFO | HTTP Request: HEAD https://huggingface.co/api/resolve-cache/datasets/qiaojin/PubMedQA/9001f2853fb87cab8d220904e0de81ac6973b318/README.md "HTTP/1.1 200 OK"
2026-02-17 02:40:48 KST | INFO | HTTP Request: HEAD https://huggingface.co/datasets/pubmed_qa/resolve/9001f2853fb87cab8d220904e0de81ac6973b318/pubmed_qa.py "HTTP/1.1 307 Temporary Redirect"
2026-02-17 02:40:48 KST | INFO | HTTP Request: HEAD https://huggingface.co/datasets/qiaojin/PubMedQA/resolve/9001f2853fb87cab8d220904e0de81ac6973b318/pubmed_qa.py "HTTP/1.1 404 Not Found"
2026-02-17 02:40:49 KST | INFO | HTTP Request: HEAD https://s3.amazonaws.com/datasets.huggingface.co/datasets/datasets/pubmed_qa/pubmed_qa.py "HTTP/1.1 404 Not Found"
2026-02-17 02:40:49 KST | INFO | HTTP Request: GET https://huggingface.co/api/datasets/pubmed_qa/revision/9001f2853fb87cab8d220904e0de81ac6973b318 "HTTP/1.1 307 Temporary Redirect"
2026-02-17 02:40:49 KST | INFO | HTTP Request: GET https://huggingface.co/api/datasets/qiaojin/PubMedQA/revision/9001f2853fb87cab8d220904e0de81ac6973b318 "HTTP/1.1 200 OK"
2026-02-17 02:40:49 KST | INFO | HTTP Request: HEAD https://huggingface.co/datasets/pubmed_qa/resolve/9001f2853fb87cab8d220904e0de81ac6973b318/.huggingface.yaml "HTTP/1.1 307 Temporary Redirect"
2026-02-17 02:40:50 KST | INFO | HTTP Request: HEAD https://huggingface.co/datasets/qiaojin/PubMedQA/resolve/9001f2853fb87cab8d220904e0de81ac6973b318/.huggingface.yaml "HTTP/1.1 404 Not Found"
2026-02-17 02:40:50 KST | INFO | HTTP Request: GET https://datasets-server.huggingface.co/info?dataset=pubmed_qa "HTTP/1.1 404 Not Found"
2026-02-17 02:40:50 KST | INFO | HTTP Request: GET https://huggingface.co/api/datasets/pubmed_qa/tree/9001f2853fb87cab8d220904e0de81ac6973b318/pqa_artificial?recursive=true&expand=false "HTTP/1.1 307 Temporary Redirect"
2026-02-17 02:40:50 KST | INFO | HTTP Request: GET https://huggingface.co/api/datasets/qiaojin/PubMedQA/tree/9001f2853fb87cab8d220904e0de81ac6973b318/pqa_artificial?recursive=true&expand=false "HTTP/1.1 200 OK"
2026-02-17 02:40:50 KST | INFO | HTTP Request: GET https://huggingface.co/api/datasets/pubmed_qa/tree/9001f2853fb87cab8d220904e0de81ac6973b318?recursive=false&expand=false "HTTP/1.1 307 Temporary Redirect"
2026-02-17 02:40:51 KST | INFO | HTTP Request: GET https://huggingface.co/api/datasets/qiaojin/PubMedQA/tree/9001f2853fb87cab8d220904e0de81ac6973b318?recursive=false&expand=false "HTTP/1.1 200 OK"
2026-02-17 02:40:51 KST | INFO | HTTP Request: HEAD https://huggingface.co/datasets/pubmed_qa/resolve/9001f2853fb87cab8d220904e0de81ac6973b318/dataset_infos.json "HTTP/1.1 307 Temporary Redirect"
2026-02-17 02:40:51 KST | INFO | HTTP Request: HEAD https://huggingface.co/datasets/qiaojin/PubMedQA/resolve/9001f2853fb87cab8d220904e0de81ac6973b318/dataset_infos.json "HTTP/1.1 404 Not Found"
2026-02-17 02:40:51 KST | INFO | HTTP Request: GET https://huggingface.co/api/datasets/pubmed_qa/tree/9001f2853fb87cab8d220904e0de81ac6973b318/pqa_labeled?recursive=true&expand=false "HTTP/1.1 307 Temporary Redirect"
2026-02-17 02:40:51 KST | INFO | HTTP Request: GET https://huggingface.co/api/datasets/qiaojin/PubMedQA/tree/9001f2853fb87cab8d220904e0de81ac6973b318/pqa_labeled?recursive=true&expand=false "HTTP/1.1 200 OK"
2026-02-17 02:40:52 KST | INFO | ✓ HF PubMedQA: 1000 total, 700 train / 300 test
2026-02-17 02:40:56 KST | INFO | ✓ Test set: 300 samples
2026-02-17 02:40:56 KST | INFO | 
2026-02-17 02:40:56 KST | INFO | ✓ Batch scheduler: 88 batches/epoch
2026-02-17 02:40:56 KST | INFO | 
2026-02-17 02:40:56 KST | INFO | --------------------------------------------------------------------------------
2026-02-17 02:40:56 KST | INFO | OPTIMISATION SETUP
2026-02-17 02:40:56 KST | INFO | --------------------------------------------------------------------------------
2026-02-17 02:40:56 KST | INFO | ✓ Optimizer:  AdamW (lr=2.00e-05)
2026-02-17 02:40:56 KST | INFO | ✓ Scheduler:  Linear warmup (500 steps / 8800 total)
2026-02-17 02:40:56 KST | INFO | ✓ Grad clip:  1.0
2026-02-17 02:40:56 KST | INFO | 
2026-02-17 02:40:56 KST | INFO | ================================================================================
2026-02-17 02:40:56 KST | INFO | Setup complete — Ready for training
2026-02-17 02:40:56 KST | INFO | ================================================================================
2026-02-17 02:40:56 KST | INFO | 
2026-02-17 02:40:56 KST | INFO | --------------------------------------------------------------------------------
2026-02-17 02:40:56 KST | INFO | TRAINING
2026-02-17 02:40:56 KST | INFO | --------------------------------------------------------------------------------
2026-02-17 02:40:56 KST | INFO | 
2026-02-17 02:40:56 KST | INFO | Epoch 1/100 | LR: 0.000000e+00
2026-02-17 03:20:22 KST | INFO |   Train Loss: 1.0625 | Test Loss: 0.0725 | Test Acc: 51.67%
2026-02-17 03:20:22 KST | INFO |     yes   : F1=68.14%
2026-02-17 03:20:22 KST | INFO |     no    : F1= 0.00%
2026-02-17 03:20:22 KST | INFO |     maybe : F1= 5.56%
2026-02-17 03:20:22 KST | INFO |   🏆 New best accuracy: 51.67%
2026-02-17 03:20:22 KST | INFO | 
2026-02-17 03:20:22 KST | INFO | Epoch 2/100 | LR: 3.520000e-06
2026-02-17 03:58:28 KST | INFO |   Train Loss: 0.7066 | Test Loss: 0.0322 | Test Acc: 77.33%
2026-02-17 03:58:28 KST | INFO |     yes   : F1=81.79%
2026-02-17 03:58:28 KST | INFO |     no    : F1=77.08%
2026-02-17 03:58:28 KST | INFO |     maybe : F1=47.06%
2026-02-17 03:58:28 KST | INFO |   🏆 New best accuracy: 77.33%
2026-02-17 03:58:28 KST | INFO | 
2026-02-17 03:58:28 KST | INFO | Epoch 3/100 | LR: 7.040000e-06
2026-02-17 04:38:12 KST | INFO |   Train Loss: 0.3963 | Test Loss: 0.0428 | Test Acc: 79.67%
2026-02-17 04:38:12 KST | INFO |     yes   : F1=84.80%
2026-02-17 04:38:12 KST | INFO |     no    : F1=82.19%
2026-02-17 04:38:12 KST | INFO |     maybe : F1=20.51%
2026-02-17 04:38:12 KST | INFO |   🏆 New best accuracy: 79.67%
2026-02-17 04:38:12 KST | INFO | 
2026-02-17 04:38:12 KST | INFO | Epoch 4/100 | LR: 1.056000e-05
2026-02-17 05:16:01 KST | INFO |   Train Loss: 0.2157 | Test Loss: 0.0351 | Test Acc: 80.00%
2026-02-17 05:16:01 KST | INFO |     yes   : F1=84.01%
2026-02-17 05:16:01 KST | INFO |     no    : F1=83.40%
2026-02-17 05:16:01 KST | INFO |     maybe : F1=34.78%
2026-02-17 05:16:01 KST | INFO |   🏆 New best accuracy: 80.00%
2026-02-17 05:16:01 KST | INFO | 
2026-02-17 05:16:01 KST | INFO | Epoch 5/100 | LR: 1.408000e-05
2026-02-17 05:56:57 KST | INFO |   Train Loss: 0.0607 | Test Loss: 0.0520 | Test Acc: 77.33%
2026-02-17 05:56:57 KST | INFO |     yes   : F1=83.52%
2026-02-17 05:56:57 KST | INFO |     no    : F1=76.14%
2026-02-17 05:56:57 KST | INFO |     maybe : F1=39.22%
2026-02-17 05:56:57 KST | INFO |   No improvement (1/10)
2026-02-17 05:56:57 KST | INFO | 
2026-02-17 05:56:57 KST | INFO | Epoch 6/100 | LR: 1.760000e-05
2026-02-17 06:36:12 KST | INFO |   Train Loss: 0.0158 | Test Loss: 0.0785 | Test Acc: 74.33%
2026-02-17 06:36:12 KST | INFO |     yes   : F1=80.11%
2026-02-17 06:36:12 KST | INFO |     no    : F1=73.74%
2026-02-17 06:36:12 KST | INFO |     maybe : F1=25.00%
2026-02-17 06:36:12 KST | INFO |   No improvement (2/10)
2026-02-17 06:36:12 KST | INFO | 
2026-02-17 06:36:12 KST | INFO | Epoch 7/100 | LR: 1.993253e-05
2026-02-17 07:13:50 KST | INFO |   Train Loss: 0.0024 | Test Loss: 0.0472 | Test Acc: 78.67%
2026-02-17 07:13:50 KST | INFO |     yes   : F1=83.28%
2026-02-17 07:13:50 KST | INFO |     no    : F1=82.05%
2026-02-17 07:13:50 KST | INFO |     maybe : F1=32.65%
2026-02-17 07:13:50 KST | INFO |   No improvement (3/10)
2026-02-17 07:13:50 KST | INFO | 
2026-02-17 07:13:50 KST | INFO | Epoch 8/100 | LR: 1.972048e-05
2026-02-17 07:51:00 KST | INFO |   Train Loss: 0.0011 | Test Loss: 0.0544 | Test Acc: 79.33%
2026-02-17 07:51:00 KST | INFO |     yes   : F1=83.14%
2026-02-17 07:51:00 KST | INFO |     no    : F1=80.39%
2026-02-17 07:51:00 KST | INFO |     maybe : F1=50.00%
2026-02-17 07:51:00 KST | INFO |   No improvement (4/10)
2026-02-17 07:51:00 KST | INFO | 
2026-02-17 07:51:00 KST | INFO | Epoch 9/100 | LR: 1.950843e-05
2026-02-17 08:28:51 KST | INFO |   Train Loss: 0.0001 | Test Loss: 0.0735 | Test Acc: 77.33%
2026-02-17 08:28:51 KST | INFO |     yes   : F1=82.32%
2026-02-17 08:28:51 KST | INFO |     no    : F1=77.49%
2026-02-17 08:28:51 KST | INFO |     maybe : F1=38.30%
2026-02-17 08:28:51 KST | INFO |   No improvement (5/10)
2026-02-17 08:28:51 KST | INFO | 
2026-02-17 08:28:51 KST | INFO | Epoch 10/100 | LR: 1.929639e-05
2026-02-17 09:05:08 KST | INFO |   Train Loss: 0.0000 | Test Loss: 0.0673 | Test Acc: 77.67%
2026-02-17 09:05:08 KST | INFO |     yes   : F1=82.91%
2026-02-17 09:05:08 KST | INFO |     no    : F1=78.17%
2026-02-17 09:05:08 KST | INFO |     maybe : F1=34.78%
2026-02-17 09:05:08 KST | INFO |   No improvement (6/10)
2026-02-17 09:05:08 KST | INFO | 
2026-02-17 09:05:08 KST | INFO | Epoch 11/100 | LR: 1.908434e-05
2026-02-17 09:41:41 KST | INFO |   Train Loss: 0.0000 | Test Loss: 0.0689 | Test Acc: 77.33%
2026-02-17 09:41:41 KST | INFO |     yes   : F1=82.68%
2026-02-17 09:41:41 KST | INFO |     no    : F1=77.55%
2026-02-17 09:41:41 KST | INFO |     maybe : F1=34.78%
2026-02-17 09:41:41 KST | INFO |   No improvement (7/10)
2026-02-17 09:41:41 KST | INFO | 
2026-02-17 09:41:41 KST | INFO | Epoch 12/100 | LR: 1.887229e-05
2026-02-17 10:18:26 KST | INFO |   Train Loss: 0.0000 | Test Loss: 0.0706 | Test Acc: 77.67%
2026-02-17 10:18:26 KST | INFO |     yes   : F1=82.45%
2026-02-17 10:18:26 KST | INFO |     no    : F1=78.35%
2026-02-17 10:18:26 KST | INFO |     maybe : F1=38.30%
2026-02-17 10:18:26 KST | INFO |   No improvement (8/10)
2026-02-17 10:18:26 KST | INFO | 
2026-02-17 10:18:26 KST | INFO | Epoch 13/100 | LR: 1.866024e-05
2026-02-17 10:55:13 KST | INFO |   Train Loss: 0.0000 | Test Loss: 0.0716 | Test Acc: 77.33%
2026-02-17 10:55:13 KST | INFO |     yes   : F1=82.45%
2026-02-17 10:55:13 KST | INFO |     no    : F1=77.95%
2026-02-17 10:55:13 KST | INFO |     maybe : F1=34.78%
2026-02-17 10:55:13 KST | INFO |   No improvement (9/10)
2026-02-17 10:55:13 KST | INFO | 
2026-02-17 10:55:13 KST | INFO | Epoch 14/100 | LR: 1.844819e-05
2026-02-17 11:32:46 KST | INFO |   Train Loss: 0.0000 | Test Loss: 0.0726 | Test Acc: 77.00%
2026-02-17 11:32:46 KST | INFO |     yes   : F1=82.45%
2026-02-17 11:32:46 KST | INFO |     no    : F1=77.32%
2026-02-17 11:32:46 KST | INFO |     maybe : F1=34.04%
2026-02-17 11:32:46 KST | INFO |   No improvement (10/10)
2026-02-17 11:32:46 KST | INFO | 
Early stopping after 10 epochs without improvement
2026-02-17 11:32:46 KST | INFO | 
2026-02-17 11:32:46 KST | INFO | ================================================================================
2026-02-17 11:32:46 KST | INFO | TRAINING COMPLETE
2026-02-17 11:32:46 KST | INFO | ================================================================================
2026-02-17 11:32:46 KST | INFO | Best accuracy:  80.00% (Epoch 4)
2026-02-17 11:32:46 KST | INFO | ================================================================================
2026-02-17 11:32:46 KST | INFO | 
2026-02-17 11:32:46 KST | INFO | Notifying nodes of completion …
2026-02-17 11:32:47 KST | INFO | ✓ Nodes notified
2026-02-17 11:32:47 KST | INFO | 
2026-02-17 11:32:47 KST | INFO | Closing connections …
2026-02-17 11:32:47 KST | INFO | ✓ Cleanup complete
2026-02-17 11:32:47 KST | INFO | 
Full log: logs/TL++_biogpt_base_20260217_024013.log
2026-02-17 11:32:47 KST | INFO | ================================================================================
