2026-02-14 23:53:16 KST | INFO | ================================================================================
2026-02-14 23:53:16 KST | INFO | BioGPT Fine-tuning on PubMedQA
2026-02-14 23:53:16 KST | INFO | ================================================================================
2026-02-14 23:53:16 KST | INFO | Log file: logs/centralized_biogpt_20260214_235316.log
2026-02-14 23:53:16 KST | INFO | 
2026-02-14 23:53:16 KST | INFO | Device: cuda
2026-02-14 23:53:16 KST | INFO | 
2026-02-14 23:53:16 KST | INFO | --------------------------------------------------------------------------------
2026-02-14 23:53:16 KST | INFO | CONFIGURATION
2026-02-14 23:53:16 KST | INFO | --------------------------------------------------------------------------------
2026-02-14 23:53:16 KST | INFO | Model:              BioGPT (microsoft/biogpt)
2026-02-14 23:53:16 KST | INFO | Training mode:      Full fine-tuning
2026-02-14 23:53:16 KST | INFO | Epochs:             100
2026-02-14 23:53:16 KST | INFO | Patience:           10
2026-02-14 23:53:16 KST | INFO | Batch size:         8
2026-02-14 23:53:16 KST | INFO | Learning rate:      0.000020
2026-02-14 23:53:16 KST | INFO | Max length:         512
2026-02-14 23:53:16 KST | INFO | Gradient clip:      1.0
2026-02-14 23:53:16 KST | INFO | 
2026-02-14 23:53:16 KST | INFO | --------------------------------------------------------------------------------
2026-02-14 23:53:16 KST | INFO | MODEL LOADING
2026-02-14 23:53:16 KST | INFO | --------------------------------------------------------------------------------
2026-02-14 23:53:16 KST | INFO | HTTP Request: HEAD https://huggingface.co/microsoft/biogpt/resolve/main/tokenizer_config.json "HTTP/1.1 404 Not Found"
2026-02-14 23:53:17 KST | INFO | HTTP Request: GET https://huggingface.co/api/models/microsoft/biogpt/tree/main/additional_chat_templates?recursive=false&expand=false "HTTP/1.1 404 Not Found"
2026-02-14 23:53:17 KST | INFO | HTTP Request: GET https://huggingface.co/api/models/microsoft/biogpt/tree/main?recursive=true&expand=false "HTTP/1.1 200 OK"
2026-02-14 23:53:17 KST | INFO | HTTP Request: HEAD https://huggingface.co/microsoft/biogpt/resolve/main/vocab.json "HTTP/1.1 307 Temporary Redirect"
2026-02-14 23:53:17 KST | INFO | HTTP Request: HEAD https://huggingface.co/api/resolve-cache/models/microsoft/biogpt/eb0d815e95434dc9e3b78f464e52b899bee7d923/vocab.json "HTTP/1.1 200 OK"
2026-02-14 23:53:18 KST | INFO | Loading microsoft/biogpt …
2026-02-14 23:53:18 KST | INFO | HTTP Request: HEAD https://huggingface.co/microsoft/biogpt/resolve/main/config.json "HTTP/1.1 307 Temporary Redirect"
2026-02-14 23:53:18 KST | INFO | HTTP Request: HEAD https://huggingface.co/api/resolve-cache/models/microsoft/biogpt/eb0d815e95434dc9e3b78f464e52b899bee7d923/config.json "HTTP/1.1 200 OK"
2026-02-14 23:53:18 KST | INFO | HTTP Request: HEAD https://huggingface.co/microsoft/biogpt/resolve/main/config.json "HTTP/1.1 307 Temporary Redirect"
2026-02-14 23:53:18 KST | INFO | HTTP Request: HEAD https://huggingface.co/api/resolve-cache/models/microsoft/biogpt/eb0d815e95434dc9e3b78f464e52b899bee7d923/config.json "HTTP/1.1 200 OK"
2026-02-14 23:53:19 KST | INFO | HTTP Request: HEAD https://huggingface.co/microsoft/biogpt/resolve/main/model.safetensors "HTTP/1.1 404 Not Found"
2026-02-14 23:53:19 KST | WARNING | Warning: You are sending unauthenticated requests to the HF Hub. Please set a HF_TOKEN to enable higher rate limits and faster downloads.
2026-02-14 23:53:19 KST | INFO | HTTP Request: HEAD https://huggingface.co/microsoft/biogpt/resolve/main/model.safetensors.index.json "HTTP/1.1 404 Not Found"
2026-02-14 23:53:19 KST | INFO | HTTP Request: HEAD https://huggingface.co/microsoft/biogpt/resolve/main/pytorch_model.bin "HTTP/1.1 302 Found"
2026-02-14 23:53:19 KST | INFO | HTTP Request: HEAD https://huggingface.co/microsoft/biogpt/resolve/main/model.safetensors "HTTP/1.1 404 Not Found"
2026-02-14 23:53:19 KST | INFO | HTTP Request: GET https://huggingface.co/api/models/microsoft/biogpt "HTTP/1.1 200 OK"
2026-02-14 23:53:20 KST | INFO | HTTP Request: GET https://huggingface.co/api/models/microsoft/biogpt/commits/main "HTTP/1.1 200 OK"
2026-02-14 23:53:20 KST | INFO | HTTP Request: GET https://huggingface.co/api/models/microsoft/biogpt/discussions?p=0 "HTTP/1.1 200 OK"
2026-02-14 23:53:20 KST | INFO | HTTP Request: GET https://huggingface.co/api/models/microsoft/biogpt/commits/refs%2Fpr%2F17 "HTTP/1.1 200 OK"
2026-02-14 23:53:20 KST | INFO | HTTP Request: HEAD https://huggingface.co/microsoft/biogpt/resolve/refs%2Fpr%2F17/model.safetensors.index.json "HTTP/1.1 404 Not Found"
2026-02-14 23:53:21 KST | INFO | HTTP Request: HEAD https://huggingface.co/microsoft/biogpt/resolve/refs%2Fpr%2F17/model.safetensors "HTTP/1.1 302 Found"
2026-02-14 23:53:21 KST | INFO | HTTP Request: HEAD https://huggingface.co/microsoft/biogpt/resolve/main/generation_config.json "HTTP/1.1 404 Not Found"
2026-02-14 23:53:21 KST | INFO | HTTP Request: HEAD https://huggingface.co/microsoft/biogpt/resolve/main/config.json "HTTP/1.1 307 Temporary Redirect"
2026-02-14 23:53:21 KST | INFO | HTTP Request: HEAD https://huggingface.co/api/resolve-cache/models/microsoft/biogpt/eb0d815e95434dc9e3b78f464e52b899bee7d923/config.json "HTTP/1.1 200 OK"
2026-02-14 23:53:22 KST | INFO | Full fine-tuning: 346,766,339 parameters
2026-02-14 23:53:22 KST | INFO | ✓ BioGPTClassifier ready on cuda
2026-02-14 23:53:22 KST | INFO | 
2026-02-14 23:53:22 KST | INFO | --------------------------------------------------------------------------------
2026-02-14 23:53:22 KST | INFO | DATA LOADING
2026-02-14 23:53:22 KST | INFO | --------------------------------------------------------------------------------
2026-02-14 23:53:23 KST | INFO | Attempting to load from Hugging Face...
2026-02-14 23:53:23 KST | INFO | HTTP Request: HEAD https://huggingface.co/datasets/pubmed_qa/resolve/main/README.md "HTTP/1.1 307 Temporary Redirect"
2026-02-14 23:53:23 KST | INFO | HTTP Request: HEAD https://huggingface.co/datasets/qiaojin/PubMedQA/resolve/main/README.md "HTTP/1.1 307 Temporary Redirect"
2026-02-14 23:53:23 KST | INFO | HTTP Request: HEAD https://huggingface.co/api/resolve-cache/datasets/qiaojin/PubMedQA/9001f2853fb87cab8d220904e0de81ac6973b318/README.md "HTTP/1.1 200 OK"
2026-02-14 23:53:23 KST | INFO | HTTP Request: HEAD https://huggingface.co/datasets/pubmed_qa/resolve/9001f2853fb87cab8d220904e0de81ac6973b318/pubmed_qa.py "HTTP/1.1 307 Temporary Redirect"
2026-02-14 23:53:24 KST | INFO | HTTP Request: HEAD https://huggingface.co/datasets/qiaojin/PubMedQA/resolve/9001f2853fb87cab8d220904e0de81ac6973b318/pubmed_qa.py "HTTP/1.1 404 Not Found"
2026-02-14 23:53:24 KST | INFO | HTTP Request: HEAD https://s3.amazonaws.com/datasets.huggingface.co/datasets/datasets/pubmed_qa/pubmed_qa.py "HTTP/1.1 404 Not Found"
2026-02-14 23:53:25 KST | INFO | HTTP Request: GET https://huggingface.co/api/datasets/pubmed_qa/revision/9001f2853fb87cab8d220904e0de81ac6973b318 "HTTP/1.1 307 Temporary Redirect"
2026-02-14 23:53:25 KST | INFO | HTTP Request: GET https://huggingface.co/api/datasets/qiaojin/PubMedQA/revision/9001f2853fb87cab8d220904e0de81ac6973b318 "HTTP/1.1 200 OK"
2026-02-14 23:53:25 KST | INFO | HTTP Request: HEAD https://huggingface.co/datasets/pubmed_qa/resolve/9001f2853fb87cab8d220904e0de81ac6973b318/.huggingface.yaml "HTTP/1.1 307 Temporary Redirect"
2026-02-14 23:53:25 KST | INFO | HTTP Request: HEAD https://huggingface.co/datasets/qiaojin/PubMedQA/resolve/9001f2853fb87cab8d220904e0de81ac6973b318/.huggingface.yaml "HTTP/1.1 404 Not Found"
2026-02-14 23:53:26 KST | INFO | HTTP Request: GET https://datasets-server.huggingface.co/info?dataset=pubmed_qa "HTTP/1.1 404 Not Found"
2026-02-14 23:53:26 KST | INFO | HTTP Request: GET https://huggingface.co/api/datasets/pubmed_qa/tree/9001f2853fb87cab8d220904e0de81ac6973b318/pqa_artificial?recursive=true&expand=false "HTTP/1.1 307 Temporary Redirect"
2026-02-14 23:53:26 KST | INFO | HTTP Request: GET https://huggingface.co/api/datasets/qiaojin/PubMedQA/tree/9001f2853fb87cab8d220904e0de81ac6973b318/pqa_artificial?recursive=true&expand=false "HTTP/1.1 200 OK"
2026-02-14 23:53:26 KST | INFO | HTTP Request: GET https://huggingface.co/api/datasets/pubmed_qa/tree/9001f2853fb87cab8d220904e0de81ac6973b318?recursive=false&expand=false "HTTP/1.1 307 Temporary Redirect"
2026-02-14 23:53:26 KST | INFO | HTTP Request: GET https://huggingface.co/api/datasets/qiaojin/PubMedQA/tree/9001f2853fb87cab8d220904e0de81ac6973b318?recursive=false&expand=false "HTTP/1.1 200 OK"
2026-02-14 23:53:27 KST | INFO | HTTP Request: HEAD https://huggingface.co/datasets/pubmed_qa/resolve/9001f2853fb87cab8d220904e0de81ac6973b318/dataset_infos.json "HTTP/1.1 307 Temporary Redirect"
2026-02-14 23:53:27 KST | INFO | HTTP Request: HEAD https://huggingface.co/datasets/qiaojin/PubMedQA/resolve/9001f2853fb87cab8d220904e0de81ac6973b318/dataset_infos.json "HTTP/1.1 404 Not Found"
2026-02-14 23:53:27 KST | INFO | HTTP Request: GET https://huggingface.co/api/datasets/pubmed_qa/tree/9001f2853fb87cab8d220904e0de81ac6973b318/pqa_labeled?recursive=true&expand=false "HTTP/1.1 307 Temporary Redirect"
2026-02-14 23:53:27 KST | INFO | HTTP Request: GET https://huggingface.co/api/datasets/qiaojin/PubMedQA/tree/9001f2853fb87cab8d220904e0de81ac6973b318/pqa_labeled?recursive=true&expand=false "HTTP/1.1 200 OK"
2026-02-14 23:53:27 KST | INFO | Available splits: ['train']
2026-02-14 23:53:27 KST | INFO | ✓ Loaded from Hugging Face
2026-02-14 23:53:27 KST | INFO |   Total samples:   1,000
2026-02-14 23:53:27 KST | INFO |   Training:        700
2026-02-14 23:53:27 KST | INFO |   Test:            300
2026-02-14 23:53:27 KST | INFO | 
2026-02-14 23:53:27 KST | INFO | --------------------------------------------------------------------------------
2026-02-14 23:53:27 KST | INFO | DATASET PREPARATION
2026-02-14 23:53:27 KST | INFO | --------------------------------------------------------------------------------
2026-02-14 23:53:27 KST | INFO | Training samples:   700
2026-02-14 23:53:27 KST | INFO | Test samples:       300
2026-02-14 23:53:27 KST | INFO | 
2026-02-14 23:53:27 KST | INFO | Training batches:   88
2026-02-14 23:53:27 KST | INFO | Test batches:       38
2026-02-14 23:53:27 KST | INFO | 
2026-02-14 23:53:27 KST | INFO | --------------------------------------------------------------------------------
2026-02-14 23:53:27 KST | INFO | OPTIMIZER & SCHEDULER
2026-02-14 23:53:27 KST | INFO | --------------------------------------------------------------------------------
2026-02-14 23:53:27 KST | INFO | Optimizer:          AdamW (lr=0.000020)
2026-02-14 23:53:27 KST | INFO | Scheduler:          Linear warmup (500 steps / 8800 total)
2026-02-14 23:53:27 KST | INFO | Warmup steps:       500
2026-02-14 23:53:27 KST | INFO | Total steps:        8800
2026-02-14 23:53:27 KST | INFO | 
2026-02-14 23:53:27 KST | INFO | --------------------------------------------------------------------------------
2026-02-14 23:53:27 KST | INFO | TRAINING
2026-02-14 23:53:27 KST | INFO | --------------------------------------------------------------------------------
2026-02-14 23:53:27 KST | INFO | 
2026-02-14 23:53:27 KST | INFO | Epoch 1/100 | LR: 0.000000e+00
2026-02-14 23:54:44 KST | INFO |   Train Loss: 1.0572 | Test Loss: 1.0242 | Test Acc: 48.33%
2026-02-14 23:54:44 KST | INFO |   Per-class F1 scores:
2026-02-14 23:54:44 KST | INFO |     Yes   : 42.24%
2026-02-14 23:54:44 KST | INFO |     No    : 57.66%
2026-02-14 23:54:44 KST | INFO |     Maybe :  0.00%
2026-02-14 23:54:44 KST | INFO |   🏆 New best accuracy: 48.33%
2026-02-14 23:54:44 KST | INFO | 
2026-02-14 23:54:44 KST | INFO | Epoch 2/100 | LR: 3.520000e-06
2026-02-14 23:56:00 KST | INFO |   Train Loss: 0.6504 | Test Loss: 0.6250 | Test Acc: 73.67%
2026-02-14 23:56:00 KST | INFO |   Per-class F1 scores:
2026-02-14 23:56:00 KST | INFO |     Yes   : 80.10%
2026-02-14 23:56:00 KST | INFO |     No    : 71.19%
2026-02-14 23:56:00 KST | INFO |     Maybe : 24.39%
2026-02-14 23:56:00 KST | INFO |   🏆 New best accuracy: 73.67%
2026-02-14 23:56:00 KST | INFO | 
2026-02-14 23:56:00 KST | INFO | Epoch 3/100 | LR: 7.040000e-06
2026-02-14 23:57:17 KST | INFO |   Train Loss: 0.3595 | Test Loss: 0.5351 | Test Acc: 80.33%
2026-02-14 23:57:17 KST | INFO |   Per-class F1 scores:
2026-02-14 23:57:17 KST | INFO |     Yes   : 84.51%
2026-02-14 23:57:17 KST | INFO |     No    : 83.33%
2026-02-14 23:57:17 KST | INFO |     Maybe : 29.27%
2026-02-14 23:57:17 KST | INFO |   🏆 New best accuracy: 80.33%
2026-02-14 23:57:17 KST | INFO | 
2026-02-14 23:57:17 KST | INFO | Epoch 4/100 | LR: 1.056000e-05
2026-02-14 23:58:33 KST | INFO |   Train Loss: 0.2322 | Test Loss: 0.4937 | Test Acc: 82.00%
2026-02-14 23:58:33 KST | INFO |   Per-class F1 scores:
2026-02-14 23:58:33 KST | INFO |     Yes   : 84.31%
2026-02-14 23:58:33 KST | INFO |     No    : 84.26%
2026-02-14 23:58:33 KST | INFO |     Maybe : 61.02%
2026-02-14 23:58:33 KST | INFO |   🏆 New best accuracy: 82.00%
2026-02-14 23:58:33 KST | INFO | 
2026-02-14 23:58:33 KST | INFO | Epoch 5/100 | LR: 1.408000e-05
2026-02-14 23:59:50 KST | INFO |   Train Loss: 0.0731 | Test Loss: 0.6401 | Test Acc: 81.00%
2026-02-14 23:59:50 KST | INFO |   Per-class F1 scores:
2026-02-14 23:59:50 KST | INFO |     Yes   : 85.71%
2026-02-14 23:59:50 KST | INFO |     No    : 83.18%
2026-02-14 23:59:50 KST | INFO |     Maybe : 40.00%
2026-02-14 23:59:50 KST | INFO |   No improvement (1/10)
2026-02-14 23:59:50 KST | INFO | 
2026-02-14 23:59:50 KST | INFO | Epoch 6/100 | LR: 1.760000e-05
2026-02-15 00:01:06 KST | INFO |   Train Loss: 0.0259 | Test Loss: 1.4010 | Test Acc: 73.00%
2026-02-15 00:01:06 KST | INFO |   Per-class F1 scores:
2026-02-15 00:01:06 KST | INFO |     Yes   : 79.58%
2026-02-15 00:01:06 KST | INFO |     No    : 68.60%
2026-02-15 00:01:06 KST | INFO |     Maybe : 39.22%
2026-02-15 00:01:06 KST | INFO |   No improvement (2/10)
2026-02-15 00:01:06 KST | INFO | 
2026-02-15 00:01:06 KST | INFO | Epoch 7/100 | LR: 1.993253e-05
2026-02-15 00:02:22 KST | INFO |   Train Loss: 0.0087 | Test Loss: 1.3182 | Test Acc: 74.67%
2026-02-15 00:02:22 KST | INFO |   Per-class F1 scores:
2026-02-15 00:02:22 KST | INFO |     Yes   : 80.64%
2026-02-15 00:02:22 KST | INFO |     No    : 70.79%
2026-02-15 00:02:22 KST | INFO |     Maybe : 40.00%
2026-02-15 00:02:22 KST | INFO |   No improvement (3/10)
2026-02-15 00:02:22 KST | INFO | 
2026-02-15 00:02:22 KST | INFO | Epoch 8/100 | LR: 1.972048e-05
2026-02-15 00:03:39 KST | INFO |   Train Loss: 0.0003 | Test Loss: 1.1939 | Test Acc: 76.67%
2026-02-15 00:03:39 KST | INFO |   Per-class F1 scores:
2026-02-15 00:03:39 KST | INFO |     Yes   : 82.74%
2026-02-15 00:03:39 KST | INFO |     No    : 75.00%
2026-02-15 00:03:39 KST | INFO |     Maybe : 32.56%
2026-02-15 00:03:39 KST | INFO |   No improvement (4/10)
2026-02-15 00:03:39 KST | INFO | 
2026-02-15 00:03:39 KST | INFO | Epoch 9/100 | LR: 1.950843e-05
2026-02-15 00:04:55 KST | INFO |   Train Loss: 0.0001 | Test Loss: 1.1342 | Test Acc: 77.33%
2026-02-15 00:04:55 KST | INFO |   Per-class F1 scores:
2026-02-15 00:04:55 KST | INFO |     Yes   : 82.97%
2026-02-15 00:04:55 KST | INFO |     No    : 76.04%
2026-02-15 00:04:55 KST | INFO |     Maybe : 36.36%
2026-02-15 00:04:55 KST | INFO |   No improvement (5/10)
2026-02-15 00:04:55 KST | INFO | 
2026-02-15 00:04:55 KST | INFO | Epoch 10/100 | LR: 1.929639e-05
2026-02-15 00:06:12 KST | INFO |   Train Loss: 0.0000 | Test Loss: 1.1023 | Test Acc: 78.00%
2026-02-15 00:06:12 KST | INFO |   Per-class F1 scores:
2026-02-15 00:06:12 KST | INFO |     Yes   : 83.66%
2026-02-15 00:06:12 KST | INFO |     No    : 77.55%
2026-02-15 00:06:12 KST | INFO |     Maybe : 32.56%
2026-02-15 00:06:12 KST | INFO |   No improvement (6/10)
2026-02-15 00:06:12 KST | INFO | 
2026-02-15 00:06:12 KST | INFO | Epoch 11/100 | LR: 1.908434e-05
2026-02-15 00:07:28 KST | INFO |   Train Loss: 0.0000 | Test Loss: 1.1094 | Test Acc: 77.67%
2026-02-15 00:07:28 KST | INFO |   Per-class F1 scores:
2026-02-15 00:07:28 KST | INFO |     Yes   : 83.43%
2026-02-15 00:07:28 KST | INFO |     No    : 76.92%
2026-02-15 00:07:28 KST | INFO |     Maybe : 32.56%
2026-02-15 00:07:28 KST | INFO |   No improvement (7/10)
2026-02-15 00:07:28 KST | INFO | 
2026-02-15 00:07:28 KST | INFO | Epoch 12/100 | LR: 1.887229e-05
2026-02-15 00:08:45 KST | INFO |   Train Loss: 0.0000 | Test Loss: 1.1499 | Test Acc: 78.00%
2026-02-15 00:08:45 KST | INFO |   Per-class F1 scores:
2026-02-15 00:08:45 KST | INFO |     Yes   : 83.43%
2026-02-15 00:08:45 KST | INFO |     No    : 77.32%
2026-02-15 00:08:45 KST | INFO |     Maybe : 36.36%
2026-02-15 00:08:45 KST | INFO |   No improvement (8/10)
2026-02-15 00:08:45 KST | INFO | 
2026-02-15 00:08:45 KST | INFO | Epoch 13/100 | LR: 1.866024e-05
2026-02-15 00:10:01 KST | INFO |   Train Loss: 0.0000 | Test Loss: 1.1382 | Test Acc: 78.33%
2026-02-15 00:10:01 KST | INFO |   Per-class F1 scores:
2026-02-15 00:10:01 KST | INFO |     Yes   : 83.66%
2026-02-15 00:10:01 KST | INFO |     No    : 77.95%
2026-02-15 00:10:01 KST | INFO |     Maybe : 36.36%
2026-02-15 00:10:01 KST | INFO |   No improvement (9/10)
2026-02-15 00:10:01 KST | INFO | 
2026-02-15 00:10:01 KST | INFO | Epoch 14/100 | LR: 1.844819e-05
2026-02-15 00:11:18 KST | INFO |   Train Loss: 0.0000 | Test Loss: 1.1501 | Test Acc: 78.33%
2026-02-15 00:11:18 KST | INFO |   Per-class F1 scores:
2026-02-15 00:11:18 KST | INFO |     Yes   : 83.89%
2026-02-15 00:11:18 KST | INFO |     No    : 78.17%
2026-02-15 00:11:18 KST | INFO |     Maybe : 32.56%
2026-02-15 00:11:18 KST | INFO |   No improvement (10/10)
2026-02-15 00:11:18 KST | INFO | 
2026-02-15 00:11:18 KST | INFO | Early stopping after 10 epochs without improvement
2026-02-15 00:11:18 KST | INFO | 
2026-02-15 00:11:18 KST | INFO | ================================================================================
2026-02-15 00:11:18 KST | INFO | TRAINING COMPLETE
2026-02-15 00:11:18 KST | INFO | ================================================================================
2026-02-15 00:11:18 KST | INFO | Best accuracy:  82.00% (Epoch 4)
2026-02-15 00:11:18 KST | INFO | Final accuracy: 78.33%
2026-02-15 00:11:18 KST | INFO | ================================================================================
2026-02-15 00:11:18 KST | INFO | 
2026-02-15 00:11:18 KST | INFO | Best test accuracy: 82.00%
2026-02-15 00:11:18 KST | INFO | 
2026-02-15 00:11:18 KST | INFO | Full log: logs/centralized_biogpt_20260214_235316.log
2026-02-15 00:11:18 KST | INFO | ================================================================================
