2026-02-14 22:14:40 KST | INFO | ================================================================================
2026-02-14 22:14:40 KST | INFO | BioGPT Fine-tuning on PubMedQA
2026-02-14 22:14:40 KST | INFO | ================================================================================
2026-02-14 22:14:40 KST | INFO | Log file: logs/centralized_biogpt_20260214_221440.log
2026-02-14 22:14:40 KST | INFO | 
2026-02-14 22:14:40 KST | INFO | Device: cuda
2026-02-14 22:14:40 KST | INFO | 
2026-02-14 22:14:40 KST | INFO | --------------------------------------------------------------------------------
2026-02-14 22:14:40 KST | INFO | CONFIGURATION
2026-02-14 22:14:40 KST | INFO | --------------------------------------------------------------------------------
2026-02-14 22:14:40 KST | INFO | Model:              BioGPT (microsoft/biogpt)
2026-02-14 22:14:40 KST | INFO | Training mode:      Full fine-tuning
2026-02-14 22:14:40 KST | INFO | Epochs:             100
2026-02-14 22:14:40 KST | INFO | Patience:           10
2026-02-14 22:14:40 KST | INFO | Batch size:         8
2026-02-14 22:14:40 KST | INFO | Learning rate:      0.000020
2026-02-14 22:14:40 KST | INFO | Max length:         512
2026-02-14 22:14:40 KST | INFO | Gradient clip:      1.0
2026-02-14 22:14:40 KST | INFO | 
2026-02-14 22:14:40 KST | INFO | --------------------------------------------------------------------------------
2026-02-14 22:14:40 KST | INFO | MODEL LOADING
2026-02-14 22:14:40 KST | INFO | --------------------------------------------------------------------------------
2026-02-14 22:14:41 KST | INFO | HTTP Request: HEAD https://huggingface.co/microsoft/biogpt/resolve/main/tokenizer_config.json "HTTP/1.1 404 Not Found"
2026-02-14 22:14:41 KST | INFO | HTTP Request: GET https://huggingface.co/api/models/microsoft/biogpt/tree/main/additional_chat_templates?recursive=false&expand=false "HTTP/1.1 404 Not Found"
2026-02-14 22:14:41 KST | INFO | HTTP Request: GET https://huggingface.co/api/models/microsoft/biogpt/tree/main?recursive=true&expand=false "HTTP/1.1 200 OK"
2026-02-14 22:14:42 KST | INFO | HTTP Request: HEAD https://huggingface.co/microsoft/biogpt/resolve/main/vocab.json "HTTP/1.1 307 Temporary Redirect"
2026-02-14 22:14:42 KST | INFO | HTTP Request: HEAD https://huggingface.co/api/resolve-cache/models/microsoft/biogpt/eb0d815e95434dc9e3b78f464e52b899bee7d923/vocab.json "HTTP/1.1 200 OK"
2026-02-14 22:14:43 KST | INFO | Loading microsoft/biogpt …
2026-02-14 22:14:43 KST | INFO | HTTP Request: HEAD https://huggingface.co/microsoft/biogpt/resolve/main/config.json "HTTP/1.1 307 Temporary Redirect"
2026-02-14 22:14:43 KST | INFO | HTTP Request: HEAD https://huggingface.co/api/resolve-cache/models/microsoft/biogpt/eb0d815e95434dc9e3b78f464e52b899bee7d923/config.json "HTTP/1.1 200 OK"
2026-02-14 22:14:43 KST | INFO | HTTP Request: HEAD https://huggingface.co/microsoft/biogpt/resolve/main/config.json "HTTP/1.1 307 Temporary Redirect"
2026-02-14 22:14:43 KST | INFO | HTTP Request: HEAD https://huggingface.co/api/resolve-cache/models/microsoft/biogpt/eb0d815e95434dc9e3b78f464e52b899bee7d923/config.json "HTTP/1.1 200 OK"
2026-02-14 22:14:43 KST | INFO | HTTP Request: HEAD https://huggingface.co/microsoft/biogpt/resolve/main/model.safetensors "HTTP/1.1 404 Not Found"
2026-02-14 22:14:43 KST | WARNING | Warning: You are sending unauthenticated requests to the HF Hub. Please set a HF_TOKEN to enable higher rate limits and faster downloads.
2026-02-14 22:14:43 KST | INFO | HTTP Request: HEAD https://huggingface.co/microsoft/biogpt/resolve/main/model.safetensors.index.json "HTTP/1.1 404 Not Found"
2026-02-14 22:14:44 KST | INFO | HTTP Request: HEAD https://huggingface.co/microsoft/biogpt/resolve/main/pytorch_model.bin "HTTP/1.1 302 Found"
2026-02-14 22:14:44 KST | INFO | HTTP Request: HEAD https://huggingface.co/microsoft/biogpt/resolve/main/model.safetensors "HTTP/1.1 404 Not Found"
2026-02-14 22:14:44 KST | INFO | HTTP Request: GET https://huggingface.co/api/models/microsoft/biogpt "HTTP/1.1 200 OK"
2026-02-14 22:14:44 KST | INFO | HTTP Request: GET https://huggingface.co/api/models/microsoft/biogpt/commits/main "HTTP/1.1 200 OK"
2026-02-14 22:14:45 KST | INFO | HTTP Request: GET https://huggingface.co/api/models/microsoft/biogpt/discussions?p=0 "HTTP/1.1 200 OK"
2026-02-14 22:14:45 KST | INFO | HTTP Request: GET https://huggingface.co/api/models/microsoft/biogpt/commits/refs%2Fpr%2F17 "HTTP/1.1 200 OK"
2026-02-14 22:14:45 KST | INFO | HTTP Request: HEAD https://huggingface.co/microsoft/biogpt/resolve/refs%2Fpr%2F17/model.safetensors.index.json "HTTP/1.1 404 Not Found"
2026-02-14 22:14:45 KST | INFO | HTTP Request: HEAD https://huggingface.co/microsoft/biogpt/resolve/refs%2Fpr%2F17/model.safetensors "HTTP/1.1 302 Found"
2026-02-14 22:14:46 KST | INFO | HTTP Request: HEAD https://huggingface.co/microsoft/biogpt/resolve/main/generation_config.json "HTTP/1.1 404 Not Found"
2026-02-14 22:14:46 KST | INFO | HTTP Request: HEAD https://huggingface.co/microsoft/biogpt/resolve/main/config.json "HTTP/1.1 307 Temporary Redirect"
2026-02-14 22:14:46 KST | INFO | HTTP Request: HEAD https://huggingface.co/api/resolve-cache/models/microsoft/biogpt/eb0d815e95434dc9e3b78f464e52b899bee7d923/config.json "HTTP/1.1 200 OK"
2026-02-14 22:14:46 KST | INFO | Full fine-tuning: 346,766,339 parameters
2026-02-14 22:14:47 KST | INFO | ✓ BioGPTClassifier ready on cuda
2026-02-14 22:14:47 KST | INFO | 
2026-02-14 22:14:47 KST | INFO | --------------------------------------------------------------------------------
2026-02-14 22:14:47 KST | INFO | DATA LOADING
2026-02-14 22:14:47 KST | INFO | --------------------------------------------------------------------------------
2026-02-14 22:14:47 KST | INFO | Attempting to load from Hugging Face...
2026-02-14 22:14:47 KST | INFO | HTTP Request: HEAD https://huggingface.co/datasets/pubmed_qa/resolve/main/README.md "HTTP/1.1 307 Temporary Redirect"
2026-02-14 22:14:48 KST | INFO | HTTP Request: HEAD https://huggingface.co/datasets/qiaojin/PubMedQA/resolve/main/README.md "HTTP/1.1 307 Temporary Redirect"
2026-02-14 22:14:48 KST | INFO | HTTP Request: HEAD https://huggingface.co/api/resolve-cache/datasets/qiaojin/PubMedQA/9001f2853fb87cab8d220904e0de81ac6973b318/README.md "HTTP/1.1 200 OK"
2026-02-14 22:14:48 KST | INFO | HTTP Request: HEAD https://huggingface.co/datasets/pubmed_qa/resolve/9001f2853fb87cab8d220904e0de81ac6973b318/pubmed_qa.py "HTTP/1.1 307 Temporary Redirect"
2026-02-14 22:14:48 KST | INFO | HTTP Request: HEAD https://huggingface.co/datasets/qiaojin/PubMedQA/resolve/9001f2853fb87cab8d220904e0de81ac6973b318/pubmed_qa.py "HTTP/1.1 404 Not Found"
2026-02-14 22:14:49 KST | INFO | HTTP Request: HEAD https://s3.amazonaws.com/datasets.huggingface.co/datasets/datasets/pubmed_qa/pubmed_qa.py "HTTP/1.1 404 Not Found"
2026-02-14 22:14:49 KST | INFO | HTTP Request: GET https://huggingface.co/api/datasets/pubmed_qa/revision/9001f2853fb87cab8d220904e0de81ac6973b318 "HTTP/1.1 307 Temporary Redirect"
2026-02-14 22:14:49 KST | INFO | HTTP Request: GET https://huggingface.co/api/datasets/qiaojin/PubMedQA/revision/9001f2853fb87cab8d220904e0de81ac6973b318 "HTTP/1.1 200 OK"
2026-02-14 22:14:49 KST | INFO | HTTP Request: HEAD https://huggingface.co/datasets/pubmed_qa/resolve/9001f2853fb87cab8d220904e0de81ac6973b318/.huggingface.yaml "HTTP/1.1 307 Temporary Redirect"
2026-02-14 22:14:49 KST | INFO | HTTP Request: HEAD https://huggingface.co/datasets/qiaojin/PubMedQA/resolve/9001f2853fb87cab8d220904e0de81ac6973b318/.huggingface.yaml "HTTP/1.1 404 Not Found"
2026-02-14 22:14:50 KST | INFO | HTTP Request: GET https://datasets-server.huggingface.co/info?dataset=pubmed_qa "HTTP/1.1 404 Not Found"
2026-02-14 22:14:50 KST | INFO | HTTP Request: GET https://huggingface.co/api/datasets/pubmed_qa/tree/9001f2853fb87cab8d220904e0de81ac6973b318/pqa_artificial?recursive=true&expand=false "HTTP/1.1 307 Temporary Redirect"
2026-02-14 22:14:50 KST | INFO | HTTP Request: GET https://huggingface.co/api/datasets/qiaojin/PubMedQA/tree/9001f2853fb87cab8d220904e0de81ac6973b318/pqa_artificial?recursive=true&expand=false "HTTP/1.1 200 OK"
2026-02-14 22:14:50 KST | INFO | HTTP Request: GET https://huggingface.co/api/datasets/pubmed_qa/tree/9001f2853fb87cab8d220904e0de81ac6973b318?recursive=false&expand=false "HTTP/1.1 307 Temporary Redirect"
2026-02-14 22:14:51 KST | INFO | HTTP Request: GET https://huggingface.co/api/datasets/qiaojin/PubMedQA/tree/9001f2853fb87cab8d220904e0de81ac6973b318?recursive=false&expand=false "HTTP/1.1 200 OK"
2026-02-14 22:14:51 KST | INFO | HTTP Request: HEAD https://huggingface.co/datasets/pubmed_qa/resolve/9001f2853fb87cab8d220904e0de81ac6973b318/dataset_infos.json "HTTP/1.1 307 Temporary Redirect"
2026-02-14 22:14:51 KST | INFO | HTTP Request: HEAD https://huggingface.co/datasets/qiaojin/PubMedQA/resolve/9001f2853fb87cab8d220904e0de81ac6973b318/dataset_infos.json "HTTP/1.1 404 Not Found"
2026-02-14 22:14:51 KST | INFO | HTTP Request: GET https://huggingface.co/api/datasets/pubmed_qa/tree/9001f2853fb87cab8d220904e0de81ac6973b318/pqa_labeled?recursive=true&expand=false "HTTP/1.1 307 Temporary Redirect"
2026-02-14 22:14:51 KST | INFO | HTTP Request: GET https://huggingface.co/api/datasets/qiaojin/PubMedQA/tree/9001f2853fb87cab8d220904e0de81ac6973b318/pqa_labeled?recursive=true&expand=false "HTTP/1.1 200 OK"
2026-02-14 22:14:51 KST | INFO | Available splits: ['train']
2026-02-14 22:14:52 KST | INFO | ✓ Loaded from Hugging Face
2026-02-14 22:14:52 KST | INFO |   Total samples:   1,000
2026-02-14 22:14:52 KST | INFO |   Training:        700
2026-02-14 22:14:52 KST | INFO |   Test:            300
2026-02-14 22:14:52 KST | INFO | 
2026-02-14 22:14:52 KST | INFO | --------------------------------------------------------------------------------
2026-02-14 22:14:52 KST | INFO | DATASET PREPARATION
2026-02-14 22:14:52 KST | INFO | --------------------------------------------------------------------------------
2026-02-14 22:14:52 KST | INFO | Training samples:   700
2026-02-14 22:14:52 KST | INFO | Test samples:       300
2026-02-14 22:14:52 KST | INFO | 
2026-02-14 22:14:52 KST | INFO | Training batches:   88
2026-02-14 22:14:52 KST | INFO | Test batches:       38
2026-02-14 22:14:52 KST | INFO | 
2026-02-14 22:14:52 KST | INFO | --------------------------------------------------------------------------------
2026-02-14 22:14:52 KST | INFO | OPTIMIZER & SCHEDULER
2026-02-14 22:14:52 KST | INFO | --------------------------------------------------------------------------------
2026-02-14 22:14:52 KST | INFO | Optimizer:          AdamW (lr=0.000020)
2026-02-14 22:14:52 KST | INFO | Scheduler:          Linear warmup (500 steps / 8800 total)
2026-02-14 22:14:52 KST | INFO | Warmup steps:       500
2026-02-14 22:14:52 KST | INFO | Total steps:        8800
2026-02-14 22:14:52 KST | INFO | 
2026-02-14 22:14:52 KST | INFO | --------------------------------------------------------------------------------
2026-02-14 22:14:52 KST | INFO | TRAINING
2026-02-14 22:14:52 KST | INFO | --------------------------------------------------------------------------------
2026-02-14 22:14:52 KST | INFO | 
2026-02-14 22:14:52 KST | INFO | Epoch 1/100 | LR: 0.000000e+00
2026-02-14 22:16:08 KST | INFO |   Train Loss: 1.0868 | Test Loss: 1.1107 | Test Acc: 54.67%
2026-02-14 22:16:08 KST | INFO |   Per-class F1 scores:
2026-02-14 22:16:08 KST | INFO |     Yes   : 69.66%
2026-02-14 22:16:08 KST | INFO |     No    : 15.00%
2026-02-14 22:16:08 KST | INFO |     Maybe :  0.00%
2026-02-14 22:16:08 KST | INFO |   🏆 New best accuracy: 54.67%
2026-02-14 22:16:08 KST | INFO | 
2026-02-14 22:16:08 KST | INFO | Epoch 2/100 | LR: 3.520000e-06
2026-02-14 22:17:25 KST | INFO |   Train Loss: 0.6494 | Test Loss: 0.5249 | Test Acc: 78.33%
2026-02-14 22:17:25 KST | INFO |   Per-class F1 scores:
2026-02-14 22:17:25 KST | INFO |     Yes   : 82.91%
2026-02-14 22:17:25 KST | INFO |     No    : 80.81%
2026-02-14 22:17:25 KST | INFO |     Maybe : 31.11%
2026-02-14 22:17:25 KST | INFO |   🏆 New best accuracy: 78.33%
2026-02-14 22:17:25 KST | INFO | 
2026-02-14 22:17:25 KST | INFO | Epoch 3/100 | LR: 7.040000e-06
2026-02-14 22:18:41 KST | INFO |   Train Loss: 0.3361 | Test Loss: 0.4862 | Test Acc: 78.33%
2026-02-14 22:18:41 KST | INFO |   Per-class F1 scores:
2026-02-14 22:18:41 KST | INFO |     Yes   : 83.33%
2026-02-14 22:18:41 KST | INFO |     No    : 77.82%
2026-02-14 22:18:41 KST | INFO |     Maybe : 48.98%
2026-02-14 22:18:41 KST | INFO |   No improvement (1/10)
2026-02-14 22:18:41 KST | INFO | 
2026-02-14 22:18:41 KST | INFO | Epoch 4/100 | LR: 1.056000e-05
2026-02-14 22:19:57 KST | INFO |   Train Loss: 0.2327 | Test Loss: 0.5629 | Test Acc: 81.00%
2026-02-14 22:19:57 KST | INFO |   Per-class F1 scores:
2026-02-14 22:19:57 KST | INFO |     Yes   : 85.63%
2026-02-14 22:19:57 KST | INFO |     No    : 81.52%
2026-02-14 22:19:57 KST | INFO |     Maybe : 45.83%
2026-02-14 22:19:57 KST | INFO |   🏆 New best accuracy: 81.00%
2026-02-14 22:19:57 KST | INFO | 
2026-02-14 22:19:57 KST | INFO | Epoch 5/100 | LR: 1.408000e-05
2026-02-14 22:21:14 KST | INFO |   Train Loss: 0.1309 | Test Loss: 0.9265 | Test Acc: 75.00%
2026-02-14 22:21:14 KST | INFO |   Per-class F1 scores:
2026-02-14 22:21:14 KST | INFO |     Yes   : 80.75%
2026-02-14 22:21:14 KST | INFO |     No    : 73.22%
2026-02-14 22:21:14 KST | INFO |     Maybe : 32.56%
2026-02-14 22:21:14 KST | INFO |   No improvement (1/10)
2026-02-14 22:21:14 KST | INFO | 
2026-02-14 22:21:14 KST | INFO | Epoch 6/100 | LR: 1.760000e-05
2026-02-14 22:22:31 KST | INFO |   Train Loss: 0.0419 | Test Loss: 0.7152 | Test Acc: 81.33%
2026-02-14 22:22:31 KST | INFO |   Per-class F1 scores:
2026-02-14 22:22:31 KST | INFO |     Yes   : 84.83%
2026-02-14 22:22:31 KST | INFO |     No    : 81.65%
2026-02-14 22:22:31 KST | INFO |     Maybe : 61.02%
2026-02-14 22:22:31 KST | INFO |   🏆 New best accuracy: 81.33%
2026-02-14 22:22:31 KST | INFO | 
2026-02-14 22:22:31 KST | INFO | Epoch 7/100 | LR: 1.993253e-05
2026-02-14 22:23:47 KST | INFO |   Train Loss: 0.0052 | Test Loss: 1.4476 | Test Acc: 75.67%
2026-02-14 22:23:47 KST | INFO |   Per-class F1 scores:
2026-02-14 22:23:47 KST | INFO |     Yes   : 80.95%
2026-02-14 22:23:47 KST | INFO |     No    : 70.52%
2026-02-14 22:23:47 KST | INFO |     Maybe : 53.06%
2026-02-14 22:23:47 KST | INFO |   No improvement (1/10)
2026-02-14 22:23:47 KST | INFO | 
2026-02-14 22:23:47 KST | INFO | Epoch 8/100 | LR: 1.972048e-05
2026-02-14 22:25:03 KST | INFO |   Train Loss: 0.0037 | Test Loss: 1.2398 | Test Acc: 78.67%
2026-02-14 22:25:03 KST | INFO |   Per-class F1 scores:
2026-02-14 22:25:03 KST | INFO |     Yes   : 83.57%
2026-02-14 22:25:03 KST | INFO |     No    : 79.80%
2026-02-14 22:25:03 KST | INFO |     Maybe : 32.56%
2026-02-14 22:25:03 KST | INFO |   No improvement (2/10)
2026-02-14 22:25:03 KST | INFO | 
2026-02-14 22:25:03 KST | INFO | Epoch 9/100 | LR: 1.950843e-05
2026-02-14 22:26:20 KST | INFO |   Train Loss: 0.0003 | Test Loss: 1.2055 | Test Acc: 78.67%
2026-02-14 22:26:20 KST | INFO |   Per-class F1 scores:
2026-02-14 22:26:20 KST | INFO |     Yes   : 83.24%
2026-02-14 22:26:20 KST | INFO |     No    : 78.57%
2026-02-14 22:26:20 KST | INFO |     Maybe : 43.48%
2026-02-14 22:26:20 KST | INFO |   No improvement (3/10)
2026-02-14 22:26:20 KST | INFO | 
2026-02-14 22:26:20 KST | INFO | Epoch 10/100 | LR: 1.929639e-05
2026-02-14 22:27:36 KST | INFO |   Train Loss: 0.0001 | Test Loss: 1.3081 | Test Acc: 77.67%
2026-02-14 22:27:36 KST | INFO |   Per-class F1 scores:
2026-02-14 22:27:36 KST | INFO |     Yes   : 82.51%
2026-02-14 22:27:36 KST | INFO |     No    : 76.60%
2026-02-14 22:27:36 KST | INFO |     Maybe : 43.48%
2026-02-14 22:27:36 KST | INFO |   No improvement (4/10)
2026-02-14 22:27:36 KST | INFO | 
2026-02-14 22:27:36 KST | INFO | Epoch 11/100 | LR: 1.908434e-05
2026-02-14 22:28:52 KST | INFO |   Train Loss: 0.0000 | Test Loss: 1.0519 | Test Acc: 78.67%
2026-02-14 22:28:52 KST | INFO |   Per-class F1 scores:
2026-02-14 22:28:52 KST | INFO |     Yes   : 83.15%
2026-02-14 22:28:52 KST | INFO |     No    : 79.19%
2026-02-14 22:28:52 KST | INFO |     Maybe : 42.55%
2026-02-14 22:28:52 KST | INFO |   No improvement (5/10)
2026-02-14 22:28:52 KST | INFO | 
2026-02-14 22:28:52 KST | INFO | Epoch 12/100 | LR: 1.887229e-05
2026-02-14 22:30:09 KST | INFO |   Train Loss: 0.0000 | Test Loss: 1.1791 | Test Acc: 78.33%
2026-02-14 22:30:09 KST | INFO |   Per-class F1 scores:
2026-02-14 22:30:09 KST | INFO |     Yes   : 83.01%
2026-02-14 22:30:09 KST | INFO |     No    : 77.95%
2026-02-14 22:30:09 KST | INFO |     Maybe : 43.48%
2026-02-14 22:30:09 KST | INFO |   No improvement (6/10)
2026-02-14 22:30:09 KST | INFO | 
2026-02-14 22:30:09 KST | INFO | Epoch 13/100 | LR: 1.866024e-05
2026-02-14 22:31:25 KST | INFO |   Train Loss: 0.0000 | Test Loss: 1.1993 | Test Acc: 78.33%
2026-02-14 22:31:25 KST | INFO |   Per-class F1 scores:
2026-02-14 22:31:25 KST | INFO |     Yes   : 83.01%
2026-02-14 22:31:25 KST | INFO |     No    : 77.95%
2026-02-14 22:31:25 KST | INFO |     Maybe : 43.48%
2026-02-14 22:31:25 KST | INFO |   No improvement (7/10)
2026-02-14 22:31:25 KST | INFO | 
2026-02-14 22:31:25 KST | INFO | Epoch 14/100 | LR: 1.844819e-05
2026-02-14 22:32:41 KST | INFO |   Train Loss: 0.0000 | Test Loss: 1.2016 | Test Acc: 78.33%
2026-02-14 22:32:41 KST | INFO |   Per-class F1 scores:
2026-02-14 22:32:41 KST | INFO |     Yes   : 83.01%
2026-02-14 22:32:41 KST | INFO |     No    : 77.95%
2026-02-14 22:32:41 KST | INFO |     Maybe : 43.48%
2026-02-14 22:32:41 KST | INFO |   No improvement (8/10)
2026-02-14 22:32:41 KST | INFO | 
2026-02-14 22:32:41 KST | INFO | Epoch 15/100 | LR: 1.823614e-05
2026-02-14 22:33:58 KST | INFO |   Train Loss: 0.0000 | Test Loss: 1.2161 | Test Acc: 78.33%
2026-02-14 22:33:58 KST | INFO |   Per-class F1 scores:
2026-02-14 22:33:58 KST | INFO |     Yes   : 83.01%
2026-02-14 22:33:58 KST | INFO |     No    : 77.95%
2026-02-14 22:33:58 KST | INFO |     Maybe : 43.48%
2026-02-14 22:33:58 KST | INFO |   No improvement (9/10)
2026-02-14 22:33:58 KST | INFO | 
2026-02-14 22:33:58 KST | INFO | Epoch 16/100 | LR: 1.802410e-05
2026-02-14 22:35:14 KST | INFO |   Train Loss: 0.0000 | Test Loss: 1.2289 | Test Acc: 78.33%
2026-02-14 22:35:14 KST | INFO |   Per-class F1 scores:
2026-02-14 22:35:14 KST | INFO |     Yes   : 83.01%
2026-02-14 22:35:14 KST | INFO |     No    : 77.95%
2026-02-14 22:35:14 KST | INFO |     Maybe : 43.48%
2026-02-14 22:35:14 KST | INFO |   No improvement (10/10)
2026-02-14 22:35:14 KST | INFO | 
2026-02-14 22:35:14 KST | INFO | Early stopping after 10 epochs without improvement
2026-02-14 22:35:14 KST | INFO | 
2026-02-14 22:35:14 KST | INFO | ================================================================================
2026-02-14 22:35:14 KST | INFO | TRAINING COMPLETE
2026-02-14 22:35:14 KST | INFO | ================================================================================
2026-02-14 22:35:14 KST | INFO | Best accuracy:  81.33% (Epoch 6)
2026-02-14 22:35:14 KST | INFO | Final accuracy: 78.33%
2026-02-14 22:35:14 KST | INFO | ================================================================================
2026-02-14 22:35:14 KST | INFO | 
2026-02-14 22:35:14 KST | INFO | Best test accuracy: 81.33%
2026-02-14 22:35:14 KST | INFO | 
2026-02-14 22:35:14 KST | INFO | Full log: logs/centralized_biogpt_20260214_221440.log
2026-02-14 22:35:14 KST | INFO | ================================================================================
