2026-02-14 22:35:24 KST | INFO | ================================================================================
2026-02-14 22:35:24 KST | INFO | BioGPT Fine-tuning on PubMedQA
2026-02-14 22:35:24 KST | INFO | ================================================================================
2026-02-14 22:35:24 KST | INFO | Log file: logs/centralized_biogpt_20260214_223524.log
2026-02-14 22:35:24 KST | INFO | 
2026-02-14 22:35:24 KST | INFO | Device: cuda
2026-02-14 22:35:24 KST | INFO | 
2026-02-14 22:35:24 KST | INFO | --------------------------------------------------------------------------------
2026-02-14 22:35:24 KST | INFO | CONFIGURATION
2026-02-14 22:35:24 KST | INFO | --------------------------------------------------------------------------------
2026-02-14 22:35:24 KST | INFO | Model:              BioGPT (microsoft/biogpt)
2026-02-14 22:35:24 KST | INFO | Training mode:      Full fine-tuning
2026-02-14 22:35:24 KST | INFO | Epochs:             100
2026-02-14 22:35:24 KST | INFO | Patience:           10
2026-02-14 22:35:24 KST | INFO | Batch size:         8
2026-02-14 22:35:24 KST | INFO | Learning rate:      0.000020
2026-02-14 22:35:24 KST | INFO | Max length:         512
2026-02-14 22:35:24 KST | INFO | Gradient clip:      1.0
2026-02-14 22:35:24 KST | INFO | 
2026-02-14 22:35:24 KST | INFO | --------------------------------------------------------------------------------
2026-02-14 22:35:24 KST | INFO | MODEL LOADING
2026-02-14 22:35:24 KST | INFO | --------------------------------------------------------------------------------
2026-02-14 22:35:24 KST | INFO | HTTP Request: HEAD https://huggingface.co/microsoft/biogpt/resolve/main/tokenizer_config.json "HTTP/1.1 404 Not Found"
2026-02-14 22:35:24 KST | INFO | HTTP Request: GET https://huggingface.co/api/models/microsoft/biogpt/tree/main/additional_chat_templates?recursive=false&expand=false "HTTP/1.1 404 Not Found"
2026-02-14 22:35:25 KST | INFO | HTTP Request: GET https://huggingface.co/api/models/microsoft/biogpt/tree/main?recursive=true&expand=false "HTTP/1.1 200 OK"
2026-02-14 22:35:25 KST | INFO | HTTP Request: HEAD https://huggingface.co/microsoft/biogpt/resolve/main/vocab.json "HTTP/1.1 307 Temporary Redirect"
2026-02-14 22:35:25 KST | INFO | HTTP Request: HEAD https://huggingface.co/api/resolve-cache/models/microsoft/biogpt/eb0d815e95434dc9e3b78f464e52b899bee7d923/vocab.json "HTTP/1.1 200 OK"
2026-02-14 22:35:26 KST | INFO | Loading microsoft/biogpt …
2026-02-14 22:35:26 KST | INFO | HTTP Request: HEAD https://huggingface.co/microsoft/biogpt/resolve/main/config.json "HTTP/1.1 307 Temporary Redirect"
2026-02-14 22:35:26 KST | INFO | HTTP Request: HEAD https://huggingface.co/api/resolve-cache/models/microsoft/biogpt/eb0d815e95434dc9e3b78f464e52b899bee7d923/config.json "HTTP/1.1 200 OK"
2026-02-14 22:35:26 KST | INFO | HTTP Request: HEAD https://huggingface.co/microsoft/biogpt/resolve/main/config.json "HTTP/1.1 307 Temporary Redirect"
2026-02-14 22:35:26 KST | INFO | HTTP Request: HEAD https://huggingface.co/api/resolve-cache/models/microsoft/biogpt/eb0d815e95434dc9e3b78f464e52b899bee7d923/config.json "HTTP/1.1 200 OK"
2026-02-14 22:35:26 KST | INFO | HTTP Request: HEAD https://huggingface.co/microsoft/biogpt/resolve/main/model.safetensors "HTTP/1.1 404 Not Found"
2026-02-14 22:35:26 KST | INFO | HTTP Request: HEAD https://huggingface.co/microsoft/biogpt/resolve/main/model.safetensors.index.json "HTTP/1.1 404 Not Found"
2026-02-14 22:35:27 KST | INFO | HTTP Request: HEAD https://huggingface.co/microsoft/biogpt/resolve/main/pytorch_model.bin "HTTP/1.1 302 Found"
2026-02-14 22:35:27 KST | INFO | HTTP Request: HEAD https://huggingface.co/microsoft/biogpt/resolve/main/model.safetensors "HTTP/1.1 404 Not Found"
2026-02-14 22:35:27 KST | INFO | HTTP Request: GET https://huggingface.co/api/models/microsoft/biogpt "HTTP/1.1 200 OK"
2026-02-14 22:35:27 KST | INFO | HTTP Request: GET https://huggingface.co/api/models/microsoft/biogpt/commits/main "HTTP/1.1 200 OK"
2026-02-14 22:35:27 KST | INFO | HTTP Request: GET https://huggingface.co/api/models/microsoft/biogpt/discussions?p=0 "HTTP/1.1 200 OK"
2026-02-14 22:35:28 KST | INFO | HTTP Request: GET https://huggingface.co/api/models/microsoft/biogpt/commits/refs%2Fpr%2F17 "HTTP/1.1 200 OK"
2026-02-14 22:35:28 KST | INFO | HTTP Request: HEAD https://huggingface.co/microsoft/biogpt/resolve/refs%2Fpr%2F17/model.safetensors.index.json "HTTP/1.1 404 Not Found"
2026-02-14 22:35:28 KST | INFO | HTTP Request: HEAD https://huggingface.co/microsoft/biogpt/resolve/refs%2Fpr%2F17/model.safetensors "HTTP/1.1 302 Found"
2026-02-14 22:35:29 KST | INFO | HTTP Request: HEAD https://huggingface.co/microsoft/biogpt/resolve/main/generation_config.json "HTTP/1.1 404 Not Found"
2026-02-14 22:35:29 KST | INFO | HTTP Request: HEAD https://huggingface.co/microsoft/biogpt/resolve/main/config.json "HTTP/1.1 307 Temporary Redirect"
2026-02-14 22:35:29 KST | WARNING | Warning: You are sending unauthenticated requests to the HF Hub. Please set a HF_TOKEN to enable higher rate limits and faster downloads.
2026-02-14 22:35:29 KST | INFO | HTTP Request: HEAD https://huggingface.co/api/resolve-cache/models/microsoft/biogpt/eb0d815e95434dc9e3b78f464e52b899bee7d923/config.json "HTTP/1.1 200 OK"
2026-02-14 22:35:29 KST | INFO | Full fine-tuning: 346,766,339 parameters
2026-02-14 22:35:30 KST | INFO | ✓ BioGPTClassifier ready on cuda
2026-02-14 22:35:30 KST | INFO | 
2026-02-14 22:35:30 KST | INFO | --------------------------------------------------------------------------------
2026-02-14 22:35:30 KST | INFO | DATA LOADING
2026-02-14 22:35:30 KST | INFO | --------------------------------------------------------------------------------
2026-02-14 22:35:30 KST | INFO | Attempting to load from Hugging Face...
2026-02-14 22:35:30 KST | INFO | HTTP Request: HEAD https://huggingface.co/datasets/pubmed_qa/resolve/main/README.md "HTTP/1.1 307 Temporary Redirect"
2026-02-14 22:35:31 KST | INFO | HTTP Request: HEAD https://huggingface.co/datasets/qiaojin/PubMedQA/resolve/main/README.md "HTTP/1.1 307 Temporary Redirect"
2026-02-14 22:35:31 KST | INFO | HTTP Request: HEAD https://huggingface.co/api/resolve-cache/datasets/qiaojin/PubMedQA/9001f2853fb87cab8d220904e0de81ac6973b318/README.md "HTTP/1.1 200 OK"
2026-02-14 22:35:31 KST | INFO | HTTP Request: HEAD https://huggingface.co/datasets/pubmed_qa/resolve/9001f2853fb87cab8d220904e0de81ac6973b318/pubmed_qa.py "HTTP/1.1 307 Temporary Redirect"
2026-02-14 22:35:31 KST | INFO | HTTP Request: HEAD https://huggingface.co/datasets/qiaojin/PubMedQA/resolve/9001f2853fb87cab8d220904e0de81ac6973b318/pubmed_qa.py "HTTP/1.1 404 Not Found"
2026-02-14 22:35:32 KST | INFO | HTTP Request: HEAD https://s3.amazonaws.com/datasets.huggingface.co/datasets/datasets/pubmed_qa/pubmed_qa.py "HTTP/1.1 404 Not Found"
2026-02-14 22:35:32 KST | INFO | HTTP Request: GET https://huggingface.co/api/datasets/pubmed_qa/revision/9001f2853fb87cab8d220904e0de81ac6973b318 "HTTP/1.1 307 Temporary Redirect"
2026-02-14 22:35:32 KST | INFO | HTTP Request: GET https://huggingface.co/api/datasets/qiaojin/PubMedQA/revision/9001f2853fb87cab8d220904e0de81ac6973b318 "HTTP/1.1 200 OK"
2026-02-14 22:35:32 KST | INFO | HTTP Request: HEAD https://huggingface.co/datasets/pubmed_qa/resolve/9001f2853fb87cab8d220904e0de81ac6973b318/.huggingface.yaml "HTTP/1.1 307 Temporary Redirect"
2026-02-14 22:35:33 KST | INFO | HTTP Request: HEAD https://huggingface.co/datasets/qiaojin/PubMedQA/resolve/9001f2853fb87cab8d220904e0de81ac6973b318/.huggingface.yaml "HTTP/1.1 404 Not Found"
2026-02-14 22:35:33 KST | INFO | HTTP Request: GET https://datasets-server.huggingface.co/info?dataset=pubmed_qa "HTTP/1.1 404 Not Found"
2026-02-14 22:35:33 KST | INFO | HTTP Request: GET https://huggingface.co/api/datasets/pubmed_qa/tree/9001f2853fb87cab8d220904e0de81ac6973b318/pqa_artificial?recursive=true&expand=false "HTTP/1.1 307 Temporary Redirect"
2026-02-14 22:35:34 KST | INFO | HTTP Request: GET https://huggingface.co/api/datasets/qiaojin/PubMedQA/tree/9001f2853fb87cab8d220904e0de81ac6973b318/pqa_artificial?recursive=true&expand=false "HTTP/1.1 200 OK"
2026-02-14 22:35:34 KST | INFO | HTTP Request: GET https://huggingface.co/api/datasets/pubmed_qa/tree/9001f2853fb87cab8d220904e0de81ac6973b318?recursive=false&expand=false "HTTP/1.1 307 Temporary Redirect"
2026-02-14 22:35:34 KST | INFO | HTTP Request: GET https://huggingface.co/api/datasets/qiaojin/PubMedQA/tree/9001f2853fb87cab8d220904e0de81ac6973b318?recursive=false&expand=false "HTTP/1.1 200 OK"
2026-02-14 22:35:34 KST | INFO | HTTP Request: HEAD https://huggingface.co/datasets/pubmed_qa/resolve/9001f2853fb87cab8d220904e0de81ac6973b318/dataset_infos.json "HTTP/1.1 307 Temporary Redirect"
2026-02-14 22:35:34 KST | INFO | HTTP Request: HEAD https://huggingface.co/datasets/qiaojin/PubMedQA/resolve/9001f2853fb87cab8d220904e0de81ac6973b318/dataset_infos.json "HTTP/1.1 404 Not Found"
2026-02-14 22:35:35 KST | INFO | HTTP Request: GET https://huggingface.co/api/datasets/pubmed_qa/tree/9001f2853fb87cab8d220904e0de81ac6973b318/pqa_labeled?recursive=true&expand=false "HTTP/1.1 307 Temporary Redirect"
2026-02-14 22:35:35 KST | INFO | HTTP Request: GET https://huggingface.co/api/datasets/qiaojin/PubMedQA/tree/9001f2853fb87cab8d220904e0de81ac6973b318/pqa_labeled?recursive=true&expand=false "HTTP/1.1 200 OK"
2026-02-14 22:35:35 KST | INFO | Available splits: ['train']
2026-02-14 22:35:35 KST | INFO | ✓ Loaded from Hugging Face
2026-02-14 22:35:35 KST | INFO |   Total samples:   1,000
2026-02-14 22:35:35 KST | INFO |   Training:        700
2026-02-14 22:35:35 KST | INFO |   Test:            300
2026-02-14 22:35:35 KST | INFO | 
2026-02-14 22:35:35 KST | INFO | --------------------------------------------------------------------------------
2026-02-14 22:35:35 KST | INFO | DATASET PREPARATION
2026-02-14 22:35:35 KST | INFO | --------------------------------------------------------------------------------
2026-02-14 22:35:35 KST | INFO | Training samples:   700
2026-02-14 22:35:35 KST | INFO | Test samples:       300
2026-02-14 22:35:35 KST | INFO | 
2026-02-14 22:35:35 KST | INFO | Training batches:   88
2026-02-14 22:35:35 KST | INFO | Test batches:       38
2026-02-14 22:35:35 KST | INFO | 
2026-02-14 22:35:35 KST | INFO | --------------------------------------------------------------------------------
2026-02-14 22:35:35 KST | INFO | OPTIMIZER & SCHEDULER
2026-02-14 22:35:35 KST | INFO | --------------------------------------------------------------------------------
2026-02-14 22:35:35 KST | INFO | Optimizer:          AdamW (lr=0.000020)
2026-02-14 22:35:35 KST | INFO | Scheduler:          Linear warmup (500 steps / 8800 total)
2026-02-14 22:35:35 KST | INFO | Warmup steps:       500
2026-02-14 22:35:35 KST | INFO | Total steps:        8800
2026-02-14 22:35:35 KST | INFO | 
2026-02-14 22:35:35 KST | INFO | --------------------------------------------------------------------------------
2026-02-14 22:35:35 KST | INFO | TRAINING
2026-02-14 22:35:35 KST | INFO | --------------------------------------------------------------------------------
2026-02-14 22:35:35 KST | INFO | 
2026-02-14 22:35:35 KST | INFO | Epoch 1/100 | LR: 0.000000e+00
2026-02-14 22:36:52 KST | INFO |   Train Loss: 1.0499 | Test Loss: 0.9340 | Test Acc: 55.67%
2026-02-14 22:36:52 KST | INFO |   Per-class F1 scores:
2026-02-14 22:36:52 KST | INFO |     Yes   : 67.36%
2026-02-14 22:36:52 KST | INFO |     No    : 39.53%
2026-02-14 22:36:52 KST | INFO |     Maybe : 14.29%
2026-02-14 22:36:52 KST | INFO |   🏆 New best accuracy: 55.67%
2026-02-14 22:36:52 KST | INFO | 
2026-02-14 22:36:52 KST | INFO | Epoch 2/100 | LR: 3.520000e-06
2026-02-14 22:38:08 KST | INFO |   Train Loss: 0.6764 | Test Loss: 0.5257 | Test Acc: 77.67%
2026-02-14 22:38:08 KST | INFO |   Per-class F1 scores:
2026-02-14 22:38:08 KST | INFO |     Yes   : 83.48%
2026-02-14 22:38:08 KST | INFO |     No    : 78.70%
2026-02-14 22:38:08 KST | INFO |     Maybe : 20.51%
2026-02-14 22:38:08 KST | INFO |   🏆 New best accuracy: 77.67%
2026-02-14 22:38:08 KST | INFO | 
2026-02-14 22:38:08 KST | INFO | Epoch 3/100 | LR: 7.040000e-06
2026-02-14 22:39:24 KST | INFO |   Train Loss: 0.3360 | Test Loss: 0.4441 | Test Acc: 81.33%
2026-02-14 22:39:24 KST | INFO |   Per-class F1 scores:
2026-02-14 22:39:24 KST | INFO |     Yes   : 86.14%
2026-02-14 22:39:24 KST | INFO |     No    : 82.51%
2026-02-14 22:39:24 KST | INFO |     Maybe : 40.00%
2026-02-14 22:39:24 KST | INFO |   🏆 New best accuracy: 81.33%
2026-02-14 22:39:24 KST | INFO | 
2026-02-14 22:39:24 KST | INFO | Epoch 4/100 | LR: 1.056000e-05
2026-02-14 22:40:41 KST | INFO |   Train Loss: 0.2311 | Test Loss: 1.1596 | Test Acc: 71.33%
2026-02-14 22:40:41 KST | INFO |   Per-class F1 scores:
2026-02-14 22:40:41 KST | INFO |     Yes   : 78.37%
2026-02-14 22:40:41 KST | INFO |     No    : 67.46%
2026-02-14 22:40:41 KST | INFO |     Maybe : 15.79%
2026-02-14 22:40:41 KST | INFO |   No improvement (1/10)
2026-02-14 22:40:41 KST | INFO | 
2026-02-14 22:40:41 KST | INFO | Epoch 5/100 | LR: 1.408000e-05
2026-02-14 22:41:57 KST | INFO |   Train Loss: 0.0729 | Test Loss: 0.6385 | Test Acc: 79.67%
2026-02-14 22:41:57 KST | INFO |   Per-class F1 scores:
2026-02-14 22:41:57 KST | INFO |     Yes   : 83.73%
2026-02-14 22:41:57 KST | INFO |     No    : 79.21%
2026-02-14 22:41:57 KST | INFO |     Maybe : 60.61%
2026-02-14 22:41:57 KST | INFO |   No improvement (2/10)
2026-02-14 22:41:57 KST | INFO | 
2026-02-14 22:41:57 KST | INFO | Epoch 6/100 | LR: 1.760000e-05
2026-02-14 22:43:14 KST | INFO |   Train Loss: 0.0450 | Test Loss: 0.8686 | Test Acc: 77.67%
2026-02-14 22:43:14 KST | INFO |   Per-class F1 scores:
2026-02-14 22:43:14 KST | INFO |     Yes   : 83.19%
2026-02-14 22:43:14 KST | INFO |     No    : 76.68%
2026-02-14 22:43:14 KST | INFO |     Maybe : 46.43%
2026-02-14 22:43:14 KST | INFO |   No improvement (3/10)
2026-02-14 22:43:14 KST | INFO | 
2026-02-14 22:43:14 KST | INFO | Epoch 7/100 | LR: 1.993253e-05
2026-02-14 22:44:30 KST | INFO |   Train Loss: 0.0042 | Test Loss: 1.1118 | Test Acc: 77.33%
2026-02-14 22:44:30 KST | INFO |   Per-class F1 scores:
2026-02-14 22:44:30 KST | INFO |     Yes   : 83.52%
2026-02-14 22:44:30 KST | INFO |     No    : 75.65%
2026-02-14 22:44:30 KST | INFO |     Maybe : 32.56%
2026-02-14 22:44:30 KST | INFO |   No improvement (4/10)
2026-02-14 22:44:30 KST | INFO | 
2026-02-14 22:44:30 KST | INFO | Epoch 8/100 | LR: 1.972048e-05
2026-02-14 22:45:47 KST | INFO |   Train Loss: 0.0018 | Test Loss: 1.0624 | Test Acc: 77.67%
2026-02-14 22:45:47 KST | INFO |   Per-class F1 scores:
2026-02-14 22:45:47 KST | INFO |     Yes   : 83.33%
2026-02-14 22:45:47 KST | INFO |     No    : 77.57%
2026-02-14 22:45:47 KST | INFO |     Maybe : 40.00%
2026-02-14 22:45:47 KST | INFO |   No improvement (5/10)
2026-02-14 22:45:47 KST | INFO | 
2026-02-14 22:45:47 KST | INFO | Epoch 9/100 | LR: 1.950843e-05
2026-02-14 22:47:03 KST | INFO |   Train Loss: 0.0010 | Test Loss: 1.5300 | Test Acc: 74.00%
2026-02-14 22:47:03 KST | INFO |   Per-class F1 scores:
2026-02-14 22:47:03 KST | INFO |     Yes   : 80.97%
2026-02-14 22:47:03 KST | INFO |     No    : 69.89%
2026-02-14 22:47:03 KST | INFO |     Maybe : 29.27%
2026-02-14 22:47:03 KST | INFO |   No improvement (6/10)
2026-02-14 22:47:03 KST | INFO | 
2026-02-14 22:47:03 KST | INFO | Epoch 10/100 | LR: 1.929639e-05
2026-02-14 22:48:20 KST | INFO |   Train Loss: 0.0001 | Test Loss: 1.2126 | Test Acc: 78.00%
2026-02-14 22:48:20 KST | INFO |   Per-class F1 scores:
2026-02-14 22:48:20 KST | INFO |     Yes   : 83.47%
2026-02-14 22:48:20 KST | INFO |     No    : 76.53%
2026-02-14 22:48:20 KST | INFO |     Maybe : 42.55%
2026-02-14 22:48:20 KST | INFO |   No improvement (7/10)
2026-02-14 22:48:20 KST | INFO | 
2026-02-14 22:48:20 KST | INFO | Epoch 11/100 | LR: 1.908434e-05
2026-02-14 22:49:36 KST | INFO |   Train Loss: 0.0000 | Test Loss: 1.1877 | Test Acc: 79.33%
2026-02-14 22:49:36 KST | INFO |   Per-class F1 scores:
2026-02-14 22:49:36 KST | INFO |     Yes   : 84.33%
2026-02-14 22:49:36 KST | INFO |     No    : 79.21%
2026-02-14 22:49:36 KST | INFO |     Maybe : 42.55%
2026-02-14 22:49:36 KST | INFO |   No improvement (8/10)
2026-02-14 22:49:36 KST | INFO | 
2026-02-14 22:49:36 KST | INFO | Epoch 12/100 | LR: 1.887229e-05
2026-02-14 22:50:52 KST | INFO |   Train Loss: 0.0000 | Test Loss: 1.2128 | Test Acc: 79.33%
2026-02-14 22:50:52 KST | INFO |   Per-class F1 scores:
2026-02-14 22:50:52 KST | INFO |     Yes   : 84.33%
2026-02-14 22:50:52 KST | INFO |     No    : 79.21%
2026-02-14 22:50:52 KST | INFO |     Maybe : 42.55%
2026-02-14 22:50:52 KST | INFO |   No improvement (9/10)
2026-02-14 22:50:52 KST | INFO | 
2026-02-14 22:50:52 KST | INFO | Epoch 13/100 | LR: 1.866024e-05
2026-02-14 22:52:09 KST | INFO |   Train Loss: 0.0000 | Test Loss: 1.2496 | Test Acc: 78.33%
2026-02-14 22:52:09 KST | INFO |   Per-class F1 scores:
2026-02-14 22:52:09 KST | INFO |     Yes   : 83.62%
2026-02-14 22:52:09 KST | INFO |     No    : 77.39%
2026-02-14 22:52:09 KST | INFO |     Maybe : 42.55%
2026-02-14 22:52:09 KST | INFO |   No improvement (10/10)
2026-02-14 22:52:09 KST | INFO | 
2026-02-14 22:52:09 KST | INFO | Early stopping after 10 epochs without improvement
2026-02-14 22:52:09 KST | INFO | 
2026-02-14 22:52:09 KST | INFO | ================================================================================
2026-02-14 22:52:09 KST | INFO | TRAINING COMPLETE
2026-02-14 22:52:09 KST | INFO | ================================================================================
2026-02-14 22:52:09 KST | INFO | Best accuracy:  81.33% (Epoch 3)
2026-02-14 22:52:09 KST | INFO | Final accuracy: 78.33%
2026-02-14 22:52:09 KST | INFO | ================================================================================
2026-02-14 22:52:09 KST | INFO | 
2026-02-14 22:52:09 KST | INFO | Best test accuracy: 81.33%
2026-02-14 22:52:09 KST | INFO | 
2026-02-14 22:52:09 KST | INFO | Full log: logs/centralized_biogpt_20260214_223524.log
2026-02-14 22:52:09 KST | INFO | ================================================================================
