2026-02-14 21:40:57 KST | INFO | ================================================================================
2026-02-14 21:40:57 KST | INFO | BioGPT Fine-tuning on PubMedQA
2026-02-14 21:40:57 KST | INFO | ================================================================================
2026-02-14 21:40:57 KST | INFO | Log file: logs/centralized_biogpt_20260214_214057.log
2026-02-14 21:40:57 KST | INFO | 
2026-02-14 21:40:57 KST | INFO | Device: cuda
2026-02-14 21:40:57 KST | INFO | 
2026-02-14 21:40:57 KST | INFO | --------------------------------------------------------------------------------
2026-02-14 21:40:57 KST | INFO | CONFIGURATION
2026-02-14 21:40:57 KST | INFO | --------------------------------------------------------------------------------
2026-02-14 21:40:57 KST | INFO | Model:              BioGPT (microsoft/biogpt)
2026-02-14 21:40:57 KST | INFO | Training mode:      Full fine-tuning
2026-02-14 21:40:57 KST | INFO | Epochs:             100
2026-02-14 21:40:57 KST | INFO | Patience:           10
2026-02-14 21:40:57 KST | INFO | Batch size:         8
2026-02-14 21:40:57 KST | INFO | Learning rate:      0.000020
2026-02-14 21:40:57 KST | INFO | Max length:         512
2026-02-14 21:40:57 KST | INFO | Gradient clip:      1.0
2026-02-14 21:40:57 KST | INFO | 
2026-02-14 21:40:57 KST | INFO | --------------------------------------------------------------------------------
2026-02-14 21:40:57 KST | INFO | MODEL LOADING
2026-02-14 21:40:57 KST | INFO | --------------------------------------------------------------------------------
2026-02-14 21:40:57 KST | INFO | HTTP Request: HEAD https://huggingface.co/microsoft/biogpt/resolve/main/tokenizer_config.json "HTTP/1.1 404 Not Found"
2026-02-14 21:40:58 KST | INFO | HTTP Request: GET https://huggingface.co/api/models/microsoft/biogpt/tree/main/additional_chat_templates?recursive=false&expand=false "HTTP/1.1 404 Not Found"
2026-02-14 21:40:58 KST | INFO | HTTP Request: GET https://huggingface.co/api/models/microsoft/biogpt/tree/main?recursive=true&expand=false "HTTP/1.1 200 OK"
2026-02-14 21:40:58 KST | INFO | HTTP Request: HEAD https://huggingface.co/microsoft/biogpt/resolve/main/vocab.json "HTTP/1.1 307 Temporary Redirect"
2026-02-14 21:40:58 KST | INFO | HTTP Request: HEAD https://huggingface.co/api/resolve-cache/models/microsoft/biogpt/eb0d815e95434dc9e3b78f464e52b899bee7d923/vocab.json "HTTP/1.1 200 OK"
2026-02-14 21:40:59 KST | INFO | Loading microsoft/biogpt …
2026-02-14 21:40:59 KST | INFO | HTTP Request: HEAD https://huggingface.co/microsoft/biogpt/resolve/main/config.json "HTTP/1.1 307 Temporary Redirect"
2026-02-14 21:40:59 KST | INFO | HTTP Request: HEAD https://huggingface.co/api/resolve-cache/models/microsoft/biogpt/eb0d815e95434dc9e3b78f464e52b899bee7d923/config.json "HTTP/1.1 200 OK"
2026-02-14 21:40:59 KST | INFO | HTTP Request: HEAD https://huggingface.co/microsoft/biogpt/resolve/main/config.json "HTTP/1.1 307 Temporary Redirect"
2026-02-14 21:40:59 KST | WARNING | Warning: You are sending unauthenticated requests to the HF Hub. Please set a HF_TOKEN to enable higher rate limits and faster downloads.
2026-02-14 21:40:59 KST | INFO | HTTP Request: HEAD https://huggingface.co/api/resolve-cache/models/microsoft/biogpt/eb0d815e95434dc9e3b78f464e52b899bee7d923/config.json "HTTP/1.1 200 OK"
2026-02-14 21:41:00 KST | INFO | HTTP Request: HEAD https://huggingface.co/microsoft/biogpt/resolve/main/model.safetensors "HTTP/1.1 404 Not Found"
2026-02-14 21:41:00 KST | INFO | HTTP Request: HEAD https://huggingface.co/microsoft/biogpt/resolve/main/model.safetensors.index.json "HTTP/1.1 404 Not Found"
2026-02-14 21:41:00 KST | INFO | HTTP Request: HEAD https://huggingface.co/microsoft/biogpt/resolve/main/pytorch_model.bin "HTTP/1.1 302 Found"
2026-02-14 21:41:00 KST | INFO | HTTP Request: HEAD https://huggingface.co/microsoft/biogpt/resolve/main/model.safetensors "HTTP/1.1 404 Not Found"
2026-02-14 21:41:00 KST | INFO | HTTP Request: GET https://huggingface.co/api/models/microsoft/biogpt "HTTP/1.1 200 OK"
2026-02-14 21:41:01 KST | INFO | HTTP Request: GET https://huggingface.co/api/models/microsoft/biogpt/commits/main "HTTP/1.1 200 OK"
2026-02-14 21:41:01 KST | INFO | HTTP Request: GET https://huggingface.co/api/models/microsoft/biogpt/discussions?p=0 "HTTP/1.1 200 OK"
2026-02-14 21:41:01 KST | INFO | HTTP Request: GET https://huggingface.co/api/models/microsoft/biogpt/commits/refs%2Fpr%2F17 "HTTP/1.1 200 OK"
2026-02-14 21:41:01 KST | INFO | HTTP Request: HEAD https://huggingface.co/microsoft/biogpt/resolve/refs%2Fpr%2F17/model.safetensors.index.json "HTTP/1.1 404 Not Found"
2026-02-14 21:41:02 KST | INFO | HTTP Request: HEAD https://huggingface.co/microsoft/biogpt/resolve/refs%2Fpr%2F17/model.safetensors "HTTP/1.1 302 Found"
2026-02-14 21:41:02 KST | INFO | HTTP Request: HEAD https://huggingface.co/microsoft/biogpt/resolve/main/generation_config.json "HTTP/1.1 404 Not Found"
2026-02-14 21:41:02 KST | INFO | HTTP Request: HEAD https://huggingface.co/microsoft/biogpt/resolve/main/config.json "HTTP/1.1 307 Temporary Redirect"
2026-02-14 21:41:02 KST | INFO | HTTP Request: HEAD https://huggingface.co/api/resolve-cache/models/microsoft/biogpt/eb0d815e95434dc9e3b78f464e52b899bee7d923/config.json "HTTP/1.1 200 OK"
2026-02-14 21:41:02 KST | INFO | Full fine-tuning: 346,766,339 parameters
2026-02-14 21:41:03 KST | INFO | ✓ BioGPTClassifier ready on cuda
2026-02-14 21:41:03 KST | INFO | 
2026-02-14 21:41:03 KST | INFO | --------------------------------------------------------------------------------
2026-02-14 21:41:03 KST | INFO | DATA LOADING
2026-02-14 21:41:03 KST | INFO | --------------------------------------------------------------------------------
2026-02-14 21:41:04 KST | INFO | Attempting to load from Hugging Face...
2026-02-14 21:41:04 KST | INFO | HTTP Request: HEAD https://huggingface.co/datasets/pubmed_qa/resolve/main/README.md "HTTP/1.1 307 Temporary Redirect"
2026-02-14 21:41:04 KST | INFO | HTTP Request: HEAD https://huggingface.co/datasets/qiaojin/PubMedQA/resolve/main/README.md "HTTP/1.1 307 Temporary Redirect"
2026-02-14 21:41:04 KST | INFO | HTTP Request: HEAD https://huggingface.co/api/resolve-cache/datasets/qiaojin/PubMedQA/9001f2853fb87cab8d220904e0de81ac6973b318/README.md "HTTP/1.1 200 OK"
2026-02-14 21:41:04 KST | INFO | HTTP Request: HEAD https://huggingface.co/datasets/pubmed_qa/resolve/9001f2853fb87cab8d220904e0de81ac6973b318/pubmed_qa.py "HTTP/1.1 307 Temporary Redirect"
2026-02-14 21:41:04 KST | INFO | HTTP Request: HEAD https://huggingface.co/datasets/qiaojin/PubMedQA/resolve/9001f2853fb87cab8d220904e0de81ac6973b318/pubmed_qa.py "HTTP/1.1 404 Not Found"
2026-02-14 21:41:05 KST | INFO | HTTP Request: HEAD https://s3.amazonaws.com/datasets.huggingface.co/datasets/datasets/pubmed_qa/pubmed_qa.py "HTTP/1.1 404 Not Found"
2026-02-14 21:41:05 KST | INFO | HTTP Request: GET https://huggingface.co/api/datasets/pubmed_qa/revision/9001f2853fb87cab8d220904e0de81ac6973b318 "HTTP/1.1 307 Temporary Redirect"
2026-02-14 21:41:05 KST | INFO | HTTP Request: GET https://huggingface.co/api/datasets/qiaojin/PubMedQA/revision/9001f2853fb87cab8d220904e0de81ac6973b318 "HTTP/1.1 200 OK"
2026-02-14 21:41:06 KST | INFO | HTTP Request: HEAD https://huggingface.co/datasets/pubmed_qa/resolve/9001f2853fb87cab8d220904e0de81ac6973b318/.huggingface.yaml "HTTP/1.1 307 Temporary Redirect"
2026-02-14 21:41:06 KST | INFO | HTTP Request: HEAD https://huggingface.co/datasets/qiaojin/PubMedQA/resolve/9001f2853fb87cab8d220904e0de81ac6973b318/.huggingface.yaml "HTTP/1.1 404 Not Found"
2026-02-14 21:41:06 KST | INFO | HTTP Request: GET https://datasets-server.huggingface.co/info?dataset=pubmed_qa "HTTP/1.1 404 Not Found"
2026-02-14 21:41:06 KST | INFO | HTTP Request: GET https://huggingface.co/api/datasets/pubmed_qa/tree/9001f2853fb87cab8d220904e0de81ac6973b318/pqa_artificial?recursive=true&expand=false "HTTP/1.1 307 Temporary Redirect"
2026-02-14 21:41:07 KST | INFO | HTTP Request: GET https://huggingface.co/api/datasets/qiaojin/PubMedQA/tree/9001f2853fb87cab8d220904e0de81ac6973b318/pqa_artificial?recursive=true&expand=false "HTTP/1.1 200 OK"
2026-02-14 21:41:07 KST | INFO | HTTP Request: GET https://huggingface.co/api/datasets/pubmed_qa/tree/9001f2853fb87cab8d220904e0de81ac6973b318?recursive=false&expand=false "HTTP/1.1 307 Temporary Redirect"
2026-02-14 21:41:07 KST | INFO | HTTP Request: GET https://huggingface.co/api/datasets/qiaojin/PubMedQA/tree/9001f2853fb87cab8d220904e0de81ac6973b318?recursive=false&expand=false "HTTP/1.1 200 OK"
2026-02-14 21:41:07 KST | INFO | HTTP Request: HEAD https://huggingface.co/datasets/pubmed_qa/resolve/9001f2853fb87cab8d220904e0de81ac6973b318/dataset_infos.json "HTTP/1.1 307 Temporary Redirect"
2026-02-14 21:41:07 KST | INFO | HTTP Request: HEAD https://huggingface.co/datasets/qiaojin/PubMedQA/resolve/9001f2853fb87cab8d220904e0de81ac6973b318/dataset_infos.json "HTTP/1.1 404 Not Found"
2026-02-14 21:41:08 KST | INFO | HTTP Request: GET https://huggingface.co/api/datasets/pubmed_qa/tree/9001f2853fb87cab8d220904e0de81ac6973b318/pqa_labeled?recursive=true&expand=false "HTTP/1.1 307 Temporary Redirect"
2026-02-14 21:41:08 KST | INFO | HTTP Request: GET https://huggingface.co/api/datasets/qiaojin/PubMedQA/tree/9001f2853fb87cab8d220904e0de81ac6973b318/pqa_labeled?recursive=true&expand=false "HTTP/1.1 200 OK"
2026-02-14 21:41:08 KST | INFO | Available splits: ['train']
2026-02-14 21:41:08 KST | INFO | ✓ Loaded from Hugging Face
2026-02-14 21:41:08 KST | INFO |   Total samples:   1,000
2026-02-14 21:41:08 KST | INFO |   Training:        700
2026-02-14 21:41:08 KST | INFO |   Test:            300
2026-02-14 21:41:08 KST | INFO | 
2026-02-14 21:41:08 KST | INFO | --------------------------------------------------------------------------------
2026-02-14 21:41:08 KST | INFO | DATASET PREPARATION
2026-02-14 21:41:08 KST | INFO | --------------------------------------------------------------------------------
2026-02-14 21:41:08 KST | INFO | Training samples:   700
2026-02-14 21:41:08 KST | INFO | Test samples:       300
2026-02-14 21:41:08 KST | INFO | 
2026-02-14 21:41:08 KST | INFO | Training batches:   88
2026-02-14 21:41:08 KST | INFO | Test batches:       38
2026-02-14 21:41:08 KST | INFO | 
2026-02-14 21:41:08 KST | INFO | --------------------------------------------------------------------------------
2026-02-14 21:41:08 KST | INFO | OPTIMIZER & SCHEDULER
2026-02-14 21:41:08 KST | INFO | --------------------------------------------------------------------------------
2026-02-14 21:41:08 KST | INFO | Optimizer:          AdamW (lr=0.000020)
2026-02-14 21:41:08 KST | INFO | Scheduler:          Linear warmup (500 steps / 8800 total)
2026-02-14 21:41:08 KST | INFO | Warmup steps:       500
2026-02-14 21:41:08 KST | INFO | Total steps:        8800
2026-02-14 21:41:08 KST | INFO | 
2026-02-14 21:41:08 KST | INFO | --------------------------------------------------------------------------------
2026-02-14 21:41:08 KST | INFO | TRAINING
2026-02-14 21:41:08 KST | INFO | --------------------------------------------------------------------------------
2026-02-14 21:41:08 KST | INFO | 
2026-02-14 21:41:08 KST | INFO | Epoch 1/100 | LR: 0.000000e+00
2026-02-14 21:42:25 KST | INFO |   Train Loss: 1.0172 | Test Loss: 0.9404 | Test Acc: 54.33%
2026-02-14 21:42:25 KST | INFO |   Per-class F1 scores:
2026-02-14 21:42:25 KST | INFO |     Yes   : 60.26%
2026-02-14 21:42:25 KST | INFO |     No    : 54.75%
2026-02-14 21:42:25 KST | INFO |     Maybe :  0.00%
2026-02-14 21:42:25 KST | INFO |   🏆 New best accuracy: 54.33%
2026-02-14 21:42:25 KST | INFO | 
2026-02-14 21:42:25 KST | INFO | Epoch 2/100 | LR: 3.520000e-06
2026-02-14 21:43:41 KST | INFO |   Train Loss: 0.6728 | Test Loss: 0.4830 | Test Acc: 77.33%
2026-02-14 21:43:41 KST | INFO |   Per-class F1 scores:
2026-02-14 21:43:41 KST | INFO |     Yes   : 82.29%
2026-02-14 21:43:41 KST | INFO |     No    : 75.27%
2026-02-14 21:43:41 KST | INFO |     Maybe : 46.81%
2026-02-14 21:43:41 KST | INFO |   🏆 New best accuracy: 77.33%
2026-02-14 21:43:41 KST | INFO | 
2026-02-14 21:43:41 KST | INFO | Epoch 3/100 | LR: 7.040000e-06
2026-02-14 21:44:57 KST | INFO |   Train Loss: 0.3275 | Test Loss: 0.4803 | Test Acc: 80.67%
2026-02-14 21:44:57 KST | INFO |   Per-class F1 scores:
2026-02-14 21:44:57 KST | INFO |     Yes   : 83.77%
2026-02-14 21:44:57 KST | INFO |     No    : 82.85%
2026-02-14 21:44:57 KST | INFO |     Maybe : 52.83%
2026-02-14 21:44:57 KST | INFO |   🏆 New best accuracy: 80.67%
2026-02-14 21:44:57 KST | INFO | 
2026-02-14 21:44:57 KST | INFO | Epoch 4/100 | LR: 1.056000e-05
2026-02-14 21:46:14 KST | INFO |   Train Loss: 0.2234 | Test Loss: 0.6753 | Test Acc: 77.67%
2026-02-14 21:46:14 KST | INFO |   Per-class F1 scores:
2026-02-14 21:46:14 KST | INFO |     Yes   : 82.42%
2026-02-14 21:46:14 KST | INFO |     No    : 75.94%
2026-02-14 21:46:14 KST | INFO |     Maybe : 48.98%
2026-02-14 21:46:14 KST | INFO |   No improvement (1/10)
2026-02-14 21:46:14 KST | INFO | 
2026-02-14 21:46:14 KST | INFO | Epoch 5/100 | LR: 1.408000e-05
2026-02-14 21:47:30 KST | INFO |   Train Loss: 0.0850 | Test Loss: 1.0618 | Test Acc: 74.33%
2026-02-14 21:47:30 KST | INFO |   Per-class F1 scores:
2026-02-14 21:47:30 KST | INFO |     Yes   : 81.07%
2026-02-14 21:47:30 KST | INFO |     No    : 70.06%
2026-02-14 21:47:30 KST | INFO |     Maybe : 37.50%
2026-02-14 21:47:30 KST | INFO |   No improvement (2/10)
2026-02-14 21:47:30 KST | INFO | 
2026-02-14 21:47:30 KST | INFO | Epoch 6/100 | LR: 1.760000e-05
2026-02-14 21:48:46 KST | INFO |   Train Loss: 0.0405 | Test Loss: 0.6134 | Test Acc: 79.00%
2026-02-14 21:48:46 KST | INFO |   Per-class F1 scores:
2026-02-14 21:48:46 KST | INFO |     Yes   : 82.97%
2026-02-14 21:48:46 KST | INFO |     No    : 78.90%
2026-02-14 21:48:46 KST | INFO |     Maybe : 57.63%
2026-02-14 21:48:46 KST | INFO |   No improvement (3/10)
2026-02-14 21:48:46 KST | INFO | 
2026-02-14 21:48:46 KST | INFO | Epoch 7/100 | LR: 1.993253e-05
2026-02-14 21:50:02 KST | INFO |   Train Loss: 0.0081 | Test Loss: 0.8551 | Test Acc: 78.33%
2026-02-14 21:50:02 KST | INFO |   Per-class F1 scores:
2026-02-14 21:50:02 KST | INFO |     Yes   : 84.09%
2026-02-14 21:50:02 KST | INFO |     No    : 78.00%
2026-02-14 21:50:02 KST | INFO |     Maybe : 37.50%
2026-02-14 21:50:02 KST | INFO |   No improvement (4/10)
2026-02-14 21:50:02 KST | INFO | 
2026-02-14 21:50:02 KST | INFO | Epoch 8/100 | LR: 1.972048e-05
2026-02-14 21:51:18 KST | INFO |   Train Loss: 0.0061 | Test Loss: 1.0420 | Test Acc: 79.33%
2026-02-14 21:51:18 KST | INFO |   Per-class F1 scores:
2026-02-14 21:51:18 KST | INFO |     Yes   : 85.22%
2026-02-14 21:51:18 KST | INFO |     No    : 80.19%
2026-02-14 21:51:18 KST | INFO |     Maybe : 27.91%
2026-02-14 21:51:18 KST | INFO |   No improvement (5/10)
2026-02-14 21:51:18 KST | INFO | 
2026-02-14 21:51:18 KST | INFO | Epoch 9/100 | LR: 1.950843e-05
2026-02-14 21:52:35 KST | INFO |   Train Loss: 0.0008 | Test Loss: 1.1529 | Test Acc: 78.00%
2026-02-14 21:52:35 KST | INFO |   Per-class F1 scores:
2026-02-14 21:52:35 KST | INFO |     Yes   : 83.52%
2026-02-14 21:52:35 KST | INFO |     No    : 75.68%
2026-02-14 21:52:35 KST | INFO |     Maybe : 47.06%
2026-02-14 21:52:35 KST | INFO |   No improvement (6/10)
2026-02-14 21:52:35 KST | INFO | 
2026-02-14 21:52:35 KST | INFO | Epoch 10/100 | LR: 1.929639e-05
2026-02-14 21:53:51 KST | INFO |   Train Loss: 0.0002 | Test Loss: 0.8111 | Test Acc: 79.67%
2026-02-14 21:53:51 KST | INFO |   Per-class F1 scores:
2026-02-14 21:53:51 KST | INFO |     Yes   : 84.97%
2026-02-14 21:53:51 KST | INFO |     No    : 79.61%
2026-02-14 21:53:51 KST | INFO |     Maybe : 41.67%
2026-02-14 21:53:51 KST | INFO |   No improvement (7/10)
2026-02-14 21:53:51 KST | INFO | 
2026-02-14 21:53:51 KST | INFO | Epoch 11/100 | LR: 1.908434e-05
2026-02-14 21:55:07 KST | INFO |   Train Loss: 0.0005 | Test Loss: 0.8283 | Test Acc: 78.00%
2026-02-14 21:55:07 KST | INFO |   Per-class F1 scores:
2026-02-14 21:55:07 KST | INFO |     Yes   : 83.48%
2026-02-14 21:55:07 KST | INFO |     No    : 77.98%
2026-02-14 21:55:07 KST | INFO |     Maybe : 40.82%
2026-02-14 21:55:07 KST | INFO |   No improvement (8/10)
2026-02-14 21:55:07 KST | INFO | 
2026-02-14 21:55:07 KST | INFO | Epoch 12/100 | LR: 1.887229e-05
2026-02-14 21:56:23 KST | INFO |   Train Loss: 0.0000 | Test Loss: 0.9950 | Test Acc: 78.67%
2026-02-14 21:56:23 KST | INFO |   Per-class F1 scores:
2026-02-14 21:56:23 KST | INFO |     Yes   : 84.27%
2026-02-14 21:56:23 KST | INFO |     No    : 78.17%
2026-02-14 21:56:23 KST | INFO |     Maybe : 38.30%
2026-02-14 21:56:23 KST | INFO |   No improvement (9/10)
2026-02-14 21:56:23 KST | INFO | 
2026-02-14 21:56:23 KST | INFO | Epoch 13/100 | LR: 1.866024e-05
2026-02-14 21:57:40 KST | INFO |   Train Loss: 0.0000 | Test Loss: 0.9526 | Test Acc: 78.67%
2026-02-14 21:57:40 KST | INFO |   Per-class F1 scores:
2026-02-14 21:57:40 KST | INFO |     Yes   : 84.42%
2026-02-14 21:57:40 KST | INFO |     No    : 78.39%
2026-02-14 21:57:40 KST | INFO |     Maybe : 37.50%
2026-02-14 21:57:40 KST | INFO |   No improvement (10/10)
2026-02-14 21:57:40 KST | INFO | 
2026-02-14 21:57:40 KST | INFO | Early stopping after 10 epochs without improvement
2026-02-14 21:57:40 KST | INFO | 
2026-02-14 21:57:40 KST | INFO | ================================================================================
2026-02-14 21:57:40 KST | INFO | TRAINING COMPLETE
2026-02-14 21:57:40 KST | INFO | ================================================================================
2026-02-14 21:57:40 KST | INFO | Best accuracy:  80.67% (Epoch 3)
2026-02-14 21:57:40 KST | INFO | Final accuracy: 78.67%
2026-02-14 21:57:40 KST | INFO | ================================================================================
2026-02-14 21:57:40 KST | INFO | 
2026-02-14 21:57:40 KST | INFO | Best test accuracy: 80.67%
2026-02-14 21:57:40 KST | INFO | 
2026-02-14 21:57:40 KST | INFO | Full log: logs/centralized_biogpt_20260214_214057.log
2026-02-14 21:57:40 KST | INFO | ================================================================================
