2026-02-14 21:25:20 KST | INFO | ================================================================================
2026-02-14 21:25:20 KST | INFO | BioGPT Fine-tuning on PubMedQA
2026-02-14 21:25:20 KST | INFO | ================================================================================
2026-02-14 21:25:20 KST | INFO | Log file: logs/centralized_biogpt_20260214_212520.log
2026-02-14 21:25:20 KST | INFO | 
2026-02-14 21:25:20 KST | INFO | Device: cuda
2026-02-14 21:25:20 KST | INFO | 
2026-02-14 21:25:20 KST | INFO | --------------------------------------------------------------------------------
2026-02-14 21:25:20 KST | INFO | CONFIGURATION
2026-02-14 21:25:20 KST | INFO | --------------------------------------------------------------------------------
2026-02-14 21:25:20 KST | INFO | Model:              BioGPT (microsoft/biogpt)
2026-02-14 21:25:20 KST | INFO | Training mode:      Full fine-tuning
2026-02-14 21:25:20 KST | INFO | Epochs:             100
2026-02-14 21:25:20 KST | INFO | Patience:           10
2026-02-14 21:25:20 KST | INFO | Batch size:         8
2026-02-14 21:25:20 KST | INFO | Learning rate:      0.000020
2026-02-14 21:25:20 KST | INFO | Max length:         512
2026-02-14 21:25:20 KST | INFO | Gradient clip:      1.0
2026-02-14 21:25:20 KST | INFO | 
2026-02-14 21:25:20 KST | INFO | --------------------------------------------------------------------------------
2026-02-14 21:25:20 KST | INFO | MODEL LOADING
2026-02-14 21:25:20 KST | INFO | --------------------------------------------------------------------------------
2026-02-14 21:25:21 KST | INFO | HTTP Request: HEAD https://huggingface.co/microsoft/biogpt/resolve/main/tokenizer_config.json "HTTP/1.1 404 Not Found"
2026-02-14 21:25:21 KST | WARNING | Warning: You are sending unauthenticated requests to the HF Hub. Please set a HF_TOKEN to enable higher rate limits and faster downloads.
2026-02-14 21:25:21 KST | INFO | HTTP Request: GET https://huggingface.co/api/models/microsoft/biogpt/tree/main/additional_chat_templates?recursive=false&expand=false "HTTP/1.1 404 Not Found"
2026-02-14 21:25:21 KST | INFO | HTTP Request: GET https://huggingface.co/api/models/microsoft/biogpt/tree/main?recursive=true&expand=false "HTTP/1.1 200 OK"
2026-02-14 21:25:21 KST | INFO | HTTP Request: HEAD https://huggingface.co/microsoft/biogpt/resolve/main/vocab.json "HTTP/1.1 307 Temporary Redirect"
2026-02-14 21:25:21 KST | INFO | HTTP Request: HEAD https://huggingface.co/api/resolve-cache/models/microsoft/biogpt/eb0d815e95434dc9e3b78f464e52b899bee7d923/vocab.json "HTTP/1.1 200 OK"
2026-02-14 21:25:22 KST | INFO | Loading microsoft/biogpt …
2026-02-14 21:25:22 KST | INFO | HTTP Request: HEAD https://huggingface.co/microsoft/biogpt/resolve/main/config.json "HTTP/1.1 307 Temporary Redirect"
2026-02-14 21:25:22 KST | INFO | HTTP Request: HEAD https://huggingface.co/api/resolve-cache/models/microsoft/biogpt/eb0d815e95434dc9e3b78f464e52b899bee7d923/config.json "HTTP/1.1 200 OK"
2026-02-14 21:25:23 KST | INFO | HTTP Request: HEAD https://huggingface.co/microsoft/biogpt/resolve/main/config.json "HTTP/1.1 307 Temporary Redirect"
2026-02-14 21:25:23 KST | INFO | HTTP Request: HEAD https://huggingface.co/api/resolve-cache/models/microsoft/biogpt/eb0d815e95434dc9e3b78f464e52b899bee7d923/config.json "HTTP/1.1 200 OK"
2026-02-14 21:25:23 KST | INFO | HTTP Request: HEAD https://huggingface.co/microsoft/biogpt/resolve/main/model.safetensors "HTTP/1.1 404 Not Found"
2026-02-14 21:25:23 KST | INFO | HTTP Request: HEAD https://huggingface.co/microsoft/biogpt/resolve/main/model.safetensors.index.json "HTTP/1.1 404 Not Found"
2026-02-14 21:25:23 KST | INFO | HTTP Request: HEAD https://huggingface.co/microsoft/biogpt/resolve/main/pytorch_model.bin "HTTP/1.1 302 Found"
2026-02-14 21:25:23 KST | INFO | HTTP Request: HEAD https://huggingface.co/microsoft/biogpt/resolve/main/model.safetensors "HTTP/1.1 404 Not Found"
2026-02-14 21:25:24 KST | INFO | HTTP Request: GET https://huggingface.co/api/models/microsoft/biogpt "HTTP/1.1 200 OK"
2026-02-14 21:25:24 KST | INFO | HTTP Request: GET https://huggingface.co/api/models/microsoft/biogpt/commits/main "HTTP/1.1 200 OK"
2026-02-14 21:25:24 KST | INFO | HTTP Request: GET https://huggingface.co/api/models/microsoft/biogpt/discussions?p=0 "HTTP/1.1 200 OK"
2026-02-14 21:25:24 KST | INFO | HTTP Request: GET https://huggingface.co/api/models/microsoft/biogpt/commits/refs%2Fpr%2F17 "HTTP/1.1 200 OK"
2026-02-14 21:25:25 KST | INFO | HTTP Request: HEAD https://huggingface.co/microsoft/biogpt/resolve/refs%2Fpr%2F17/model.safetensors.index.json "HTTP/1.1 404 Not Found"
2026-02-14 21:25:25 KST | INFO | HTTP Request: HEAD https://huggingface.co/microsoft/biogpt/resolve/refs%2Fpr%2F17/model.safetensors "HTTP/1.1 302 Found"
2026-02-14 21:25:25 KST | INFO | HTTP Request: HEAD https://huggingface.co/microsoft/biogpt/resolve/main/generation_config.json "HTTP/1.1 404 Not Found"
2026-02-14 21:25:25 KST | INFO | HTTP Request: HEAD https://huggingface.co/microsoft/biogpt/resolve/main/config.json "HTTP/1.1 307 Temporary Redirect"
2026-02-14 21:25:25 KST | INFO | HTTP Request: HEAD https://huggingface.co/api/resolve-cache/models/microsoft/biogpt/eb0d815e95434dc9e3b78f464e52b899bee7d923/config.json "HTTP/1.1 200 OK"
2026-02-14 21:25:25 KST | INFO | Full fine-tuning: 346,766,339 parameters
2026-02-14 21:25:26 KST | INFO | ✓ BioGPTClassifier ready on cuda
2026-02-14 21:25:26 KST | INFO | 
2026-02-14 21:25:26 KST | INFO | --------------------------------------------------------------------------------
2026-02-14 21:25:26 KST | INFO | DATA LOADING
2026-02-14 21:25:26 KST | INFO | --------------------------------------------------------------------------------
2026-02-14 21:25:26 KST | INFO | Attempting to load from Hugging Face...
2026-02-14 21:25:27 KST | INFO | HTTP Request: HEAD https://huggingface.co/datasets/pubmed_qa/resolve/main/README.md "HTTP/1.1 307 Temporary Redirect"
2026-02-14 21:25:27 KST | INFO | HTTP Request: HEAD https://huggingface.co/datasets/qiaojin/PubMedQA/resolve/main/README.md "HTTP/1.1 307 Temporary Redirect"
2026-02-14 21:25:27 KST | INFO | HTTP Request: HEAD https://huggingface.co/api/resolve-cache/datasets/qiaojin/PubMedQA/9001f2853fb87cab8d220904e0de81ac6973b318/README.md "HTTP/1.1 200 OK"
2026-02-14 21:25:27 KST | INFO | HTTP Request: HEAD https://huggingface.co/datasets/pubmed_qa/resolve/9001f2853fb87cab8d220904e0de81ac6973b318/pubmed_qa.py "HTTP/1.1 307 Temporary Redirect"
2026-02-14 21:25:27 KST | INFO | HTTP Request: HEAD https://huggingface.co/datasets/qiaojin/PubMedQA/resolve/9001f2853fb87cab8d220904e0de81ac6973b318/pubmed_qa.py "HTTP/1.1 404 Not Found"
2026-02-14 21:25:28 KST | INFO | HTTP Request: HEAD https://s3.amazonaws.com/datasets.huggingface.co/datasets/datasets/pubmed_qa/pubmed_qa.py "HTTP/1.1 404 Not Found"
2026-02-14 21:25:28 KST | INFO | HTTP Request: GET https://huggingface.co/api/datasets/pubmed_qa/revision/9001f2853fb87cab8d220904e0de81ac6973b318 "HTTP/1.1 307 Temporary Redirect"
2026-02-14 21:25:28 KST | INFO | HTTP Request: GET https://huggingface.co/api/datasets/qiaojin/PubMedQA/revision/9001f2853fb87cab8d220904e0de81ac6973b318 "HTTP/1.1 200 OK"
2026-02-14 21:25:29 KST | INFO | HTTP Request: HEAD https://huggingface.co/datasets/pubmed_qa/resolve/9001f2853fb87cab8d220904e0de81ac6973b318/.huggingface.yaml "HTTP/1.1 307 Temporary Redirect"
2026-02-14 21:25:29 KST | INFO | HTTP Request: HEAD https://huggingface.co/datasets/qiaojin/PubMedQA/resolve/9001f2853fb87cab8d220904e0de81ac6973b318/.huggingface.yaml "HTTP/1.1 404 Not Found"
2026-02-14 21:25:29 KST | INFO | HTTP Request: GET https://datasets-server.huggingface.co/info?dataset=pubmed_qa "HTTP/1.1 404 Not Found"
2026-02-14 21:25:29 KST | INFO | HTTP Request: GET https://huggingface.co/api/datasets/pubmed_qa/tree/9001f2853fb87cab8d220904e0de81ac6973b318/pqa_artificial?recursive=true&expand=false "HTTP/1.1 307 Temporary Redirect"
2026-02-14 21:25:30 KST | INFO | HTTP Request: GET https://huggingface.co/api/datasets/qiaojin/PubMedQA/tree/9001f2853fb87cab8d220904e0de81ac6973b318/pqa_artificial?recursive=true&expand=false "HTTP/1.1 200 OK"
2026-02-14 21:25:30 KST | INFO | HTTP Request: GET https://huggingface.co/api/datasets/pubmed_qa/tree/9001f2853fb87cab8d220904e0de81ac6973b318?recursive=false&expand=false "HTTP/1.1 307 Temporary Redirect"
2026-02-14 21:25:30 KST | INFO | HTTP Request: GET https://huggingface.co/api/datasets/qiaojin/PubMedQA/tree/9001f2853fb87cab8d220904e0de81ac6973b318?recursive=false&expand=false "HTTP/1.1 200 OK"
2026-02-14 21:25:30 KST | INFO | HTTP Request: HEAD https://huggingface.co/datasets/pubmed_qa/resolve/9001f2853fb87cab8d220904e0de81ac6973b318/dataset_infos.json "HTTP/1.1 307 Temporary Redirect"
2026-02-14 21:25:30 KST | INFO | HTTP Request: HEAD https://huggingface.co/datasets/qiaojin/PubMedQA/resolve/9001f2853fb87cab8d220904e0de81ac6973b318/dataset_infos.json "HTTP/1.1 404 Not Found"
2026-02-14 21:25:31 KST | INFO | HTTP Request: GET https://huggingface.co/api/datasets/pubmed_qa/tree/9001f2853fb87cab8d220904e0de81ac6973b318/pqa_labeled?recursive=true&expand=false "HTTP/1.1 307 Temporary Redirect"
2026-02-14 21:25:31 KST | INFO | HTTP Request: GET https://huggingface.co/api/datasets/qiaojin/PubMedQA/tree/9001f2853fb87cab8d220904e0de81ac6973b318/pqa_labeled?recursive=true&expand=false "HTTP/1.1 200 OK"
2026-02-14 21:25:31 KST | INFO | Available splits: ['train']
2026-02-14 21:25:31 KST | INFO | ✓ Loaded from Hugging Face
2026-02-14 21:25:31 KST | INFO |   Total samples:   1,000
2026-02-14 21:25:31 KST | INFO |   Training:        700
2026-02-14 21:25:31 KST | INFO |   Test:            300
2026-02-14 21:25:31 KST | INFO | 
2026-02-14 21:25:31 KST | INFO | --------------------------------------------------------------------------------
2026-02-14 21:25:31 KST | INFO | DATASET PREPARATION
2026-02-14 21:25:31 KST | INFO | --------------------------------------------------------------------------------
2026-02-14 21:25:31 KST | INFO | Training samples:   700
2026-02-14 21:25:31 KST | INFO | Test samples:       300
2026-02-14 21:25:31 KST | INFO | 
2026-02-14 21:25:31 KST | INFO | Training batches:   88
2026-02-14 21:25:31 KST | INFO | Test batches:       38
2026-02-14 21:25:31 KST | INFO | 
2026-02-14 21:25:31 KST | INFO | --------------------------------------------------------------------------------
2026-02-14 21:25:31 KST | INFO | OPTIMIZER & SCHEDULER
2026-02-14 21:25:31 KST | INFO | --------------------------------------------------------------------------------
2026-02-14 21:25:31 KST | INFO | Optimizer:          AdamW (lr=0.000020)
2026-02-14 21:25:31 KST | INFO | Scheduler:          Linear warmup (500 steps / 8800 total)
2026-02-14 21:25:31 KST | INFO | Warmup steps:       500
2026-02-14 21:25:31 KST | INFO | Total steps:        8800
2026-02-14 21:25:31 KST | INFO | 
2026-02-14 21:25:31 KST | INFO | --------------------------------------------------------------------------------
2026-02-14 21:25:31 KST | INFO | TRAINING
2026-02-14 21:25:31 KST | INFO | --------------------------------------------------------------------------------
2026-02-14 21:25:31 KST | INFO | 
2026-02-14 21:25:31 KST | INFO | Epoch 1/100 | LR: 0.000000e+00
2026-02-14 21:26:48 KST | INFO |   Train Loss: 1.0397 | Test Loss: 0.9930 | Test Acc: 54.33%
2026-02-14 21:26:48 KST | INFO |   Per-class F1 scores:
2026-02-14 21:26:48 KST | INFO |     Yes   : 68.84%
2026-02-14 21:26:48 KST | INFO |     No    : 29.17%
2026-02-14 21:26:48 KST | INFO |     Maybe : 17.24%
2026-02-14 21:26:48 KST | INFO |   🏆 New best accuracy: 54.33%
2026-02-14 21:26:48 KST | INFO | 
2026-02-14 21:26:48 KST | INFO | Epoch 2/100 | LR: 3.520000e-06
2026-02-14 21:28:04 KST | INFO |   Train Loss: 0.7124 | Test Loss: 0.4638 | Test Acc: 82.00%
2026-02-14 21:28:04 KST | INFO |   Per-class F1 scores:
2026-02-14 21:28:04 KST | INFO |     Yes   : 85.80%
2026-02-14 21:28:04 KST | INFO |     No    : 81.48%
2026-02-14 21:28:04 KST | INFO |     Maybe : 60.38%
2026-02-14 21:28:04 KST | INFO |   🏆 New best accuracy: 82.00%
2026-02-14 21:28:04 KST | INFO | 
2026-02-14 21:28:04 KST | INFO | Epoch 3/100 | LR: 7.040000e-06
2026-02-14 21:29:20 KST | INFO |   Train Loss: 0.3580 | Test Loss: 0.5389 | Test Acc: 77.00%
2026-02-14 21:29:20 KST | INFO |   Per-class F1 scores:
2026-02-14 21:29:20 KST | INFO |     Yes   : 81.69%
2026-02-14 21:29:20 KST | INFO |     No    : 72.22%
2026-02-14 21:29:20 KST | INFO |     Maybe : 64.62%
2026-02-14 21:29:20 KST | INFO |   No improvement (1/10)
2026-02-14 21:29:20 KST | INFO | 
2026-02-14 21:29:20 KST | INFO | Epoch 4/100 | LR: 1.056000e-05
2026-02-14 21:30:37 KST | INFO |   Train Loss: 0.2339 | Test Loss: 0.6752 | Test Acc: 77.33%
2026-02-14 21:30:37 KST | INFO |   Per-class F1 scores:
2026-02-14 21:30:37 KST | INFO |     Yes   : 84.34%
2026-02-14 21:30:37 KST | INFO |     No    : 76.65%
2026-02-14 21:30:37 KST | INFO |     Maybe : 24.39%
2026-02-14 21:30:37 KST | INFO |   No improvement (2/10)
2026-02-14 21:30:37 KST | INFO | 
2026-02-14 21:30:37 KST | INFO | Epoch 5/100 | LR: 1.408000e-05
2026-02-14 21:31:53 KST | INFO |   Train Loss: 0.0822 | Test Loss: 0.6243 | Test Acc: 80.67%
2026-02-14 21:31:53 KST | INFO |   Per-class F1 scores:
2026-02-14 21:31:53 KST | INFO |     Yes   : 85.38%
2026-02-14 21:31:53 KST | INFO |     No    : 78.43%
2026-02-14 21:31:53 KST | INFO |     Maybe : 59.26%
2026-02-14 21:31:53 KST | INFO |   No improvement (3/10)
2026-02-14 21:31:53 KST | INFO | 
2026-02-14 21:31:53 KST | INFO | Epoch 6/100 | LR: 1.760000e-05
2026-02-14 21:33:10 KST | INFO |   Train Loss: 0.0410 | Test Loss: 1.1218 | Test Acc: 76.67%
2026-02-14 21:33:10 KST | INFO |   Per-class F1 scores:
2026-02-14 21:33:10 KST | INFO |     Yes   : 83.09%
2026-02-14 21:33:10 KST | INFO |     No    : 74.89%
2026-02-14 21:33:10 KST | INFO |     Maybe : 36.36%
2026-02-14 21:33:10 KST | INFO |   No improvement (4/10)
2026-02-14 21:33:10 KST | INFO | 
2026-02-14 21:33:10 KST | INFO | Epoch 7/100 | LR: 1.993253e-05
2026-02-14 21:34:26 KST | INFO |   Train Loss: 0.0101 | Test Loss: 1.5762 | Test Acc: 75.00%
2026-02-14 21:34:26 KST | INFO |   Per-class F1 scores:
2026-02-14 21:34:26 KST | INFO |     Yes   : 81.54%
2026-02-14 21:34:26 KST | INFO |     No    : 71.79%
2026-02-14 21:34:26 KST | INFO |     Maybe : 33.33%
2026-02-14 21:34:26 KST | INFO |   No improvement (5/10)
2026-02-14 21:34:26 KST | INFO | 
2026-02-14 21:34:26 KST | INFO | Epoch 8/100 | LR: 1.972048e-05
2026-02-14 21:35:43 KST | INFO |   Train Loss: 0.0023 | Test Loss: 1.3949 | Test Acc: 76.67%
2026-02-14 21:35:43 KST | INFO |   Per-class F1 scores:
2026-02-14 21:35:43 KST | INFO |     Yes   : 82.12%
2026-02-14 21:35:43 KST | INFO |     No    : 73.58%
2026-02-14 21:35:43 KST | INFO |     Maybe : 48.98%
2026-02-14 21:35:43 KST | INFO |   No improvement (6/10)
2026-02-14 21:35:43 KST | INFO | 
2026-02-14 21:35:43 KST | INFO | Epoch 9/100 | LR: 1.950843e-05
2026-02-14 21:36:59 KST | INFO |   Train Loss: 0.0004 | Test Loss: 1.2407 | Test Acc: 78.00%
2026-02-14 21:36:59 KST | INFO |   Per-class F1 scores:
2026-02-14 21:36:59 KST | INFO |     Yes   : 83.52%
2026-02-14 21:36:59 KST | INFO |     No    : 75.76%
2026-02-14 21:36:59 KST | INFO |     Maybe : 48.00%
2026-02-14 21:36:59 KST | INFO |   No improvement (7/10)
2026-02-14 21:36:59 KST | INFO | 
2026-02-14 21:36:59 KST | INFO | Epoch 10/100 | LR: 1.929639e-05
2026-02-14 21:38:15 KST | INFO |   Train Loss: 0.0000 | Test Loss: 1.2388 | Test Acc: 78.33%
2026-02-14 21:38:15 KST | INFO |   Per-class F1 scores:
2026-02-14 21:38:15 KST | INFO |     Yes   : 83.43%
2026-02-14 21:38:15 KST | INFO |     No    : 76.24%
2026-02-14 21:38:15 KST | INFO |     Maybe : 50.00%
2026-02-14 21:38:15 KST | INFO |   No improvement (8/10)
2026-02-14 21:38:15 KST | INFO | 
2026-02-14 21:38:15 KST | INFO | Epoch 11/100 | LR: 1.908434e-05
2026-02-14 21:39:32 KST | INFO |   Train Loss: 0.0000 | Test Loss: 1.2871 | Test Acc: 77.33%
2026-02-14 21:39:32 KST | INFO |   Per-class F1 scores:
2026-02-14 21:39:32 KST | INFO |     Yes   : 82.72%
2026-02-14 21:39:32 KST | INFO |     No    : 75.62%
2026-02-14 21:39:32 KST | INFO |     Maybe : 43.48%
2026-02-14 21:39:32 KST | INFO |   No improvement (9/10)
2026-02-14 21:39:32 KST | INFO | 
2026-02-14 21:39:32 KST | INFO | Epoch 12/100 | LR: 1.887229e-05
2026-02-14 21:40:48 KST | INFO |   Train Loss: 0.0000 | Test Loss: 1.2822 | Test Acc: 78.00%
2026-02-14 21:40:48 KST | INFO |   Per-class F1 scores:
2026-02-14 21:40:48 KST | INFO |     Yes   : 83.19%
2026-02-14 21:40:48 KST | INFO |     No    : 76.24%
2026-02-14 21:40:48 KST | INFO |     Maybe : 46.81%
2026-02-14 21:40:48 KST | INFO |   No improvement (10/10)
2026-02-14 21:40:48 KST | INFO | 
2026-02-14 21:40:48 KST | INFO | Early stopping after 10 epochs without improvement
2026-02-14 21:40:48 KST | INFO | 
2026-02-14 21:40:48 KST | INFO | ================================================================================
2026-02-14 21:40:48 KST | INFO | TRAINING COMPLETE
2026-02-14 21:40:48 KST | INFO | ================================================================================
2026-02-14 21:40:48 KST | INFO | Best accuracy:  82.00% (Epoch 2)
2026-02-14 21:40:48 KST | INFO | Final accuracy: 78.00%
2026-02-14 21:40:48 KST | INFO | ================================================================================
2026-02-14 21:40:48 KST | INFO | 
2026-02-14 21:40:48 KST | INFO | Best test accuracy: 82.00%
2026-02-14 21:40:48 KST | INFO | 
2026-02-14 21:40:48 KST | INFO | Full log: logs/centralized_biogpt_20260214_212520.log
2026-02-14 21:40:48 KST | INFO | ================================================================================
