2026-02-14 23:19:31 KST | INFO | ================================================================================
2026-02-14 23:19:31 KST | INFO | BioGPT Fine-tuning on PubMedQA
2026-02-14 23:19:31 KST | INFO | ================================================================================
2026-02-14 23:19:31 KST | INFO | Log file: logs/centralized_biogpt_20260214_231931.log
2026-02-14 23:19:31 KST | INFO | 
2026-02-14 23:19:31 KST | INFO | Device: cuda
2026-02-14 23:19:31 KST | INFO | 
2026-02-14 23:19:31 KST | INFO | --------------------------------------------------------------------------------
2026-02-14 23:19:31 KST | INFO | CONFIGURATION
2026-02-14 23:19:31 KST | INFO | --------------------------------------------------------------------------------
2026-02-14 23:19:31 KST | INFO | Model:              BioGPT (microsoft/biogpt)
2026-02-14 23:19:31 KST | INFO | Training mode:      Full fine-tuning
2026-02-14 23:19:31 KST | INFO | Epochs:             100
2026-02-14 23:19:31 KST | INFO | Patience:           10
2026-02-14 23:19:31 KST | INFO | Batch size:         8
2026-02-14 23:19:31 KST | INFO | Learning rate:      0.000020
2026-02-14 23:19:31 KST | INFO | Max length:         512
2026-02-14 23:19:31 KST | INFO | Gradient clip:      1.0
2026-02-14 23:19:31 KST | INFO | 
2026-02-14 23:19:31 KST | INFO | --------------------------------------------------------------------------------
2026-02-14 23:19:31 KST | INFO | MODEL LOADING
2026-02-14 23:19:31 KST | INFO | --------------------------------------------------------------------------------
2026-02-14 23:19:31 KST | INFO | HTTP Request: HEAD https://huggingface.co/microsoft/biogpt/resolve/main/tokenizer_config.json "HTTP/1.1 404 Not Found"
2026-02-14 23:19:32 KST | INFO | HTTP Request: GET https://huggingface.co/api/models/microsoft/biogpt/tree/main/additional_chat_templates?recursive=false&expand=false "HTTP/1.1 404 Not Found"
2026-02-14 23:19:32 KST | INFO | HTTP Request: GET https://huggingface.co/api/models/microsoft/biogpt/tree/main?recursive=true&expand=false "HTTP/1.1 200 OK"
2026-02-14 23:19:32 KST | INFO | HTTP Request: HEAD https://huggingface.co/microsoft/biogpt/resolve/main/vocab.json "HTTP/1.1 307 Temporary Redirect"
2026-02-14 23:19:32 KST | INFO | HTTP Request: HEAD https://huggingface.co/api/resolve-cache/models/microsoft/biogpt/eb0d815e95434dc9e3b78f464e52b899bee7d923/vocab.json "HTTP/1.1 200 OK"
2026-02-14 23:19:33 KST | INFO | Loading microsoft/biogpt …
2026-02-14 23:19:33 KST | INFO | HTTP Request: HEAD https://huggingface.co/microsoft/biogpt/resolve/main/config.json "HTTP/1.1 307 Temporary Redirect"
2026-02-14 23:19:33 KST | INFO | HTTP Request: HEAD https://huggingface.co/api/resolve-cache/models/microsoft/biogpt/eb0d815e95434dc9e3b78f464e52b899bee7d923/config.json "HTTP/1.1 200 OK"
2026-02-14 23:19:33 KST | INFO | HTTP Request: HEAD https://huggingface.co/microsoft/biogpt/resolve/main/config.json "HTTP/1.1 307 Temporary Redirect"
2026-02-14 23:19:33 KST | INFO | HTTP Request: HEAD https://huggingface.co/api/resolve-cache/models/microsoft/biogpt/eb0d815e95434dc9e3b78f464e52b899bee7d923/config.json "HTTP/1.1 200 OK"
2026-02-14 23:19:34 KST | INFO | HTTP Request: HEAD https://huggingface.co/microsoft/biogpt/resolve/main/model.safetensors "HTTP/1.1 404 Not Found"
2026-02-14 23:19:34 KST | INFO | HTTP Request: HEAD https://huggingface.co/microsoft/biogpt/resolve/main/model.safetensors.index.json "HTTP/1.1 404 Not Found"
2026-02-14 23:19:34 KST | INFO | HTTP Request: HEAD https://huggingface.co/microsoft/biogpt/resolve/main/pytorch_model.bin "HTTP/1.1 302 Found"
2026-02-14 23:19:34 KST | INFO | HTTP Request: HEAD https://huggingface.co/microsoft/biogpt/resolve/main/model.safetensors "HTTP/1.1 404 Not Found"
2026-02-14 23:19:34 KST | INFO | HTTP Request: GET https://huggingface.co/api/models/microsoft/biogpt "HTTP/1.1 200 OK"
2026-02-14 23:19:35 KST | INFO | HTTP Request: GET https://huggingface.co/api/models/microsoft/biogpt/commits/main "HTTP/1.1 200 OK"
2026-02-14 23:19:35 KST | INFO | HTTP Request: GET https://huggingface.co/api/models/microsoft/biogpt/discussions?p=0 "HTTP/1.1 200 OK"
2026-02-14 23:19:35 KST | INFO | HTTP Request: GET https://huggingface.co/api/models/microsoft/biogpt/commits/refs%2Fpr%2F17 "HTTP/1.1 200 OK"
2026-02-14 23:19:35 KST | INFO | HTTP Request: HEAD https://huggingface.co/microsoft/biogpt/resolve/refs%2Fpr%2F17/model.safetensors.index.json "HTTP/1.1 404 Not Found"
2026-02-14 23:19:35 KST | INFO | HTTP Request: HEAD https://huggingface.co/microsoft/biogpt/resolve/refs%2Fpr%2F17/model.safetensors "HTTP/1.1 302 Found"
2026-02-14 23:19:36 KST | INFO | HTTP Request: HEAD https://huggingface.co/microsoft/biogpt/resolve/main/generation_config.json "HTTP/1.1 404 Not Found"
2026-02-14 23:19:36 KST | INFO | HTTP Request: HEAD https://huggingface.co/microsoft/biogpt/resolve/main/config.json "HTTP/1.1 307 Temporary Redirect"
2026-02-14 23:19:36 KST | INFO | HTTP Request: HEAD https://huggingface.co/api/resolve-cache/models/microsoft/biogpt/eb0d815e95434dc9e3b78f464e52b899bee7d923/config.json "HTTP/1.1 200 OK"
2026-02-14 23:19:36 KST | INFO | Full fine-tuning: 346,766,339 parameters
2026-02-14 23:19:37 KST | INFO | ✓ BioGPTClassifier ready on cuda
2026-02-14 23:19:37 KST | INFO | 
2026-02-14 23:19:37 KST | INFO | --------------------------------------------------------------------------------
2026-02-14 23:19:37 KST | INFO | DATA LOADING
2026-02-14 23:19:37 KST | INFO | --------------------------------------------------------------------------------
2026-02-14 23:19:37 KST | INFO | Attempting to load from Hugging Face...
2026-02-14 23:19:37 KST | INFO | HTTP Request: HEAD https://huggingface.co/datasets/pubmed_qa/resolve/main/README.md "HTTP/1.1 307 Temporary Redirect"
2026-02-14 23:19:37 KST | INFO | HTTP Request: HEAD https://huggingface.co/datasets/qiaojin/PubMedQA/resolve/main/README.md "HTTP/1.1 307 Temporary Redirect"
2026-02-14 23:19:37 KST | INFO | HTTP Request: HEAD https://huggingface.co/api/resolve-cache/datasets/qiaojin/PubMedQA/9001f2853fb87cab8d220904e0de81ac6973b318/README.md "HTTP/1.1 200 OK"
2026-02-14 23:19:38 KST | INFO | HTTP Request: HEAD https://huggingface.co/datasets/pubmed_qa/resolve/9001f2853fb87cab8d220904e0de81ac6973b318/pubmed_qa.py "HTTP/1.1 307 Temporary Redirect"
2026-02-14 23:19:38 KST | INFO | HTTP Request: HEAD https://huggingface.co/datasets/qiaojin/PubMedQA/resolve/9001f2853fb87cab8d220904e0de81ac6973b318/pubmed_qa.py "HTTP/1.1 404 Not Found"
2026-02-14 23:19:38 KST | INFO | HTTP Request: HEAD https://s3.amazonaws.com/datasets.huggingface.co/datasets/datasets/pubmed_qa/pubmed_qa.py "HTTP/1.1 404 Not Found"
2026-02-14 23:19:39 KST | INFO | HTTP Request: GET https://huggingface.co/api/datasets/pubmed_qa/revision/9001f2853fb87cab8d220904e0de81ac6973b318 "HTTP/1.1 307 Temporary Redirect"
2026-02-14 23:19:39 KST | INFO | HTTP Request: GET https://huggingface.co/api/datasets/qiaojin/PubMedQA/revision/9001f2853fb87cab8d220904e0de81ac6973b318 "HTTP/1.1 200 OK"
2026-02-14 23:19:39 KST | INFO | HTTP Request: HEAD https://huggingface.co/datasets/pubmed_qa/resolve/9001f2853fb87cab8d220904e0de81ac6973b318/.huggingface.yaml "HTTP/1.1 307 Temporary Redirect"
2026-02-14 23:19:39 KST | INFO | HTTP Request: HEAD https://huggingface.co/datasets/qiaojin/PubMedQA/resolve/9001f2853fb87cab8d220904e0de81ac6973b318/.huggingface.yaml "HTTP/1.1 404 Not Found"
2026-02-14 23:19:40 KST | INFO | HTTP Request: GET https://datasets-server.huggingface.co/info?dataset=pubmed_qa "HTTP/1.1 404 Not Found"
2026-02-14 23:19:40 KST | INFO | HTTP Request: GET https://huggingface.co/api/datasets/pubmed_qa/tree/9001f2853fb87cab8d220904e0de81ac6973b318/pqa_artificial?recursive=true&expand=false "HTTP/1.1 307 Temporary Redirect"
2026-02-14 23:19:40 KST | INFO | HTTP Request: GET https://huggingface.co/api/datasets/qiaojin/PubMedQA/tree/9001f2853fb87cab8d220904e0de81ac6973b318/pqa_artificial?recursive=true&expand=false "HTTP/1.1 200 OK"
2026-02-14 23:19:40 KST | INFO | HTTP Request: GET https://huggingface.co/api/datasets/pubmed_qa/tree/9001f2853fb87cab8d220904e0de81ac6973b318?recursive=false&expand=false "HTTP/1.1 307 Temporary Redirect"
2026-02-14 23:19:40 KST | INFO | HTTP Request: GET https://huggingface.co/api/datasets/qiaojin/PubMedQA/tree/9001f2853fb87cab8d220904e0de81ac6973b318?recursive=false&expand=false "HTTP/1.1 200 OK"
2026-02-14 23:19:41 KST | INFO | HTTP Request: HEAD https://huggingface.co/datasets/pubmed_qa/resolve/9001f2853fb87cab8d220904e0de81ac6973b318/dataset_infos.json "HTTP/1.1 307 Temporary Redirect"
2026-02-14 23:19:41 KST | INFO | HTTP Request: HEAD https://huggingface.co/datasets/qiaojin/PubMedQA/resolve/9001f2853fb87cab8d220904e0de81ac6973b318/dataset_infos.json "HTTP/1.1 404 Not Found"
2026-02-14 23:19:41 KST | INFO | HTTP Request: GET https://huggingface.co/api/datasets/pubmed_qa/tree/9001f2853fb87cab8d220904e0de81ac6973b318/pqa_labeled?recursive=true&expand=false "HTTP/1.1 307 Temporary Redirect"
2026-02-14 23:19:41 KST | INFO | HTTP Request: GET https://huggingface.co/api/datasets/qiaojin/PubMedQA/tree/9001f2853fb87cab8d220904e0de81ac6973b318/pqa_labeled?recursive=true&expand=false "HTTP/1.1 200 OK"
2026-02-14 23:19:41 KST | INFO | Available splits: ['train']
2026-02-14 23:19:41 KST | INFO | ✓ Loaded from Hugging Face
2026-02-14 23:19:41 KST | INFO |   Total samples:   1,000
2026-02-14 23:19:41 KST | INFO |   Training:        700
2026-02-14 23:19:41 KST | INFO |   Test:            300
2026-02-14 23:19:41 KST | INFO | 
2026-02-14 23:19:41 KST | INFO | --------------------------------------------------------------------------------
2026-02-14 23:19:41 KST | INFO | DATASET PREPARATION
2026-02-14 23:19:41 KST | INFO | --------------------------------------------------------------------------------
2026-02-14 23:19:41 KST | INFO | Training samples:   700
2026-02-14 23:19:41 KST | INFO | Test samples:       300
2026-02-14 23:19:41 KST | INFO | 
2026-02-14 23:19:41 KST | INFO | Training batches:   88
2026-02-14 23:19:41 KST | INFO | Test batches:       38
2026-02-14 23:19:41 KST | INFO | 
2026-02-14 23:19:41 KST | INFO | --------------------------------------------------------------------------------
2026-02-14 23:19:41 KST | INFO | OPTIMIZER & SCHEDULER
2026-02-14 23:19:41 KST | INFO | --------------------------------------------------------------------------------
2026-02-14 23:19:41 KST | INFO | Optimizer:          AdamW (lr=0.000020)
2026-02-14 23:19:41 KST | INFO | Scheduler:          Linear warmup (500 steps / 8800 total)
2026-02-14 23:19:41 KST | INFO | Warmup steps:       500
2026-02-14 23:19:41 KST | INFO | Total steps:        8800
2026-02-14 23:19:41 KST | INFO | 
2026-02-14 23:19:41 KST | INFO | --------------------------------------------------------------------------------
2026-02-14 23:19:41 KST | INFO | TRAINING
2026-02-14 23:19:41 KST | INFO | --------------------------------------------------------------------------------
2026-02-14 23:19:41 KST | INFO | 
2026-02-14 23:19:41 KST | INFO | Epoch 1/100 | LR: 0.000000e+00
2026-02-14 23:20:58 KST | INFO |   Train Loss: 1.1575 | Test Loss: 1.0358 | Test Acc: 55.67%
2026-02-14 23:20:58 KST | INFO |   Per-class F1 scores:
2026-02-14 23:20:58 KST | INFO |     Yes   : 69.52%
2026-02-14 23:20:58 KST | INFO |     No    : 28.97%
2026-02-14 23:20:58 KST | INFO |     Maybe :  0.00%
2026-02-14 23:20:58 KST | INFO |   🏆 New best accuracy: 55.67%
2026-02-14 23:20:58 KST | INFO | 
2026-02-14 23:20:58 KST | INFO | Epoch 2/100 | LR: 3.520000e-06
2026-02-14 23:22:14 KST | INFO |   Train Loss: 0.6836 | Test Loss: 0.7662 | Test Acc: 72.00%
2026-02-14 23:22:14 KST | INFO |   Per-class F1 scores:
2026-02-14 23:22:14 KST | INFO |     Yes   : 79.49%
2026-02-14 23:22:14 KST | INFO |     No    : 69.36%
2026-02-14 23:22:14 KST | INFO |     Maybe :  5.41%
2026-02-14 23:22:14 KST | INFO |   🏆 New best accuracy: 72.00%
2026-02-14 23:22:14 KST | INFO | 
2026-02-14 23:22:14 KST | INFO | Epoch 3/100 | LR: 7.040000e-06
2026-02-14 23:23:30 KST | INFO |   Train Loss: 0.3673 | Test Loss: 0.4462 | Test Acc: 82.00%
2026-02-14 23:23:30 KST | INFO |   Per-class F1 scores:
2026-02-14 23:23:30 KST | INFO |     Yes   : 85.26%
2026-02-14 23:23:30 KST | INFO |     No    : 84.21%
2026-02-14 23:23:30 KST | INFO |     Maybe : 56.67%
2026-02-14 23:23:30 KST | INFO |   🏆 New best accuracy: 82.00%
2026-02-14 23:23:30 KST | INFO | 
2026-02-14 23:23:30 KST | INFO | Epoch 4/100 | LR: 1.056000e-05
2026-02-14 23:24:46 KST | INFO |   Train Loss: 0.2066 | Test Loss: 0.6789 | Test Acc: 77.00%
2026-02-14 23:24:46 KST | INFO |   Per-class F1 scores:
2026-02-14 23:24:46 KST | INFO |     Yes   : 82.78%
2026-02-14 23:24:46 KST | INFO |     No    : 75.51%
2026-02-14 23:24:46 KST | INFO |     Maybe : 36.36%
2026-02-14 23:24:46 KST | INFO |   No improvement (1/10)
2026-02-14 23:24:46 KST | INFO | 
2026-02-14 23:24:46 KST | INFO | Epoch 5/100 | LR: 1.408000e-05
2026-02-14 23:26:03 KST | INFO |   Train Loss: 0.0959 | Test Loss: 0.7357 | Test Acc: 76.67%
2026-02-14 23:26:03 KST | INFO |   Per-class F1 scores:
2026-02-14 23:26:03 KST | INFO |     Yes   : 80.69%
2026-02-14 23:26:03 KST | INFO |     No    : 76.67%
2026-02-14 23:26:03 KST | INFO |     Maybe : 60.00%
2026-02-14 23:26:03 KST | INFO |   No improvement (2/10)
2026-02-14 23:26:03 KST | INFO | 
2026-02-14 23:26:03 KST | INFO | Epoch 6/100 | LR: 1.760000e-05
2026-02-14 23:27:19 KST | INFO |   Train Loss: 0.0340 | Test Loss: 1.0875 | Test Acc: 74.67%
2026-02-14 23:27:19 KST | INFO |   Per-class F1 scores:
2026-02-14 23:27:19 KST | INFO |     Yes   : 80.55%
2026-02-14 23:27:19 KST | INFO |     No    : 71.66%
2026-02-14 23:27:19 KST | INFO |     Maybe : 41.67%
2026-02-14 23:27:19 KST | INFO |   No improvement (3/10)
2026-02-14 23:27:19 KST | INFO | 
2026-02-14 23:27:19 KST | INFO | Epoch 7/100 | LR: 1.993253e-05
2026-02-14 23:28:35 KST | INFO |   Train Loss: 0.0103 | Test Loss: 1.3186 | Test Acc: 74.67%
2026-02-14 23:28:35 KST | INFO |   Per-class F1 scores:
2026-02-14 23:28:35 KST | INFO |     Yes   : 80.43%
2026-02-14 23:28:35 KST | INFO |     No    : 72.73%
2026-02-14 23:28:35 KST | INFO |     Maybe : 35.56%
2026-02-14 23:28:35 KST | INFO |   No improvement (4/10)
2026-02-14 23:28:35 KST | INFO | 
2026-02-14 23:28:35 KST | INFO | Epoch 8/100 | LR: 1.972048e-05
2026-02-14 23:29:52 KST | INFO |   Train Loss: 0.0042 | Test Loss: 1.3395 | Test Acc: 76.00%
2026-02-14 23:29:52 KST | INFO |   Per-class F1 scores:
2026-02-14 23:29:52 KST | INFO |     Yes   : 82.39%
2026-02-14 23:29:52 KST | INFO |     No    : 74.51%
2026-02-14 23:29:52 KST | INFO |     Maybe : 31.82%
2026-02-14 23:29:52 KST | INFO |   No improvement (5/10)
2026-02-14 23:29:52 KST | INFO | 
2026-02-14 23:29:52 KST | INFO | Epoch 9/100 | LR: 1.950843e-05
2026-02-14 23:31:08 KST | INFO |   Train Loss: 0.0003 | Test Loss: 1.5025 | Test Acc: 73.67%
2026-02-14 23:31:08 KST | INFO |   Per-class F1 scores:
2026-02-14 23:31:08 KST | INFO |     Yes   : 80.86%
2026-02-14 23:31:08 KST | INFO |     No    : 68.48%
2026-02-14 23:31:08 KST | INFO |     Maybe : 35.56%
2026-02-14 23:31:08 KST | INFO |   No improvement (6/10)
2026-02-14 23:31:08 KST | INFO | 
2026-02-14 23:31:08 KST | INFO | Epoch 10/100 | LR: 1.929639e-05
2026-02-14 23:32:25 KST | INFO |   Train Loss: 0.0001 | Test Loss: 1.1577 | Test Acc: 77.33%
2026-02-14 23:32:25 KST | INFO |   Per-class F1 scores:
2026-02-14 23:32:25 KST | INFO |     Yes   : 83.76%
2026-02-14 23:32:25 KST | INFO |     No    : 76.10%
2026-02-14 23:32:25 KST | INFO |     Maybe : 31.82%
2026-02-14 23:32:25 KST | INFO |   No improvement (7/10)
2026-02-14 23:32:25 KST | INFO | 
2026-02-14 23:32:25 KST | INFO | Epoch 11/100 | LR: 1.908434e-05
2026-02-14 23:33:41 KST | INFO |   Train Loss: 0.0000 | Test Loss: 1.2372 | Test Acc: 75.67%
2026-02-14 23:33:41 KST | INFO |   Per-class F1 scores:
2026-02-14 23:33:41 KST | INFO |     Yes   : 82.91%
2026-02-14 23:33:41 KST | INFO |     No    : 72.73%
2026-02-14 23:33:41 KST | INFO |     Maybe : 31.11%
2026-02-14 23:33:41 KST | INFO |   No improvement (8/10)
2026-02-14 23:33:41 KST | INFO | 
2026-02-14 23:33:41 KST | INFO | Epoch 12/100 | LR: 1.887229e-05
2026-02-14 23:34:57 KST | INFO |   Train Loss: 0.0000 | Test Loss: 1.2406 | Test Acc: 75.67%
2026-02-14 23:34:57 KST | INFO |   Per-class F1 scores:
2026-02-14 23:34:57 KST | INFO |     Yes   : 82.91%
2026-02-14 23:34:57 KST | INFO |     No    : 72.73%
2026-02-14 23:34:57 KST | INFO |     Maybe : 31.11%
2026-02-14 23:34:57 KST | INFO |   No improvement (9/10)
2026-02-14 23:34:57 KST | INFO | 
2026-02-14 23:34:57 KST | INFO | Epoch 13/100 | LR: 1.866024e-05
2026-02-14 23:36:14 KST | INFO |   Train Loss: 0.0000 | Test Loss: 1.2874 | Test Acc: 75.67%
2026-02-14 23:36:14 KST | INFO |   Per-class F1 scores:
2026-02-14 23:36:14 KST | INFO |     Yes   : 82.91%
2026-02-14 23:36:14 KST | INFO |     No    : 72.73%
2026-02-14 23:36:14 KST | INFO |     Maybe : 31.11%
2026-02-14 23:36:14 KST | INFO |   No improvement (10/10)
2026-02-14 23:36:14 KST | INFO | 
2026-02-14 23:36:14 KST | INFO | Early stopping after 10 epochs without improvement
2026-02-14 23:36:14 KST | INFO | 
2026-02-14 23:36:14 KST | INFO | ================================================================================
2026-02-14 23:36:14 KST | INFO | TRAINING COMPLETE
2026-02-14 23:36:14 KST | INFO | ================================================================================
2026-02-14 23:36:14 KST | INFO | Best accuracy:  82.00% (Epoch 3)
2026-02-14 23:36:14 KST | INFO | Final accuracy: 75.67%
2026-02-14 23:36:14 KST | INFO | ================================================================================
2026-02-14 23:36:14 KST | INFO | 
2026-02-14 23:36:14 KST | INFO | Best test accuracy: 82.00%
2026-02-14 23:36:14 KST | INFO | 
2026-02-14 23:36:14 KST | INFO | Full log: logs/centralized_biogpt_20260214_231931.log
2026-02-14 23:36:14 KST | INFO | ================================================================================
