2026-02-14 21:57:48 KST | INFO | ================================================================================
2026-02-14 21:57:48 KST | INFO | BioGPT Fine-tuning on PubMedQA
2026-02-14 21:57:48 KST | INFO | ================================================================================
2026-02-14 21:57:48 KST | INFO | Log file: logs/centralized_biogpt_20260214_215748.log
2026-02-14 21:57:48 KST | INFO | 
2026-02-14 21:57:48 KST | INFO | Device: cuda
2026-02-14 21:57:48 KST | INFO | 
2026-02-14 21:57:48 KST | INFO | --------------------------------------------------------------------------------
2026-02-14 21:57:48 KST | INFO | CONFIGURATION
2026-02-14 21:57:48 KST | INFO | --------------------------------------------------------------------------------
2026-02-14 21:57:48 KST | INFO | Model:              BioGPT (microsoft/biogpt)
2026-02-14 21:57:48 KST | INFO | Training mode:      Full fine-tuning
2026-02-14 21:57:48 KST | INFO | Epochs:             100
2026-02-14 21:57:48 KST | INFO | Patience:           10
2026-02-14 21:57:48 KST | INFO | Batch size:         8
2026-02-14 21:57:48 KST | INFO | Learning rate:      0.000020
2026-02-14 21:57:48 KST | INFO | Max length:         512
2026-02-14 21:57:48 KST | INFO | Gradient clip:      1.0
2026-02-14 21:57:48 KST | INFO | 
2026-02-14 21:57:48 KST | INFO | --------------------------------------------------------------------------------
2026-02-14 21:57:48 KST | INFO | MODEL LOADING
2026-02-14 21:57:48 KST | INFO | --------------------------------------------------------------------------------
2026-02-14 21:57:49 KST | INFO | HTTP Request: HEAD https://huggingface.co/microsoft/biogpt/resolve/main/tokenizer_config.json "HTTP/1.1 404 Not Found"
2026-02-14 21:57:49 KST | INFO | HTTP Request: GET https://huggingface.co/api/models/microsoft/biogpt/tree/main/additional_chat_templates?recursive=false&expand=false "HTTP/1.1 404 Not Found"
2026-02-14 21:57:49 KST | INFO | HTTP Request: GET https://huggingface.co/api/models/microsoft/biogpt/tree/main?recursive=true&expand=false "HTTP/1.1 200 OK"
2026-02-14 21:57:49 KST | INFO | HTTP Request: HEAD https://huggingface.co/microsoft/biogpt/resolve/main/vocab.json "HTTP/1.1 307 Temporary Redirect"
2026-02-14 21:57:49 KST | INFO | HTTP Request: HEAD https://huggingface.co/api/resolve-cache/models/microsoft/biogpt/eb0d815e95434dc9e3b78f464e52b899bee7d923/vocab.json "HTTP/1.1 200 OK"
2026-02-14 21:57:50 KST | INFO | Loading microsoft/biogpt …
2026-02-14 21:57:50 KST | INFO | HTTP Request: HEAD https://huggingface.co/microsoft/biogpt/resolve/main/config.json "HTTP/1.1 307 Temporary Redirect"
2026-02-14 21:57:50 KST | INFO | HTTP Request: HEAD https://huggingface.co/api/resolve-cache/models/microsoft/biogpt/eb0d815e95434dc9e3b78f464e52b899bee7d923/config.json "HTTP/1.1 200 OK"
2026-02-14 21:57:50 KST | INFO | HTTP Request: HEAD https://huggingface.co/microsoft/biogpt/resolve/main/config.json "HTTP/1.1 307 Temporary Redirect"
2026-02-14 21:57:50 KST | INFO | HTTP Request: HEAD https://huggingface.co/api/resolve-cache/models/microsoft/biogpt/eb0d815e95434dc9e3b78f464e52b899bee7d923/config.json "HTTP/1.1 200 OK"
2026-02-14 21:57:51 KST | INFO | HTTP Request: HEAD https://huggingface.co/microsoft/biogpt/resolve/main/model.safetensors "HTTP/1.1 404 Not Found"
2026-02-14 21:57:51 KST | INFO | HTTP Request: HEAD https://huggingface.co/microsoft/biogpt/resolve/main/model.safetensors.index.json "HTTP/1.1 404 Not Found"
2026-02-14 21:57:51 KST | INFO | HTTP Request: HEAD https://huggingface.co/microsoft/biogpt/resolve/main/pytorch_model.bin "HTTP/1.1 302 Found"
2026-02-14 21:57:51 KST | INFO | HTTP Request: HEAD https://huggingface.co/microsoft/biogpt/resolve/main/model.safetensors "HTTP/1.1 404 Not Found"
2026-02-14 21:57:51 KST | INFO | HTTP Request: GET https://huggingface.co/api/models/microsoft/biogpt "HTTP/1.1 200 OK"
2026-02-14 21:57:52 KST | INFO | HTTP Request: GET https://huggingface.co/api/models/microsoft/biogpt/commits/main "HTTP/1.1 200 OK"
2026-02-14 21:57:52 KST | INFO | HTTP Request: GET https://huggingface.co/api/models/microsoft/biogpt/discussions?p=0 "HTTP/1.1 200 OK"
2026-02-14 21:57:52 KST | INFO | HTTP Request: GET https://huggingface.co/api/models/microsoft/biogpt/commits/refs%2Fpr%2F17 "HTTP/1.1 200 OK"
2026-02-14 21:57:52 KST | INFO | HTTP Request: HEAD https://huggingface.co/microsoft/biogpt/resolve/refs%2Fpr%2F17/model.safetensors.index.json "HTTP/1.1 404 Not Found"
2026-02-14 21:57:53 KST | INFO | HTTP Request: HEAD https://huggingface.co/microsoft/biogpt/resolve/refs%2Fpr%2F17/model.safetensors "HTTP/1.1 302 Found"
2026-02-14 21:57:53 KST | INFO | HTTP Request: HEAD https://huggingface.co/microsoft/biogpt/resolve/main/generation_config.json "HTTP/1.1 404 Not Found"
2026-02-14 21:57:53 KST | INFO | HTTP Request: HEAD https://huggingface.co/microsoft/biogpt/resolve/main/config.json "HTTP/1.1 307 Temporary Redirect"
2026-02-14 21:57:53 KST | INFO | HTTP Request: HEAD https://huggingface.co/api/resolve-cache/models/microsoft/biogpt/eb0d815e95434dc9e3b78f464e52b899bee7d923/config.json "HTTP/1.1 200 OK"
2026-02-14 21:57:53 KST | INFO | Full fine-tuning: 346,766,339 parameters
2026-02-14 21:57:54 KST | INFO | ✓ BioGPTClassifier ready on cuda
2026-02-14 21:57:54 KST | INFO | 
2026-02-14 21:57:54 KST | INFO | --------------------------------------------------------------------------------
2026-02-14 21:57:54 KST | INFO | DATA LOADING
2026-02-14 21:57:54 KST | INFO | --------------------------------------------------------------------------------
2026-02-14 21:57:55 KST | INFO | Attempting to load from Hugging Face...
2026-02-14 21:57:55 KST | INFO | HTTP Request: HEAD https://huggingface.co/datasets/pubmed_qa/resolve/main/README.md "HTTP/1.1 307 Temporary Redirect"
2026-02-14 21:57:55 KST | INFO | HTTP Request: HEAD https://huggingface.co/datasets/qiaojin/PubMedQA/resolve/main/README.md "HTTP/1.1 307 Temporary Redirect"
2026-02-14 21:57:55 KST | INFO | HTTP Request: HEAD https://huggingface.co/api/resolve-cache/datasets/qiaojin/PubMedQA/9001f2853fb87cab8d220904e0de81ac6973b318/README.md "HTTP/1.1 200 OK"
2026-02-14 21:57:55 KST | INFO | HTTP Request: HEAD https://huggingface.co/datasets/pubmed_qa/resolve/9001f2853fb87cab8d220904e0de81ac6973b318/pubmed_qa.py "HTTP/1.1 307 Temporary Redirect"
2026-02-14 21:57:56 KST | INFO | HTTP Request: HEAD https://huggingface.co/datasets/qiaojin/PubMedQA/resolve/9001f2853fb87cab8d220904e0de81ac6973b318/pubmed_qa.py "HTTP/1.1 404 Not Found"
2026-02-14 21:57:56 KST | INFO | HTTP Request: HEAD https://s3.amazonaws.com/datasets.huggingface.co/datasets/datasets/pubmed_qa/pubmed_qa.py "HTTP/1.1 404 Not Found"
2026-02-14 21:57:56 KST | INFO | HTTP Request: GET https://huggingface.co/api/datasets/pubmed_qa/revision/9001f2853fb87cab8d220904e0de81ac6973b318 "HTTP/1.1 307 Temporary Redirect"
2026-02-14 21:57:57 KST | INFO | HTTP Request: GET https://huggingface.co/api/datasets/qiaojin/PubMedQA/revision/9001f2853fb87cab8d220904e0de81ac6973b318 "HTTP/1.1 200 OK"
2026-02-14 21:57:57 KST | INFO | HTTP Request: HEAD https://huggingface.co/datasets/pubmed_qa/resolve/9001f2853fb87cab8d220904e0de81ac6973b318/.huggingface.yaml "HTTP/1.1 307 Temporary Redirect"
2026-02-14 21:57:57 KST | INFO | HTTP Request: HEAD https://huggingface.co/datasets/qiaojin/PubMedQA/resolve/9001f2853fb87cab8d220904e0de81ac6973b318/.huggingface.yaml "HTTP/1.1 404 Not Found"
2026-02-14 21:57:57 KST | WARNING | Warning: You are sending unauthenticated requests to the HF Hub. Please set a HF_TOKEN to enable higher rate limits and faster downloads.
2026-02-14 21:57:57 KST | INFO | HTTP Request: GET https://datasets-server.huggingface.co/info?dataset=pubmed_qa "HTTP/1.1 404 Not Found"
2026-02-14 21:57:58 KST | INFO | HTTP Request: GET https://huggingface.co/api/datasets/pubmed_qa/tree/9001f2853fb87cab8d220904e0de81ac6973b318/pqa_artificial?recursive=true&expand=false "HTTP/1.1 307 Temporary Redirect"
2026-02-14 21:57:58 KST | INFO | HTTP Request: GET https://huggingface.co/api/datasets/qiaojin/PubMedQA/tree/9001f2853fb87cab8d220904e0de81ac6973b318/pqa_artificial?recursive=true&expand=false "HTTP/1.1 200 OK"
2026-02-14 21:57:58 KST | INFO | HTTP Request: GET https://huggingface.co/api/datasets/pubmed_qa/tree/9001f2853fb87cab8d220904e0de81ac6973b318?recursive=false&expand=false "HTTP/1.1 307 Temporary Redirect"
2026-02-14 21:57:58 KST | INFO | HTTP Request: GET https://huggingface.co/api/datasets/qiaojin/PubMedQA/tree/9001f2853fb87cab8d220904e0de81ac6973b318?recursive=false&expand=false "HTTP/1.1 200 OK"
2026-02-14 21:57:58 KST | INFO | HTTP Request: HEAD https://huggingface.co/datasets/pubmed_qa/resolve/9001f2853fb87cab8d220904e0de81ac6973b318/dataset_infos.json "HTTP/1.1 307 Temporary Redirect"
2026-02-14 21:57:59 KST | INFO | HTTP Request: HEAD https://huggingface.co/datasets/qiaojin/PubMedQA/resolve/9001f2853fb87cab8d220904e0de81ac6973b318/dataset_infos.json "HTTP/1.1 404 Not Found"
2026-02-14 21:57:59 KST | INFO | HTTP Request: GET https://huggingface.co/api/datasets/pubmed_qa/tree/9001f2853fb87cab8d220904e0de81ac6973b318/pqa_labeled?recursive=true&expand=false "HTTP/1.1 307 Temporary Redirect"
2026-02-14 21:57:59 KST | INFO | HTTP Request: GET https://huggingface.co/api/datasets/qiaojin/PubMedQA/tree/9001f2853fb87cab8d220904e0de81ac6973b318/pqa_labeled?recursive=true&expand=false "HTTP/1.1 200 OK"
2026-02-14 21:57:59 KST | INFO | Available splits: ['train']
2026-02-14 21:57:59 KST | INFO | ✓ Loaded from Hugging Face
2026-02-14 21:57:59 KST | INFO |   Total samples:   1,000
2026-02-14 21:57:59 KST | INFO |   Training:        700
2026-02-14 21:57:59 KST | INFO |   Test:            300
2026-02-14 21:57:59 KST | INFO | 
2026-02-14 21:57:59 KST | INFO | --------------------------------------------------------------------------------
2026-02-14 21:57:59 KST | INFO | DATASET PREPARATION
2026-02-14 21:57:59 KST | INFO | --------------------------------------------------------------------------------
2026-02-14 21:57:59 KST | INFO | Training samples:   700
2026-02-14 21:57:59 KST | INFO | Test samples:       300
2026-02-14 21:57:59 KST | INFO | 
2026-02-14 21:57:59 KST | INFO | Training batches:   88
2026-02-14 21:57:59 KST | INFO | Test batches:       38
2026-02-14 21:57:59 KST | INFO | 
2026-02-14 21:57:59 KST | INFO | --------------------------------------------------------------------------------
2026-02-14 21:57:59 KST | INFO | OPTIMIZER & SCHEDULER
2026-02-14 21:57:59 KST | INFO | --------------------------------------------------------------------------------
2026-02-14 21:57:59 KST | INFO | Optimizer:          AdamW (lr=0.000020)
2026-02-14 21:57:59 KST | INFO | Scheduler:          Linear warmup (500 steps / 8800 total)
2026-02-14 21:57:59 KST | INFO | Warmup steps:       500
2026-02-14 21:57:59 KST | INFO | Total steps:        8800
2026-02-14 21:57:59 KST | INFO | 
2026-02-14 21:57:59 KST | INFO | --------------------------------------------------------------------------------
2026-02-14 21:57:59 KST | INFO | TRAINING
2026-02-14 21:57:59 KST | INFO | --------------------------------------------------------------------------------
2026-02-14 21:57:59 KST | INFO | 
2026-02-14 21:57:59 KST | INFO | Epoch 1/100 | LR: 0.000000e+00
2026-02-14 21:59:16 KST | INFO |   Train Loss: 1.1276 | Test Loss: 1.0533 | Test Acc: 51.33%
2026-02-14 21:59:16 KST | INFO |   Per-class F1 scores:
2026-02-14 21:59:16 KST | INFO |     Yes   : 63.61%
2026-02-14 21:59:16 KST | INFO |     No    : 37.11%
2026-02-14 21:59:16 KST | INFO |     Maybe :  0.00%
2026-02-14 21:59:16 KST | INFO |   🏆 New best accuracy: 51.33%
2026-02-14 21:59:16 KST | INFO | 
2026-02-14 21:59:16 KST | INFO | Epoch 2/100 | LR: 3.520000e-06
2026-02-14 22:00:32 KST | INFO |   Train Loss: 0.7618 | Test Loss: 0.5072 | Test Acc: 79.00%
2026-02-14 22:00:32 KST | INFO |   Per-class F1 scores:
2026-02-14 22:00:32 KST | INFO |     Yes   : 83.48%
2026-02-14 22:00:32 KST | INFO |     No    : 74.87%
2026-02-14 22:00:32 KST | INFO |     Maybe : 66.67%
2026-02-14 22:00:32 KST | INFO |   🏆 New best accuracy: 79.00%
2026-02-14 22:00:32 KST | INFO | 
2026-02-14 22:00:32 KST | INFO | Epoch 3/100 | LR: 7.040000e-06
2026-02-14 22:01:48 KST | INFO |   Train Loss: 0.3935 | Test Loss: 0.4663 | Test Acc: 81.33%
2026-02-14 22:01:48 KST | INFO |   Per-class F1 scores:
2026-02-14 22:01:48 KST | INFO |     Yes   : 84.94%
2026-02-14 22:01:48 KST | INFO |     No    : 82.08%
2026-02-14 22:01:48 KST | INFO |     Maybe : 57.14%
2026-02-14 22:01:48 KST | INFO |   🏆 New best accuracy: 81.33%
2026-02-14 22:01:48 KST | INFO | 
2026-02-14 22:01:48 KST | INFO | Epoch 4/100 | LR: 1.056000e-05
2026-02-14 22:03:05 KST | INFO |   Train Loss: 0.2190 | Test Loss: 0.5029 | Test Acc: 79.67%
2026-02-14 22:03:05 KST | INFO |   Per-class F1 scores:
2026-02-14 22:03:05 KST | INFO |     Yes   : 83.66%
2026-02-14 22:03:05 KST | INFO |     No    : 80.53%
2026-02-14 22:03:05 KST | INFO |     Maybe : 58.82%
2026-02-14 22:03:05 KST | INFO |   No improvement (1/10)
2026-02-14 22:03:05 KST | INFO | 
2026-02-14 22:03:05 KST | INFO | Epoch 5/100 | LR: 1.408000e-05
2026-02-14 22:04:21 KST | INFO |   Train Loss: 0.0925 | Test Loss: 0.8018 | Test Acc: 77.00%
2026-02-14 22:04:21 KST | INFO |   Per-class F1 scores:
2026-02-14 22:04:21 KST | INFO |     Yes   : 82.87%
2026-02-14 22:04:21 KST | INFO |     No    : 75.26%
2026-02-14 22:04:21 KST | INFO |     Maybe : 36.36%
2026-02-14 22:04:21 KST | INFO |   No improvement (2/10)
2026-02-14 22:04:21 KST | INFO | 
2026-02-14 22:04:21 KST | INFO | Epoch 6/100 | LR: 1.760000e-05
2026-02-14 22:05:37 KST | INFO |   Train Loss: 0.0435 | Test Loss: 0.9526 | Test Acc: 78.33%
2026-02-14 22:05:37 KST | INFO |   Per-class F1 scores:
2026-02-14 22:05:37 KST | INFO |     Yes   : 82.45%
2026-02-14 22:05:37 KST | INFO |     No    : 76.76%
2026-02-14 22:05:37 KST | INFO |     Maybe : 57.14%
2026-02-14 22:05:37 KST | INFO |   No improvement (3/10)
2026-02-14 22:05:37 KST | INFO | 
2026-02-14 22:05:37 KST | INFO | Epoch 7/100 | LR: 1.993253e-05
2026-02-14 22:06:54 KST | INFO |   Train Loss: 0.0056 | Test Loss: 0.9657 | Test Acc: 78.00%
2026-02-14 22:06:54 KST | INFO |   Per-class F1 scores:
2026-02-14 22:06:54 KST | INFO |     Yes   : 83.62%
2026-02-14 22:06:54 KST | INFO |     No    : 75.38%
2026-02-14 22:06:54 KST | INFO |     Maybe : 46.81%
2026-02-14 22:06:54 KST | INFO |   No improvement (4/10)
2026-02-14 22:06:54 KST | INFO | 
2026-02-14 22:06:54 KST | INFO | Epoch 8/100 | LR: 1.972048e-05
2026-02-14 22:08:10 KST | INFO |   Train Loss: 0.0009 | Test Loss: 0.9499 | Test Acc: 77.33%
2026-02-14 22:08:10 KST | INFO |   Per-class F1 scores:
2026-02-14 22:08:10 KST | INFO |     Yes   : 83.48%
2026-02-14 22:08:10 KST | INFO |     No    : 76.78%
2026-02-14 22:08:10 KST | INFO |     Maybe : 31.82%
2026-02-14 22:08:10 KST | INFO |   No improvement (5/10)
2026-02-14 22:08:10 KST | INFO | 
2026-02-14 22:08:10 KST | INFO | Epoch 9/100 | LR: 1.950843e-05
2026-02-14 22:09:26 KST | INFO |   Train Loss: 0.0002 | Test Loss: 1.0047 | Test Acc: 77.67%
2026-02-14 22:09:26 KST | INFO |   Per-class F1 scores:
2026-02-14 22:09:26 KST | INFO |     Yes   : 83.82%
2026-02-14 22:09:26 KST | INFO |     No    : 77.14%
2026-02-14 22:09:26 KST | INFO |     Maybe : 31.82%
2026-02-14 22:09:26 KST | INFO |   No improvement (6/10)
2026-02-14 22:09:26 KST | INFO | 
2026-02-14 22:09:26 KST | INFO | Epoch 10/100 | LR: 1.929639e-05
2026-02-14 22:10:43 KST | INFO |   Train Loss: 0.0001 | Test Loss: 1.0109 | Test Acc: 78.33%
2026-02-14 22:10:43 KST | INFO |   Per-class F1 scores:
2026-02-14 22:10:43 KST | INFO |     Yes   : 84.39%
2026-02-14 22:10:43 KST | INFO |     No    : 77.73%
2026-02-14 22:10:43 KST | INFO |     Maybe : 32.56%
2026-02-14 22:10:43 KST | INFO |   No improvement (7/10)
2026-02-14 22:10:43 KST | INFO | 
2026-02-14 22:10:43 KST | INFO | Epoch 11/100 | LR: 1.908434e-05
2026-02-14 22:11:59 KST | INFO |   Train Loss: 0.0000 | Test Loss: 1.0527 | Test Acc: 78.00%
2026-02-14 22:11:59 KST | INFO |   Per-class F1 scores:
2026-02-14 22:11:59 KST | INFO |     Yes   : 84.33%
2026-02-14 22:11:59 KST | INFO |     No    : 76.70%
2026-02-14 22:11:59 KST | INFO |     Maybe : 32.56%
2026-02-14 22:11:59 KST | INFO |   No improvement (8/10)
2026-02-14 22:11:59 KST | INFO | 
2026-02-14 22:11:59 KST | INFO | Epoch 12/100 | LR: 1.887229e-05
2026-02-14 22:13:16 KST | INFO |   Train Loss: 0.0000 | Test Loss: 1.0694 | Test Acc: 77.67%
2026-02-14 22:13:16 KST | INFO |   Per-class F1 scores:
2026-02-14 22:13:16 KST | INFO |     Yes   : 84.00%
2026-02-14 22:13:16 KST | INFO |     No    : 76.70%
2026-02-14 22:13:16 KST | INFO |     Maybe : 31.82%
2026-02-14 22:13:16 KST | INFO |   No improvement (9/10)
2026-02-14 22:13:16 KST | INFO | 
2026-02-14 22:13:16 KST | INFO | Epoch 13/100 | LR: 1.866024e-05
2026-02-14 22:14:32 KST | INFO |   Train Loss: 0.0000 | Test Loss: 1.0799 | Test Acc: 77.67%
2026-02-14 22:14:32 KST | INFO |   Per-class F1 scores:
2026-02-14 22:14:32 KST | INFO |     Yes   : 84.00%
2026-02-14 22:14:32 KST | INFO |     No    : 76.70%
2026-02-14 22:14:32 KST | INFO |     Maybe : 31.82%
2026-02-14 22:14:32 KST | INFO |   No improvement (10/10)
2026-02-14 22:14:32 KST | INFO | 
2026-02-14 22:14:32 KST | INFO | Early stopping after 10 epochs without improvement
2026-02-14 22:14:32 KST | INFO | 
2026-02-14 22:14:32 KST | INFO | ================================================================================
2026-02-14 22:14:32 KST | INFO | TRAINING COMPLETE
2026-02-14 22:14:32 KST | INFO | ================================================================================
2026-02-14 22:14:32 KST | INFO | Best accuracy:  81.33% (Epoch 3)
2026-02-14 22:14:32 KST | INFO | Final accuracy: 77.67%
2026-02-14 22:14:32 KST | INFO | ================================================================================
2026-02-14 22:14:32 KST | INFO | 
2026-02-14 22:14:32 KST | INFO | Best test accuracy: 81.33%
2026-02-14 22:14:32 KST | INFO | 
2026-02-14 22:14:32 KST | INFO | Full log: logs/centralized_biogpt_20260214_215748.log
2026-02-14 22:14:32 KST | INFO | ================================================================================
