2026-02-15 00:29:39 KST | INFO | ================================================================================
2026-02-15 00:29:39 KST | INFO | BioGPT Fine-tuning on PubMedQA
2026-02-15 00:29:39 KST | INFO | ================================================================================
2026-02-15 00:29:39 KST | INFO | Log file: logs/centralized_biogpt_20260215_002939.log
2026-02-15 00:29:39 KST | INFO | 
2026-02-15 00:29:39 KST | INFO | Device: cuda
2026-02-15 00:29:39 KST | INFO | 
2026-02-15 00:29:39 KST | INFO | --------------------------------------------------------------------------------
2026-02-15 00:29:39 KST | INFO | CONFIGURATION
2026-02-15 00:29:39 KST | INFO | --------------------------------------------------------------------------------
2026-02-15 00:29:39 KST | INFO | Model:              BioGPT (microsoft/biogpt)
2026-02-15 00:29:39 KST | INFO | Training mode:      Full fine-tuning
2026-02-15 00:29:39 KST | INFO | Epochs:             100
2026-02-15 00:29:39 KST | INFO | Patience:           10
2026-02-15 00:29:39 KST | INFO | Batch size:         8
2026-02-15 00:29:39 KST | INFO | Learning rate:      0.000020
2026-02-15 00:29:39 KST | INFO | Max length:         512
2026-02-15 00:29:39 KST | INFO | Gradient clip:      1.0
2026-02-15 00:29:39 KST | INFO | 
2026-02-15 00:29:39 KST | INFO | --------------------------------------------------------------------------------
2026-02-15 00:29:39 KST | INFO | MODEL LOADING
2026-02-15 00:29:39 KST | INFO | --------------------------------------------------------------------------------
2026-02-15 00:29:39 KST | INFO | HTTP Request: HEAD https://huggingface.co/microsoft/biogpt/resolve/main/tokenizer_config.json "HTTP/1.1 404 Not Found"
2026-02-15 00:29:39 KST | INFO | HTTP Request: GET https://huggingface.co/api/models/microsoft/biogpt/tree/main/additional_chat_templates?recursive=false&expand=false "HTTP/1.1 404 Not Found"
2026-02-15 00:29:39 KST | INFO | HTTP Request: GET https://huggingface.co/api/models/microsoft/biogpt/tree/main?recursive=true&expand=false "HTTP/1.1 200 OK"
2026-02-15 00:29:40 KST | INFO | HTTP Request: HEAD https://huggingface.co/microsoft/biogpt/resolve/main/vocab.json "HTTP/1.1 307 Temporary Redirect"
2026-02-15 00:29:40 KST | INFO | HTTP Request: HEAD https://huggingface.co/api/resolve-cache/models/microsoft/biogpt/eb0d815e95434dc9e3b78f464e52b899bee7d923/vocab.json "HTTP/1.1 200 OK"
2026-02-15 00:29:40 KST | INFO | Loading microsoft/biogpt …
2026-02-15 00:29:41 KST | INFO | HTTP Request: HEAD https://huggingface.co/microsoft/biogpt/resolve/main/config.json "HTTP/1.1 307 Temporary Redirect"
2026-02-15 00:29:41 KST | INFO | HTTP Request: HEAD https://huggingface.co/api/resolve-cache/models/microsoft/biogpt/eb0d815e95434dc9e3b78f464e52b899bee7d923/config.json "HTTP/1.1 200 OK"
2026-02-15 00:29:41 KST | INFO | HTTP Request: HEAD https://huggingface.co/microsoft/biogpt/resolve/main/config.json "HTTP/1.1 307 Temporary Redirect"
2026-02-15 00:29:41 KST | INFO | HTTP Request: HEAD https://huggingface.co/api/resolve-cache/models/microsoft/biogpt/eb0d815e95434dc9e3b78f464e52b899bee7d923/config.json "HTTP/1.1 200 OK"
2026-02-15 00:29:41 KST | INFO | HTTP Request: HEAD https://huggingface.co/microsoft/biogpt/resolve/main/model.safetensors "HTTP/1.1 404 Not Found"
2026-02-15 00:29:41 KST | INFO | HTTP Request: HEAD https://huggingface.co/microsoft/biogpt/resolve/main/model.safetensors.index.json "HTTP/1.1 404 Not Found"
2026-02-15 00:29:42 KST | INFO | HTTP Request: HEAD https://huggingface.co/microsoft/biogpt/resolve/main/pytorch_model.bin "HTTP/1.1 302 Found"
2026-02-15 00:29:42 KST | INFO | HTTP Request: HEAD https://huggingface.co/microsoft/biogpt/resolve/main/model.safetensors "HTTP/1.1 404 Not Found"
2026-02-15 00:29:42 KST | INFO | HTTP Request: GET https://huggingface.co/api/models/microsoft/biogpt "HTTP/1.1 200 OK"
2026-02-15 00:29:42 KST | INFO | HTTP Request: GET https://huggingface.co/api/models/microsoft/biogpt/commits/main "HTTP/1.1 200 OK"
2026-02-15 00:29:42 KST | INFO | HTTP Request: GET https://huggingface.co/api/models/microsoft/biogpt/discussions?p=0 "HTTP/1.1 200 OK"
2026-02-15 00:29:43 KST | INFO | HTTP Request: GET https://huggingface.co/api/models/microsoft/biogpt/commits/refs%2Fpr%2F17 "HTTP/1.1 200 OK"
2026-02-15 00:29:43 KST | INFO | HTTP Request: HEAD https://huggingface.co/microsoft/biogpt/resolve/refs%2Fpr%2F17/model.safetensors.index.json "HTTP/1.1 404 Not Found"
2026-02-15 00:29:43 KST | INFO | HTTP Request: HEAD https://huggingface.co/microsoft/biogpt/resolve/refs%2Fpr%2F17/model.safetensors "HTTP/1.1 302 Found"
2026-02-15 00:29:43 KST | INFO | HTTP Request: HEAD https://huggingface.co/microsoft/biogpt/resolve/main/generation_config.json "HTTP/1.1 404 Not Found"
2026-02-15 00:29:43 KST | INFO | HTTP Request: HEAD https://huggingface.co/microsoft/biogpt/resolve/main/config.json "HTTP/1.1 307 Temporary Redirect"
2026-02-15 00:29:43 KST | INFO | HTTP Request: HEAD https://huggingface.co/api/resolve-cache/models/microsoft/biogpt/eb0d815e95434dc9e3b78f464e52b899bee7d923/config.json "HTTP/1.1 200 OK"
2026-02-15 00:29:43 KST | INFO | Full fine-tuning: 346,766,339 parameters
2026-02-15 00:29:44 KST | INFO | ✓ BioGPTClassifier ready on cuda
2026-02-15 00:29:44 KST | INFO | 
2026-02-15 00:29:44 KST | INFO | --------------------------------------------------------------------------------
2026-02-15 00:29:44 KST | INFO | DATA LOADING
2026-02-15 00:29:44 KST | INFO | --------------------------------------------------------------------------------
2026-02-15 00:29:44 KST | INFO | Attempting to load from Hugging Face...
2026-02-15 00:29:45 KST | INFO | HTTP Request: HEAD https://huggingface.co/datasets/pubmed_qa/resolve/main/README.md "HTTP/1.1 307 Temporary Redirect"
2026-02-15 00:29:45 KST | INFO | HTTP Request: HEAD https://huggingface.co/datasets/qiaojin/PubMedQA/resolve/main/README.md "HTTP/1.1 307 Temporary Redirect"
2026-02-15 00:29:45 KST | INFO | HTTP Request: HEAD https://huggingface.co/api/resolve-cache/datasets/qiaojin/PubMedQA/9001f2853fb87cab8d220904e0de81ac6973b318/README.md "HTTP/1.1 200 OK"
2026-02-15 00:29:45 KST | INFO | HTTP Request: HEAD https://huggingface.co/datasets/pubmed_qa/resolve/9001f2853fb87cab8d220904e0de81ac6973b318/pubmed_qa.py "HTTP/1.1 307 Temporary Redirect"
2026-02-15 00:29:45 KST | INFO | HTTP Request: HEAD https://huggingface.co/datasets/qiaojin/PubMedQA/resolve/9001f2853fb87cab8d220904e0de81ac6973b318/pubmed_qa.py "HTTP/1.1 404 Not Found"
2026-02-15 00:29:46 KST | INFO | HTTP Request: HEAD https://s3.amazonaws.com/datasets.huggingface.co/datasets/datasets/pubmed_qa/pubmed_qa.py "HTTP/1.1 404 Not Found"
2026-02-15 00:29:46 KST | INFO | HTTP Request: GET https://huggingface.co/api/datasets/pubmed_qa/revision/9001f2853fb87cab8d220904e0de81ac6973b318 "HTTP/1.1 307 Temporary Redirect"
2026-02-15 00:29:46 KST | INFO | HTTP Request: GET https://huggingface.co/api/datasets/qiaojin/PubMedQA/revision/9001f2853fb87cab8d220904e0de81ac6973b318 "HTTP/1.1 200 OK"
2026-02-15 00:29:47 KST | INFO | HTTP Request: HEAD https://huggingface.co/datasets/pubmed_qa/resolve/9001f2853fb87cab8d220904e0de81ac6973b318/.huggingface.yaml "HTTP/1.1 307 Temporary Redirect"
2026-02-15 00:29:47 KST | INFO | HTTP Request: HEAD https://huggingface.co/datasets/qiaojin/PubMedQA/resolve/9001f2853fb87cab8d220904e0de81ac6973b318/.huggingface.yaml "HTTP/1.1 404 Not Found"
2026-02-15 00:29:47 KST | INFO | HTTP Request: GET https://datasets-server.huggingface.co/info?dataset=pubmed_qa "HTTP/1.1 404 Not Found"
2026-02-15 00:29:47 KST | INFO | HTTP Request: GET https://huggingface.co/api/datasets/pubmed_qa/tree/9001f2853fb87cab8d220904e0de81ac6973b318/pqa_artificial?recursive=true&expand=false "HTTP/1.1 307 Temporary Redirect"
2026-02-15 00:29:47 KST | INFO | HTTP Request: GET https://huggingface.co/api/datasets/qiaojin/PubMedQA/tree/9001f2853fb87cab8d220904e0de81ac6973b318/pqa_artificial?recursive=true&expand=false "HTTP/1.1 200 OK"
2026-02-15 00:29:48 KST | INFO | HTTP Request: GET https://huggingface.co/api/datasets/pubmed_qa/tree/9001f2853fb87cab8d220904e0de81ac6973b318?recursive=false&expand=false "HTTP/1.1 307 Temporary Redirect"
2026-02-15 00:29:48 KST | INFO | HTTP Request: GET https://huggingface.co/api/datasets/qiaojin/PubMedQA/tree/9001f2853fb87cab8d220904e0de81ac6973b318?recursive=false&expand=false "HTTP/1.1 200 OK"
2026-02-15 00:29:48 KST | INFO | HTTP Request: HEAD https://huggingface.co/datasets/pubmed_qa/resolve/9001f2853fb87cab8d220904e0de81ac6973b318/dataset_infos.json "HTTP/1.1 307 Temporary Redirect"
2026-02-15 00:29:48 KST | INFO | HTTP Request: HEAD https://huggingface.co/datasets/qiaojin/PubMedQA/resolve/9001f2853fb87cab8d220904e0de81ac6973b318/dataset_infos.json "HTTP/1.1 404 Not Found"
2026-02-15 00:29:48 KST | INFO | HTTP Request: GET https://huggingface.co/api/datasets/pubmed_qa/tree/9001f2853fb87cab8d220904e0de81ac6973b318/pqa_labeled?recursive=true&expand=false "HTTP/1.1 307 Temporary Redirect"
2026-02-15 00:29:49 KST | INFO | HTTP Request: GET https://huggingface.co/api/datasets/qiaojin/PubMedQA/tree/9001f2853fb87cab8d220904e0de81ac6973b318/pqa_labeled?recursive=true&expand=false "HTTP/1.1 200 OK"
2026-02-15 00:29:49 KST | INFO | Available splits: ['train']
2026-02-15 00:29:49 KST | INFO | ✓ Loaded from Hugging Face
2026-02-15 00:29:49 KST | INFO |   Total samples:   1,000
2026-02-15 00:29:49 KST | INFO |   Training:        700
2026-02-15 00:29:49 KST | INFO |   Test:            300
2026-02-15 00:29:49 KST | INFO | 
2026-02-15 00:29:49 KST | INFO | --------------------------------------------------------------------------------
2026-02-15 00:29:49 KST | INFO | DATASET PREPARATION
2026-02-15 00:29:49 KST | INFO | --------------------------------------------------------------------------------
2026-02-15 00:29:49 KST | INFO | Training samples:   700
2026-02-15 00:29:49 KST | INFO | Test samples:       300
2026-02-15 00:29:49 KST | INFO | 
2026-02-15 00:29:49 KST | INFO | Training batches:   88
2026-02-15 00:29:49 KST | INFO | Test batches:       38
2026-02-15 00:29:49 KST | INFO | 
2026-02-15 00:29:49 KST | INFO | --------------------------------------------------------------------------------
2026-02-15 00:29:49 KST | INFO | OPTIMIZER & SCHEDULER
2026-02-15 00:29:49 KST | INFO | --------------------------------------------------------------------------------
2026-02-15 00:29:49 KST | INFO | Optimizer:          AdamW (lr=0.000020)
2026-02-15 00:29:49 KST | INFO | Scheduler:          Linear warmup (500 steps / 8800 total)
2026-02-15 00:29:49 KST | INFO | Warmup steps:       500
2026-02-15 00:29:49 KST | INFO | Total steps:        8800
2026-02-15 00:29:49 KST | INFO | 
2026-02-15 00:29:49 KST | INFO | --------------------------------------------------------------------------------
2026-02-15 00:29:49 KST | INFO | TRAINING
2026-02-15 00:29:49 KST | INFO | --------------------------------------------------------------------------------
2026-02-15 00:29:49 KST | INFO | 
2026-02-15 00:29:49 KST | INFO | Epoch 1/100 | LR: 0.000000e+00
2026-02-15 00:31:06 KST | INFO |   Train Loss: 1.0451 | Test Loss: 0.9388 | Test Acc: 57.00%
2026-02-15 00:31:06 KST | INFO |   Per-class F1 scores:
2026-02-15 00:31:06 KST | INFO |     Yes   : 59.18%
2026-02-15 00:31:06 KST | INFO |     No    : 61.95%
2026-02-15 00:31:06 KST | INFO |     Maybe :  0.00%
2026-02-15 00:31:06 KST | INFO |   🏆 New best accuracy: 57.00%
2026-02-15 00:31:06 KST | INFO | 
2026-02-15 00:31:06 KST | INFO | Epoch 2/100 | LR: 3.520000e-06
2026-02-15 00:32:22 KST | INFO |   Train Loss: 0.6592 | Test Loss: 0.5026 | Test Acc: 78.33%
2026-02-15 00:32:22 KST | INFO |   Per-class F1 scores:
2026-02-15 00:32:22 KST | INFO |     Yes   : 81.39%
2026-02-15 00:32:22 KST | INFO |     No    : 81.51%
2026-02-15 00:32:22 KST | INFO |     Maybe : 40.00%
2026-02-15 00:32:22 KST | INFO |   🏆 New best accuracy: 78.33%
2026-02-15 00:32:22 KST | INFO | 
2026-02-15 00:32:22 KST | INFO | Epoch 3/100 | LR: 7.040000e-06
2026-02-15 00:33:38 KST | INFO |   Train Loss: 0.3550 | Test Loss: 0.4486 | Test Acc: 81.00%
2026-02-15 00:33:38 KST | INFO |   Per-class F1 scores:
2026-02-15 00:33:38 KST | INFO |     Yes   : 84.62%
2026-02-15 00:33:38 KST | INFO |     No    : 79.60%
2026-02-15 00:33:38 KST | INFO |     Maybe : 65.57%
2026-02-15 00:33:38 KST | INFO |   🏆 New best accuracy: 81.00%
2026-02-15 00:33:38 KST | INFO | 
2026-02-15 00:33:38 KST | INFO | Epoch 4/100 | LR: 1.056000e-05
2026-02-15 00:34:55 KST | INFO |   Train Loss: 0.2171 | Test Loss: 0.5935 | Test Acc: 79.67%
2026-02-15 00:34:55 KST | INFO |   Per-class F1 scores:
2026-02-15 00:34:55 KST | INFO |     Yes   : 83.76%
2026-02-15 00:34:55 KST | INFO |     No    : 76.24%
2026-02-15 00:34:55 KST | INFO |     Maybe : 67.65%
2026-02-15 00:34:55 KST | INFO |   No improvement (1/10)
2026-02-15 00:34:55 KST | INFO | 
2026-02-15 00:34:55 KST | INFO | Epoch 5/100 | LR: 1.408000e-05
2026-02-15 00:36:11 KST | INFO |   Train Loss: 0.0820 | Test Loss: 0.8899 | Test Acc: 78.33%
2026-02-15 00:36:11 KST | INFO |   Per-class F1 scores:
2026-02-15 00:36:11 KST | INFO |     Yes   : 82.15%
2026-02-15 00:36:11 KST | INFO |     No    : 79.40%
2026-02-15 00:36:11 KST | INFO |     Maybe : 45.83%
2026-02-15 00:36:11 KST | INFO |   No improvement (2/10)
2026-02-15 00:36:11 KST | INFO | 
2026-02-15 00:36:11 KST | INFO | Epoch 6/100 | LR: 1.760000e-05
2026-02-15 00:37:28 KST | INFO |   Train Loss: 0.0262 | Test Loss: 1.7676 | Test Acc: 72.67%
2026-02-15 00:37:28 KST | INFO |   Per-class F1 scores:
2026-02-15 00:37:28 KST | INFO |     Yes   : 79.90%
2026-02-15 00:37:28 KST | INFO |     No    : 68.54%
2026-02-15 00:37:28 KST | INFO |     Maybe : 20.51%
2026-02-15 00:37:28 KST | INFO |   No improvement (3/10)
2026-02-15 00:37:28 KST | INFO | 
2026-02-15 00:37:28 KST | INFO | Epoch 7/100 | LR: 1.993253e-05
2026-02-15 00:38:44 KST | INFO |   Train Loss: 0.0230 | Test Loss: 1.0741 | Test Acc: 76.67%
2026-02-15 00:38:44 KST | INFO |   Per-class F1 scores:
2026-02-15 00:38:44 KST | INFO |     Yes   : 83.01%
2026-02-15 00:38:44 KST | INFO |     No    : 72.13%
2026-02-15 00:38:44 KST | INFO |     Maybe : 51.72%
2026-02-15 00:38:44 KST | INFO |   No improvement (4/10)
2026-02-15 00:38:44 KST | INFO | 
2026-02-15 00:38:44 KST | INFO | Epoch 8/100 | LR: 1.972048e-05
2026-02-15 00:40:00 KST | INFO |   Train Loss: 0.0009 | Test Loss: 1.6657 | Test Acc: 74.33%
2026-02-15 00:40:00 KST | INFO |   Per-class F1 scores:
2026-02-15 00:40:00 KST | INFO |     Yes   : 80.52%
2026-02-15 00:40:00 KST | INFO |     No    : 70.52%
2026-02-15 00:40:00 KST | INFO |     Maybe : 33.33%
2026-02-15 00:40:00 KST | INFO |   No improvement (5/10)
2026-02-15 00:40:00 KST | INFO | 
2026-02-15 00:40:00 KST | INFO | Epoch 9/100 | LR: 1.950843e-05
2026-02-15 00:41:17 KST | INFO |   Train Loss: 0.0003 | Test Loss: 1.0717 | Test Acc: 78.67%
2026-02-15 00:41:17 KST | INFO |   Per-class F1 scores:
2026-02-15 00:41:17 KST | INFO |     Yes   : 84.42%
2026-02-15 00:41:17 KST | INFO |     No    : 77.83%
2026-02-15 00:41:17 KST | INFO |     Maybe : 36.36%
2026-02-15 00:41:17 KST | INFO |   No improvement (6/10)
2026-02-15 00:41:17 KST | INFO | 
2026-02-15 00:41:17 KST | INFO | Epoch 10/100 | LR: 1.929639e-05
2026-02-15 00:42:33 KST | INFO |   Train Loss: 0.0000 | Test Loss: 1.1325 | Test Acc: 78.33%
2026-02-15 00:42:33 KST | INFO |   Per-class F1 scores:
2026-02-15 00:42:33 KST | INFO |     Yes   : 84.12%
2026-02-15 00:42:33 KST | INFO |     No    : 77.78%
2026-02-15 00:42:33 KST | INFO |     Maybe : 32.56%
2026-02-15 00:42:33 KST | INFO |   No improvement (7/10)
2026-02-15 00:42:33 KST | INFO | 
2026-02-15 00:42:33 KST | INFO | Epoch 11/100 | LR: 1.908434e-05
2026-02-15 00:43:49 KST | INFO |   Train Loss: 0.0000 | Test Loss: 1.1676 | Test Acc: 78.33%
2026-02-15 00:43:49 KST | INFO |   Per-class F1 scores:
2026-02-15 00:43:49 KST | INFO |     Yes   : 84.03%
2026-02-15 00:43:49 KST | INFO |     No    : 77.61%
2026-02-15 00:43:49 KST | INFO |     Maybe : 33.33%
2026-02-15 00:43:49 KST | INFO |   No improvement (8/10)
2026-02-15 00:43:49 KST | INFO | 
2026-02-15 00:43:49 KST | INFO | Epoch 12/100 | LR: 1.887229e-05
2026-02-15 00:45:06 KST | INFO |   Train Loss: 0.0000 | Test Loss: 1.1920 | Test Acc: 78.33%
2026-02-15 00:45:06 KST | INFO |   Per-class F1 scores:
2026-02-15 00:45:06 KST | INFO |     Yes   : 83.89%
2026-02-15 00:45:06 KST | INFO |     No    : 77.78%
2026-02-15 00:45:06 KST | INFO |     Maybe : 33.33%
2026-02-15 00:45:06 KST | INFO |   No improvement (9/10)
2026-02-15 00:45:06 KST | INFO | 
2026-02-15 00:45:06 KST | INFO | Epoch 13/100 | LR: 1.866024e-05
2026-02-15 00:46:22 KST | INFO |   Train Loss: 0.0000 | Test Loss: 1.2027 | Test Acc: 78.33%
2026-02-15 00:46:22 KST | INFO |   Per-class F1 scores:
2026-02-15 00:46:22 KST | INFO |     Yes   : 83.89%
2026-02-15 00:46:22 KST | INFO |     No    : 77.78%
2026-02-15 00:46:22 KST | INFO |     Maybe : 33.33%
2026-02-15 00:46:22 KST | INFO |   No improvement (10/10)
2026-02-15 00:46:22 KST | INFO | 
2026-02-15 00:46:22 KST | INFO | Early stopping after 10 epochs without improvement
2026-02-15 00:46:22 KST | INFO | 
2026-02-15 00:46:22 KST | INFO | ================================================================================
2026-02-15 00:46:22 KST | INFO | TRAINING COMPLETE
2026-02-15 00:46:22 KST | INFO | ================================================================================
2026-02-15 00:46:22 KST | INFO | Best accuracy:  81.00% (Epoch 3)
2026-02-15 00:46:22 KST | INFO | Final accuracy: 78.33%
2026-02-15 00:46:22 KST | INFO | ================================================================================
2026-02-15 00:46:22 KST | INFO | 
2026-02-15 00:46:22 KST | INFO | Best test accuracy: 81.00%
2026-02-15 00:46:22 KST | INFO | 
2026-02-15 00:46:22 KST | INFO | Full log: logs/centralized_biogpt_20260215_002939.log
2026-02-15 00:46:22 KST | INFO | ================================================================================
