2026-02-20 17:42:09 KST | INFO | ================================================================================
2026-02-20 17:42:09 KST | INFO | TL++ Orchestrator  [BioGPT / PubMedQA]
2026-02-20 17:42:09 KST | INFO | ================================================================================
2026-02-20 17:42:09 KST | INFO | Log file: logs/TL++_biogpt_secure_lora_20260220_174209.log
2026-02-20 17:42:09 KST | INFO | 
2026-02-20 17:42:09 KST | INFO | --------------------------------------------------------------------------------
2026-02-20 17:42:09 KST | INFO | CONFIGURATION
2026-02-20 17:42:09 KST | INFO | --------------------------------------------------------------------------------
2026-02-20 17:42:09 KST | INFO | Dataset:            PubMedQA (yes / no / maybe)
2026-02-20 17:42:09 KST | INFO | Model:              BioGPT (microsoft/biogpt)
2026-02-20 17:42:09 KST | INFO | Secure mode:        True
2026-02-20 17:42:09 KST | INFO | LoRA:               True
2026-02-20 17:42:09 KST | INFO |   r=8, alpha=16, dropout=0.1
2026-02-20 17:42:09 KST | INFO | Nodes:              3
2026-02-20 17:42:09 KST | INFO | Cut layer:          1
2026-02-20 17:42:09 KST | INFO | Batch size:         8
2026-02-20 17:42:09 KST | INFO | Learning rate:      2.00e-05
2026-02-20 17:42:09 KST | INFO | Max seq length:     512
2026-02-20 17:42:09 KST | INFO | 
2026-02-20 17:42:09 KST | INFO | Computation device: cuda
2026-02-20 17:42:09 KST | INFO | Secure mode: ✓ ENABLED
2026-02-20 17:42:09 KST | INFO | 
2026-02-20 17:42:09 KST | INFO | --------------------------------------------------------------------------------
2026-02-20 17:42:09 KST | INFO | NETWORK SETUP
2026-02-20 17:42:09 KST | INFO | --------------------------------------------------------------------------------
2026-02-20 17:42:09 KST | INFO | ✓ Orchestrator listening on 127.0.0.1:9080
2026-02-20 17:42:09 KST | INFO | Waiting for helper node …
2026-02-20 17:42:12 KST | INFO | ✓ Helper node connected
2026-02-20 17:42:12 KST | INFO | ✓ Noise config sent (activation: 2.0%, gradient: 10.0%)
2026-02-20 17:42:12 KST | INFO | 
2026-02-20 17:42:12 KST | INFO | Waiting for 3 node(s) …
2026-02-20 17:42:14 KST | INFO |   ✓ Node 1/3 connected
2026-02-20 17:42:15 KST | INFO |   ✓ Node 2/3 connected
2026-02-20 17:42:16 KST | INFO |   ✓ Node 3/3 connected
2026-02-20 17:42:16 KST | INFO | ✓ All 3 node(s) connected
2026-02-20 17:42:16 KST | INFO | 
2026-02-20 17:42:16 KST | INFO | --------------------------------------------------------------------------------
2026-02-20 17:42:16 KST | INFO | MODEL INITIALISATION  [BioGPT + LoRA on orch-side layers]
2026-02-20 17:42:16 KST | INFO | --------------------------------------------------------------------------------
2026-02-20 17:42:16 KST | INFO | HTTP Request: HEAD https://huggingface.co/microsoft/biogpt/resolve/main/config.json "HTTP/1.1 307 Temporary Redirect"
2026-02-20 17:42:16 KST | WARNING | Warning: You are sending unauthenticated requests to the HF Hub. Please set a HF_TOKEN to enable higher rate limits and faster downloads.
2026-02-20 17:42:16 KST | INFO | HTTP Request: HEAD https://huggingface.co/api/resolve-cache/models/microsoft/biogpt/eb0d815e95434dc9e3b78f464e52b899bee7d923/config.json "HTTP/1.1 200 OK"
2026-02-20 17:42:16 KST | INFO | HTTP Request: HEAD https://huggingface.co/microsoft/biogpt/resolve/main/config.json "HTTP/1.1 307 Temporary Redirect"
2026-02-20 17:42:16 KST | INFO | HTTP Request: HEAD https://huggingface.co/api/resolve-cache/models/microsoft/biogpt/eb0d815e95434dc9e3b78f464e52b899bee7d923/config.json "HTTP/1.1 200 OK"
2026-02-20 17:42:17 KST | INFO | HTTP Request: HEAD https://huggingface.co/microsoft/biogpt/resolve/main/model.safetensors "HTTP/1.1 404 Not Found"
2026-02-20 17:42:17 KST | INFO | HTTP Request: HEAD https://huggingface.co/microsoft/biogpt/resolve/main/model.safetensors.index.json "HTTP/1.1 404 Not Found"
2026-02-20 17:42:17 KST | INFO | HTTP Request: HEAD https://huggingface.co/microsoft/biogpt/resolve/main/pytorch_model.bin "HTTP/1.1 302 Found"
2026-02-20 17:42:17 KST | INFO | HTTP Request: HEAD https://huggingface.co/microsoft/biogpt/resolve/main/model.safetensors "HTTP/1.1 404 Not Found"
2026-02-20 17:42:17 KST | INFO | HTTP Request: GET https://huggingface.co/api/models/microsoft/biogpt "HTTP/1.1 200 OK"
2026-02-20 17:42:18 KST | INFO | HTTP Request: GET https://huggingface.co/api/models/microsoft/biogpt/commits/main "HTTP/1.1 200 OK"
2026-02-20 17:42:18 KST | INFO | HTTP Request: GET https://huggingface.co/api/models/microsoft/biogpt/discussions?p=0 "HTTP/1.1 200 OK"
2026-02-20 17:42:18 KST | INFO | HTTP Request: GET https://huggingface.co/api/models/microsoft/biogpt/commits/refs%2Fpr%2F17 "HTTP/1.1 200 OK"
2026-02-20 17:42:18 KST | INFO | HTTP Request: HEAD https://huggingface.co/microsoft/biogpt/resolve/refs%2Fpr%2F17/model.safetensors.index.json "HTTP/1.1 404 Not Found"
2026-02-20 17:42:18 KST | INFO | HTTP Request: HEAD https://huggingface.co/microsoft/biogpt/resolve/refs%2Fpr%2F17/model.safetensors "HTTP/1.1 302 Found"
2026-02-20 17:42:19 KST | INFO | HTTP Request: HEAD https://huggingface.co/microsoft/biogpt/resolve/main/generation_config.json "HTTP/1.1 404 Not Found"
2026-02-20 17:42:19 KST | INFO | HTTP Request: HEAD https://huggingface.co/microsoft/biogpt/resolve/main/config.json "HTTP/1.1 307 Temporary Redirect"
2026-02-20 17:42:19 KST | INFO | HTTP Request: HEAD https://huggingface.co/api/resolve-cache/models/microsoft/biogpt/eb0d815e95434dc9e3b78f464e52b899bee7d923/config.json "HTTP/1.1 200 OK"
2026-02-20 17:42:19 KST | INFO | Node-side parameters:      69,644,288
2026-02-20 17:42:19 KST | INFO | 
2026-02-20 17:42:19 KST | INFO | Broadcasting configuration to nodes …
2026-02-20 17:42:36 KST | INFO | ✓ Configuration broadcast to all nodes
2026-02-20 17:42:36 KST | INFO | Loading microsoft/biogpt …
2026-02-20 17:42:36 KST | INFO | HTTP Request: HEAD https://huggingface.co/microsoft/biogpt/resolve/main/config.json "HTTP/1.1 307 Temporary Redirect"
2026-02-20 17:42:36 KST | INFO | HTTP Request: HEAD https://huggingface.co/api/resolve-cache/models/microsoft/biogpt/eb0d815e95434dc9e3b78f464e52b899bee7d923/config.json "HTTP/1.1 200 OK"
2026-02-20 17:42:37 KST | INFO | HTTP Request: HEAD https://huggingface.co/microsoft/biogpt/resolve/main/config.json "HTTP/1.1 307 Temporary Redirect"
2026-02-20 17:42:37 KST | INFO | HTTP Request: HEAD https://huggingface.co/api/resolve-cache/models/microsoft/biogpt/eb0d815e95434dc9e3b78f464e52b899bee7d923/config.json "HTTP/1.1 200 OK"
2026-02-20 17:42:37 KST | INFO | HTTP Request: HEAD https://huggingface.co/microsoft/biogpt/resolve/main/model.safetensors "HTTP/1.1 404 Not Found"
2026-02-20 17:42:37 KST | INFO | HTTP Request: HEAD https://huggingface.co/microsoft/biogpt/resolve/main/model.safetensors.index.json "HTTP/1.1 404 Not Found"
2026-02-20 17:42:37 KST | INFO | HTTP Request: HEAD https://huggingface.co/microsoft/biogpt/resolve/main/pytorch_model.bin "HTTP/1.1 302 Found"
2026-02-20 17:42:37 KST | INFO | HTTP Request: HEAD https://huggingface.co/microsoft/biogpt/resolve/main/model.safetensors "HTTP/1.1 404 Not Found"
2026-02-20 17:42:38 KST | INFO | HTTP Request: GET https://huggingface.co/api/models/microsoft/biogpt "HTTP/1.1 200 OK"
2026-02-20 17:42:38 KST | INFO | HTTP Request: GET https://huggingface.co/api/models/microsoft/biogpt/commits/main "HTTP/1.1 200 OK"
2026-02-20 17:42:38 KST | INFO | HTTP Request: GET https://huggingface.co/api/models/microsoft/biogpt/discussions?p=0 "HTTP/1.1 200 OK"
2026-02-20 17:42:38 KST | INFO | HTTP Request: GET https://huggingface.co/api/models/microsoft/biogpt/commits/refs%2Fpr%2F17 "HTTP/1.1 200 OK"
2026-02-20 17:42:39 KST | INFO | HTTP Request: HEAD https://huggingface.co/microsoft/biogpt/resolve/refs%2Fpr%2F17/model.safetensors.index.json "HTTP/1.1 404 Not Found"
2026-02-20 17:42:39 KST | INFO | HTTP Request: HEAD https://huggingface.co/microsoft/biogpt/resolve/refs%2Fpr%2F17/model.safetensors "HTTP/1.1 302 Found"
2026-02-20 17:42:39 KST | INFO | HTTP Request: HEAD https://huggingface.co/microsoft/biogpt/resolve/main/generation_config.json "HTTP/1.1 404 Not Found"
2026-02-20 17:42:40 KST | INFO | HTTP Request: HEAD https://huggingface.co/microsoft/biogpt/resolve/main/config.json "HTTP/1.1 307 Temporary Redirect"
2026-02-20 17:42:40 KST | INFO | HTTP Request: HEAD https://huggingface.co/api/resolve-cache/models/microsoft/biogpt/eb0d815e95434dc9e3b78f464e52b899bee7d923/config.json "HTTP/1.1 200 OK"
2026-02-20 17:42:40 KST | INFO | LoRA applied to orch-side layers [2, 6): trainable 346,766,339 / 346,766,339 (100.00%)
2026-02-20 17:42:41 KST | INFO | Total parameters:          346,766,339
2026-02-20 17:42:41 KST | INFO | Trainable parameters:      346,766,339
2026-02-20 17:42:41 KST | INFO |   (LoRA on orch-side layers, full fine-tune on node-side layers)
2026-02-20 17:42:41 KST | INFO | 
2026-02-20 17:42:41 KST | INFO | --------------------------------------------------------------------------------
2026-02-20 17:42:41 KST | INFO | DATA LOADING
2026-02-20 17:42:41 KST | INFO | --------------------------------------------------------------------------------
2026-02-20 17:42:46 KST | INFO | ✓ Dataset sizes received:
2026-02-20 17:42:46 KST | INFO |     Node 1: 397 samples
2026-02-20 17:42:46 KST | INFO |     Node 2: 228 samples
2026-02-20 17:42:46 KST | INFO |     Node 3: 75 samples
2026-02-20 17:42:46 KST | INFO |   Total training: 700
2026-02-20 17:42:46 KST | INFO | 
2026-02-20 17:42:47 KST | INFO | HTTP Request: HEAD https://huggingface.co/microsoft/biogpt/resolve/main/tokenizer_config.json "HTTP/1.1 404 Not Found"
2026-02-20 17:42:47 KST | INFO | HTTP Request: GET https://huggingface.co/api/models/microsoft/biogpt/tree/main/additional_chat_templates?recursive=false&expand=false "HTTP/1.1 404 Not Found"
2026-02-20 17:42:47 KST | INFO | HTTP Request: GET https://huggingface.co/api/models/microsoft/biogpt/tree/main?recursive=true&expand=false "HTTP/1.1 200 OK"
2026-02-20 17:42:47 KST | INFO | HTTP Request: HEAD https://huggingface.co/microsoft/biogpt/resolve/main/vocab.json "HTTP/1.1 307 Temporary Redirect"
2026-02-20 17:42:47 KST | INFO | HTTP Request: HEAD https://huggingface.co/api/resolve-cache/models/microsoft/biogpt/eb0d815e95434dc9e3b78f464e52b899bee7d923/vocab.json "HTTP/1.1 200 OK"
2026-02-20 17:42:48 KST | INFO | Loading PubMedQA from Hugging Face …
2026-02-20 17:42:48 KST | INFO | HTTP Request: HEAD https://huggingface.co/datasets/pubmed_qa/resolve/main/README.md "HTTP/1.1 307 Temporary Redirect"
2026-02-20 17:42:49 KST | INFO | HTTP Request: HEAD https://huggingface.co/datasets/qiaojin/PubMedQA/resolve/main/README.md "HTTP/1.1 307 Temporary Redirect"
2026-02-20 17:42:49 KST | INFO | HTTP Request: HEAD https://huggingface.co/api/resolve-cache/datasets/qiaojin/PubMedQA/9001f2853fb87cab8d220904e0de81ac6973b318/README.md "HTTP/1.1 200 OK"
2026-02-20 17:42:49 KST | INFO | HTTP Request: HEAD https://huggingface.co/datasets/pubmed_qa/resolve/9001f2853fb87cab8d220904e0de81ac6973b318/pubmed_qa.py "HTTP/1.1 307 Temporary Redirect"
2026-02-20 17:42:49 KST | INFO | HTTP Request: HEAD https://huggingface.co/datasets/qiaojin/PubMedQA/resolve/9001f2853fb87cab8d220904e0de81ac6973b318/pubmed_qa.py "HTTP/1.1 404 Not Found"
2026-02-20 17:42:50 KST | INFO | HTTP Request: HEAD https://s3.amazonaws.com/datasets.huggingface.co/datasets/datasets/pubmed_qa/pubmed_qa.py "HTTP/1.1 404 Not Found"
2026-02-20 17:42:50 KST | INFO | HTTP Request: GET https://huggingface.co/api/datasets/pubmed_qa/revision/9001f2853fb87cab8d220904e0de81ac6973b318 "HTTP/1.1 307 Temporary Redirect"
2026-02-20 17:42:50 KST | INFO | HTTP Request: GET https://huggingface.co/api/datasets/qiaojin/PubMedQA/revision/9001f2853fb87cab8d220904e0de81ac6973b318 "HTTP/1.1 200 OK"
2026-02-20 17:42:50 KST | INFO | HTTP Request: HEAD https://huggingface.co/datasets/pubmed_qa/resolve/9001f2853fb87cab8d220904e0de81ac6973b318/.huggingface.yaml "HTTP/1.1 307 Temporary Redirect"
2026-02-20 17:42:51 KST | INFO | HTTP Request: HEAD https://huggingface.co/datasets/qiaojin/PubMedQA/resolve/9001f2853fb87cab8d220904e0de81ac6973b318/.huggingface.yaml "HTTP/1.1 404 Not Found"
2026-02-20 17:42:51 KST | INFO | HTTP Request: GET https://datasets-server.huggingface.co/info?dataset=pubmed_qa "HTTP/1.1 404 Not Found"
2026-02-20 17:42:51 KST | INFO | HTTP Request: GET https://huggingface.co/api/datasets/pubmed_qa/tree/9001f2853fb87cab8d220904e0de81ac6973b318/pqa_artificial?recursive=true&expand=false "HTTP/1.1 307 Temporary Redirect"
2026-02-20 17:42:51 KST | INFO | HTTP Request: GET https://huggingface.co/api/datasets/qiaojin/PubMedQA/tree/9001f2853fb87cab8d220904e0de81ac6973b318/pqa_artificial?recursive=true&expand=false "HTTP/1.1 200 OK"
2026-02-20 17:42:51 KST | INFO | HTTP Request: GET https://huggingface.co/api/datasets/pubmed_qa/tree/9001f2853fb87cab8d220904e0de81ac6973b318?recursive=false&expand=false "HTTP/1.1 307 Temporary Redirect"
2026-02-20 17:42:52 KST | INFO | HTTP Request: GET https://huggingface.co/api/datasets/qiaojin/PubMedQA/tree/9001f2853fb87cab8d220904e0de81ac6973b318?recursive=false&expand=false "HTTP/1.1 200 OK"
2026-02-20 17:42:52 KST | INFO | HTTP Request: HEAD https://huggingface.co/datasets/pubmed_qa/resolve/9001f2853fb87cab8d220904e0de81ac6973b318/dataset_infos.json "HTTP/1.1 307 Temporary Redirect"
2026-02-20 17:42:52 KST | INFO | HTTP Request: HEAD https://huggingface.co/datasets/qiaojin/PubMedQA/resolve/9001f2853fb87cab8d220904e0de81ac6973b318/dataset_infos.json "HTTP/1.1 404 Not Found"
2026-02-20 17:42:52 KST | INFO | HTTP Request: GET https://huggingface.co/api/datasets/pubmed_qa/tree/9001f2853fb87cab8d220904e0de81ac6973b318/pqa_labeled?recursive=true&expand=false "HTTP/1.1 307 Temporary Redirect"
2026-02-20 17:42:53 KST | INFO | HTTP Request: GET https://huggingface.co/api/datasets/qiaojin/PubMedQA/tree/9001f2853fb87cab8d220904e0de81ac6973b318/pqa_labeled?recursive=true&expand=false "HTTP/1.1 200 OK"
2026-02-20 17:42:53 KST | INFO | ✓ HF PubMedQA: 1000 total, 700 train / 300 test
2026-02-20 17:42:57 KST | INFO | ✓ Test set: 300 samples
2026-02-20 17:42:57 KST | INFO | 
2026-02-20 17:42:57 KST | INFO | ✓ Batch scheduler: 88 batches/epoch
2026-02-20 17:42:57 KST | INFO | 
2026-02-20 17:42:57 KST | INFO | --------------------------------------------------------------------------------
2026-02-20 17:42:57 KST | INFO | OPTIMISATION SETUP
2026-02-20 17:42:57 KST | INFO | --------------------------------------------------------------------------------
2026-02-20 17:42:57 KST | INFO | ✓ Optimizer:  AdamW (lr=2.00e-05)
2026-02-20 17:42:57 KST | INFO | ✓ Scheduler:  Linear warmup (500 steps / 8800 total)
2026-02-20 17:42:57 KST | INFO | ✓ Grad clip:  1.0
2026-02-20 17:42:57 KST | INFO | 
2026-02-20 17:42:57 KST | INFO | ================================================================================
2026-02-20 17:42:57 KST | INFO | Setup complete — Ready for training
2026-02-20 17:42:57 KST | INFO | ================================================================================
2026-02-20 17:42:57 KST | INFO | 
2026-02-20 17:42:57 KST | INFO | --------------------------------------------------------------------------------
2026-02-20 17:42:57 KST | INFO | TRAINING
2026-02-20 17:42:57 KST | INFO | --------------------------------------------------------------------------------
2026-02-20 17:42:57 KST | INFO | 
2026-02-20 17:42:57 KST | INFO | Epoch 1/100 | LR: 0.000000e+00
2026-02-20 22:59:25 KST | INFO |   Train Loss: 1.5199 | Test Loss: 0.0662 | Test Acc: 45.00%
2026-02-20 22:59:25 KST | INFO |     yes   : F1=53.38%
2026-02-20 22:59:25 KST | INFO |     no    : F1=41.60%
2026-02-20 22:59:25 KST | INFO |     maybe : F1= 0.00%
2026-02-20 22:59:25 KST | INFO |   🏆 New best accuracy: 45.00%
2026-02-20 22:59:25 KST | INFO | 
2026-02-20 22:59:25 KST | INFO | Epoch 2/100 | LR: 3.520000e-06
2026-02-21 04:20:10 KST | INFO |   Train Loss: 1.1652 | Test Loss: 0.0647 | Test Acc: 47.67%
2026-02-21 04:20:10 KST | INFO |     yes   : F1=61.25%
2026-02-21 04:20:10 KST | INFO |     no    : F1=31.28%
2026-02-21 04:20:10 KST | INFO |     maybe : F1= 7.69%
2026-02-21 04:20:10 KST | INFO |   🏆 New best accuracy: 47.67%
2026-02-21 04:20:10 KST | INFO | 
2026-02-21 04:20:10 KST | INFO | Epoch 3/100 | LR: 7.040000e-06
2026-02-21 09:44:28 KST | INFO |   Train Loss: 1.0213 | Test Loss: 0.0682 | Test Acc: 41.67%
2026-02-21 09:44:28 KST | INFO |     yes   : F1=24.08%
2026-02-21 09:44:28 KST | INFO |     no    : F1=54.55%
2026-02-21 09:44:28 KST | INFO |     maybe : F1= 0.00%
2026-02-21 09:44:28 KST | INFO |   No improvement (1/10)
2026-02-21 09:44:28 KST | INFO | 
2026-02-21 09:44:28 KST | INFO | Epoch 4/100 | LR: 1.056000e-05
2026-02-21 15:09:43 KST | INFO |   Train Loss: 0.7655 | Test Loss: 0.0462 | Test Acc: 73.00%
2026-02-21 15:09:43 KST | INFO |     yes   : F1=77.67%
2026-02-21 15:09:43 KST | INFO |     no    : F1=76.35%
2026-02-21 15:09:43 KST | INFO |     maybe : F1=28.00%
2026-02-21 15:09:43 KST | INFO |   🏆 New best accuracy: 73.00%
2026-02-21 15:09:43 KST | INFO | 
2026-02-21 15:09:43 KST | INFO | Epoch 5/100 | LR: 1.408000e-05
2026-02-21 20:33:59 KST | INFO |   Train Loss: 0.3361 | Test Loss: 0.0350 | Test Acc: 74.67%
2026-02-21 20:33:59 KST | INFO |     yes   : F1=80.32%
2026-02-21 20:33:59 KST | INFO |     no    : F1=73.91%
2026-02-21 20:33:59 KST | INFO |     maybe : F1=25.00%
2026-02-21 20:33:59 KST | INFO |   🏆 New best accuracy: 74.67%
2026-02-21 20:33:59 KST | INFO | 
2026-02-21 20:33:59 KST | INFO | Epoch 6/100 | LR: 1.760000e-05
2026-02-22 01:59:36 KST | INFO |   Train Loss: 0.2806 | Test Loss: 0.0311 | Test Acc: 79.67%
2026-02-22 01:59:36 KST | INFO |     yes   : F1=83.52%
2026-02-22 01:59:36 KST | INFO |     no    : F1=80.21%
2026-02-22 01:59:36 KST | INFO |     maybe : F1=53.57%
2026-02-22 01:59:36 KST | INFO |   🏆 New best accuracy: 79.67%
2026-02-22 01:59:36 KST | INFO | 
2026-02-22 01:59:36 KST | INFO | Epoch 7/100 | LR: 1.993253e-05
2026-02-22 07:27:06 KST | INFO |   Train Loss: 0.1328 | Test Loss: 0.0261 | Test Acc: 84.00%
2026-02-22 07:27:06 KST | INFO |     yes   : F1=86.56%
2026-02-22 07:27:06 KST | INFO |     no    : F1=83.93%
2026-02-22 07:27:06 KST | INFO |     maybe : F1=73.24%
2026-02-22 07:27:06 KST | INFO |   🏆 New best accuracy: 84.00%
2026-02-22 07:27:06 KST | INFO | 
2026-02-22 07:27:06 KST | INFO | Epoch 8/100 | LR: 1.972048e-05
2026-02-22 12:58:47 KST | INFO |   Train Loss: 0.0950 | Test Loss: 0.0265 | Test Acc: 82.00%
2026-02-22 12:58:47 KST | INFO |     yes   : F1=84.77%
2026-02-22 12:58:47 KST | INFO |     no    : F1=82.76%
2026-02-22 12:58:47 KST | INFO |     maybe : F1=66.67%
2026-02-22 12:58:47 KST | INFO |   No improvement (1/10)
2026-02-22 12:58:47 KST | INFO | 
2026-02-22 12:58:47 KST | INFO | Epoch 9/100 | LR: 1.950843e-05
2026-02-22 18:29:28 KST | INFO |   Train Loss: 0.0288 | Test Loss: 0.0287 | Test Acc: 82.00%
2026-02-22 18:29:28 KST | INFO |     yes   : F1=84.98%
2026-02-22 18:29:28 KST | INFO |     no    : F1=83.04%
2026-02-22 18:29:28 KST | INFO |     maybe : F1=63.49%
2026-02-22 18:29:28 KST | INFO |   No improvement (2/10)
2026-02-22 18:29:28 KST | INFO | 
2026-02-22 18:29:28 KST | INFO | Epoch 10/100 | LR: 1.929639e-05
2026-02-23 00:01:48 KST | INFO |   Train Loss: 0.0034 | Test Loss: 0.0317 | Test Acc: 79.33%
2026-02-23 00:01:48 KST | INFO |     yes   : F1=82.67%
2026-02-23 00:01:48 KST | INFO |     no    : F1=79.59%
2026-02-23 00:01:48 KST | INFO |     maybe : F1=64.00%
2026-02-23 00:01:48 KST | INFO |   No improvement (3/10)
2026-02-23 00:01:48 KST | INFO | 
2026-02-23 00:01:48 KST | INFO | Epoch 11/100 | LR: 1.908434e-05
2026-02-23 05:33:51 KST | INFO |   Train Loss: 0.0003 | Test Loss: 0.0317 | Test Acc: 79.67%
2026-02-23 05:33:51 KST | INFO |     yes   : F1=83.99%
2026-02-23 05:33:51 KST | INFO |     no    : F1=78.50%
2026-02-23 05:33:51 KST | INFO |     maybe : F1=58.18%
2026-02-23 05:33:51 KST | INFO |   No improvement (4/10)
2026-02-23 05:33:51 KST | INFO | 
2026-02-23 05:33:51 KST | INFO | Epoch 12/100 | LR: 1.887229e-05
2026-02-23 11:04:58 KST | INFO |   Train Loss: 0.0000 | Test Loss: 0.0321 | Test Acc: 79.00%
2026-02-23 11:04:58 KST | INFO |     yes   : F1=82.63%
2026-02-23 11:04:58 KST | INFO |     no    : F1=78.64%
2026-02-23 11:04:58 KST | INFO |     maybe : F1=60.00%
2026-02-23 11:04:58 KST | INFO |   No improvement (5/10)
2026-02-23 11:04:58 KST | INFO | 
2026-02-23 11:04:58 KST | INFO | Epoch 13/100 | LR: 1.866024e-05
2026-02-23 16:39:18 KST | INFO |   Train Loss: 0.0000 | Test Loss: 0.0320 | Test Acc: 79.00%
2026-02-23 16:39:18 KST | INFO |     yes   : F1=82.63%
2026-02-23 16:39:18 KST | INFO |     no    : F1=78.64%
2026-02-23 16:39:18 KST | INFO |     maybe : F1=60.00%
2026-02-23 16:39:18 KST | INFO |   No improvement (6/10)
2026-02-23 16:39:18 KST | INFO | 
2026-02-23 16:39:18 KST | INFO | Epoch 14/100 | LR: 1.844819e-05
2026-02-23 22:18:57 KST | INFO |   Train Loss: 0.0000 | Test Loss: 0.0321 | Test Acc: 79.00%
2026-02-23 22:18:57 KST | INFO |     yes   : F1=82.63%
2026-02-23 22:18:57 KST | INFO |     no    : F1=78.64%
2026-02-23 22:18:57 KST | INFO |     maybe : F1=60.00%
2026-02-23 22:18:57 KST | INFO |   No improvement (7/10)
2026-02-23 22:18:57 KST | INFO | 
2026-02-23 22:18:57 KST | INFO | Epoch 15/100 | LR: 1.823614e-05
2026-02-24 03:52:59 KST | INFO |   Train Loss: 0.0000 | Test Loss: 0.0321 | Test Acc: 79.00%
2026-02-24 03:52:59 KST | INFO |     yes   : F1=82.88%
2026-02-24 03:52:59 KST | INFO |     no    : F1=78.26%
2026-02-24 03:52:59 KST | INFO |     maybe : F1=60.00%
2026-02-24 03:52:59 KST | INFO |   No improvement (8/10)
2026-02-24 03:52:59 KST | INFO | 
2026-02-24 03:52:59 KST | INFO | Epoch 16/100 | LR: 1.802410e-05
2026-02-24 09:22:20 KST | INFO |   Train Loss: 0.0000 | Test Loss: 0.0322 | Test Acc: 79.33%
2026-02-24 09:22:20 KST | INFO |     yes   : F1=82.99%
2026-02-24 09:22:20 KST | INFO |     no    : F1=79.02%
2026-02-24 09:22:20 KST | INFO |     maybe : F1=60.00%
2026-02-24 09:22:20 KST | INFO |   No improvement (9/10)
2026-02-24 09:22:20 KST | INFO | 
2026-02-24 09:22:20 KST | INFO | Epoch 17/100 | LR: 1.781205e-05
2026-02-24 14:54:52 KST | INFO |   Train Loss: 0.0000 | Test Loss: 0.0323 | Test Acc: 79.33%
2026-02-24 14:54:52 KST | INFO |     yes   : F1=82.99%
2026-02-24 14:54:52 KST | INFO |     no    : F1=79.02%
2026-02-24 14:54:52 KST | INFO |     maybe : F1=60.00%
2026-02-24 14:54:52 KST | INFO |   No improvement (10/10)
2026-02-24 14:54:52 KST | INFO | 
Early stopping after 10 epochs without improvement
2026-02-24 14:54:52 KST | INFO | 
2026-02-24 14:54:52 KST | INFO | ================================================================================
2026-02-24 14:54:52 KST | INFO | TRAINING COMPLETE
2026-02-24 14:54:52 KST | INFO | ================================================================================
2026-02-24 14:54:52 KST | INFO | Best accuracy:  84.00% (Epoch 7)
2026-02-24 14:54:52 KST | INFO | ================================================================================
2026-02-24 14:54:52 KST | INFO | 
2026-02-24 14:54:52 KST | INFO | Notifying nodes of completion …
2026-02-24 14:54:53 KST | INFO | ✓ Nodes notified
2026-02-24 14:54:53 KST | INFO | 
2026-02-24 14:54:53 KST | INFO | Closing connections …
2026-02-24 14:54:53 KST | INFO | ✓ Cleanup complete
2026-02-24 14:54:53 KST | INFO | 
Full log: logs/TL++_biogpt_secure_lora_20260220_174209.log
2026-02-24 14:54:53 KST | INFO | ================================================================================
