2026-03-02 06:28:25 KST | INFO | ================================================================================
2026-03-02 06:28:25 KST | INFO | TL++ Orchestrator  [BioGPT / PubMedQA]
2026-03-02 06:28:25 KST | INFO | ================================================================================
2026-03-02 06:28:25 KST | INFO | Log file: logs/TL++_biogpt_secure_lora_20260302_062825.log
2026-03-02 06:28:25 KST | INFO | 
2026-03-02 06:28:25 KST | INFO | --------------------------------------------------------------------------------
2026-03-02 06:28:25 KST | INFO | CONFIGURATION
2026-03-02 06:28:25 KST | INFO | --------------------------------------------------------------------------------
2026-03-02 06:28:25 KST | INFO | Dataset:            PubMedQA (yes / no / maybe)
2026-03-02 06:28:25 KST | INFO | Model:              BioGPT (microsoft/biogpt)
2026-03-02 06:28:25 KST | INFO | Secure mode:        True
2026-03-02 06:28:25 KST | INFO | LoRA:               True
2026-03-02 06:28:25 KST | INFO |   r=8, alpha=16, dropout=0.1
2026-03-02 06:28:25 KST | INFO | Nodes:              3
2026-03-02 06:28:25 KST | INFO | Cut layer:          1
2026-03-02 06:28:25 KST | INFO | Batch size:         8
2026-03-02 06:28:25 KST | INFO | Learning rate:      2.00e-05
2026-03-02 06:28:25 KST | INFO | Max seq length:     512
2026-03-02 06:28:25 KST | INFO | 
2026-03-02 06:28:25 KST | INFO | Computation device: cuda
2026-03-02 06:28:25 KST | INFO | Secure mode: ✓ ENABLED
2026-03-02 06:28:25 KST | INFO | 
2026-03-02 06:28:25 KST | INFO | --------------------------------------------------------------------------------
2026-03-02 06:28:25 KST | INFO | NETWORK SETUP
2026-03-02 06:28:25 KST | INFO | --------------------------------------------------------------------------------
2026-03-02 06:28:25 KST | INFO | ✓ Orchestrator listening on 127.0.0.1:9080
2026-03-02 06:28:25 KST | INFO | Waiting for helper node …
2026-03-02 06:28:28 KST | INFO | ✓ Helper node connected
2026-03-02 06:28:28 KST | INFO | ✓ Noise config sent (activation: 2.0%, gradient: 10.0%)
2026-03-02 06:28:28 KST | INFO | 
2026-03-02 06:28:28 KST | INFO | Waiting for 3 node(s) …
2026-03-02 06:28:30 KST | INFO |   ✓ Node 1/3 connected
2026-03-02 06:28:31 KST | INFO |   ✓ Node 2/3 connected
2026-03-02 06:28:32 KST | INFO |   ✓ Node 3/3 connected
2026-03-02 06:28:32 KST | INFO | ✓ All 3 node(s) connected
2026-03-02 06:28:32 KST | INFO | 
2026-03-02 06:28:32 KST | INFO | --------------------------------------------------------------------------------
2026-03-02 06:28:32 KST | INFO | MODEL INITIALISATION  [BioGPT + LoRA on orch-side layers]
2026-03-02 06:28:32 KST | INFO | --------------------------------------------------------------------------------
2026-03-02 06:28:32 KST | INFO | HTTP Request: HEAD https://huggingface.co/microsoft/biogpt/resolve/main/config.json "HTTP/1.1 307 Temporary Redirect"
2026-03-02 06:28:32 KST | INFO | HTTP Request: HEAD https://huggingface.co/api/resolve-cache/models/microsoft/biogpt/eb0d815e95434dc9e3b78f464e52b899bee7d923/config.json "HTTP/1.1 200 OK"
2026-03-02 06:28:32 KST | INFO | HTTP Request: HEAD https://huggingface.co/microsoft/biogpt/resolve/main/config.json "HTTP/1.1 307 Temporary Redirect"
2026-03-02 06:28:32 KST | INFO | HTTP Request: HEAD https://huggingface.co/api/resolve-cache/models/microsoft/biogpt/eb0d815e95434dc9e3b78f464e52b899bee7d923/config.json "HTTP/1.1 200 OK"
2026-03-02 06:28:33 KST | INFO | HTTP Request: HEAD https://huggingface.co/microsoft/biogpt/resolve/main/model.safetensors "HTTP/1.1 404 Not Found"
2026-03-02 06:28:33 KST | INFO | HTTP Request: HEAD https://huggingface.co/microsoft/biogpt/resolve/main/model.safetensors.index.json "HTTP/1.1 404 Not Found"
2026-03-02 06:28:33 KST | INFO | HTTP Request: HEAD https://huggingface.co/microsoft/biogpt/resolve/main/pytorch_model.bin "HTTP/1.1 302 Found"
2026-03-02 06:28:33 KST | WARNING | Warning: You are sending unauthenticated requests to the HF Hub. Please set a HF_TOKEN to enable higher rate limits and faster downloads.
2026-03-02 06:28:33 KST | INFO | HTTP Request: HEAD https://huggingface.co/microsoft/biogpt/resolve/main/model.safetensors "HTTP/1.1 404 Not Found"
2026-03-02 06:28:33 KST | INFO | HTTP Request: GET https://huggingface.co/api/models/microsoft/biogpt "HTTP/1.1 200 OK"
2026-03-02 06:28:34 KST | INFO | HTTP Request: GET https://huggingface.co/api/models/microsoft/biogpt/commits/main "HTTP/1.1 200 OK"
2026-03-02 06:28:34 KST | INFO | HTTP Request: GET https://huggingface.co/api/models/microsoft/biogpt/discussions?p=0 "HTTP/1.1 200 OK"
2026-03-02 06:28:34 KST | INFO | HTTP Request: GET https://huggingface.co/api/models/microsoft/biogpt/commits/refs%2Fpr%2F17 "HTTP/1.1 200 OK"
2026-03-02 06:28:34 KST | INFO | HTTP Request: HEAD https://huggingface.co/microsoft/biogpt/resolve/refs%2Fpr%2F17/model.safetensors.index.json "HTTP/1.1 404 Not Found"
2026-03-02 06:28:34 KST | INFO | HTTP Request: HEAD https://huggingface.co/microsoft/biogpt/resolve/refs%2Fpr%2F17/model.safetensors "HTTP/1.1 302 Found"
2026-03-02 06:28:35 KST | INFO | HTTP Request: HEAD https://huggingface.co/microsoft/biogpt/resolve/main/generation_config.json "HTTP/1.1 404 Not Found"
2026-03-02 06:28:35 KST | INFO | HTTP Request: HEAD https://huggingface.co/microsoft/biogpt/resolve/main/config.json "HTTP/1.1 307 Temporary Redirect"
2026-03-02 06:28:35 KST | INFO | HTTP Request: HEAD https://huggingface.co/api/resolve-cache/models/microsoft/biogpt/eb0d815e95434dc9e3b78f464e52b899bee7d923/config.json "HTTP/1.1 200 OK"
2026-03-02 06:28:35 KST | INFO | Node-side parameters:      69,644,288
2026-03-02 06:28:35 KST | INFO | 
2026-03-02 06:28:35 KST | INFO | Broadcasting configuration to nodes …
2026-03-02 06:28:50 KST | INFO | ✓ Configuration broadcast to all nodes
2026-03-02 06:28:50 KST | INFO | Loading microsoft/biogpt …
2026-03-02 06:28:50 KST | INFO | HTTP Request: HEAD https://huggingface.co/microsoft/biogpt/resolve/main/config.json "HTTP/1.1 307 Temporary Redirect"
2026-03-02 06:28:50 KST | INFO | HTTP Request: HEAD https://huggingface.co/api/resolve-cache/models/microsoft/biogpt/eb0d815e95434dc9e3b78f464e52b899bee7d923/config.json "HTTP/1.1 200 OK"
2026-03-02 06:28:50 KST | INFO | HTTP Request: HEAD https://huggingface.co/microsoft/biogpt/resolve/main/config.json "HTTP/1.1 307 Temporary Redirect"
2026-03-02 06:28:50 KST | INFO | HTTP Request: HEAD https://huggingface.co/api/resolve-cache/models/microsoft/biogpt/eb0d815e95434dc9e3b78f464e52b899bee7d923/config.json "HTTP/1.1 200 OK"
2026-03-02 06:28:50 KST | INFO | HTTP Request: HEAD https://huggingface.co/microsoft/biogpt/resolve/main/model.safetensors "HTTP/1.1 404 Not Found"
2026-03-02 06:28:51 KST | INFO | HTTP Request: HEAD https://huggingface.co/microsoft/biogpt/resolve/main/model.safetensors.index.json "HTTP/1.1 404 Not Found"
2026-03-02 06:28:51 KST | INFO | HTTP Request: HEAD https://huggingface.co/microsoft/biogpt/resolve/main/pytorch_model.bin "HTTP/1.1 302 Found"
2026-03-02 06:28:51 KST | INFO | HTTP Request: HEAD https://huggingface.co/microsoft/biogpt/resolve/main/model.safetensors "HTTP/1.1 404 Not Found"
2026-03-02 06:28:51 KST | INFO | HTTP Request: GET https://huggingface.co/api/models/microsoft/biogpt "HTTP/1.1 200 OK"
2026-03-02 06:28:51 KST | INFO | HTTP Request: GET https://huggingface.co/api/models/microsoft/biogpt/commits/main "HTTP/1.1 200 OK"
2026-03-02 06:28:52 KST | INFO | HTTP Request: GET https://huggingface.co/api/models/microsoft/biogpt/discussions?p=0 "HTTP/1.1 200 OK"
2026-03-02 06:28:52 KST | INFO | HTTP Request: GET https://huggingface.co/api/models/microsoft/biogpt/commits/refs%2Fpr%2F17 "HTTP/1.1 200 OK"
2026-03-02 06:28:52 KST | INFO | HTTP Request: HEAD https://huggingface.co/microsoft/biogpt/resolve/refs%2Fpr%2F17/model.safetensors.index.json "HTTP/1.1 404 Not Found"
2026-03-02 06:28:52 KST | INFO | HTTP Request: HEAD https://huggingface.co/microsoft/biogpt/resolve/refs%2Fpr%2F17/model.safetensors "HTTP/1.1 302 Found"
2026-03-02 06:28:53 KST | INFO | HTTP Request: HEAD https://huggingface.co/microsoft/biogpt/resolve/main/generation_config.json "HTTP/1.1 404 Not Found"
2026-03-02 06:28:53 KST | INFO | HTTP Request: HEAD https://huggingface.co/microsoft/biogpt/resolve/main/config.json "HTTP/1.1 307 Temporary Redirect"
2026-03-02 06:28:53 KST | INFO | HTTP Request: HEAD https://huggingface.co/api/resolve-cache/models/microsoft/biogpt/eb0d815e95434dc9e3b78f464e52b899bee7d923/config.json "HTTP/1.1 200 OK"
2026-03-02 06:28:53 KST | INFO | LoRA applied to orch-side layers [2, 6): trainable 346,766,339 / 346,766,339 (100.00%)
2026-03-02 06:28:54 KST | INFO | Total parameters:          346,766,339
2026-03-02 06:28:54 KST | INFO | Trainable parameters:      346,766,339
2026-03-02 06:28:54 KST | INFO |   (LoRA on orch-side layers, full fine-tune on node-side layers)
2026-03-02 06:28:54 KST | INFO | 
2026-03-02 06:28:54 KST | INFO | --------------------------------------------------------------------------------
2026-03-02 06:28:54 KST | INFO | DATA LOADING
2026-03-02 06:28:54 KST | INFO | --------------------------------------------------------------------------------
2026-03-02 06:29:01 KST | INFO | ✓ Dataset sizes received:
2026-03-02 06:29:01 KST | INFO |     Node 1: 397 samples
2026-03-02 06:29:01 KST | INFO |     Node 2: 228 samples
2026-03-02 06:29:01 KST | INFO |     Node 3: 75 samples
2026-03-02 06:29:01 KST | INFO |   Total training: 700
2026-03-02 06:29:01 KST | INFO | 
2026-03-02 06:29:01 KST | INFO | HTTP Request: HEAD https://huggingface.co/microsoft/biogpt/resolve/main/tokenizer_config.json "HTTP/1.1 404 Not Found"
2026-03-02 06:29:01 KST | INFO | HTTP Request: GET https://huggingface.co/api/models/microsoft/biogpt/tree/main/additional_chat_templates?recursive=false&expand=false "HTTP/1.1 404 Not Found"
2026-03-02 06:29:01 KST | INFO | HTTP Request: GET https://huggingface.co/api/models/microsoft/biogpt/tree/main?recursive=true&expand=false "HTTP/1.1 200 OK"
2026-03-02 06:29:02 KST | INFO | HTTP Request: HEAD https://huggingface.co/microsoft/biogpt/resolve/main/vocab.json "HTTP/1.1 307 Temporary Redirect"
2026-03-02 06:29:02 KST | INFO | HTTP Request: HEAD https://huggingface.co/api/resolve-cache/models/microsoft/biogpt/eb0d815e95434dc9e3b78f464e52b899bee7d923/vocab.json "HTTP/1.1 200 OK"
2026-03-02 06:29:03 KST | INFO | Loading PubMedQA from Hugging Face …
2026-03-02 06:29:03 KST | INFO | HTTP Request: HEAD https://huggingface.co/datasets/pubmed_qa/resolve/main/README.md "HTTP/1.1 307 Temporary Redirect"
2026-03-02 06:29:03 KST | INFO | HTTP Request: HEAD https://huggingface.co/datasets/qiaojin/PubMedQA/resolve/main/README.md "HTTP/1.1 307 Temporary Redirect"
2026-03-02 06:29:03 KST | INFO | HTTP Request: HEAD https://huggingface.co/api/resolve-cache/datasets/qiaojin/PubMedQA/9001f2853fb87cab8d220904e0de81ac6973b318/README.md "HTTP/1.1 200 OK"
2026-03-02 06:29:03 KST | INFO | HTTP Request: HEAD https://huggingface.co/datasets/pubmed_qa/resolve/9001f2853fb87cab8d220904e0de81ac6973b318/pubmed_qa.py "HTTP/1.1 307 Temporary Redirect"
2026-03-02 06:29:03 KST | INFO | HTTP Request: HEAD https://huggingface.co/datasets/qiaojin/PubMedQA/resolve/9001f2853fb87cab8d220904e0de81ac6973b318/pubmed_qa.py "HTTP/1.1 404 Not Found"
2026-03-02 06:29:04 KST | INFO | HTTP Request: HEAD https://s3.amazonaws.com/datasets.huggingface.co/datasets/datasets/pubmed_qa/pubmed_qa.py "HTTP/1.1 404 Not Found"
2026-03-02 06:29:04 KST | INFO | HTTP Request: GET https://huggingface.co/api/datasets/pubmed_qa/revision/9001f2853fb87cab8d220904e0de81ac6973b318 "HTTP/1.1 307 Temporary Redirect"
2026-03-02 06:29:05 KST | INFO | HTTP Request: GET https://huggingface.co/api/datasets/qiaojin/PubMedQA/revision/9001f2853fb87cab8d220904e0de81ac6973b318 "HTTP/1.1 200 OK"
2026-03-02 06:29:05 KST | INFO | HTTP Request: HEAD https://huggingface.co/datasets/pubmed_qa/resolve/9001f2853fb87cab8d220904e0de81ac6973b318/.huggingface.yaml "HTTP/1.1 307 Temporary Redirect"
2026-03-02 06:29:05 KST | INFO | HTTP Request: HEAD https://huggingface.co/datasets/qiaojin/PubMedQA/resolve/9001f2853fb87cab8d220904e0de81ac6973b318/.huggingface.yaml "HTTP/1.1 404 Not Found"
2026-03-02 06:29:05 KST | INFO | HTTP Request: GET https://datasets-server.huggingface.co/info?dataset=pubmed_qa "HTTP/1.1 404 Not Found"
2026-03-02 06:29:05 KST | INFO | HTTP Request: GET https://huggingface.co/api/datasets/pubmed_qa/tree/9001f2853fb87cab8d220904e0de81ac6973b318/pqa_artificial?recursive=true&expand=false "HTTP/1.1 307 Temporary Redirect"
2026-03-02 06:29:06 KST | INFO | HTTP Request: GET https://huggingface.co/api/datasets/qiaojin/PubMedQA/tree/9001f2853fb87cab8d220904e0de81ac6973b318/pqa_artificial?recursive=true&expand=false "HTTP/1.1 200 OK"
2026-03-02 06:29:06 KST | INFO | HTTP Request: GET https://huggingface.co/api/datasets/pubmed_qa/tree/9001f2853fb87cab8d220904e0de81ac6973b318?recursive=false&expand=false "HTTP/1.1 307 Temporary Redirect"
2026-03-02 06:29:06 KST | INFO | HTTP Request: GET https://huggingface.co/api/datasets/qiaojin/PubMedQA/tree/9001f2853fb87cab8d220904e0de81ac6973b318?recursive=false&expand=false "HTTP/1.1 200 OK"
2026-03-02 06:29:06 KST | INFO | HTTP Request: HEAD https://huggingface.co/datasets/pubmed_qa/resolve/9001f2853fb87cab8d220904e0de81ac6973b318/dataset_infos.json "HTTP/1.1 307 Temporary Redirect"
2026-03-02 06:29:06 KST | INFO | HTTP Request: HEAD https://huggingface.co/datasets/qiaojin/PubMedQA/resolve/9001f2853fb87cab8d220904e0de81ac6973b318/dataset_infos.json "HTTP/1.1 404 Not Found"
2026-03-02 06:29:07 KST | INFO | HTTP Request: GET https://huggingface.co/api/datasets/pubmed_qa/tree/9001f2853fb87cab8d220904e0de81ac6973b318/pqa_labeled?recursive=true&expand=false "HTTP/1.1 307 Temporary Redirect"
2026-03-02 06:29:07 KST | INFO | HTTP Request: GET https://huggingface.co/api/datasets/qiaojin/PubMedQA/tree/9001f2853fb87cab8d220904e0de81ac6973b318/pqa_labeled?recursive=true&expand=false "HTTP/1.1 200 OK"
2026-03-02 06:29:07 KST | INFO | ✓ HF PubMedQA: 1000 total, 700 train / 300 test
2026-03-02 06:29:11 KST | INFO | ✓ Test set: 300 samples
2026-03-02 06:29:11 KST | INFO | 
2026-03-02 06:29:11 KST | INFO | ✓ Batch scheduler: 88 batches/epoch
2026-03-02 06:29:11 KST | INFO | 
2026-03-02 06:29:11 KST | INFO | --------------------------------------------------------------------------------
2026-03-02 06:29:11 KST | INFO | OPTIMISATION SETUP
2026-03-02 06:29:11 KST | INFO | --------------------------------------------------------------------------------
2026-03-02 06:29:11 KST | INFO | ✓ Optimizer:  AdamW (lr=2.00e-05)
2026-03-02 06:29:11 KST | INFO | ✓ Scheduler:  Linear warmup (500 steps / 8800 total)
2026-03-02 06:29:11 KST | INFO | ✓ Grad clip:  1.0
2026-03-02 06:29:11 KST | INFO | 
2026-03-02 06:29:11 KST | INFO | ================================================================================
2026-03-02 06:29:11 KST | INFO | Setup complete — Ready for training
2026-03-02 06:29:11 KST | INFO | ================================================================================
2026-03-02 06:29:11 KST | INFO | 
2026-03-02 06:29:11 KST | INFO | --------------------------------------------------------------------------------
2026-03-02 06:29:11 KST | INFO | TRAINING
2026-03-02 06:29:11 KST | INFO | --------------------------------------------------------------------------------
2026-03-02 06:29:11 KST | INFO | 
2026-03-02 06:29:11 KST | INFO | Epoch 1/100 | LR: 0.000000e+00
2026-03-02 11:28:13 KST | INFO |   Train Loss: 1.7515 | Test Loss: 0.0768 | Test Acc: 28.33%
2026-03-02 11:28:13 KST | INFO |     yes   : F1=28.57%
2026-03-02 11:28:13 KST | INFO |     no    : F1=38.17%
2026-03-02 11:28:13 KST | INFO |     maybe : F1=11.27%
2026-03-02 11:28:13 KST | INFO |   🏆 New best accuracy: 28.33%
2026-03-02 11:28:13 KST | INFO | 
2026-03-02 11:28:13 KST | INFO | Epoch 2/100 | LR: 3.520000e-06
2026-03-02 16:37:55 KST | INFO |   Train Loss: 1.2069 | Test Loss: 0.0667 | Test Acc: 46.33%
2026-03-02 16:37:55 KST | INFO |     yes   : F1=63.36%
2026-03-02 16:37:55 KST | INFO |     no    : F1=25.97%
2026-03-02 16:37:55 KST | INFO |     maybe : F1= 9.64%
2026-03-02 16:37:55 KST | INFO |   🏆 New best accuracy: 46.33%
2026-03-02 16:37:55 KST | INFO | 
2026-03-02 16:37:55 KST | INFO | Epoch 3/100 | LR: 7.040000e-06
2026-03-02 21:51:57 KST | INFO |   Train Loss: 0.9313 | Test Loss: 0.0576 | Test Acc: 60.67%
2026-03-02 21:51:57 KST | INFO |     yes   : F1=63.36%
2026-03-02 21:51:57 KST | INFO |     no    : F1=67.44%
2026-03-02 21:51:57 KST | INFO |     maybe : F1=30.00%
2026-03-02 21:51:57 KST | INFO |   🏆 New best accuracy: 60.67%
2026-03-02 21:51:57 KST | INFO | 
2026-03-02 21:51:57 KST | INFO | Epoch 4/100 | LR: 1.056000e-05
2026-03-03 03:11:09 KST | INFO |   Train Loss: 0.4763 | Test Loss: 0.0318 | Test Acc: 78.67%
2026-03-03 03:11:09 KST | INFO |     yes   : F1=83.43%
2026-03-03 03:11:09 KST | INFO |     no    : F1=76.44%
2026-03-03 03:11:09 KST | INFO |     maybe : F1=61.97%
2026-03-03 03:11:09 KST | INFO |   🏆 New best accuracy: 78.67%
2026-03-03 03:11:09 KST | INFO | 
2026-03-03 03:11:09 KST | INFO | Epoch 5/100 | LR: 1.408000e-05
2026-03-03 08:36:28 KST | INFO |   Train Loss: 0.2984 | Test Loss: 0.0289 | Test Acc: 84.33%
2026-03-03 08:36:28 KST | INFO |     yes   : F1=86.56%
2026-03-03 08:36:28 KST | INFO |     no    : F1=86.36%
2026-03-03 08:36:28 KST | INFO |     maybe : F1=69.33%
2026-03-03 08:36:28 KST | INFO |   🏆 New best accuracy: 84.33%
2026-03-03 08:36:28 KST | INFO | 
2026-03-03 08:36:28 KST | INFO | Epoch 6/100 | LR: 1.760000e-05
2026-03-03 14:01:50 KST | INFO |   Train Loss: 0.1907 | Test Loss: 0.0262 | Test Acc: 83.33%
2026-03-03 14:01:50 KST | INFO |     yes   : F1=86.25%
2026-03-03 14:01:50 KST | INFO |     no    : F1=87.04%
2026-03-03 14:01:50 KST | INFO |     maybe : F1=56.25%
2026-03-03 14:01:50 KST | INFO |   No improvement (1/10)
2026-03-03 14:01:50 KST | INFO | 
2026-03-03 14:01:50 KST | INFO | Epoch 7/100 | LR: 1.993253e-05
2026-03-03 19:25:51 KST | INFO |   Train Loss: 0.0510 | Test Loss: 0.0324 | Test Acc: 82.00%
2026-03-03 19:25:51 KST | INFO |     yes   : F1=86.30%
2026-03-03 19:25:51 KST | INFO |     no    : F1=82.69%
2026-03-03 19:25:51 KST | INFO |     maybe : F1=48.98%
2026-03-03 19:25:51 KST | INFO |   No improvement (2/10)
2026-03-03 19:25:51 KST | INFO | 
2026-03-03 19:25:51 KST | INFO | Epoch 8/100 | LR: 1.972048e-05
2026-03-04 00:49:01 KST | INFO |   Train Loss: 0.0316 | Test Loss: 0.0308 | Test Acc: 82.33%
2026-03-04 00:49:01 KST | INFO |     yes   : F1=86.16%
2026-03-04 00:49:01 KST | INFO |     no    : F1=85.45%
2026-03-04 00:49:01 KST | INFO |     maybe : F1=51.61%
2026-03-04 00:49:01 KST | INFO |   No improvement (3/10)
2026-03-04 00:49:01 KST | INFO | 
2026-03-04 00:49:01 KST | INFO | Epoch 9/100 | LR: 1.950843e-05
2026-03-04 06:16:45 KST | INFO |   Train Loss: 0.0019 | Test Loss: 0.0294 | Test Acc: 82.00%
2026-03-04 06:16:45 KST | INFO |     yes   : F1=85.63%
2026-03-04 06:16:45 KST | INFO |     no    : F1=84.21%
2026-03-04 06:16:45 KST | INFO |     maybe : F1=52.63%
2026-03-04 06:16:45 KST | INFO |   No improvement (4/10)
2026-03-04 06:16:45 KST | INFO | 
2026-03-04 06:16:45 KST | INFO | Epoch 10/100 | LR: 1.929639e-05
2026-03-04 11:44:52 KST | INFO |   Train Loss: 0.0002 | Test Loss: 0.0282 | Test Acc: 84.67%
2026-03-04 11:44:52 KST | INFO |     yes   : F1=87.54%
2026-03-04 11:44:52 KST | INFO |     no    : F1=87.39%
2026-03-04 11:44:52 KST | INFO |     maybe : F1=61.54%
2026-03-04 11:44:52 KST | INFO |   🏆 New best accuracy: 84.67%
2026-03-04 11:44:52 KST | INFO | 
2026-03-04 11:44:52 KST | INFO | Epoch 11/100 | LR: 1.908434e-05
2026-03-04 17:11:41 KST | INFO |   Train Loss: 0.0001 | Test Loss: 0.0286 | Test Acc: 82.33%
2026-03-04 17:11:41 KST | INFO |     yes   : F1=85.63%
2026-03-04 17:11:41 KST | INFO |     no    : F1=84.21%
2026-03-04 17:11:41 KST | INFO |     maybe : F1=59.38%
2026-03-04 17:11:41 KST | INFO |   No improvement (1/10)
2026-03-04 17:11:41 KST | INFO | 
2026-03-04 17:11:41 KST | INFO | Epoch 12/100 | LR: 1.887229e-05
2026-03-04 22:40:21 KST | INFO |   Train Loss: 0.0000 | Test Loss: 0.0286 | Test Acc: 82.00%
2026-03-04 22:40:21 KST | INFO |     yes   : F1=85.63%
2026-03-04 22:40:21 KST | INFO |     no    : F1=83.81%
2026-03-04 22:40:21 KST | INFO |     maybe : F1=57.14%
2026-03-04 22:40:21 KST | INFO |   No improvement (2/10)
2026-03-04 22:40:21 KST | INFO | 
2026-03-04 22:40:21 KST | INFO | Epoch 13/100 | LR: 1.866024e-05
2026-03-05 04:12:05 KST | INFO |   Train Loss: 0.0000 | Test Loss: 0.0286 | Test Acc: 82.33%
2026-03-05 04:12:05 KST | INFO |     yes   : F1=85.63%
2026-03-05 04:12:05 KST | INFO |     no    : F1=84.21%
2026-03-05 04:12:05 KST | INFO |     maybe : F1=59.38%
2026-03-05 04:12:05 KST | INFO |   No improvement (3/10)
2026-03-05 04:12:05 KST | INFO | 
2026-03-05 04:12:05 KST | INFO | Epoch 14/100 | LR: 1.844819e-05
2026-03-05 08:39:48 KST | INFO |   Train Loss: 0.0000 | Test Loss: 0.0287 | Test Acc: 82.33%
2026-03-05 08:39:48 KST | INFO |     yes   : F1=85.63%
2026-03-05 08:39:48 KST | INFO |     no    : F1=84.21%
2026-03-05 08:39:48 KST | INFO |     maybe : F1=59.38%
2026-03-05 08:39:48 KST | INFO |   No improvement (4/10)
2026-03-05 08:39:48 KST | INFO | 
2026-03-05 08:39:48 KST | INFO | Epoch 15/100 | LR: 1.823614e-05
2026-03-05 13:18:30 KST | INFO |   Train Loss: 0.0000 | Test Loss: 0.0288 | Test Acc: 82.67%
2026-03-05 13:18:30 KST | INFO |     yes   : F1=85.98%
2026-03-05 13:18:30 KST | INFO |     no    : F1=84.21%
2026-03-05 13:18:30 KST | INFO |     maybe : F1=60.32%
2026-03-05 13:18:30 KST | INFO |   No improvement (5/10)
2026-03-05 13:18:30 KST | INFO | 
2026-03-05 13:18:30 KST | INFO | Epoch 16/100 | LR: 1.802410e-05
2026-03-05 17:59:19 KST | INFO |   Train Loss: 0.0000 | Test Loss: 0.0288 | Test Acc: 82.67%
2026-03-05 17:59:19 KST | INFO |     yes   : F1=85.98%
2026-03-05 17:59:19 KST | INFO |     no    : F1=84.21%
2026-03-05 17:59:19 KST | INFO |     maybe : F1=60.32%
2026-03-05 17:59:19 KST | INFO |   No improvement (6/10)
2026-03-05 17:59:19 KST | INFO | 
2026-03-05 17:59:19 KST | INFO | Epoch 17/100 | LR: 1.781205e-05
2026-03-05 22:38:10 KST | INFO |   Train Loss: 0.0000 | Test Loss: 0.0288 | Test Acc: 82.33%
2026-03-05 22:38:10 KST | INFO |     yes   : F1=85.63%
2026-03-05 22:38:10 KST | INFO |     no    : F1=83.81%
2026-03-05 22:38:10 KST | INFO |     maybe : F1=60.32%
2026-03-05 22:38:10 KST | INFO |   No improvement (7/10)
2026-03-05 22:38:10 KST | INFO | 
2026-03-05 22:38:10 KST | INFO | Epoch 18/100 | LR: 1.760000e-05
2026-03-06 03:16:37 KST | INFO |   Train Loss: 0.0000 | Test Loss: 0.0289 | Test Acc: 82.33%
2026-03-06 03:16:37 KST | INFO |     yes   : F1=85.63%
2026-03-06 03:16:37 KST | INFO |     no    : F1=83.81%
2026-03-06 03:16:37 KST | INFO |     maybe : F1=60.32%
2026-03-06 03:16:37 KST | INFO |   No improvement (8/10)
2026-03-06 03:16:37 KST | INFO | 
2026-03-06 03:16:37 KST | INFO | Epoch 19/100 | LR: 1.738795e-05
2026-03-06 07:55:50 KST | INFO |   Train Loss: 0.0000 | Test Loss: 0.0289 | Test Acc: 82.33%
2026-03-06 07:55:50 KST | INFO |     yes   : F1=85.63%
2026-03-06 07:55:50 KST | INFO |     no    : F1=83.81%
2026-03-06 07:55:50 KST | INFO |     maybe : F1=60.32%
2026-03-06 07:55:50 KST | INFO |   No improvement (9/10)
2026-03-06 07:55:50 KST | INFO | 
2026-03-06 07:55:50 KST | INFO | Epoch 20/100 | LR: 1.717590e-05
2026-03-06 12:25:02 KST | INFO |   Train Loss: 0.0000 | Test Loss: 0.0290 | Test Acc: 82.33%
2026-03-06 12:25:02 KST | INFO |     yes   : F1=85.63%
2026-03-06 12:25:02 KST | INFO |     no    : F1=83.81%
2026-03-06 12:25:02 KST | INFO |     maybe : F1=60.32%
2026-03-06 12:25:02 KST | INFO |   No improvement (10/10)
2026-03-06 12:25:02 KST | INFO | 
Early stopping after 10 epochs without improvement
2026-03-06 12:25:02 KST | INFO | 
2026-03-06 12:25:02 KST | INFO | ================================================================================
2026-03-06 12:25:02 KST | INFO | TRAINING COMPLETE
2026-03-06 12:25:02 KST | INFO | ================================================================================
2026-03-06 12:25:02 KST | INFO | Best accuracy:  84.67% (Epoch 10)
2026-03-06 12:25:02 KST | INFO | ================================================================================
2026-03-06 12:25:02 KST | INFO | 
2026-03-06 12:25:02 KST | INFO | Notifying nodes of completion …
2026-03-06 12:25:03 KST | INFO | ✓ Nodes notified
2026-03-06 12:25:03 KST | INFO | 
2026-03-06 12:25:03 KST | INFO | Closing connections …
2026-03-06 12:25:03 KST | INFO | ✓ Cleanup complete
2026-03-06 12:25:03 KST | INFO | 
Full log: logs/TL++_biogpt_secure_lora_20260302_062825.log
2026-03-06 12:25:03 KST | INFO | ================================================================================
