2026-03-24 14:08:44 KST | INFO | ================================================================================
2026-03-24 14:08:44 KST | INFO | TL++ Orchestrator  [BioGPT / PubMedQA]
2026-03-24 14:08:44 KST | INFO | ================================================================================
2026-03-24 14:08:44 KST | INFO | Log file: logs/TL++_biogpt_secure_lora_20260324_140844.log
2026-03-24 14:08:44 KST | INFO | 
2026-03-24 14:08:44 KST | INFO | --------------------------------------------------------------------------------
2026-03-24 14:08:44 KST | INFO | CONFIGURATION
2026-03-24 14:08:44 KST | INFO | --------------------------------------------------------------------------------
2026-03-24 14:08:44 KST | INFO | Dataset:            PubMedQA (yes / no / maybe)
2026-03-24 14:08:44 KST | INFO | Model:              BioGPT (microsoft/biogpt)
2026-03-24 14:08:44 KST | INFO | Secure mode:        True
2026-03-24 14:08:44 KST | INFO | LoRA:               True
2026-03-24 14:08:44 KST | INFO |   r=8, alpha=16, dropout=0.1
2026-03-24 14:08:44 KST | INFO | Nodes:              3
2026-03-24 14:08:44 KST | INFO | Cut layer:          1
2026-03-24 14:08:44 KST | INFO | Batch size:         8
2026-03-24 14:08:44 KST | INFO | Learning rate:      2.00e-05
2026-03-24 14:08:44 KST | INFO | Max seq length:     512
2026-03-24 14:08:44 KST | INFO | 
2026-03-24 14:08:44 KST | INFO | Computation device: cuda
2026-03-24 14:08:44 KST | INFO | Secure mode: ✓ ENABLED
2026-03-24 14:08:44 KST | INFO | 
2026-03-24 14:08:44 KST | INFO | --------------------------------------------------------------------------------
2026-03-24 14:08:44 KST | INFO | NETWORK SETUP
2026-03-24 14:08:44 KST | INFO | --------------------------------------------------------------------------------
2026-03-24 14:08:44 KST | INFO | ✓ Orchestrator listening on 127.0.0.1:9080
2026-03-24 14:08:44 KST | INFO | Waiting for helper node …
2026-03-24 14:08:47 KST | INFO | ✓ Helper node connected
2026-03-24 14:08:47 KST | INFO | ✓ Noise config sent (activation: 2.0%, gradient: 10.0%)
2026-03-24 14:08:47 KST | INFO | 
2026-03-24 14:08:47 KST | INFO | Waiting for 3 node(s) …
2026-03-24 14:08:50 KST | INFO |   ✓ Node 1/3 connected
2026-03-24 14:08:50 KST | INFO |   ✓ Node 2/3 connected
2026-03-24 14:08:51 KST | INFO |   ✓ Node 3/3 connected
2026-03-24 14:08:51 KST | INFO | ✓ All 3 node(s) connected
2026-03-24 14:08:51 KST | INFO | 
2026-03-24 14:08:51 KST | INFO | --------------------------------------------------------------------------------
2026-03-24 14:08:51 KST | INFO | MODEL INITIALISATION  [BioGPT + LoRA on orch-side layers]
2026-03-24 14:08:51 KST | INFO | --------------------------------------------------------------------------------
2026-03-24 14:08:51 KST | INFO | HTTP Request: HEAD https://huggingface.co/microsoft/biogpt/resolve/main/config.json "HTTP/1.1 307 Temporary Redirect"
2026-03-24 14:08:51 KST | INFO | HTTP Request: HEAD https://huggingface.co/api/resolve-cache/models/microsoft/biogpt/eb0d815e95434dc9e3b78f464e52b899bee7d923/config.json "HTTP/1.1 200 OK"
2026-03-24 14:08:52 KST | INFO | HTTP Request: HEAD https://huggingface.co/microsoft/biogpt/resolve/main/config.json "HTTP/1.1 307 Temporary Redirect"
2026-03-24 14:08:52 KST | WARNING | Warning: You are sending unauthenticated requests to the HF Hub. Please set a HF_TOKEN to enable higher rate limits and faster downloads.
2026-03-24 14:08:52 KST | INFO | HTTP Request: HEAD https://huggingface.co/api/resolve-cache/models/microsoft/biogpt/eb0d815e95434dc9e3b78f464e52b899bee7d923/config.json "HTTP/1.1 200 OK"
2026-03-24 14:08:52 KST | INFO | HTTP Request: HEAD https://huggingface.co/microsoft/biogpt/resolve/main/model.safetensors "HTTP/1.1 404 Not Found"
2026-03-24 14:08:52 KST | INFO | HTTP Request: HEAD https://huggingface.co/microsoft/biogpt/resolve/main/model.safetensors.index.json "HTTP/1.1 404 Not Found"
2026-03-24 14:08:52 KST | INFO | HTTP Request: HEAD https://huggingface.co/microsoft/biogpt/resolve/main/pytorch_model.bin "HTTP/1.1 302 Found"
2026-03-24 14:08:53 KST | INFO | HTTP Request: HEAD https://huggingface.co/microsoft/biogpt/resolve/main/model.safetensors "HTTP/1.1 404 Not Found"
2026-03-24 14:08:53 KST | INFO | HTTP Request: GET https://huggingface.co/api/models/microsoft/biogpt "HTTP/1.1 200 OK"
2026-03-24 14:08:53 KST | INFO | HTTP Request: GET https://huggingface.co/api/models/microsoft/biogpt/commits/main "HTTP/1.1 200 OK"
2026-03-24 14:08:53 KST | INFO | HTTP Request: GET https://huggingface.co/api/models/microsoft/biogpt/discussions?p=0 "HTTP/1.1 200 OK"
2026-03-24 14:08:53 KST | INFO | HTTP Request: GET https://huggingface.co/api/models/microsoft/biogpt/commits/refs%2Fpr%2F17 "HTTP/1.1 200 OK"
2026-03-24 14:08:54 KST | INFO | HTTP Request: HEAD https://huggingface.co/microsoft/biogpt/resolve/refs%2Fpr%2F17/model.safetensors.index.json "HTTP/1.1 404 Not Found"
2026-03-24 14:08:54 KST | INFO | HTTP Request: HEAD https://huggingface.co/microsoft/biogpt/resolve/refs%2Fpr%2F17/model.safetensors "HTTP/1.1 302 Found"
2026-03-24 14:08:54 KST | INFO | HTTP Request: HEAD https://huggingface.co/microsoft/biogpt/resolve/main/generation_config.json "HTTP/1.1 404 Not Found"
2026-03-24 14:08:55 KST | INFO | HTTP Request: HEAD https://huggingface.co/microsoft/biogpt/resolve/main/config.json "HTTP/1.1 307 Temporary Redirect"
2026-03-24 14:08:55 KST | INFO | HTTP Request: HEAD https://huggingface.co/api/resolve-cache/models/microsoft/biogpt/eb0d815e95434dc9e3b78f464e52b899bee7d923/config.json "HTTP/1.1 200 OK"
2026-03-24 14:08:55 KST | INFO | Node-side parameters:      69,644,288
2026-03-24 14:08:55 KST | INFO | 
2026-03-24 14:08:55 KST | INFO | Broadcasting configuration to nodes …
2026-03-24 14:09:08 KST | INFO | ✓ Configuration broadcast to all nodes
2026-03-24 14:09:08 KST | INFO | Loading microsoft/biogpt …
2026-03-24 14:09:08 KST | INFO | HTTP Request: HEAD https://huggingface.co/microsoft/biogpt/resolve/main/config.json "HTTP/1.1 307 Temporary Redirect"
2026-03-24 14:09:08 KST | INFO | HTTP Request: HEAD https://huggingface.co/api/resolve-cache/models/microsoft/biogpt/eb0d815e95434dc9e3b78f464e52b899bee7d923/config.json "HTTP/1.1 200 OK"
2026-03-24 14:09:08 KST | INFO | HTTP Request: HEAD https://huggingface.co/microsoft/biogpt/resolve/main/config.json "HTTP/1.1 307 Temporary Redirect"
2026-03-24 14:09:08 KST | INFO | HTTP Request: HEAD https://huggingface.co/api/resolve-cache/models/microsoft/biogpt/eb0d815e95434dc9e3b78f464e52b899bee7d923/config.json "HTTP/1.1 200 OK"
2026-03-24 14:09:08 KST | INFO | HTTP Request: HEAD https://huggingface.co/microsoft/biogpt/resolve/main/model.safetensors "HTTP/1.1 404 Not Found"
2026-03-24 14:09:09 KST | INFO | HTTP Request: HEAD https://huggingface.co/microsoft/biogpt/resolve/main/model.safetensors.index.json "HTTP/1.1 404 Not Found"
2026-03-24 14:09:09 KST | INFO | HTTP Request: HEAD https://huggingface.co/microsoft/biogpt/resolve/main/pytorch_model.bin "HTTP/1.1 302 Found"
2026-03-24 14:09:09 KST | INFO | HTTP Request: HEAD https://huggingface.co/microsoft/biogpt/resolve/main/model.safetensors "HTTP/1.1 404 Not Found"
2026-03-24 14:09:09 KST | INFO | HTTP Request: GET https://huggingface.co/api/models/microsoft/biogpt "HTTP/1.1 200 OK"
2026-03-24 14:09:10 KST | INFO | HTTP Request: GET https://huggingface.co/api/models/microsoft/biogpt/commits/main "HTTP/1.1 200 OK"
2026-03-24 14:09:10 KST | INFO | HTTP Request: GET https://huggingface.co/api/models/microsoft/biogpt/discussions?p=0 "HTTP/1.1 200 OK"
2026-03-24 14:09:10 KST | INFO | HTTP Request: GET https://huggingface.co/api/models/microsoft/biogpt/commits/refs%2Fpr%2F17 "HTTP/1.1 200 OK"
2026-03-24 14:09:10 KST | INFO | HTTP Request: HEAD https://huggingface.co/microsoft/biogpt/resolve/refs%2Fpr%2F17/model.safetensors.index.json "HTTP/1.1 404 Not Found"
2026-03-24 14:09:10 KST | INFO | HTTP Request: HEAD https://huggingface.co/microsoft/biogpt/resolve/refs%2Fpr%2F17/model.safetensors "HTTP/1.1 302 Found"
2026-03-24 14:09:11 KST | INFO | HTTP Request: HEAD https://huggingface.co/microsoft/biogpt/resolve/main/generation_config.json "HTTP/1.1 404 Not Found"
2026-03-24 14:09:11 KST | INFO | HTTP Request: HEAD https://huggingface.co/microsoft/biogpt/resolve/main/config.json "HTTP/1.1 307 Temporary Redirect"
2026-03-24 14:09:11 KST | INFO | HTTP Request: HEAD https://huggingface.co/api/resolve-cache/models/microsoft/biogpt/eb0d815e95434dc9e3b78f464e52b899bee7d923/config.json "HTTP/1.1 200 OK"
2026-03-24 14:09:11 KST | INFO | LoRA applied to orch-side layers [2, 6): trainable 346,766,339 / 346,766,339 (100.00%)
2026-03-24 14:09:12 KST | INFO | Total parameters:          346,766,339
2026-03-24 14:09:12 KST | INFO | Trainable parameters:      346,766,339
2026-03-24 14:09:12 KST | INFO |   (LoRA on orch-side layers, full fine-tune on node-side layers)
2026-03-24 14:09:12 KST | INFO | 
2026-03-24 14:09:12 KST | INFO | --------------------------------------------------------------------------------
2026-03-24 14:09:12 KST | INFO | DATA LOADING
2026-03-24 14:09:12 KST | INFO | --------------------------------------------------------------------------------
2026-03-24 14:09:17 KST | INFO | ✓ Dataset sizes received:
2026-03-24 14:09:17 KST | INFO |     Node 1: 397 samples
2026-03-24 14:09:17 KST | INFO |     Node 2: 228 samples
2026-03-24 14:09:17 KST | INFO |     Node 3: 75 samples
2026-03-24 14:09:17 KST | INFO |   Total training: 700
2026-03-24 14:09:17 KST | INFO | 
2026-03-24 14:09:18 KST | INFO | HTTP Request: HEAD https://huggingface.co/microsoft/biogpt/resolve/main/tokenizer_config.json "HTTP/1.1 404 Not Found"
2026-03-24 14:09:18 KST | INFO | HTTP Request: GET https://huggingface.co/api/models/microsoft/biogpt/tree/main/additional_chat_templates?recursive=false&expand=false "HTTP/1.1 404 Not Found"
2026-03-24 14:09:18 KST | INFO | HTTP Request: GET https://huggingface.co/api/models/microsoft/biogpt/tree/main?recursive=true&expand=false "HTTP/1.1 200 OK"
2026-03-24 14:09:18 KST | INFO | HTTP Request: HEAD https://huggingface.co/microsoft/biogpt/resolve/main/vocab.json "HTTP/1.1 307 Temporary Redirect"
2026-03-24 14:09:18 KST | INFO | HTTP Request: HEAD https://huggingface.co/api/resolve-cache/models/microsoft/biogpt/eb0d815e95434dc9e3b78f464e52b899bee7d923/vocab.json "HTTP/1.1 200 OK"
2026-03-24 14:09:19 KST | INFO | Loading PubMedQA from Hugging Face …
2026-03-24 14:09:19 KST | INFO | HTTP Request: HEAD https://huggingface.co/datasets/pubmed_qa/resolve/main/README.md "HTTP/1.1 307 Temporary Redirect"
2026-03-24 14:09:20 KST | INFO | HTTP Request: HEAD https://huggingface.co/datasets/qiaojin/PubMedQA/resolve/main/README.md "HTTP/1.1 307 Temporary Redirect"
2026-03-24 14:09:20 KST | INFO | HTTP Request: HEAD https://huggingface.co/api/resolve-cache/datasets/qiaojin/PubMedQA/9001f2853fb87cab8d220904e0de81ac6973b318/README.md "HTTP/1.1 200 OK"
2026-03-24 14:09:20 KST | INFO | HTTP Request: HEAD https://huggingface.co/datasets/pubmed_qa/resolve/9001f2853fb87cab8d220904e0de81ac6973b318/pubmed_qa.py "HTTP/1.1 307 Temporary Redirect"
2026-03-24 14:09:20 KST | INFO | HTTP Request: HEAD https://huggingface.co/datasets/qiaojin/PubMedQA/resolve/9001f2853fb87cab8d220904e0de81ac6973b318/pubmed_qa.py "HTTP/1.1 404 Not Found"
2026-03-24 14:09:22 KST | INFO | HTTP Request: HEAD https://s3.amazonaws.com/datasets.huggingface.co/datasets/datasets/pubmed_qa/pubmed_qa.py "HTTP/1.1 404 Not Found"
2026-03-24 14:09:22 KST | INFO | HTTP Request: GET https://huggingface.co/api/datasets/pubmed_qa/revision/9001f2853fb87cab8d220904e0de81ac6973b318 "HTTP/1.1 307 Temporary Redirect"
2026-03-24 14:09:22 KST | INFO | HTTP Request: GET https://huggingface.co/api/datasets/qiaojin/PubMedQA/revision/9001f2853fb87cab8d220904e0de81ac6973b318 "HTTP/1.1 200 OK"
2026-03-24 14:09:22 KST | INFO | HTTP Request: HEAD https://huggingface.co/datasets/pubmed_qa/resolve/9001f2853fb87cab8d220904e0de81ac6973b318/.huggingface.yaml "HTTP/1.1 307 Temporary Redirect"
2026-03-24 14:09:22 KST | INFO | HTTP Request: HEAD https://huggingface.co/datasets/qiaojin/PubMedQA/resolve/9001f2853fb87cab8d220904e0de81ac6973b318/.huggingface.yaml "HTTP/1.1 404 Not Found"
2026-03-24 14:09:23 KST | INFO | HTTP Request: GET https://datasets-server.huggingface.co/info?dataset=pubmed_qa "HTTP/1.1 404 Not Found"
2026-03-24 14:09:23 KST | INFO | HTTP Request: GET https://huggingface.co/api/datasets/pubmed_qa/tree/9001f2853fb87cab8d220904e0de81ac6973b318/pqa_artificial?recursive=true&expand=false "HTTP/1.1 307 Temporary Redirect"
2026-03-24 14:09:23 KST | INFO | HTTP Request: GET https://huggingface.co/api/datasets/qiaojin/PubMedQA/tree/9001f2853fb87cab8d220904e0de81ac6973b318/pqa_artificial?recursive=true&expand=false "HTTP/1.1 200 OK"
2026-03-24 14:09:23 KST | INFO | HTTP Request: GET https://huggingface.co/api/datasets/pubmed_qa/tree/9001f2853fb87cab8d220904e0de81ac6973b318?recursive=false&expand=false "HTTP/1.1 307 Temporary Redirect"
2026-03-24 14:09:23 KST | INFO | HTTP Request: GET https://huggingface.co/api/datasets/qiaojin/PubMedQA/tree/9001f2853fb87cab8d220904e0de81ac6973b318?recursive=false&expand=false "HTTP/1.1 200 OK"
2026-03-24 14:09:24 KST | INFO | HTTP Request: HEAD https://huggingface.co/datasets/pubmed_qa/resolve/9001f2853fb87cab8d220904e0de81ac6973b318/dataset_infos.json "HTTP/1.1 307 Temporary Redirect"
2026-03-24 14:09:24 KST | INFO | HTTP Request: HEAD https://huggingface.co/datasets/qiaojin/PubMedQA/resolve/9001f2853fb87cab8d220904e0de81ac6973b318/dataset_infos.json "HTTP/1.1 404 Not Found"
2026-03-24 14:09:24 KST | INFO | HTTP Request: GET https://huggingface.co/api/datasets/pubmed_qa/tree/9001f2853fb87cab8d220904e0de81ac6973b318/pqa_labeled?recursive=true&expand=false "HTTP/1.1 307 Temporary Redirect"
2026-03-24 14:09:24 KST | INFO | HTTP Request: GET https://huggingface.co/api/datasets/qiaojin/PubMedQA/tree/9001f2853fb87cab8d220904e0de81ac6973b318/pqa_labeled?recursive=true&expand=false "HTTP/1.1 200 OK"
2026-03-24 14:09:25 KST | INFO | ✓ HF PubMedQA: 1000 total, 700 train / 300 test
2026-03-24 14:09:29 KST | INFO | ✓ Test set: 300 samples
2026-03-24 14:09:29 KST | INFO | 
2026-03-24 14:09:29 KST | INFO | ✓ Batch scheduler: 88 batches/epoch
2026-03-24 14:09:29 KST | INFO | 
2026-03-24 14:09:29 KST | INFO | --------------------------------------------------------------------------------
2026-03-24 14:09:29 KST | INFO | OPTIMISATION SETUP
2026-03-24 14:09:29 KST | INFO | --------------------------------------------------------------------------------
2026-03-24 14:09:29 KST | INFO | ✓ Optimizer:  AdamW (lr=2.00e-05)
2026-03-24 14:09:29 KST | INFO | ✓ Scheduler:  Linear warmup (500 steps / 8800 total)
2026-03-24 14:09:29 KST | INFO | ✓ Grad clip:  1.0
2026-03-24 14:09:29 KST | INFO | 
2026-03-24 14:09:29 KST | INFO | ================================================================================
2026-03-24 14:09:29 KST | INFO | Setup complete — Ready for training
2026-03-24 14:09:29 KST | INFO | ================================================================================
2026-03-24 14:09:29 KST | INFO | 
2026-03-24 14:09:29 KST | INFO | --------------------------------------------------------------------------------
2026-03-24 14:09:29 KST | INFO | TRAINING
2026-03-24 14:09:29 KST | INFO | --------------------------------------------------------------------------------
2026-03-24 14:09:29 KST | INFO | 
2026-03-24 14:09:29 KST | INFO | Epoch 1/100 | LR: 0.000000e+00
2026-03-24 18:19:55 KST | INFO |   Train Loss: 1.3526 | Test Loss: 0.0677 | Test Acc: 45.67%
2026-03-24 18:19:55 KST | INFO |     yes   : F1=59.03%
2026-03-24 18:19:55 KST | INFO |     no    : F1=32.00%
2026-03-24 18:19:55 KST | INFO |     maybe : F1= 7.84%
2026-03-24 18:19:55 KST | INFO |   🏆 New best accuracy: 45.67%
2026-03-24 18:19:55 KST | INFO | 
2026-03-24 18:19:55 KST | INFO | Epoch 2/100 | LR: 3.520000e-06
2026-03-24 22:23:56 KST | INFO |   Train Loss: 1.0717 | Test Loss: 0.0687 | Test Acc: 42.00%
2026-03-24 22:23:56 KST | INFO |     yes   : F1=55.59%
2026-03-24 22:23:56 KST | INFO |     no    : F1=33.33%
2026-03-24 22:23:56 KST | INFO |     maybe : F1=13.48%
2026-03-24 22:23:56 KST | INFO |   No improvement (1/10)
2026-03-24 22:23:56 KST | INFO | 
2026-03-24 22:23:56 KST | INFO | Epoch 3/100 | LR: 7.040000e-06
2026-03-25 02:03:07 KST | INFO |   Train Loss: 0.9947 | Test Loss: 0.0613 | Test Acc: 55.00%
2026-03-25 02:03:07 KST | INFO |     yes   : F1=66.49%
2026-03-25 02:03:07 KST | INFO |     no    : F1=43.08%
2026-03-25 02:03:07 KST | INFO |     maybe : F1= 0.00%
2026-03-25 02:03:07 KST | INFO |   🏆 New best accuracy: 55.00%
2026-03-25 02:03:07 KST | INFO | 
2026-03-25 02:03:07 KST | INFO | Epoch 4/100 | LR: 1.056000e-05
2026-03-25 06:17:50 KST | INFO |   Train Loss: 0.7494 | Test Loss: 0.0441 | Test Acc: 73.33%
2026-03-25 06:17:50 KST | INFO |     yes   : F1=77.98%
2026-03-25 06:17:50 KST | INFO |     no    : F1=72.90%
2026-03-25 06:17:50 KST | INFO |     maybe : F1=44.00%
2026-03-25 06:17:50 KST | INFO |   🏆 New best accuracy: 73.33%
2026-03-25 06:17:50 KST | INFO | 
2026-03-25 06:17:50 KST | INFO | Epoch 5/100 | LR: 1.408000e-05
2026-03-25 10:36:49 KST | INFO |   Train Loss: 0.4390 | Test Loss: 0.0345 | Test Acc: 76.00%
2026-03-25 10:36:49 KST | INFO |     yes   : F1=81.46%
2026-03-25 10:36:49 KST | INFO |     no    : F1=76.62%
2026-03-25 10:36:49 KST | INFO |     maybe : F1=27.91%
2026-03-25 10:36:49 KST | INFO |   🏆 New best accuracy: 76.00%
2026-03-25 10:36:49 KST | INFO | 
2026-03-25 10:36:49 KST | INFO | Epoch 6/100 | LR: 1.760000e-05
2026-03-25 14:51:20 KST | INFO |   Train Loss: 0.1870 | Test Loss: 0.0294 | Test Acc: 77.67%
2026-03-25 14:51:20 KST | INFO |     yes   : F1=82.28%
2026-03-25 14:51:20 KST | INFO |     no    : F1=78.70%
2026-03-25 14:51:20 KST | INFO |     maybe : F1=43.14%
2026-03-25 14:51:20 KST | INFO |   🏆 New best accuracy: 77.67%
2026-03-25 14:51:20 KST | INFO | 
2026-03-25 14:51:20 KST | INFO | Epoch 7/100 | LR: 1.993253e-05
2026-03-25 19:04:17 KST | INFO |   Train Loss: 0.0968 | Test Loss: 0.0404 | Test Acc: 76.33%
2026-03-25 19:04:17 KST | INFO |     yes   : F1=81.52%
2026-03-25 19:04:17 KST | INFO |     no    : F1=76.60%
2026-03-25 19:04:17 KST | INFO |     maybe : F1=31.82%
2026-03-25 19:04:17 KST | INFO |   No improvement (1/10)
2026-03-25 19:04:17 KST | INFO | 
2026-03-25 19:04:17 KST | INFO | Epoch 8/100 | LR: 1.972048e-05
2026-03-25 23:20:41 KST | INFO |   Train Loss: 0.0843 | Test Loss: 0.0291 | Test Acc: 80.33%
2026-03-25 23:20:41 KST | INFO |     yes   : F1=83.48%
2026-03-25 23:20:41 KST | INFO |     no    : F1=81.90%
2026-03-25 23:20:41 KST | INFO |     maybe : F1=56.14%
2026-03-25 23:20:41 KST | INFO |   🏆 New best accuracy: 80.33%
2026-03-25 23:20:41 KST | INFO | 
2026-03-25 23:20:41 KST | INFO | Epoch 9/100 | LR: 1.950843e-05
2026-03-26 03:42:18 KST | INFO |   Train Loss: 0.0097 | Test Loss: 0.0291 | Test Acc: 80.33%
2026-03-26 03:42:18 KST | INFO |     yes   : F1=84.62%
2026-03-26 03:42:18 KST | INFO |     no    : F1=80.18%
2026-03-26 03:42:18 KST | INFO |     maybe : F1=61.97%
2026-03-26 03:42:18 KST | INFO |   No improvement (1/10)
2026-03-26 03:42:18 KST | INFO | 
2026-03-26 03:42:18 KST | INFO | Epoch 10/100 | LR: 1.929639e-05
2026-03-26 07:59:18 KST | INFO |   Train Loss: 0.0008 | Test Loss: 0.0316 | Test Acc: 84.00%
2026-03-26 07:59:18 KST | INFO |     yes   : F1=88.48%
2026-03-26 07:59:18 KST | INFO |     no    : F1=83.09%
2026-03-26 07:59:18 KST | INFO |     maybe : F1=63.49%
2026-03-26 07:59:18 KST | INFO |   🏆 New best accuracy: 84.00%
2026-03-26 07:59:18 KST | INFO | 
2026-03-26 07:59:18 KST | INFO | Epoch 11/100 | LR: 1.908434e-05
2026-03-26 12:25:52 KST | INFO |   Train Loss: 0.0003 | Test Loss: 0.0307 | Test Acc: 83.33%
2026-03-26 12:25:52 KST | INFO |     yes   : F1=87.31%
2026-03-26 12:25:52 KST | INFO |     no    : F1=83.09%
2026-03-26 12:25:52 KST | INFO |     maybe : F1=65.71%
2026-03-26 12:25:52 KST | INFO |   No improvement (1/10)
2026-03-26 12:25:52 KST | INFO | 
2026-03-26 12:25:52 KST | INFO | Epoch 12/100 | LR: 1.887229e-05
2026-03-26 16:40:31 KST | INFO |   Train Loss: 0.0000 | Test Loss: 0.0315 | Test Acc: 83.67%
2026-03-26 16:40:31 KST | INFO |     yes   : F1=87.54%
2026-03-26 16:40:31 KST | INFO |     no    : F1=83.50%
2026-03-26 16:40:31 KST | INFO |     maybe : F1=64.62%
2026-03-26 16:40:31 KST | INFO |   No improvement (2/10)
2026-03-26 16:40:31 KST | INFO | 
2026-03-26 16:40:31 KST | INFO | Epoch 13/100 | LR: 1.866024e-05
2026-03-26 20:48:25 KST | INFO |   Train Loss: 0.0000 | Test Loss: 0.0315 | Test Acc: 83.67%
2026-03-26 20:48:25 KST | INFO |     yes   : F1=87.54%
2026-03-26 20:48:25 KST | INFO |     no    : F1=83.50%
2026-03-26 20:48:25 KST | INFO |     maybe : F1=64.62%
2026-03-26 20:48:25 KST | INFO |   No improvement (3/10)
2026-03-26 20:48:25 KST | INFO | 
2026-03-26 20:48:25 KST | INFO | Epoch 14/100 | LR: 1.844819e-05
2026-03-27 01:07:08 KST | INFO |   Train Loss: 0.0000 | Test Loss: 0.0315 | Test Acc: 83.67%
2026-03-27 01:07:08 KST | INFO |     yes   : F1=87.54%
2026-03-27 01:07:08 KST | INFO |     no    : F1=83.50%
2026-03-27 01:07:08 KST | INFO |     maybe : F1=64.62%
2026-03-27 01:07:08 KST | INFO |   No improvement (4/10)
2026-03-27 01:07:08 KST | INFO | 
2026-03-27 01:07:08 KST | INFO | Epoch 15/100 | LR: 1.823614e-05
2026-03-27 05:33:58 KST | INFO |   Train Loss: 0.0000 | Test Loss: 0.0316 | Test Acc: 83.67%
2026-03-27 05:33:58 KST | INFO |     yes   : F1=87.54%
2026-03-27 05:33:58 KST | INFO |     no    : F1=83.50%
2026-03-27 05:33:58 KST | INFO |     maybe : F1=64.62%
2026-03-27 05:33:58 KST | INFO |   No improvement (5/10)
2026-03-27 05:33:58 KST | INFO | 
2026-03-27 05:33:58 KST | INFO | Epoch 16/100 | LR: 1.802410e-05
2026-03-27 09:57:09 KST | INFO |   Train Loss: 0.0000 | Test Loss: 0.0316 | Test Acc: 83.67%
2026-03-27 09:57:09 KST | INFO |     yes   : F1=87.54%
2026-03-27 09:57:09 KST | INFO |     no    : F1=83.50%
2026-03-27 09:57:09 KST | INFO |     maybe : F1=64.62%
2026-03-27 09:57:09 KST | INFO |   No improvement (6/10)
2026-03-27 09:57:09 KST | INFO | 
2026-03-27 09:57:09 KST | INFO | Epoch 17/100 | LR: 1.781205e-05
2026-03-27 14:05:56 KST | INFO |   Train Loss: 0.0000 | Test Loss: 0.0317 | Test Acc: 83.67%
2026-03-27 14:05:56 KST | INFO |     yes   : F1=87.54%
2026-03-27 14:05:56 KST | INFO |     no    : F1=83.50%
2026-03-27 14:05:56 KST | INFO |     maybe : F1=64.62%
2026-03-27 14:05:56 KST | INFO |   No improvement (7/10)
2026-03-27 14:05:56 KST | INFO | 
2026-03-27 14:05:56 KST | INFO | Epoch 18/100 | LR: 1.760000e-05
2026-03-27 18:26:19 KST | INFO |   Train Loss: 0.0000 | Test Loss: 0.0318 | Test Acc: 83.67%
2026-03-27 18:26:19 KST | INFO |     yes   : F1=87.54%
2026-03-27 18:26:19 KST | INFO |     no    : F1=83.50%
2026-03-27 18:26:19 KST | INFO |     maybe : F1=64.62%
2026-03-27 18:26:19 KST | INFO |   No improvement (8/10)
2026-03-27 18:26:19 KST | INFO | 
2026-03-27 18:26:19 KST | INFO | Epoch 19/100 | LR: 1.738795e-05
2026-03-27 22:35:31 KST | INFO |   Train Loss: 0.0000 | Test Loss: 0.0318 | Test Acc: 83.67%
2026-03-27 22:35:31 KST | INFO |     yes   : F1=87.54%
2026-03-27 22:35:31 KST | INFO |     no    : F1=83.50%
2026-03-27 22:35:31 KST | INFO |     maybe : F1=64.62%
2026-03-27 22:35:31 KST | INFO |   No improvement (9/10)
2026-03-27 22:35:31 KST | INFO | 
2026-03-27 22:35:31 KST | INFO | Epoch 20/100 | LR: 1.717590e-05
2026-03-28 02:37:08 KST | INFO |   Train Loss: 0.0000 | Test Loss: 0.0319 | Test Acc: 83.67%
2026-03-28 02:37:08 KST | INFO |     yes   : F1=87.54%
2026-03-28 02:37:08 KST | INFO |     no    : F1=83.50%
2026-03-28 02:37:08 KST | INFO |     maybe : F1=64.62%
2026-03-28 02:37:08 KST | INFO |   No improvement (10/10)
2026-03-28 02:37:08 KST | INFO | 
Early stopping after 10 epochs without improvement
2026-03-28 02:37:08 KST | INFO | 
2026-03-28 02:37:08 KST | INFO | ================================================================================
2026-03-28 02:37:08 KST | INFO | TRAINING COMPLETE
2026-03-28 02:37:08 KST | INFO | ================================================================================
2026-03-28 02:37:08 KST | INFO | Best accuracy:  84.00% (Epoch 10)
2026-03-28 02:37:08 KST | INFO | ================================================================================
2026-03-28 02:37:08 KST | INFO | 
2026-03-28 02:37:08 KST | INFO | Notifying nodes of completion …
2026-03-28 02:37:09 KST | INFO | ✓ Nodes notified
2026-03-28 02:37:09 KST | INFO | 
2026-03-28 02:37:09 KST | INFO | Closing connections …
2026-03-28 02:37:09 KST | INFO | ✓ Cleanup complete
2026-03-28 02:37:09 KST | INFO | 
Full log: logs/TL++_biogpt_secure_lora_20260324_140844.log
2026-03-28 02:37:09 KST | INFO | ================================================================================
