2026-03-06 12:25:16 KST | INFO | ================================================================================
2026-03-06 12:25:16 KST | INFO | TL++ Orchestrator  [BioGPT / PubMedQA]
2026-03-06 12:25:16 KST | INFO | ================================================================================
2026-03-06 12:25:16 KST | INFO | Log file: logs/TL++_biogpt_secure_lora_20260306_122516.log
2026-03-06 12:25:16 KST | INFO | 
2026-03-06 12:25:16 KST | INFO | --------------------------------------------------------------------------------
2026-03-06 12:25:16 KST | INFO | CONFIGURATION
2026-03-06 12:25:16 KST | INFO | --------------------------------------------------------------------------------
2026-03-06 12:25:16 KST | INFO | Dataset:            PubMedQA (yes / no / maybe)
2026-03-06 12:25:16 KST | INFO | Model:              BioGPT (microsoft/biogpt)
2026-03-06 12:25:16 KST | INFO | Secure mode:        True
2026-03-06 12:25:16 KST | INFO | LoRA:               True
2026-03-06 12:25:16 KST | INFO |   r=8, alpha=16, dropout=0.1
2026-03-06 12:25:16 KST | INFO | Nodes:              3
2026-03-06 12:25:16 KST | INFO | Cut layer:          1
2026-03-06 12:25:16 KST | INFO | Batch size:         8
2026-03-06 12:25:16 KST | INFO | Learning rate:      2.00e-05
2026-03-06 12:25:16 KST | INFO | Max seq length:     512
2026-03-06 12:25:16 KST | INFO | 
2026-03-06 12:25:16 KST | INFO | Computation device: cuda
2026-03-06 12:25:16 KST | INFO | Secure mode: ✓ ENABLED
2026-03-06 12:25:16 KST | INFO | 
2026-03-06 12:25:16 KST | INFO | --------------------------------------------------------------------------------
2026-03-06 12:25:16 KST | INFO | NETWORK SETUP
2026-03-06 12:25:16 KST | INFO | --------------------------------------------------------------------------------
2026-03-06 12:25:16 KST | INFO | ✓ Orchestrator listening on 127.0.0.1:9080
2026-03-06 12:25:16 KST | INFO | Waiting for helper node …
2026-03-06 12:25:19 KST | INFO | ✓ Helper node connected
2026-03-06 12:25:19 KST | INFO | ✓ Noise config sent (activation: 2.0%, gradient: 10.0%)
2026-03-06 12:25:19 KST | INFO | 
2026-03-06 12:25:19 KST | INFO | Waiting for 3 node(s) …
2026-03-06 12:25:21 KST | INFO |   ✓ Node 1/3 connected
2026-03-06 12:25:22 KST | INFO |   ✓ Node 2/3 connected
2026-03-06 12:25:23 KST | INFO |   ✓ Node 3/3 connected
2026-03-06 12:25:23 KST | INFO | ✓ All 3 node(s) connected
2026-03-06 12:25:23 KST | INFO | 
2026-03-06 12:25:23 KST | INFO | --------------------------------------------------------------------------------
2026-03-06 12:25:23 KST | INFO | MODEL INITIALISATION  [BioGPT + LoRA on orch-side layers]
2026-03-06 12:25:23 KST | INFO | --------------------------------------------------------------------------------
2026-03-06 12:25:24 KST | INFO | HTTP Request: HEAD https://huggingface.co/microsoft/biogpt/resolve/main/config.json "HTTP/1.1 307 Temporary Redirect"
2026-03-06 12:25:24 KST | WARNING | Warning: You are sending unauthenticated requests to the HF Hub. Please set a HF_TOKEN to enable higher rate limits and faster downloads.
2026-03-06 12:25:24 KST | INFO | HTTP Request: HEAD https://huggingface.co/api/resolve-cache/models/microsoft/biogpt/eb0d815e95434dc9e3b78f464e52b899bee7d923/config.json "HTTP/1.1 200 OK"
2026-03-06 12:25:24 KST | INFO | HTTP Request: HEAD https://huggingface.co/microsoft/biogpt/resolve/main/config.json "HTTP/1.1 307 Temporary Redirect"
2026-03-06 12:25:24 KST | INFO | HTTP Request: HEAD https://huggingface.co/api/resolve-cache/models/microsoft/biogpt/eb0d815e95434dc9e3b78f464e52b899bee7d923/config.json "HTTP/1.1 200 OK"
2026-03-06 12:25:24 KST | INFO | HTTP Request: HEAD https://huggingface.co/microsoft/biogpt/resolve/main/model.safetensors "HTTP/1.1 404 Not Found"
2026-03-06 12:25:24 KST | INFO | HTTP Request: HEAD https://huggingface.co/microsoft/biogpt/resolve/main/model.safetensors.index.json "HTTP/1.1 404 Not Found"
2026-03-06 12:25:24 KST | INFO | HTTP Request: HEAD https://huggingface.co/microsoft/biogpt/resolve/main/pytorch_model.bin "HTTP/1.1 302 Found"
2026-03-06 12:25:25 KST | INFO | HTTP Request: HEAD https://huggingface.co/microsoft/biogpt/resolve/main/model.safetensors "HTTP/1.1 404 Not Found"
2026-03-06 12:25:25 KST | INFO | HTTP Request: GET https://huggingface.co/api/models/microsoft/biogpt "HTTP/1.1 200 OK"
2026-03-06 12:25:25 KST | INFO | HTTP Request: GET https://huggingface.co/api/models/microsoft/biogpt/commits/main "HTTP/1.1 200 OK"
2026-03-06 12:25:25 KST | INFO | HTTP Request: GET https://huggingface.co/api/models/microsoft/biogpt/discussions?p=0 "HTTP/1.1 200 OK"
2026-03-06 12:25:25 KST | INFO | HTTP Request: GET https://huggingface.co/api/models/microsoft/biogpt/commits/refs%2Fpr%2F17 "HTTP/1.1 200 OK"
2026-03-06 12:25:26 KST | INFO | HTTP Request: HEAD https://huggingface.co/microsoft/biogpt/resolve/refs%2Fpr%2F17/model.safetensors.index.json "HTTP/1.1 404 Not Found"
2026-03-06 12:25:26 KST | INFO | HTTP Request: HEAD https://huggingface.co/microsoft/biogpt/resolve/refs%2Fpr%2F17/model.safetensors "HTTP/1.1 302 Found"
2026-03-06 12:25:26 KST | INFO | HTTP Request: HEAD https://huggingface.co/microsoft/biogpt/resolve/main/generation_config.json "HTTP/1.1 404 Not Found"
2026-03-06 12:25:26 KST | INFO | HTTP Request: HEAD https://huggingface.co/microsoft/biogpt/resolve/main/config.json "HTTP/1.1 307 Temporary Redirect"
2026-03-06 12:25:26 KST | INFO | HTTP Request: HEAD https://huggingface.co/api/resolve-cache/models/microsoft/biogpt/eb0d815e95434dc9e3b78f464e52b899bee7d923/config.json "HTTP/1.1 200 OK"
2026-03-06 12:25:26 KST | INFO | Node-side parameters:      69,644,288
2026-03-06 12:25:26 KST | INFO | 
2026-03-06 12:25:26 KST | INFO | Broadcasting configuration to nodes …
2026-03-06 12:25:36 KST | INFO | ✓ Configuration broadcast to all nodes
2026-03-06 12:25:36 KST | INFO | Loading microsoft/biogpt …
2026-03-06 12:25:36 KST | INFO | HTTP Request: HEAD https://huggingface.co/microsoft/biogpt/resolve/main/config.json "HTTP/1.1 307 Temporary Redirect"
2026-03-06 12:25:36 KST | INFO | HTTP Request: HEAD https://huggingface.co/api/resolve-cache/models/microsoft/biogpt/eb0d815e95434dc9e3b78f464e52b899bee7d923/config.json "HTTP/1.1 200 OK"
2026-03-06 12:25:36 KST | INFO | HTTP Request: HEAD https://huggingface.co/microsoft/biogpt/resolve/main/config.json "HTTP/1.1 307 Temporary Redirect"
2026-03-06 12:25:36 KST | INFO | HTTP Request: HEAD https://huggingface.co/api/resolve-cache/models/microsoft/biogpt/eb0d815e95434dc9e3b78f464e52b899bee7d923/config.json "HTTP/1.1 200 OK"
2026-03-06 12:25:36 KST | INFO | HTTP Request: HEAD https://huggingface.co/microsoft/biogpt/resolve/main/model.safetensors "HTTP/1.1 404 Not Found"
2026-03-06 12:25:37 KST | INFO | HTTP Request: HEAD https://huggingface.co/microsoft/biogpt/resolve/main/model.safetensors.index.json "HTTP/1.1 404 Not Found"
2026-03-06 12:25:37 KST | INFO | HTTP Request: HEAD https://huggingface.co/microsoft/biogpt/resolve/main/pytorch_model.bin "HTTP/1.1 302 Found"
2026-03-06 12:25:37 KST | INFO | HTTP Request: HEAD https://huggingface.co/microsoft/biogpt/resolve/main/model.safetensors "HTTP/1.1 404 Not Found"
2026-03-06 12:25:37 KST | INFO | HTTP Request: GET https://huggingface.co/api/models/microsoft/biogpt "HTTP/1.1 200 OK"
2026-03-06 12:25:38 KST | INFO | HTTP Request: GET https://huggingface.co/api/models/microsoft/biogpt/commits/main "HTTP/1.1 200 OK"
2026-03-06 12:25:38 KST | INFO | HTTP Request: GET https://huggingface.co/api/models/microsoft/biogpt/discussions?p=0 "HTTP/1.1 200 OK"
2026-03-06 12:25:38 KST | INFO | HTTP Request: GET https://huggingface.co/api/models/microsoft/biogpt/commits/refs%2Fpr%2F17 "HTTP/1.1 200 OK"
2026-03-06 12:25:38 KST | INFO | HTTP Request: HEAD https://huggingface.co/microsoft/biogpt/resolve/refs%2Fpr%2F17/model.safetensors.index.json "HTTP/1.1 404 Not Found"
2026-03-06 12:25:38 KST | INFO | HTTP Request: HEAD https://huggingface.co/microsoft/biogpt/resolve/refs%2Fpr%2F17/model.safetensors "HTTP/1.1 302 Found"
2026-03-06 12:25:39 KST | INFO | HTTP Request: HEAD https://huggingface.co/microsoft/biogpt/resolve/main/generation_config.json "HTTP/1.1 404 Not Found"
2026-03-06 12:25:39 KST | INFO | HTTP Request: HEAD https://huggingface.co/microsoft/biogpt/resolve/main/config.json "HTTP/1.1 307 Temporary Redirect"
2026-03-06 12:25:39 KST | INFO | HTTP Request: HEAD https://huggingface.co/api/resolve-cache/models/microsoft/biogpt/eb0d815e95434dc9e3b78f464e52b899bee7d923/config.json "HTTP/1.1 200 OK"
2026-03-06 12:25:39 KST | INFO | LoRA applied to orch-side layers [2, 6): trainable 346,766,339 / 346,766,339 (100.00%)
2026-03-06 12:25:40 KST | INFO | Total parameters:          346,766,339
2026-03-06 12:25:40 KST | INFO | Trainable parameters:      346,766,339
2026-03-06 12:25:40 KST | INFO |   (LoRA on orch-side layers, full fine-tune on node-side layers)
2026-03-06 12:25:41 KST | INFO | 
2026-03-06 12:25:41 KST | INFO | --------------------------------------------------------------------------------
2026-03-06 12:25:41 KST | INFO | DATA LOADING
2026-03-06 12:25:41 KST | INFO | --------------------------------------------------------------------------------
2026-03-06 12:25:49 KST | INFO | ✓ Dataset sizes received:
2026-03-06 12:25:49 KST | INFO |     Node 1: 397 samples
2026-03-06 12:25:49 KST | INFO |     Node 2: 228 samples
2026-03-06 12:25:49 KST | INFO |     Node 3: 75 samples
2026-03-06 12:25:49 KST | INFO |   Total training: 700
2026-03-06 12:25:49 KST | INFO | 
2026-03-06 12:25:50 KST | INFO | HTTP Request: HEAD https://huggingface.co/microsoft/biogpt/resolve/main/tokenizer_config.json "HTTP/1.1 404 Not Found"
2026-03-06 12:25:50 KST | INFO | HTTP Request: GET https://huggingface.co/api/models/microsoft/biogpt/tree/main/additional_chat_templates?recursive=false&expand=false "HTTP/1.1 404 Not Found"
2026-03-06 12:25:50 KST | INFO | HTTP Request: GET https://huggingface.co/api/models/microsoft/biogpt/tree/main?recursive=true&expand=false "HTTP/1.1 200 OK"
2026-03-06 12:25:50 KST | INFO | HTTP Request: HEAD https://huggingface.co/microsoft/biogpt/resolve/main/vocab.json "HTTP/1.1 307 Temporary Redirect"
2026-03-06 12:25:50 KST | INFO | HTTP Request: HEAD https://huggingface.co/api/resolve-cache/models/microsoft/biogpt/eb0d815e95434dc9e3b78f464e52b899bee7d923/vocab.json "HTTP/1.1 200 OK"
2026-03-06 12:25:51 KST | INFO | Loading PubMedQA from Hugging Face …
2026-03-06 12:25:52 KST | INFO | HTTP Request: HEAD https://huggingface.co/datasets/pubmed_qa/resolve/main/README.md "HTTP/1.1 307 Temporary Redirect"
2026-03-06 12:25:52 KST | INFO | HTTP Request: HEAD https://huggingface.co/datasets/qiaojin/PubMedQA/resolve/main/README.md "HTTP/1.1 307 Temporary Redirect"
2026-03-06 12:25:52 KST | INFO | HTTP Request: HEAD https://huggingface.co/api/resolve-cache/datasets/qiaojin/PubMedQA/9001f2853fb87cab8d220904e0de81ac6973b318/README.md "HTTP/1.1 200 OK"
2026-03-06 12:25:52 KST | INFO | HTTP Request: HEAD https://huggingface.co/datasets/pubmed_qa/resolve/9001f2853fb87cab8d220904e0de81ac6973b318/pubmed_qa.py "HTTP/1.1 307 Temporary Redirect"
2026-03-06 12:25:52 KST | INFO | HTTP Request: HEAD https://huggingface.co/datasets/qiaojin/PubMedQA/resolve/9001f2853fb87cab8d220904e0de81ac6973b318/pubmed_qa.py "HTTP/1.1 404 Not Found"
2026-03-06 12:25:53 KST | INFO | HTTP Request: HEAD https://s3.amazonaws.com/datasets.huggingface.co/datasets/datasets/pubmed_qa/pubmed_qa.py "HTTP/1.1 404 Not Found"
2026-03-06 12:25:53 KST | INFO | HTTP Request: GET https://huggingface.co/api/datasets/pubmed_qa/revision/9001f2853fb87cab8d220904e0de81ac6973b318 "HTTP/1.1 307 Temporary Redirect"
2026-03-06 12:25:53 KST | INFO | HTTP Request: GET https://huggingface.co/api/datasets/qiaojin/PubMedQA/revision/9001f2853fb87cab8d220904e0de81ac6973b318 "HTTP/1.1 200 OK"
2026-03-06 12:25:53 KST | INFO | HTTP Request: HEAD https://huggingface.co/datasets/pubmed_qa/resolve/9001f2853fb87cab8d220904e0de81ac6973b318/.huggingface.yaml "HTTP/1.1 307 Temporary Redirect"
2026-03-06 12:25:54 KST | INFO | HTTP Request: HEAD https://huggingface.co/datasets/qiaojin/PubMedQA/resolve/9001f2853fb87cab8d220904e0de81ac6973b318/.huggingface.yaml "HTTP/1.1 404 Not Found"
2026-03-06 12:25:54 KST | INFO | HTTP Request: GET https://datasets-server.huggingface.co/info?dataset=pubmed_qa "HTTP/1.1 404 Not Found"
2026-03-06 12:25:54 KST | INFO | HTTP Request: GET https://huggingface.co/api/datasets/pubmed_qa/tree/9001f2853fb87cab8d220904e0de81ac6973b318/pqa_artificial?recursive=true&expand=false "HTTP/1.1 307 Temporary Redirect"
2026-03-06 12:25:54 KST | INFO | HTTP Request: GET https://huggingface.co/api/datasets/qiaojin/PubMedQA/tree/9001f2853fb87cab8d220904e0de81ac6973b318/pqa_artificial?recursive=true&expand=false "HTTP/1.1 200 OK"
2026-03-06 12:25:55 KST | INFO | HTTP Request: GET https://huggingface.co/api/datasets/pubmed_qa/tree/9001f2853fb87cab8d220904e0de81ac6973b318?recursive=false&expand=false "HTTP/1.1 307 Temporary Redirect"
2026-03-06 12:25:55 KST | INFO | HTTP Request: GET https://huggingface.co/api/datasets/qiaojin/PubMedQA/tree/9001f2853fb87cab8d220904e0de81ac6973b318?recursive=false&expand=false "HTTP/1.1 200 OK"
2026-03-06 12:25:55 KST | INFO | HTTP Request: HEAD https://huggingface.co/datasets/pubmed_qa/resolve/9001f2853fb87cab8d220904e0de81ac6973b318/dataset_infos.json "HTTP/1.1 307 Temporary Redirect"
2026-03-06 12:25:55 KST | INFO | HTTP Request: HEAD https://huggingface.co/datasets/qiaojin/PubMedQA/resolve/9001f2853fb87cab8d220904e0de81ac6973b318/dataset_infos.json "HTTP/1.1 404 Not Found"
2026-03-06 12:25:55 KST | INFO | HTTP Request: GET https://huggingface.co/api/datasets/pubmed_qa/tree/9001f2853fb87cab8d220904e0de81ac6973b318/pqa_labeled?recursive=true&expand=false "HTTP/1.1 307 Temporary Redirect"
2026-03-06 12:25:56 KST | INFO | HTTP Request: GET https://huggingface.co/api/datasets/qiaojin/PubMedQA/tree/9001f2853fb87cab8d220904e0de81ac6973b318/pqa_labeled?recursive=true&expand=false "HTTP/1.1 200 OK"
2026-03-06 12:25:56 KST | INFO | ✓ HF PubMedQA: 1000 total, 700 train / 300 test
2026-03-06 12:26:00 KST | INFO | ✓ Test set: 300 samples
2026-03-06 12:26:00 KST | INFO | 
2026-03-06 12:26:00 KST | INFO | ✓ Batch scheduler: 88 batches/epoch
2026-03-06 12:26:00 KST | INFO | 
2026-03-06 12:26:00 KST | INFO | --------------------------------------------------------------------------------
2026-03-06 12:26:00 KST | INFO | OPTIMISATION SETUP
2026-03-06 12:26:00 KST | INFO | --------------------------------------------------------------------------------
2026-03-06 12:26:00 KST | INFO | ✓ Optimizer:  AdamW (lr=2.00e-05)
2026-03-06 12:26:00 KST | INFO | ✓ Scheduler:  Linear warmup (500 steps / 8800 total)
2026-03-06 12:26:00 KST | INFO | ✓ Grad clip:  1.0
2026-03-06 12:26:00 KST | INFO | 
2026-03-06 12:26:00 KST | INFO | ================================================================================
2026-03-06 12:26:00 KST | INFO | Setup complete — Ready for training
2026-03-06 12:26:00 KST | INFO | ================================================================================
2026-03-06 12:26:00 KST | INFO | 
2026-03-06 12:26:00 KST | INFO | --------------------------------------------------------------------------------
2026-03-06 12:26:00 KST | INFO | TRAINING
2026-03-06 12:26:00 KST | INFO | --------------------------------------------------------------------------------
2026-03-06 12:26:00 KST | INFO | 
2026-03-06 12:26:00 KST | INFO | Epoch 1/100 | LR: 0.000000e+00
2026-03-06 17:00:24 KST | INFO |   Train Loss: 1.3147 | Test Loss: 0.0725 | Test Acc: 43.00%
2026-03-06 17:00:24 KST | INFO |     yes   : F1=58.75%
2026-03-06 17:00:24 KST | INFO |     no    : F1=29.41%
2026-03-06 17:00:24 KST | INFO |     maybe : F1=10.75%
2026-03-06 17:00:24 KST | INFO |   🏆 New best accuracy: 43.00%
2026-03-06 17:00:24 KST | INFO | 
2026-03-06 17:00:24 KST | INFO | Epoch 2/100 | LR: 3.520000e-06
2026-03-06 21:36:09 KST | INFO |   Train Loss: 1.1329 | Test Loss: 0.0666 | Test Acc: 49.33%
2026-03-06 21:36:09 KST | INFO |     yes   : F1=62.57%
2026-03-06 21:36:09 KST | INFO |     no    : F1=35.75%
2026-03-06 21:36:09 KST | INFO |     maybe : F1=12.70%
2026-03-06 21:36:09 KST | INFO |   🏆 New best accuracy: 49.33%
2026-03-06 21:36:09 KST | INFO | 
2026-03-06 21:36:09 KST | INFO | Epoch 3/100 | LR: 7.040000e-06
2026-03-07 01:53:56 KST | INFO |   Train Loss: 1.0749 | Test Loss: 0.0650 | Test Acc: 48.33%
2026-03-07 01:53:56 KST | INFO |     yes   : F1=53.33%
2026-03-07 01:53:56 KST | INFO |     no    : F1=54.55%
2026-03-07 01:53:56 KST | INFO |     maybe : F1=20.20%
2026-03-07 01:53:56 KST | INFO |   No improvement (1/10)
2026-03-07 01:53:56 KST | INFO | 
2026-03-07 01:53:56 KST | INFO | Epoch 4/100 | LR: 1.056000e-05
2026-03-07 06:24:02 KST | INFO |   Train Loss: 0.5395 | Test Loss: 0.0441 | Test Acc: 71.33%
2026-03-07 06:24:02 KST | INFO |     yes   : F1=75.73%
2026-03-07 06:24:02 KST | INFO |     no    : F1=74.87%
2026-03-07 06:24:02 KST | INFO |     maybe : F1=51.92%
2026-03-07 06:24:02 KST | INFO |   🏆 New best accuracy: 71.33%
2026-03-07 06:24:02 KST | INFO | 
2026-03-07 06:24:02 KST | INFO | Epoch 5/100 | LR: 1.408000e-05
2026-03-07 10:48:34 KST | INFO |   Train Loss: 0.3021 | Test Loss: 0.0370 | Test Acc: 76.00%
2026-03-07 10:48:34 KST | INFO |     yes   : F1=81.59%
2026-03-07 10:48:34 KST | INFO |     no    : F1=72.22%
2026-03-07 10:48:34 KST | INFO |     maybe : F1=56.72%
2026-03-07 10:48:34 KST | INFO |   🏆 New best accuracy: 76.00%
2026-03-07 10:48:34 KST | INFO | 
2026-03-07 10:48:34 KST | INFO | Epoch 6/100 | LR: 1.760000e-05
2026-03-07 15:18:07 KST | INFO |   Train Loss: 0.1906 | Test Loss: 0.0322 | Test Acc: 80.33%
2026-03-07 15:18:07 KST | INFO |     yes   : F1=84.35%
2026-03-07 15:18:07 KST | INFO |     no    : F1=81.93%
2026-03-07 15:18:07 KST | INFO |     maybe : F1=52.63%
2026-03-07 15:18:07 KST | INFO |   🏆 New best accuracy: 80.33%
2026-03-07 15:18:07 KST | INFO | 
2026-03-07 15:18:07 KST | INFO | Epoch 7/100 | LR: 1.993253e-05
2026-03-07 19:53:27 KST | INFO |   Train Loss: 0.0533 | Test Loss: 0.0290 | Test Acc: 78.67%
2026-03-07 19:53:27 KST | INFO |     yes   : F1=83.64%
2026-03-07 19:53:27 KST | INFO |     no    : F1=80.00%
2026-03-07 19:53:27 KST | INFO |     maybe : F1=49.23%
2026-03-07 19:53:27 KST | INFO |   No improvement (1/10)
2026-03-07 19:53:27 KST | INFO | 
2026-03-07 19:53:27 KST | INFO | Epoch 8/100 | LR: 1.972048e-05
2026-03-08 00:28:24 KST | INFO |   Train Loss: 0.0393 | Test Loss: 0.0320 | Test Acc: 79.67%
2026-03-08 00:28:24 KST | INFO |     yes   : F1=83.63%
2026-03-08 00:28:24 KST | INFO |     no    : F1=79.17%
2026-03-08 00:28:24 KST | INFO |     maybe : F1=60.61%
2026-03-08 00:28:24 KST | INFO |   No improvement (2/10)
2026-03-08 00:28:24 KST | INFO | 
2026-03-08 00:28:24 KST | INFO | Epoch 9/100 | LR: 1.950843e-05
2026-03-08 05:00:42 KST | INFO |   Train Loss: 0.0052 | Test Loss: 0.0330 | Test Acc: 79.67%
2026-03-08 05:00:42 KST | INFO |     yes   : F1=83.93%
2026-03-08 05:00:42 KST | INFO |     no    : F1=79.00%
2026-03-08 05:00:42 KST | INFO |     maybe : F1=59.38%
2026-03-08 05:00:42 KST | INFO |   No improvement (3/10)
2026-03-08 05:00:42 KST | INFO | 
2026-03-08 05:00:42 KST | INFO | Epoch 10/100 | LR: 1.929639e-05
2026-03-08 09:34:49 KST | INFO |   Train Loss: 0.0004 | Test Loss: 0.0324 | Test Acc: 79.33%
2026-03-08 09:34:49 KST | INFO |     yes   : F1=84.27%
2026-03-08 09:34:49 KST | INFO |     no    : F1=79.25%
2026-03-08 09:34:49 KST | INFO |     maybe : F1=47.06%
2026-03-08 09:34:49 KST | INFO |   No improvement (4/10)
2026-03-08 09:34:49 KST | INFO | 
2026-03-08 09:34:49 KST | INFO | Epoch 11/100 | LR: 1.908434e-05
2026-03-08 13:54:09 KST | INFO |   Train Loss: 0.0000 | Test Loss: 0.0322 | Test Acc: 79.00%
2026-03-08 13:54:09 KST | INFO |     yes   : F1=83.68%
2026-03-08 13:54:09 KST | INFO |     no    : F1=79.62%
2026-03-08 13:54:09 KST | INFO |     maybe : F1=46.15%
2026-03-08 13:54:09 KST | INFO |   No improvement (5/10)
2026-03-08 13:54:09 KST | INFO | 
2026-03-08 13:54:09 KST | INFO | Epoch 12/100 | LR: 1.887229e-05
2026-03-08 18:09:05 KST | INFO |   Train Loss: 0.0000 | Test Loss: 0.0322 | Test Acc: 79.00%
2026-03-08 18:09:05 KST | INFO |     yes   : F1=83.68%
2026-03-08 18:09:05 KST | INFO |     no    : F1=79.62%
2026-03-08 18:09:05 KST | INFO |     maybe : F1=46.15%
2026-03-08 18:09:05 KST | INFO |   No improvement (6/10)
2026-03-08 18:09:05 KST | INFO | 
2026-03-08 18:09:05 KST | INFO | Epoch 13/100 | LR: 1.866024e-05
2026-03-08 22:31:47 KST | INFO |   Train Loss: 0.0000 | Test Loss: 0.0324 | Test Acc: 79.00%
2026-03-08 22:31:47 KST | INFO |     yes   : F1=83.68%
2026-03-08 22:31:47 KST | INFO |     no    : F1=79.62%
2026-03-08 22:31:47 KST | INFO |     maybe : F1=46.15%
2026-03-08 22:31:47 KST | INFO |   No improvement (7/10)
2026-03-08 22:31:47 KST | INFO | 
2026-03-08 22:31:47 KST | INFO | Epoch 14/100 | LR: 1.844819e-05
2026-03-09 02:55:00 KST | INFO |   Train Loss: 0.0000 | Test Loss: 0.0325 | Test Acc: 79.00%
2026-03-09 02:55:00 KST | INFO |     yes   : F1=83.68%
2026-03-09 02:55:00 KST | INFO |     no    : F1=79.62%
2026-03-09 02:55:00 KST | INFO |     maybe : F1=46.15%
2026-03-09 02:55:00 KST | INFO |   No improvement (8/10)
2026-03-09 02:55:00 KST | INFO | 
2026-03-09 02:55:00 KST | INFO | Epoch 15/100 | LR: 1.823614e-05
2026-03-09 07:10:14 KST | INFO |   Train Loss: 0.0000 | Test Loss: 0.0327 | Test Acc: 79.33%
2026-03-09 07:10:14 KST | INFO |     yes   : F1=84.02%
2026-03-09 07:10:14 KST | INFO |     no    : F1=80.00%
2026-03-09 07:10:14 KST | INFO |     maybe : F1=46.15%
2026-03-09 07:10:14 KST | INFO |   No improvement (9/10)
2026-03-09 07:10:14 KST | INFO | 
2026-03-09 07:10:14 KST | INFO | Epoch 16/100 | LR: 1.802410e-05
2026-03-09 11:36:41 KST | INFO |   Train Loss: 0.0000 | Test Loss: 0.0328 | Test Acc: 79.33%
2026-03-09 11:36:41 KST | INFO |     yes   : F1=84.02%
2026-03-09 11:36:41 KST | INFO |     no    : F1=80.00%
2026-03-09 11:36:41 KST | INFO |     maybe : F1=46.15%
2026-03-09 11:36:41 KST | INFO |   No improvement (10/10)
2026-03-09 11:36:41 KST | INFO | 
Early stopping after 10 epochs without improvement
2026-03-09 11:36:41 KST | INFO | 
2026-03-09 11:36:41 KST | INFO | ================================================================================
2026-03-09 11:36:41 KST | INFO | TRAINING COMPLETE
2026-03-09 11:36:41 KST | INFO | ================================================================================
2026-03-09 11:36:41 KST | INFO | Best accuracy:  80.33% (Epoch 6)
2026-03-09 11:36:41 KST | INFO | ================================================================================
2026-03-09 11:36:41 KST | INFO | 
2026-03-09 11:36:41 KST | INFO | Notifying nodes of completion …
2026-03-09 11:36:42 KST | INFO | ✓ Nodes notified
2026-03-09 11:36:42 KST | INFO | 
2026-03-09 11:36:42 KST | INFO | Closing connections …
2026-03-09 11:36:42 KST | INFO | ✓ Cleanup complete
2026-03-09 11:36:42 KST | INFO | 
Full log: logs/TL++_biogpt_secure_lora_20260306_122516.log
2026-03-09 11:36:42 KST | INFO | ================================================================================
