2026-02-24 14:55:08 KST | INFO | ================================================================================
2026-02-24 14:55:08 KST | INFO | TL++ Orchestrator  [BioGPT / PubMedQA]
2026-02-24 14:55:08 KST | INFO | ================================================================================
2026-02-24 14:55:08 KST | INFO | Log file: logs/TL++_biogpt_secure_lora_20260224_145508.log
2026-02-24 14:55:08 KST | INFO | 
2026-02-24 14:55:08 KST | INFO | --------------------------------------------------------------------------------
2026-02-24 14:55:08 KST | INFO | CONFIGURATION
2026-02-24 14:55:08 KST | INFO | --------------------------------------------------------------------------------
2026-02-24 14:55:08 KST | INFO | Dataset:            PubMedQA (yes / no / maybe)
2026-02-24 14:55:08 KST | INFO | Model:              BioGPT (microsoft/biogpt)
2026-02-24 14:55:08 KST | INFO | Secure mode:        True
2026-02-24 14:55:08 KST | INFO | LoRA:               True
2026-02-24 14:55:08 KST | INFO |   r=8, alpha=16, dropout=0.1
2026-02-24 14:55:08 KST | INFO | Nodes:              3
2026-02-24 14:55:08 KST | INFO | Cut layer:          1
2026-02-24 14:55:08 KST | INFO | Batch size:         8
2026-02-24 14:55:08 KST | INFO | Learning rate:      2.00e-05
2026-02-24 14:55:08 KST | INFO | Max seq length:     512
2026-02-24 14:55:08 KST | INFO | 
2026-02-24 14:55:08 KST | INFO | Computation device: cuda
2026-02-24 14:55:08 KST | INFO | Secure mode: ✓ ENABLED
2026-02-24 14:55:08 KST | INFO | 
2026-02-24 14:55:08 KST | INFO | --------------------------------------------------------------------------------
2026-02-24 14:55:08 KST | INFO | NETWORK SETUP
2026-02-24 14:55:08 KST | INFO | --------------------------------------------------------------------------------
2026-02-24 14:55:08 KST | INFO | ✓ Orchestrator listening on 127.0.0.1:9080
2026-02-24 14:55:08 KST | INFO | Waiting for helper node …
2026-02-24 14:55:11 KST | INFO | ✓ Helper node connected
2026-02-24 14:55:11 KST | INFO | ✓ Noise config sent (activation: 2.0%, gradient: 10.0%)
2026-02-24 14:55:11 KST | INFO | 
2026-02-24 14:55:11 KST | INFO | Waiting for 3 node(s) …
2026-02-24 14:55:13 KST | INFO |   ✓ Node 1/3 connected
2026-02-24 14:55:14 KST | INFO |   ✓ Node 2/3 connected
2026-02-24 14:55:15 KST | INFO |   ✓ Node 3/3 connected
2026-02-24 14:55:15 KST | INFO | ✓ All 3 node(s) connected
2026-02-24 14:55:15 KST | INFO | 
2026-02-24 14:55:15 KST | INFO | --------------------------------------------------------------------------------
2026-02-24 14:55:15 KST | INFO | MODEL INITIALISATION  [BioGPT + LoRA on orch-side layers]
2026-02-24 14:55:15 KST | INFO | --------------------------------------------------------------------------------
2026-02-24 14:55:15 KST | INFO | HTTP Request: HEAD https://huggingface.co/microsoft/biogpt/resolve/main/config.json "HTTP/1.1 307 Temporary Redirect"
2026-02-24 14:55:15 KST | INFO | HTTP Request: HEAD https://huggingface.co/api/resolve-cache/models/microsoft/biogpt/eb0d815e95434dc9e3b78f464e52b899bee7d923/config.json "HTTP/1.1 200 OK"
2026-02-24 14:55:15 KST | INFO | HTTP Request: HEAD https://huggingface.co/microsoft/biogpt/resolve/main/config.json "HTTP/1.1 307 Temporary Redirect"
2026-02-24 14:55:15 KST | INFO | HTTP Request: HEAD https://huggingface.co/api/resolve-cache/models/microsoft/biogpt/eb0d815e95434dc9e3b78f464e52b899bee7d923/config.json "HTTP/1.1 200 OK"
2026-02-24 14:55:16 KST | INFO | HTTP Request: HEAD https://huggingface.co/microsoft/biogpt/resolve/main/model.safetensors "HTTP/1.1 404 Not Found"
2026-02-24 14:55:16 KST | INFO | HTTP Request: HEAD https://huggingface.co/microsoft/biogpt/resolve/main/model.safetensors.index.json "HTTP/1.1 404 Not Found"
2026-02-24 14:55:16 KST | INFO | HTTP Request: HEAD https://huggingface.co/microsoft/biogpt/resolve/main/pytorch_model.bin "HTTP/1.1 302 Found"
2026-02-24 14:55:16 KST | INFO | HTTP Request: HEAD https://huggingface.co/microsoft/biogpt/resolve/main/model.safetensors "HTTP/1.1 404 Not Found"
2026-02-24 14:55:16 KST | INFO | HTTP Request: GET https://huggingface.co/api/models/microsoft/biogpt "HTTP/1.1 200 OK"
2026-02-24 14:55:17 KST | INFO | HTTP Request: GET https://huggingface.co/api/models/microsoft/biogpt/commits/main "HTTP/1.1 200 OK"
2026-02-24 14:55:17 KST | INFO | HTTP Request: GET https://huggingface.co/api/models/microsoft/biogpt/discussions?p=0 "HTTP/1.1 200 OK"
2026-02-24 14:55:17 KST | INFO | HTTP Request: GET https://huggingface.co/api/models/microsoft/biogpt/commits/refs%2Fpr%2F17 "HTTP/1.1 200 OK"
2026-02-24 14:55:17 KST | INFO | HTTP Request: HEAD https://huggingface.co/microsoft/biogpt/resolve/refs%2Fpr%2F17/model.safetensors.index.json "HTTP/1.1 404 Not Found"
2026-02-24 14:55:18 KST | INFO | HTTP Request: HEAD https://huggingface.co/microsoft/biogpt/resolve/refs%2Fpr%2F17/model.safetensors "HTTP/1.1 302 Found"
2026-02-24 14:55:18 KST | INFO | HTTP Request: HEAD https://huggingface.co/microsoft/biogpt/resolve/main/generation_config.json "HTTP/1.1 404 Not Found"
2026-02-24 14:55:19 KST | INFO | HTTP Request: HEAD https://huggingface.co/microsoft/biogpt/resolve/main/config.json "HTTP/1.1 307 Temporary Redirect"
2026-02-24 14:55:19 KST | INFO | HTTP Request: HEAD https://huggingface.co/api/resolve-cache/models/microsoft/biogpt/eb0d815e95434dc9e3b78f464e52b899bee7d923/config.json "HTTP/1.1 200 OK"
2026-02-24 14:55:19 KST | INFO | Node-side parameters:      69,644,288
2026-02-24 14:55:19 KST | INFO | 
2026-02-24 14:55:19 KST | INFO | Broadcasting configuration to nodes …
2026-02-24 14:55:34 KST | INFO | ✓ Configuration broadcast to all nodes
2026-02-24 14:55:34 KST | INFO | Loading microsoft/biogpt …
2026-02-24 14:55:34 KST | INFO | HTTP Request: HEAD https://huggingface.co/microsoft/biogpt/resolve/main/config.json "HTTP/1.1 307 Temporary Redirect"
2026-02-24 14:55:34 KST | INFO | HTTP Request: HEAD https://huggingface.co/api/resolve-cache/models/microsoft/biogpt/eb0d815e95434dc9e3b78f464e52b899bee7d923/config.json "HTTP/1.1 200 OK"
2026-02-24 14:55:34 KST | INFO | HTTP Request: HEAD https://huggingface.co/microsoft/biogpt/resolve/main/config.json "HTTP/1.1 307 Temporary Redirect"
2026-02-24 14:55:34 KST | INFO | HTTP Request: HEAD https://huggingface.co/api/resolve-cache/models/microsoft/biogpt/eb0d815e95434dc9e3b78f464e52b899bee7d923/config.json "HTTP/1.1 200 OK"
2026-02-24 14:55:34 KST | INFO | HTTP Request: HEAD https://huggingface.co/microsoft/biogpt/resolve/main/model.safetensors "HTTP/1.1 404 Not Found"
2026-02-24 14:55:34 KST | INFO | HTTP Request: HEAD https://huggingface.co/microsoft/biogpt/resolve/main/model.safetensors.index.json "HTTP/1.1 404 Not Found"
2026-02-24 14:55:34 KST | WARNING | Warning: You are sending unauthenticated requests to the HF Hub. Please set a HF_TOKEN to enable higher rate limits and faster downloads.
2026-02-24 14:55:35 KST | INFO | HTTP Request: HEAD https://huggingface.co/microsoft/biogpt/resolve/main/pytorch_model.bin "HTTP/1.1 302 Found"
2026-02-24 14:55:35 KST | INFO | HTTP Request: HEAD https://huggingface.co/microsoft/biogpt/resolve/main/model.safetensors "HTTP/1.1 404 Not Found"
2026-02-24 14:55:35 KST | INFO | HTTP Request: GET https://huggingface.co/api/models/microsoft/biogpt "HTTP/1.1 200 OK"
2026-02-24 14:55:35 KST | INFO | HTTP Request: GET https://huggingface.co/api/models/microsoft/biogpt/commits/main "HTTP/1.1 200 OK"
2026-02-24 14:55:36 KST | INFO | HTTP Request: GET https://huggingface.co/api/models/microsoft/biogpt/discussions?p=0 "HTTP/1.1 200 OK"
2026-02-24 14:55:36 KST | INFO | HTTP Request: GET https://huggingface.co/api/models/microsoft/biogpt/commits/refs%2Fpr%2F17 "HTTP/1.1 200 OK"
2026-02-24 14:55:36 KST | INFO | HTTP Request: HEAD https://huggingface.co/microsoft/biogpt/resolve/refs%2Fpr%2F17/model.safetensors.index.json "HTTP/1.1 404 Not Found"
2026-02-24 14:55:36 KST | INFO | HTTP Request: HEAD https://huggingface.co/microsoft/biogpt/resolve/refs%2Fpr%2F17/model.safetensors "HTTP/1.1 302 Found"
2026-02-24 14:55:37 KST | INFO | HTTP Request: HEAD https://huggingface.co/microsoft/biogpt/resolve/main/generation_config.json "HTTP/1.1 404 Not Found"
2026-02-24 14:55:37 KST | INFO | HTTP Request: HEAD https://huggingface.co/microsoft/biogpt/resolve/main/config.json "HTTP/1.1 307 Temporary Redirect"
2026-02-24 14:55:37 KST | INFO | HTTP Request: HEAD https://huggingface.co/api/resolve-cache/models/microsoft/biogpt/eb0d815e95434dc9e3b78f464e52b899bee7d923/config.json "HTTP/1.1 200 OK"
2026-02-24 14:55:37 KST | INFO | LoRA applied to orch-side layers [2, 6): trainable 346,766,339 / 346,766,339 (100.00%)
2026-02-24 14:55:38 KST | INFO | Total parameters:          346,766,339
2026-02-24 14:55:38 KST | INFO | Trainable parameters:      346,766,339
2026-02-24 14:55:38 KST | INFO |   (LoRA on orch-side layers, full fine-tune on node-side layers)
2026-02-24 14:55:38 KST | INFO | 
2026-02-24 14:55:38 KST | INFO | --------------------------------------------------------------------------------
2026-02-24 14:55:38 KST | INFO | DATA LOADING
2026-02-24 14:55:38 KST | INFO | --------------------------------------------------------------------------------
2026-02-24 14:55:44 KST | INFO | ✓ Dataset sizes received:
2026-02-24 14:55:44 KST | INFO |     Node 1: 397 samples
2026-02-24 14:55:44 KST | INFO |     Node 2: 228 samples
2026-02-24 14:55:44 KST | INFO |     Node 3: 75 samples
2026-02-24 14:55:44 KST | INFO |   Total training: 700
2026-02-24 14:55:44 KST | INFO | 
2026-02-24 14:55:44 KST | INFO | HTTP Request: HEAD https://huggingface.co/microsoft/biogpt/resolve/main/tokenizer_config.json "HTTP/1.1 404 Not Found"
2026-02-24 14:55:45 KST | INFO | HTTP Request: GET https://huggingface.co/api/models/microsoft/biogpt/tree/main/additional_chat_templates?recursive=false&expand=false "HTTP/1.1 404 Not Found"
2026-02-24 14:55:45 KST | INFO | HTTP Request: GET https://huggingface.co/api/models/microsoft/biogpt/tree/main?recursive=true&expand=false "HTTP/1.1 200 OK"
2026-02-24 14:55:45 KST | INFO | HTTP Request: HEAD https://huggingface.co/microsoft/biogpt/resolve/main/vocab.json "HTTP/1.1 307 Temporary Redirect"
2026-02-24 14:55:45 KST | INFO | HTTP Request: HEAD https://huggingface.co/api/resolve-cache/models/microsoft/biogpt/eb0d815e95434dc9e3b78f464e52b899bee7d923/vocab.json "HTTP/1.1 200 OK"
2026-02-24 14:55:46 KST | INFO | Loading PubMedQA from Hugging Face …
2026-02-24 14:55:46 KST | INFO | HTTP Request: HEAD https://huggingface.co/datasets/pubmed_qa/resolve/main/README.md "HTTP/1.1 307 Temporary Redirect"
2026-02-24 14:55:47 KST | INFO | HTTP Request: HEAD https://huggingface.co/datasets/qiaojin/PubMedQA/resolve/main/README.md "HTTP/1.1 307 Temporary Redirect"
2026-02-24 14:55:47 KST | INFO | HTTP Request: HEAD https://huggingface.co/api/resolve-cache/datasets/qiaojin/PubMedQA/9001f2853fb87cab8d220904e0de81ac6973b318/README.md "HTTP/1.1 200 OK"
2026-02-24 14:55:47 KST | INFO | HTTP Request: HEAD https://huggingface.co/datasets/pubmed_qa/resolve/9001f2853fb87cab8d220904e0de81ac6973b318/pubmed_qa.py "HTTP/1.1 307 Temporary Redirect"
2026-02-24 14:55:47 KST | INFO | HTTP Request: HEAD https://huggingface.co/datasets/qiaojin/PubMedQA/resolve/9001f2853fb87cab8d220904e0de81ac6973b318/pubmed_qa.py "HTTP/1.1 404 Not Found"
2026-02-24 14:55:48 KST | INFO | HTTP Request: HEAD https://s3.amazonaws.com/datasets.huggingface.co/datasets/datasets/pubmed_qa/pubmed_qa.py "HTTP/1.1 404 Not Found"
2026-02-24 14:55:48 KST | INFO | HTTP Request: GET https://huggingface.co/api/datasets/pubmed_qa/revision/9001f2853fb87cab8d220904e0de81ac6973b318 "HTTP/1.1 307 Temporary Redirect"
2026-02-24 14:55:48 KST | INFO | HTTP Request: GET https://huggingface.co/api/datasets/qiaojin/PubMedQA/revision/9001f2853fb87cab8d220904e0de81ac6973b318 "HTTP/1.1 200 OK"
2026-02-24 14:55:49 KST | INFO | HTTP Request: HEAD https://huggingface.co/datasets/pubmed_qa/resolve/9001f2853fb87cab8d220904e0de81ac6973b318/.huggingface.yaml "HTTP/1.1 307 Temporary Redirect"
2026-02-24 14:55:49 KST | INFO | HTTP Request: HEAD https://huggingface.co/datasets/qiaojin/PubMedQA/resolve/9001f2853fb87cab8d220904e0de81ac6973b318/.huggingface.yaml "HTTP/1.1 404 Not Found"
2026-02-24 14:55:49 KST | INFO | HTTP Request: GET https://datasets-server.huggingface.co/info?dataset=pubmed_qa "HTTP/1.1 404 Not Found"
2026-02-24 14:55:49 KST | INFO | HTTP Request: GET https://huggingface.co/api/datasets/pubmed_qa/tree/9001f2853fb87cab8d220904e0de81ac6973b318/pqa_artificial?recursive=true&expand=false "HTTP/1.1 307 Temporary Redirect"
2026-02-24 14:55:50 KST | INFO | HTTP Request: GET https://huggingface.co/api/datasets/qiaojin/PubMedQA/tree/9001f2853fb87cab8d220904e0de81ac6973b318/pqa_artificial?recursive=true&expand=false "HTTP/1.1 200 OK"
2026-02-24 14:55:50 KST | INFO | HTTP Request: GET https://huggingface.co/api/datasets/pubmed_qa/tree/9001f2853fb87cab8d220904e0de81ac6973b318?recursive=false&expand=false "HTTP/1.1 307 Temporary Redirect"
2026-02-24 14:55:50 KST | INFO | HTTP Request: GET https://huggingface.co/api/datasets/qiaojin/PubMedQA/tree/9001f2853fb87cab8d220904e0de81ac6973b318?recursive=false&expand=false "HTTP/1.1 200 OK"
2026-02-24 14:55:50 KST | INFO | HTTP Request: HEAD https://huggingface.co/datasets/pubmed_qa/resolve/9001f2853fb87cab8d220904e0de81ac6973b318/dataset_infos.json "HTTP/1.1 307 Temporary Redirect"
2026-02-24 14:55:50 KST | INFO | HTTP Request: HEAD https://huggingface.co/datasets/qiaojin/PubMedQA/resolve/9001f2853fb87cab8d220904e0de81ac6973b318/dataset_infos.json "HTTP/1.1 404 Not Found"
2026-02-24 14:55:51 KST | INFO | HTTP Request: GET https://huggingface.co/api/datasets/pubmed_qa/tree/9001f2853fb87cab8d220904e0de81ac6973b318/pqa_labeled?recursive=true&expand=false "HTTP/1.1 307 Temporary Redirect"
2026-02-24 14:55:51 KST | INFO | HTTP Request: GET https://huggingface.co/api/datasets/qiaojin/PubMedQA/tree/9001f2853fb87cab8d220904e0de81ac6973b318/pqa_labeled?recursive=true&expand=false "HTTP/1.1 200 OK"
2026-02-24 14:55:51 KST | INFO | ✓ HF PubMedQA: 1000 total, 700 train / 300 test
2026-02-24 14:55:55 KST | INFO | ✓ Test set: 300 samples
2026-02-24 14:55:55 KST | INFO | 
2026-02-24 14:55:55 KST | INFO | ✓ Batch scheduler: 88 batches/epoch
2026-02-24 14:55:55 KST | INFO | 
2026-02-24 14:55:55 KST | INFO | --------------------------------------------------------------------------------
2026-02-24 14:55:55 KST | INFO | OPTIMISATION SETUP
2026-02-24 14:55:55 KST | INFO | --------------------------------------------------------------------------------
2026-02-24 14:55:55 KST | INFO | ✓ Optimizer:  AdamW (lr=2.00e-05)
2026-02-24 14:55:55 KST | INFO | ✓ Scheduler:  Linear warmup (500 steps / 8800 total)
2026-02-24 14:55:55 KST | INFO | ✓ Grad clip:  1.0
2026-02-24 14:55:55 KST | INFO | 
2026-02-24 14:55:55 KST | INFO | ================================================================================
2026-02-24 14:55:55 KST | INFO | Setup complete — Ready for training
2026-02-24 14:55:55 KST | INFO | ================================================================================
2026-02-24 14:55:55 KST | INFO | 
2026-02-24 14:55:55 KST | INFO | --------------------------------------------------------------------------------
2026-02-24 14:55:55 KST | INFO | TRAINING
2026-02-24 14:55:55 KST | INFO | --------------------------------------------------------------------------------
2026-02-24 14:55:55 KST | INFO | 
2026-02-24 14:55:55 KST | INFO | Epoch 1/100 | LR: 0.000000e+00
2026-02-24 20:14:41 KST | INFO |   Train Loss: 1.3213 | Test Loss: 0.0684 | Test Acc: 46.33%
2026-02-24 20:14:41 KST | INFO |     yes   : F1=61.88%
2026-02-24 20:14:41 KST | INFO |     no    : F1=16.00%
2026-02-24 20:14:41 KST | INFO |     maybe : F1= 8.70%
2026-02-24 20:14:41 KST | INFO |   🏆 New best accuracy: 46.33%
2026-02-24 20:14:41 KST | INFO | 
2026-02-24 20:14:41 KST | INFO | Epoch 2/100 | LR: 3.520000e-06
2026-02-25 01:33:01 KST | INFO |   Train Loss: 1.0617 | Test Loss: 0.0663 | Test Acc: 50.33%
2026-02-25 01:33:01 KST | INFO |     yes   : F1=64.86%
2026-02-25 01:33:01 KST | INFO |     no    : F1=22.22%
2026-02-25 01:33:01 KST | INFO |     maybe : F1=12.24%
2026-02-25 01:33:01 KST | INFO |   🏆 New best accuracy: 50.33%
2026-02-25 01:33:01 KST | INFO | 
2026-02-25 01:33:01 KST | INFO | Epoch 3/100 | LR: 7.040000e-06
2026-02-25 06:50:52 KST | INFO |   Train Loss: 1.0471 | Test Loss: 0.0630 | Test Acc: 52.33%
2026-02-25 06:50:52 KST | INFO |     yes   : F1=67.43%
2026-02-25 06:50:52 KST | INFO |     no    : F1=15.50%
2026-02-25 06:50:52 KST | INFO |     maybe : F1= 0.00%
2026-02-25 06:50:52 KST | INFO |   🏆 New best accuracy: 52.33%
2026-02-25 06:50:52 KST | INFO | 
2026-02-25 06:50:52 KST | INFO | Epoch 4/100 | LR: 1.056000e-05
2026-02-25 12:16:48 KST | INFO |   Train Loss: 0.7073 | Test Loss: 0.0521 | Test Acc: 61.33%
2026-02-25 12:16:48 KST | INFO |     yes   : F1=72.73%
2026-02-25 12:16:48 KST | INFO |     no    : F1=41.67%
2026-02-25 12:16:48 KST | INFO |     maybe : F1=10.53%
2026-02-25 12:16:48 KST | INFO |   🏆 New best accuracy: 61.33%
2026-02-25 12:16:48 KST | INFO | 
2026-02-25 12:16:48 KST | INFO | Epoch 5/100 | LR: 1.408000e-05
2026-02-25 17:45:13 KST | INFO |   Train Loss: 0.3391 | Test Loss: 0.0407 | Test Acc: 73.67%
2026-02-25 17:45:13 KST | INFO |     yes   : F1=80.32%
2026-02-25 17:45:13 KST | INFO |     no    : F1=71.51%
2026-02-25 17:45:13 KST | INFO |     maybe : F1=26.67%
2026-02-25 17:45:13 KST | INFO |   🏆 New best accuracy: 73.67%
2026-02-25 17:45:13 KST | INFO | 
2026-02-25 17:45:13 KST | INFO | Epoch 6/100 | LR: 1.760000e-05
2026-02-25 23:20:04 KST | INFO |   Train Loss: 0.2550 | Test Loss: 0.0328 | Test Acc: 77.33%
2026-02-25 23:20:04 KST | INFO |     yes   : F1=81.95%
2026-02-25 23:20:04 KST | INFO |     no    : F1=78.26%
2026-02-25 23:20:04 KST | INFO |     maybe : F1=36.36%
2026-02-25 23:20:04 KST | INFO |   🏆 New best accuracy: 77.33%
2026-02-25 23:20:04 KST | INFO | 
2026-02-25 23:20:04 KST | INFO | Epoch 7/100 | LR: 1.993253e-05
2026-02-26 04:47:47 KST | INFO |   Train Loss: 0.1600 | Test Loss: 0.0325 | Test Acc: 79.67%
2026-02-26 04:47:47 KST | INFO |     yes   : F1=83.91%
2026-02-26 04:47:47 KST | INFO |     no    : F1=81.59%
2026-02-26 04:47:47 KST | INFO |     maybe : F1=43.14%
2026-02-26 04:47:47 KST | INFO |   🏆 New best accuracy: 79.67%
2026-02-26 04:47:47 KST | INFO | 
2026-02-26 04:47:47 KST | INFO | Epoch 8/100 | LR: 1.972048e-05
2026-02-26 10:12:55 KST | INFO |   Train Loss: 0.0262 | Test Loss: 0.0431 | Test Acc: 76.33%
2026-02-26 10:12:55 KST | INFO |     yes   : F1=81.62%
2026-02-26 10:12:55 KST | INFO |     no    : F1=73.45%
2026-02-26 10:12:55 KST | INFO |     maybe : F1=49.06%
2026-02-26 10:12:55 KST | INFO |   No improvement (1/10)
2026-02-26 10:12:55 KST | INFO | 
2026-02-26 10:12:55 KST | INFO | Epoch 9/100 | LR: 1.950843e-05
2026-02-26 15:40:30 KST | INFO |   Train Loss: 0.0037 | Test Loss: 0.0335 | Test Acc: 79.33%
2026-02-26 15:40:30 KST | INFO |     yes   : F1=83.24%
2026-02-26 15:40:30 KST | INFO |     no    : F1=79.40%
2026-02-26 15:40:30 KST | INFO |     maybe : F1=54.55%
2026-02-26 15:40:30 KST | INFO |   No improvement (2/10)
2026-02-26 15:40:30 KST | INFO | 
2026-02-26 15:40:30 KST | INFO | Epoch 10/100 | LR: 1.929639e-05
2026-02-26 21:08:24 KST | INFO |   Train Loss: 0.0001 | Test Loss: 0.0336 | Test Acc: 79.33%
2026-02-26 21:08:24 KST | INFO |     yes   : F1=83.78%
2026-02-26 21:08:24 KST | INFO |     no    : F1=78.82%
2026-02-26 21:08:24 KST | INFO |     maybe : F1=55.17%
2026-02-26 21:08:24 KST | INFO |   No improvement (3/10)
2026-02-26 21:08:24 KST | INFO | 
2026-02-26 21:08:24 KST | INFO | Epoch 11/100 | LR: 1.908434e-05
2026-02-27 02:35:18 KST | INFO |   Train Loss: 0.0000 | Test Loss: 0.0337 | Test Acc: 79.33%
2026-02-27 02:35:18 KST | INFO |     yes   : F1=83.53%
2026-02-27 02:35:18 KST | INFO |     no    : F1=78.82%
2026-02-27 02:35:18 KST | INFO |     maybe : F1=56.14%
2026-02-27 02:35:18 KST | INFO |   No improvement (4/10)
2026-02-27 02:35:18 KST | INFO | 
2026-02-27 02:35:18 KST | INFO | Epoch 12/100 | LR: 1.887229e-05
2026-02-27 08:01:54 KST | INFO |   Train Loss: 0.0000 | Test Loss: 0.0341 | Test Acc: 79.33%
2026-02-27 08:01:54 KST | INFO |     yes   : F1=83.53%
2026-02-27 08:01:54 KST | INFO |     no    : F1=78.82%
2026-02-27 08:01:54 KST | INFO |     maybe : F1=56.14%
2026-02-27 08:01:54 KST | INFO |   No improvement (5/10)
2026-02-27 08:01:54 KST | INFO | 
2026-02-27 08:01:54 KST | INFO | Epoch 13/100 | LR: 1.866024e-05
2026-02-27 13:26:14 KST | INFO |   Train Loss: 0.0000 | Test Loss: 0.0342 | Test Acc: 79.67%
2026-02-27 13:26:14 KST | INFO |     yes   : F1=83.87%
2026-02-27 13:26:14 KST | INFO |     no    : F1=78.82%
2026-02-27 13:26:14 KST | INFO |     maybe : F1=57.14%
2026-02-27 13:26:14 KST | INFO |   No improvement (6/10)
2026-02-27 13:26:14 KST | INFO | 
2026-02-27 13:26:14 KST | INFO | Epoch 14/100 | LR: 1.844819e-05
2026-02-27 19:02:49 KST | INFO |   Train Loss: 0.0000 | Test Loss: 0.0344 | Test Acc: 79.67%
2026-02-27 19:02:49 KST | INFO |     yes   : F1=83.87%
2026-02-27 19:02:49 KST | INFO |     no    : F1=78.82%
2026-02-27 19:02:49 KST | INFO |     maybe : F1=57.14%
2026-02-27 19:02:49 KST | INFO |   No improvement (7/10)
2026-02-27 19:02:49 KST | INFO | 
2026-02-27 19:02:49 KST | INFO | Epoch 15/100 | LR: 1.823614e-05
2026-02-28 00:28:56 KST | INFO |   Train Loss: 0.0000 | Test Loss: 0.0344 | Test Acc: 80.00%
2026-02-28 00:28:56 KST | INFO |     yes   : F1=84.12%
2026-02-28 00:28:56 KST | INFO |     no    : F1=79.41%
2026-02-28 00:28:56 KST | INFO |     maybe : F1=57.14%
2026-02-28 00:28:56 KST | INFO |   🏆 New best accuracy: 80.00%
2026-02-28 00:28:56 KST | INFO | 
2026-02-28 00:28:56 KST | INFO | Epoch 16/100 | LR: 1.802410e-05
2026-02-28 06:02:19 KST | INFO |   Train Loss: 0.0000 | Test Loss: 0.0344 | Test Acc: 80.00%
2026-02-28 06:02:19 KST | INFO |     yes   : F1=84.12%
2026-02-28 06:02:19 KST | INFO |     no    : F1=79.41%
2026-02-28 06:02:19 KST | INFO |     maybe : F1=57.14%
2026-02-28 06:02:19 KST | INFO |   No improvement (1/10)
2026-02-28 06:02:19 KST | INFO | 
2026-02-28 06:02:19 KST | INFO | Epoch 17/100 | LR: 1.781205e-05
2026-02-28 11:32:05 KST | INFO |   Train Loss: 0.0000 | Test Loss: 0.0345 | Test Acc: 80.00%
2026-02-28 11:32:05 KST | INFO |     yes   : F1=84.12%
2026-02-28 11:32:05 KST | INFO |     no    : F1=79.41%
2026-02-28 11:32:05 KST | INFO |     maybe : F1=57.14%
2026-02-28 11:32:05 KST | INFO |   No improvement (2/10)
2026-02-28 11:32:05 KST | INFO | 
2026-02-28 11:32:05 KST | INFO | Epoch 18/100 | LR: 1.760000e-05
2026-02-28 17:02:34 KST | INFO |   Train Loss: 0.0000 | Test Loss: 0.0345 | Test Acc: 80.00%
2026-02-28 17:02:34 KST | INFO |     yes   : F1=84.12%
2026-02-28 17:02:34 KST | INFO |     no    : F1=79.41%
2026-02-28 17:02:34 KST | INFO |     maybe : F1=57.14%
2026-02-28 17:02:34 KST | INFO |   No improvement (3/10)
2026-02-28 17:02:34 KST | INFO | 
2026-02-28 17:02:34 KST | INFO | Epoch 19/100 | LR: 1.738795e-05
2026-02-28 22:27:34 KST | INFO |   Train Loss: 0.0000 | Test Loss: 0.0346 | Test Acc: 80.00%
2026-02-28 22:27:34 KST | INFO |     yes   : F1=84.12%
2026-02-28 22:27:34 KST | INFO |     no    : F1=79.41%
2026-02-28 22:27:34 KST | INFO |     maybe : F1=57.14%
2026-02-28 22:27:34 KST | INFO |   No improvement (4/10)
2026-02-28 22:27:34 KST | INFO | 
2026-02-28 22:27:34 KST | INFO | Epoch 20/100 | LR: 1.717590e-05
2026-03-01 03:53:52 KST | INFO |   Train Loss: 0.0000 | Test Loss: 0.0345 | Test Acc: 80.00%
2026-03-01 03:53:52 KST | INFO |     yes   : F1=84.12%
2026-03-01 03:53:52 KST | INFO |     no    : F1=79.41%
2026-03-01 03:53:52 KST | INFO |     maybe : F1=57.14%
2026-03-01 03:53:52 KST | INFO |   No improvement (5/10)
2026-03-01 03:53:52 KST | INFO | 
2026-03-01 03:53:52 KST | INFO | Epoch 21/100 | LR: 1.696386e-05
2026-03-01 09:16:19 KST | INFO |   Train Loss: 0.0000 | Test Loss: 0.0346 | Test Acc: 80.00%
2026-03-01 09:16:19 KST | INFO |     yes   : F1=84.12%
2026-03-01 09:16:19 KST | INFO |     no    : F1=79.41%
2026-03-01 09:16:19 KST | INFO |     maybe : F1=57.14%
2026-03-01 09:16:19 KST | INFO |   No improvement (6/10)
2026-03-01 09:16:19 KST | INFO | 
2026-03-01 09:16:19 KST | INFO | Epoch 22/100 | LR: 1.675181e-05
2026-03-01 14:44:04 KST | INFO |   Train Loss: 0.0000 | Test Loss: 0.0346 | Test Acc: 80.00%
2026-03-01 14:44:04 KST | INFO |     yes   : F1=84.12%
2026-03-01 14:44:04 KST | INFO |     no    : F1=79.41%
2026-03-01 14:44:04 KST | INFO |     maybe : F1=57.14%
2026-03-01 14:44:04 KST | INFO |   No improvement (7/10)
2026-03-01 14:44:04 KST | INFO | 
2026-03-01 14:44:04 KST | INFO | Epoch 23/100 | LR: 1.653976e-05
2026-03-01 20:10:35 KST | INFO |   Train Loss: 0.0000 | Test Loss: 0.0347 | Test Acc: 80.00%
2026-03-01 20:10:35 KST | INFO |     yes   : F1=84.12%
2026-03-01 20:10:35 KST | INFO |     no    : F1=79.41%
2026-03-01 20:10:35 KST | INFO |     maybe : F1=57.14%
2026-03-01 20:10:35 KST | INFO |   No improvement (8/10)
2026-03-01 20:10:35 KST | INFO | 
2026-03-01 20:10:35 KST | INFO | Epoch 24/100 | LR: 1.632771e-05
2026-03-02 01:36:38 KST | INFO |   Train Loss: 0.0000 | Test Loss: 0.0347 | Test Acc: 80.00%
2026-03-02 01:36:38 KST | INFO |     yes   : F1=84.12%
2026-03-02 01:36:38 KST | INFO |     no    : F1=79.41%
2026-03-02 01:36:38 KST | INFO |     maybe : F1=57.14%
2026-03-02 01:36:38 KST | INFO |   No improvement (9/10)
2026-03-02 01:36:38 KST | INFO | 
2026-03-02 01:36:38 KST | INFO | Epoch 25/100 | LR: 1.611566e-05
2026-03-02 06:28:11 KST | INFO |   Train Loss: 0.0000 | Test Loss: 0.0347 | Test Acc: 80.00%
2026-03-02 06:28:11 KST | INFO |     yes   : F1=84.12%
2026-03-02 06:28:11 KST | INFO |     no    : F1=79.41%
2026-03-02 06:28:11 KST | INFO |     maybe : F1=57.14%
2026-03-02 06:28:11 KST | INFO |   No improvement (10/10)
2026-03-02 06:28:11 KST | INFO | 
Early stopping after 10 epochs without improvement
2026-03-02 06:28:11 KST | INFO | 
2026-03-02 06:28:11 KST | INFO | ================================================================================
2026-03-02 06:28:11 KST | INFO | TRAINING COMPLETE
2026-03-02 06:28:11 KST | INFO | ================================================================================
2026-03-02 06:28:11 KST | INFO | Best accuracy:  80.00% (Epoch 15)
2026-03-02 06:28:11 KST | INFO | ================================================================================
2026-03-02 06:28:11 KST | INFO | 
2026-03-02 06:28:11 KST | INFO | Notifying nodes of completion …
2026-03-02 06:28:12 KST | INFO | ✓ Nodes notified
2026-03-02 06:28:12 KST | INFO | 
2026-03-02 06:28:12 KST | INFO | Closing connections …
2026-03-02 06:28:12 KST | INFO | ✓ Cleanup complete
2026-03-02 06:28:12 KST | INFO | 
Full log: logs/TL++_biogpt_secure_lora_20260224_145508.log
2026-03-02 06:28:12 KST | INFO | ================================================================================
